May 18 15:40:15 ip-10-0-0-227 rsyslogd: [origin software="rsyslogd" swVersion="8.16.0" x-pid="1464" x-info="http://www.rsyslog.com"] start
May 18 15:40:15 ip-10-0-0-227 rsyslogd-2222: command 'KLogPermitNonKernelFacility' is currently not permitted - did you already set it via a RainerScript command (v6+ config)? [v8.16.0 try http://www.rsyslog.com/e/2222 ]
May 18 15:40:15 ip-10-0-0-227 rsyslogd: rsyslogd's groupid changed to 108
May 18 15:40:15 ip-10-0-0-227 rsyslogd: rsyslogd's userid changed to 104
May 18 15:40:15 ip-10-0-0-227 loadkeys[638]: Loading /etc/console-setup/cached.kmap.gz
May 18 15:40:15 ip-10-0-0-227 systemd[1]: Started Set console keymap.
May 18 15:40:15 ip-10-0-0-227 systemd[1]: Started Create list of required static device nodes for the current kernel.
May 18 15:40:15 ip-10-0-0-227 systemd[1]: Started Uncomplicated firewall.
May 18 15:40:15 ip-10-0-0-227 systemd[1]: Started Remount Root and Kernel File Systems.
May 18 15:40:15 ip-10-0-0-227 systemd-modules-load[629]: Inserted module 'iscsi_tcp'
May 18 15:40:15 ip-10-0-0-227 systemd[1]: Started Nameserver information manager.
May 18 15:40:15 ip-10-0-0-227 systemd-modules-load[629]: Inserted module 'ib_iser'
May 18 15:40:15 ip-10-0-0-227 systemd[1]: Started Load Kernel Modules.
May 18 15:40:15 ip-10-0-0-227 systemd[1]: Starting Apply Kernel Variables...
May 18 15:40:15 ip-10-0-0-227 systemd[1]: Mounting FUSE Control File System...
May 18 15:40:15 ip-10-0-0-227 systemd[1]: Started LVM2 metadata daemon.
May 18 15:40:15 ip-10-0-0-227 systemd[1]: Starting Load/Save Random Seed...
May 18 15:40:15 ip-10-0-0-227 systemd[1]: Starting udev Coldplug all Devices...
May 18 15:40:15 ip-10-0-0-227 systemd[1]: Starting Create Static Device Nodes in /dev...
May 18 15:40:15 ip-10-0-0-227 systemd[1]: Starting Flush Journal to Persistent Storage...
May 18 15:40:15 ip-10-0-0-227 systemd[1]: Mounted FUSE Control File System.
May 18 15:40:15 ip-10-0-0-227 systemd[1]: Started Apply Kernel Variables.
May 18 15:40:15 ip-10-0-0-227 systemd[1]: Started Load/Save Random Seed.
May 18 15:40:15 ip-10-0-0-227 systemd[1]: Started Flush Journal to Persistent Storage.
May 18 15:40:15 ip-10-0-0-227 systemd[1]: Started udev Coldplug all Devices.
May 18 15:40:15 ip-10-0-0-227 systemd[1]: Started Monitoring of LVM2 mirrors, snapshots etc. using dmeventd or progress polling.
May 18 15:40:15 ip-10-0-0-227 systemd[1]: Started Create Static Device Nodes in /dev.
May 18 15:40:15 ip-10-0-0-227 systemd[1]: Starting udev Kernel Device Manager...
May 18 15:40:15 ip-10-0-0-227 systemd[1]: Started udev Kernel Device Manager.
May 18 15:40:15 ip-10-0-0-227 systemd[1]: Started Dispatch Password Requests to Console Directory Watch.
May 18 15:40:15 ip-10-0-0-227 systemd[1]: Reached target Local File Systems (Pre).
May 18 15:40:15 ip-10-0-0-227 systemd[1]: Reached target Local File Systems.
May 18 15:40:15 ip-10-0-0-227 systemd[1]: Starting Initial cloud-init job (pre-networking)...
May 18 15:40:15 ip-10-0-0-227 systemd[1]: Starting LSB: AppArmor initialization...
May 18 15:40:15 ip-10-0-0-227 kernel: [    0.000000] Initializing cgroup subsys cpuset
May 18 15:40:15 ip-10-0-0-227 systemd[1]: Starting Create Volatile Files and Directories...
May 18 15:40:15 ip-10-0-0-227 kernel: [    0.000000] Initializing cgroup subsys cpu
May 18 15:40:15 ip-10-0-0-227 kernel: [    0.000000] Initializing cgroup subsys cpuacct
May 18 15:40:15 ip-10-0-0-227 kernel: [    0.000000] Linux version 4.4.0-1067-aws (buildd@lgw01-amd64-033) (gcc version 5.4.0 20160609 (Ubuntu 5.4.0-6ubuntu1~16.04.10) ) #77-Ubuntu SMP Mon Aug 27 13:22:03 UTC 2018 (Ubuntu 4.4.0-1067.77-aws 4.4.140)
May 18 15:40:15 ip-10-0-0-227 systemd-tmpfiles[765]: [/usr/lib/tmpfiles.d/var.conf:14] Duplicate line for path "/var/log", ignoring.
May 18 15:40:15 ip-10-0-0-227 kernel: [    0.000000] Command line: BOOT_IMAGE=/boot/vmlinuz-4.4.0-1067-aws root=LABEL=cloudimg-rootfs ro console=tty1 console=ttyS0 nvme.io_timeout=4294967295
May 18 15:40:15 ip-10-0-0-227 kernel: [    0.000000] KERNEL supported cpus:
May 18 15:40:15 ip-10-0-0-227 rsyslogd-2039: Could not open output pipe '/dev/xconsole':: No such file or directory [v8.16.0 try http://www.rsyslog.com/e/2039 ]
May 18 15:40:15 ip-10-0-0-227 systemd[1]: Starting Tell Plymouth To Write Out Runtime Data...
May 18 15:40:15 ip-10-0-0-227 kernel: [    0.000000]   Intel GenuineIntel
May 18 15:40:15 ip-10-0-0-227 systemd[1]: Starting Commit a transient machine-id on disk...
May 18 15:40:15 ip-10-0-0-227 kernel: [    0.000000]   AMD AuthenticAMD
May 18 15:40:15 ip-10-0-0-227 kernel: [    0.000000]   Centaur CentaurHauls
May 18 15:40:15 ip-10-0-0-227 systemd[1]: Starting Set console font and keymap...
May 18 15:40:15 ip-10-0-0-227 kernel: [    0.000000] x86/fpu: xstate_offset[2]:  576, xstate_sizes[2]:  256
May 18 15:40:15 ip-10-0-0-227 kernel: [    0.000000] x86/fpu: Supporting XSAVE feature 0x01: 'x87 floating point registers'
May 18 15:40:15 ip-10-0-0-227 systemd[1]: Started Create Volatile Files and Directories.
May 18 15:40:15 ip-10-0-0-227 kernel: [    0.000000] x86/fpu: Supporting XSAVE feature 0x02: 'SSE registers'
May 18 15:40:15 ip-10-0-0-227 kernel: [    0.000000] x86/fpu: Supporting XSAVE feature 0x04: 'AVX registers'
May 18 15:40:15 ip-10-0-0-227 systemd[1]: Started Tell Plymouth To Write Out Runtime Data.
May 18 15:40:15 ip-10-0-0-227 rsyslogd-2007: action 'action 11' suspended, next retry is Sat May 18 15:40:45 2019 [v8.16.0 try http://www.rsyslog.com/e/2007 ]
May 18 15:40:15 ip-10-0-0-227 kernel: [    0.000000] x86/fpu: Enabled xstate features 0x7, context size is 832 bytes, using 'standard' format.
May 18 15:40:15 ip-10-0-0-227 kernel: [    0.000000] e820: BIOS-provided physical RAM map:
May 18 15:40:15 ip-10-0-0-227 systemd[1]: Found device /dev/ttyS0.
May 18 15:40:15 ip-10-0-0-227 apparmor[763]:  * Starting AppArmor profiles
May 18 15:40:15 ip-10-0-0-227 systemd[1]: Starting Network Time Synchronization...
May 18 15:40:15 ip-10-0-0-227 kernel: [    0.000000] BIOS-e820: [mem 0x0000000000000000-0x000000000009dfff] usable
May 18 15:40:15 ip-10-0-0-227 systemd[1]: Starting Update UTMP about System Boot/Shutdown...
May 18 15:40:15 ip-10-0-0-227 kernel: [    0.000000] BIOS-e820: [mem 0x000000000009e000-0x000000000009ffff] reserved
May 18 15:40:15 ip-10-0-0-227 kernel: [    0.000000] BIOS-e820: [mem 0x00000000000e0000-0x00000000000fffff] reserved
May 18 15:40:15 ip-10-0-0-227 systemd[1]: Started Network Time Synchronization.
May 18 15:40:15 ip-10-0-0-227 kernel: [    0.000000] BIOS-e820: [mem 0x0000000000100000-0x00000000efffffff] usable
May 18 15:40:15 ip-10-0-0-227 kernel: [    0.000000] BIOS-e820: [mem 0x00000000fc000000-0x00000000ffffffff] reserved
May 18 15:40:15 ip-10-0-0-227 kernel: [    0.000000] BIOS-e820: [mem 0x0000000100000000-0x0000000f0fffffff] usable
May 18 15:40:15 ip-10-0-0-227 systemd[1]: Reached target System Time Synchronized.
May 18 15:40:15 ip-10-0-0-227 kernel: [    0.000000] NX (Execute Disable) protection: active
May 18 15:40:15 ip-10-0-0-227 apparmor[763]: Skipping profile in /etc/apparmor.d/disable: usr.sbin.rsyslogd
May 18 15:40:15 ip-10-0-0-227 kernel: [    0.000000] SMBIOS 2.7 present.
May 18 15:40:15 ip-10-0-0-227 kernel: [    0.000000] DMI: Xen HVM domU, BIOS 4.2.amazon 08/24/2006
May 18 15:40:15 ip-10-0-0-227 kernel: [    0.000000] Hypervisor detected: Xen
May 18 15:40:15 ip-10-0-0-227 apparmor[763]:    ...done.
May 18 15:40:15 ip-10-0-0-227 kernel: [    0.000000] Xen version 4.2.
May 18 15:40:15 ip-10-0-0-227 kernel: [    0.000000] Xen Platform PCI: I/O protocol version 1
May 18 15:40:15 ip-10-0-0-227 kernel: [    0.000000] Netfront and the Xen platform PCI driver have been compiled for this kernel: unplug emulated NICs.
May 18 15:40:15 ip-10-0-0-227 systemd[1]: Started LSB: AppArmor initialization.
May 18 15:40:15 ip-10-0-0-227 kernel: [    0.000000] Blkfront and the Xen platform PCI driver have been compiled for this kernel: unplug emulated disks.
May 18 15:40:15 ip-10-0-0-227 kernel: [    0.000000] You might have to change the root device
May 18 15:40:15 ip-10-0-0-227 kernel: [    0.000000] from /dev/hd[a-d] to /dev/xvd[a-d]
May 18 15:40:15 ip-10-0-0-227 systemd[1]: Started Commit a transient machine-id on disk.
May 18 15:40:15 ip-10-0-0-227 kernel: [    0.000000] in your root= kernel command line option
May 18 15:40:15 ip-10-0-0-227 kernel: [    0.000000] HVMOP_pagetable_dying not supported
May 18 15:40:15 ip-10-0-0-227 kernel: [    0.000000] e820: update [mem 0x00000000-0x00000fff] usable ==> reserved
May 18 15:40:15 ip-10-0-0-227 systemd[1]: Started Update UTMP about System Boot/Shutdown.
May 18 15:40:15 ip-10-0-0-227 kernel: [    0.000000] e820: remove [mem 0x000a0000-0x000fffff] usable
May 18 15:40:15 ip-10-0-0-227 kernel: [    0.000000] e820: last_pfn = 0xf10000 max_arch_pfn = 0x400000000
May 18 15:40:15 ip-10-0-0-227 kernel: [    0.000000] MTRR default type: write-back
May 18 15:40:15 ip-10-0-0-227 dhclient[1039]: Internet Systems Consortium DHCP Client 4.3.3
May 18 15:40:15 ip-10-0-0-227 kernel: [    0.000000] MTRR fixed ranges enabled:
May 18 15:40:15 ip-10-0-0-227 kernel: [    0.000000]   00000-9FFFF write-back
May 18 15:40:15 ip-10-0-0-227 dhclient[1039]: Copyright 2004-2015 Internet Systems Consortium.
May 18 15:40:15 ip-10-0-0-227 kernel: [    0.000000]   A0000-BFFFF write-combining
May 18 15:40:15 ip-10-0-0-227 kernel: [    0.000000]   C0000-FFFFF write-back
May 18 15:40:15 ip-10-0-0-227 kernel: [    0.000000] MTRR variable ranges enabled:
May 18 15:40:15 ip-10-0-0-227 dhclient[1039]: All rights reserved.
May 18 15:40:15 ip-10-0-0-227 kernel: [    0.000000]   0 base 0000F0000000 mask 3FFFF8000000 uncachable
May 18 15:40:15 ip-10-0-0-227 kernel: [    0.000000]   1 base 0000F8000000 mask 3FFFFC000000 uncachable
May 18 15:40:15 ip-10-0-0-227 kernel: [    0.000000]   2 disabled
May 18 15:40:15 ip-10-0-0-227 dhclient[1039]: For info, please visit https://www.isc.org/software/dhcp/
May 18 15:40:15 ip-10-0-0-227 kernel: [    0.000000]   3 disabled
May 18 15:40:15 ip-10-0-0-227 kernel: [    0.000000]   4 disabled
May 18 15:40:15 ip-10-0-0-227 dhclient[1039]: 
May 18 15:40:15 ip-10-0-0-227 kernel: [    0.000000]   5 disabled
May 18 15:40:15 ip-10-0-0-227 kernel: [    0.000000]   6 disabled
May 18 15:40:15 ip-10-0-0-227 kernel: [    0.000000]   7 disabled
May 18 15:40:15 ip-10-0-0-227 dhclient[1039]: Listening on LPF/ens3/06:af:33:5c:c5:1a
May 18 15:40:15 ip-10-0-0-227 kernel: [    0.000000] x86/PAT: Configuration [0-7]: WB  WC  UC- UC  WB  WC  UC- WT  
May 18 15:40:15 ip-10-0-0-227 dhclient[1039]: Sending on   LPF/ens3/06:af:33:5c:c5:1a
May 18 15:40:15 ip-10-0-0-227 kernel: [    0.000000] e820: last_pfn = 0xf0000 max_arch_pfn = 0x400000000
May 18 15:40:15 ip-10-0-0-227 kernel: [    0.000000] found SMP MP-table at [mem 0x000fbc50-0x000fbc5f] mapped at [ffff8800000fbc50]
May 18 15:40:15 ip-10-0-0-227 kernel: [    0.000000] Scanning 1 areas for low memory corruption
May 18 15:40:15 ip-10-0-0-227 dhclient[1039]: Sending on   Socket/fallback
May 18 15:40:15 ip-10-0-0-227 kernel: [    0.000000] Base memory trampoline at [ffff880000096000] 96000 size 28672
May 18 15:40:15 ip-10-0-0-227 kernel: [    0.000000] Using GB pages for direct mapping
May 18 15:40:15 ip-10-0-0-227 dhclient[1039]: DHCPDISCOVER on ens3 to 255.255.255.255 port 67 interval 3 (xid=0x7f0d524b)
May 18 15:40:15 ip-10-0-0-227 kernel: [    0.000000] BRK [0x02201000, 0x02201fff] PGTABLE
May 18 15:40:15 ip-10-0-0-227 kernel: [    0.000000] BRK [0x02202000, 0x02202fff] PGTABLE
May 18 15:40:15 ip-10-0-0-227 kernel: [    0.000000] BRK [0x02203000, 0x02203fff] PGTABLE
May 18 15:40:15 ip-10-0-0-227 kernel: [    0.000000] BRK [0x02204000, 0x02204fff] PGTABLE
May 18 15:40:15 ip-10-0-0-227 dhclient[1039]: DHCPREQUEST of 10.0.0.227 on ens3 to 255.255.255.255 port 67 (xid=0x4b520d7f)
May 18 15:40:15 ip-10-0-0-227 kernel: [    0.000000] RAMDISK: [mem 0x367b2000-0x373d0fff]
May 18 15:40:15 ip-10-0-0-227 kernel: [    0.000000] ACPI: Early table checksum verification disabled
May 18 15:40:15 ip-10-0-0-227 dhclient[1039]: DHCPOFFER of 10.0.0.227 from 10.0.0.1
May 18 15:40:15 ip-10-0-0-227 kernel: [    0.000000] ACPI: RSDP 0x00000000000EA020 000024 (v02 Xen   )
May 18 15:40:15 ip-10-0-0-227 kernel: [    0.000000] ACPI: XSDT 0x00000000FC017290 00006C (v01 Xen    HVM      00000000 HVML 00000000)
May 18 15:40:15 ip-10-0-0-227 dhclient[1039]: DHCPACK of 10.0.0.227 from 10.0.0.1
May 18 15:40:15 ip-10-0-0-227 kernel: [    0.000000] ACPI: FACP 0x00000000FC013680 0000F4 (v04 Xen    HVM      00000000 HVML 00000000)
May 18 15:40:15 ip-10-0-0-227 kernel: [    0.000000] ACPI: DSDT 0x00000000FC0021C0 011438 (v02 Xen    HVM      00000000 INTL 20090123)
May 18 15:40:15 ip-10-0-0-227 systemd[1]: Listening on Load/Save RF Kill Switch Status /dev/rfkill Watch.
May 18 15:40:15 ip-10-0-0-227 kernel: [    0.000000] ACPI: FACS 0x00000000FC002180 000040
May 18 15:40:15 ip-10-0-0-227 kernel: [    0.000000] ACPI: FACS 0x00000000FC002180 000040
May 18 15:40:15 ip-10-0-0-227 kernel: [    0.000000] ACPI: APIC 0x00000000FC013780 000460 (v02 Xen    HVM      00000000 HVML 00000000)
May 18 15:40:15 ip-10-0-0-227 dhclient[1039]: bound to 10.0.0.227 -- renewal in 1388 seconds.
May 18 15:40:15 ip-10-0-0-227 kernel: [    0.000000] ACPI: SRAT 0x00000000FC013C60 0008A8 (v01 Xen    HVM      00000000 HVML 00000000)
May 18 15:40:15 ip-10-0-0-227 kernel: [    0.000000] ACPI: HPET 0x00000000FC014530 000038 (v01 Xen    HVM      00000000 HVML 00000000)
May 18 15:40:15 ip-10-0-0-227 kernel: [    0.000000] ACPI: WAET 0x00000000FC014570 000028 (v01 Xen    HVM      00000000 HVML 00000000)
May 18 15:40:15 ip-10-0-0-227 cloud-init[748]: Cloud-init v. 18.3-9-g2e62cb8a-0ubuntu1~16.04.2 running 'init-local' at Sat, 18 May 2019 15:40:12 +0000. Up 14.97 seconds.
May 18 15:40:15 ip-10-0-0-227 kernel: [    0.000000] ACPI: SSDT 0x00000000FC0145A0 000031 (v02 Xen    HVM      00000000 INTL 20090123)
May 18 15:40:15 ip-10-0-0-227 kernel: [    0.000000] ACPI: SSDT 0x00000000FC0145E0 000033 (v02 Xen    HVM      00000000 INTL 20090123)
May 18 15:40:15 ip-10-0-0-227 kernel: [    0.000000] ACPI: SSDT 0x00000000FC014620 000CB0 (v02 Xen    HVM      00000000 INTL 20090123)
May 18 15:40:15 ip-10-0-0-227 systemd[1]: Started Initial cloud-init job (pre-networking).
May 18 15:40:15 ip-10-0-0-227 kernel: [    0.000000] ACPI: SSDT 0x00000000FC0152D0 001FB6 (v02 Xen    HVM      00000000 INTL 20090123)
May 18 15:40:15 ip-10-0-0-227 kernel: [    0.000000] ACPI: Local APIC address 0xfee00000
May 18 15:40:15 ip-10-0-0-227 kernel: [    0.000000] SRAT: PXM 0 -> APIC 0x00 -> Node 0
May 18 15:40:15 ip-10-0-0-227 systemd[1]: Reached target Network (Pre).
May 18 15:40:15 ip-10-0-0-227 kernel: [    0.000000] SRAT: PXM 0 -> APIC 0x02 -> Node 0
May 18 15:40:15 ip-10-0-0-227 kernel: [    0.000000] SRAT: PXM 0 -> APIC 0x04 -> Node 0
May 18 15:40:15 ip-10-0-0-227 systemd[1]: Starting Raise network interfaces...
May 18 15:40:15 ip-10-0-0-227 kernel: [    0.000000] SRAT: PXM 0 -> APIC 0x06 -> Node 0
May 18 15:40:15 ip-10-0-0-227 kernel: [    0.000000] SRAT: PXM 0 -> APIC 0x08 -> Node 0
May 18 15:40:15 ip-10-0-0-227 kernel: [    0.000000] SRAT: PXM 0 -> APIC 0x0a -> Node 0
May 18 15:40:15 ip-10-0-0-227 systemd[1]: Started Set console font and keymap.
May 18 15:40:15 ip-10-0-0-227 kernel: [    0.000000] SRAT: PXM 0 -> APIC 0x0c -> Node 0
May 18 15:40:15 ip-10-0-0-227 kernel: [    0.000000] SRAT: PXM 0 -> APIC 0x0e -> Node 0
May 18 15:40:15 ip-10-0-0-227 systemd[1]: Created slice system-getty.slice.
May 18 15:40:15 ip-10-0-0-227 kernel: [    0.000000] SRAT: PXM 0 -> APIC 0x10 -> Node 0
May 18 15:40:15 ip-10-0-0-227 kernel: [    0.000000] SRAT: PXM 1 -> APIC 0x20 -> Node 1
May 18 15:40:15 ip-10-0-0-227 kernel: [    0.000000] SRAT: PXM 1 -> APIC 0x22 -> Node 1
May 18 15:40:15 ip-10-0-0-227 dhclient[1191]: Internet Systems Consortium DHCP Client 4.3.3
May 18 15:40:15 ip-10-0-0-227 kernel: [    0.000000] SRAT: PXM 1 -> APIC 0x24 -> Node 1
May 18 15:40:15 ip-10-0-0-227 kernel: [    0.000000] SRAT: PXM 1 -> APIC 0x26 -> Node 1
May 18 15:40:15 ip-10-0-0-227 kernel: [    0.000000] SRAT: PXM 1 -> APIC 0x28 -> Node 1
May 18 15:40:15 ip-10-0-0-227 ifup[1103]: Internet Systems Consortium DHCP Client 4.3.3
May 18 15:40:15 ip-10-0-0-227 kernel: [    0.000000] SRAT: PXM 1 -> APIC 0x2a -> Node 1
May 18 15:40:15 ip-10-0-0-227 kernel: [    0.000000] SRAT: PXM 1 -> APIC 0x2c -> Node 1
May 18 15:40:15 ip-10-0-0-227 kernel: [    0.000000] SRAT: PXM 1 -> APIC 0x2e -> Node 1
May 18 15:40:15 ip-10-0-0-227 ifup[1103]: Copyright 2004-2015 Internet Systems Consortium.
May 18 15:40:15 ip-10-0-0-227 kernel: [    0.000000] SRAT: PXM 1 -> APIC 0x30 -> Node 1
May 18 15:40:15 ip-10-0-0-227 kernel: [    0.000000] SRAT: PXM 0 -> APIC 0x01 -> Node 0
May 18 15:40:15 ip-10-0-0-227 kernel: [    0.000000] SRAT: PXM 0 -> APIC 0x03 -> Node 0
May 18 15:40:15 ip-10-0-0-227 ifup[1103]: All rights reserved.
May 18 15:40:15 ip-10-0-0-227 kernel: [    0.000000] SRAT: PXM 0 -> APIC 0x05 -> Node 0
May 18 15:40:15 ip-10-0-0-227 kernel: [    0.000000] SRAT: PXM 0 -> APIC 0x07 -> Node 0
May 18 15:40:15 ip-10-0-0-227 ifup[1103]: For info, please visit https://www.isc.org/software/dhcp/
May 18 15:40:15 ip-10-0-0-227 kernel: [    0.000000] SRAT: PXM 0 -> APIC 0x09 -> Node 0
May 18 15:40:15 ip-10-0-0-227 kernel: [    0.000000] SRAT: PXM 0 -> APIC 0x0b -> Node 0
May 18 15:40:15 ip-10-0-0-227 kernel: [    0.000000] SRAT: PXM 0 -> APIC 0x0d -> Node 0
May 18 15:40:15 ip-10-0-0-227 dhclient[1191]: Copyright 2004-2015 Internet Systems Consortium.
May 18 15:40:15 ip-10-0-0-227 kernel: [    0.000000] SRAT: PXM 0 -> APIC 0x0f -> Node 0
May 18 15:40:15 ip-10-0-0-227 dhclient[1191]: All rights reserved.
May 18 15:40:15 ip-10-0-0-227 kernel: [    0.000000] SRAT: PXM 0 -> APIC 0x11 -> Node 0
May 18 15:40:15 ip-10-0-0-227 kernel: [    0.000000] SRAT: PXM 1 -> APIC 0x21 -> Node 1
May 18 15:40:15 ip-10-0-0-227 kernel: [    0.000000] SRAT: PXM 1 -> APIC 0x23 -> Node 1
May 18 15:40:15 ip-10-0-0-227 dhclient[1191]: For info, please visit https://www.isc.org/software/dhcp/
May 18 15:40:15 ip-10-0-0-227 kernel: [    0.000000] SRAT: PXM 1 -> APIC 0x25 -> Node 1
May 18 15:40:15 ip-10-0-0-227 kernel: [    0.000000] SRAT: PXM 1 -> APIC 0x27 -> Node 1
May 18 15:40:15 ip-10-0-0-227 kernel: [    0.000000] SRAT: PXM 1 -> APIC 0x29 -> Node 1
May 18 15:40:15 ip-10-0-0-227 dhclient[1191]: 
May 18 15:40:15 ip-10-0-0-227 kernel: [    0.000000] SRAT: PXM 1 -> APIC 0x2b -> Node 1
May 18 15:40:15 ip-10-0-0-227 dhclient[1191]: Listening on LPF/ens3/06:af:33:5c:c5:1a
May 18 15:40:15 ip-10-0-0-227 kernel: [    0.000000] SRAT: PXM 1 -> APIC 0x2d -> Node 1
May 18 15:40:15 ip-10-0-0-227 kernel: [    0.000000] SRAT: PXM 1 -> APIC 0x2f -> Node 1
May 18 15:40:15 ip-10-0-0-227 kernel: [    0.000000] SRAT: PXM 1 -> APIC 0x31 -> Node 1
May 18 15:40:15 ip-10-0-0-227 kernel: [    0.000000] SRAT: Node 0 PXM 0 [mem 0x00000000-0xefffffff]
May 18 15:40:15 ip-10-0-0-227 ifup[1103]: Listening on LPF/ens3/06:af:33:5c:c5:1a
May 18 15:40:15 ip-10-0-0-227 kernel: [    0.000000] SRAT: Node 0 PXM 0 [mem 0x100000000-0x78fffffff]
May 18 15:40:15 ip-10-0-0-227 ifup[1103]: Sending on   LPF/ens3/06:af:33:5c:c5:1a
May 18 15:40:15 ip-10-0-0-227 kernel: [    0.000000] SRAT: Node 1 PXM 1 [mem 0x790000000-0xf0fffffff]
May 18 15:40:15 ip-10-0-0-227 kernel: [    0.000000] NUMA: Node 0 [mem 0x00000000-0xefffffff] + [mem 0x100000000-0x78fffffff] -> [mem 0x00000000-0x78fffffff]
May 18 15:40:15 ip-10-0-0-227 ifup[1103]: Sending on   Socket/fallback
May 18 15:40:15 ip-10-0-0-227 kernel: [    0.000000] NODE_DATA(0) allocated [mem 0x78fffb000-0x78fffffff]
May 18 15:40:15 ip-10-0-0-227 kernel: [    0.000000] NODE_DATA(1) allocated [mem 0xf0fffa000-0xf0fffefff]
May 18 15:40:15 ip-10-0-0-227 ifup[1103]: DHCPDISCOVER on ens3 to 255.255.255.255 port 67 interval 3 (xid=0x55c20536)
May 18 15:40:15 ip-10-0-0-227 kernel: [    0.000000] Zone ranges:
May 18 15:40:15 ip-10-0-0-227 kernel: [    0.000000]   DMA      [mem 0x0000000000001000-0x0000000000ffffff]
May 18 15:40:15 ip-10-0-0-227 dhclient[1191]: Sending on   LPF/ens3/06:af:33:5c:c5:1a
May 18 15:40:15 ip-10-0-0-227 kernel: [    0.000000]   DMA32    [mem 0x0000000001000000-0x00000000ffffffff]
May 18 15:40:15 ip-10-0-0-227 kernel: [    0.000000]   Normal   [mem 0x0000000100000000-0x0000000f0fffffff]
May 18 15:40:15 ip-10-0-0-227 ifup[1103]: DHCPREQUEST of 10.0.0.227 on ens3 to 255.255.255.255 port 67 (xid=0x3605c255)
May 18 15:40:15 ip-10-0-0-227 kernel: [    0.000000]   Device   empty
May 18 15:40:15 ip-10-0-0-227 kernel: [    0.000000] Movable zone start for each node
May 18 15:40:15 ip-10-0-0-227 kernel: [    0.000000] Early memory node ranges
May 18 15:40:15 ip-10-0-0-227 ifup[1103]: DHCPOFFER of 10.0.0.227 from 10.0.0.1
May 18 15:40:15 ip-10-0-0-227 ifup[1103]: DHCPACK of 10.0.0.227 from 10.0.0.1
May 18 15:40:15 ip-10-0-0-227 dhclient[1191]: Sending on   Socket/fallback
May 18 15:40:15 ip-10-0-0-227 dhclient[1191]: DHCPDISCOVER on ens3 to 255.255.255.255 port 67 interval 3 (xid=0x55c20536)
May 18 15:40:15 ip-10-0-0-227 dhclient[1191]: DHCPREQUEST of 10.0.0.227 on ens3 to 255.255.255.255 port 67 (xid=0x3605c255)
May 18 15:40:15 ip-10-0-0-227 dhclient[1191]: DHCPOFFER of 10.0.0.227 from 10.0.0.1
May 18 15:40:15 ip-10-0-0-227 dhclient[1191]: DHCPACK of 10.0.0.227 from 10.0.0.1
May 18 15:40:15 ip-10-0-0-227 dhclient[1191]: bound to 10.0.0.227 -- renewal in 1628 seconds.
May 18 15:40:15 ip-10-0-0-227 ifup[1103]: bound to 10.0.0.227 -- renewal in 1628 seconds.
May 18 15:40:15 ip-10-0-0-227 systemd[1]: Started Raise network interfaces.
May 18 15:40:15 ip-10-0-0-227 systemd[1]: Starting Initial cloud-init job (metadata service crawler)...
May 18 15:40:15 ip-10-0-0-227 systemd[1]: Reached target Network.
May 18 15:40:15 ip-10-0-0-227 kernel: [    0.000000]   node   0: [mem 0x0000000000001000-0x000000000009dfff]
May 18 15:40:15 ip-10-0-0-227 kernel: [    0.000000]   node   0: [mem 0x0000000000100000-0x00000000efffffff]
May 18 15:40:15 ip-10-0-0-227 kernel: [    0.000000]   node   0: [mem 0x0000000100000000-0x000000078fffffff]
May 18 15:40:15 ip-10-0-0-227 kernel: [    0.000000]   node   1: [mem 0x0000000790000000-0x0000000f0fffffff]
May 18 15:40:15 ip-10-0-0-227 kernel: [    0.000000] Initmem setup node 0 [mem 0x0000000000001000-0x000000078fffffff]
May 18 15:40:15 ip-10-0-0-227 kernel: [    0.000000] On node 0 totalpages: 7864221
May 18 15:40:15 ip-10-0-0-227 kernel: [    0.000000]   DMA zone: 64 pages used for memmap
May 18 15:40:15 ip-10-0-0-227 kernel: [    0.000000]   DMA zone: 22 pages reserved
May 18 15:40:15 ip-10-0-0-227 kernel: [    0.000000]   DMA zone: 3997 pages, LIFO batch:0
May 18 15:40:15 ip-10-0-0-227 kernel: [    0.000000]   DMA32 zone: 15296 pages used for memmap
May 18 15:40:15 ip-10-0-0-227 kernel: [    0.000000]   DMA32 zone: 978944 pages, LIFO batch:31
May 18 15:40:15 ip-10-0-0-227 kernel: [    0.000000]   Normal zone: 107520 pages used for memmap
May 18 15:40:15 ip-10-0-0-227 kernel: [    0.000000]   Normal zone: 6881280 pages, LIFO batch:31
May 18 15:40:15 ip-10-0-0-227 kernel: [    0.000000] Initmem setup node 1 [mem 0x0000000790000000-0x0000000f0fffffff]
May 18 15:40:15 ip-10-0-0-227 kernel: [    0.000000] On node 1 totalpages: 7864320
May 18 15:40:15 ip-10-0-0-227 kernel: [    0.000000]   Normal zone: 122880 pages used for memmap
May 18 15:40:15 ip-10-0-0-227 kernel: [    0.000000]   Normal zone: 7864320 pages, LIFO batch:31
May 18 15:40:15 ip-10-0-0-227 kernel: [    0.000000] ACPI: PM-Timer IO Port: 0xb008
May 18 15:40:15 ip-10-0-0-227 kernel: [    0.000000] ACPI: Local APIC address 0xfee00000
May 18 15:40:15 ip-10-0-0-227 kernel: [    0.000000] IOAPIC[0]: apic_id 1, version 17, address 0xfec00000, GSI 0-47
May 18 15:40:15 ip-10-0-0-227 kernel: [    0.000000] ACPI: INT_SRC_OVR (bus 0 bus_irq 0 global_irq 2 dfl dfl)
May 18 15:40:15 ip-10-0-0-227 kernel: [    0.000000] ACPI: INT_SRC_OVR (bus 0 bus_irq 5 global_irq 5 low level)
May 18 15:40:15 ip-10-0-0-227 kernel: [    0.000000] ACPI: INT_SRC_OVR (bus 0 bus_irq 10 global_irq 10 low level)
May 18 15:40:15 ip-10-0-0-227 kernel: [    0.000000] ACPI: INT_SRC_OVR (bus 0 bus_irq 11 global_irq 11 low level)
May 18 15:40:15 ip-10-0-0-227 kernel: [    0.000000] ACPI: IRQ0 used by override.
May 18 15:40:15 ip-10-0-0-227 kernel: [    0.000000] ACPI: IRQ5 used by override.
May 18 15:40:15 ip-10-0-0-227 kernel: [    0.000000] ACPI: IRQ9 used by override.
May 18 15:40:15 ip-10-0-0-227 kernel: [    0.000000] ACPI: IRQ10 used by override.
May 18 15:40:15 ip-10-0-0-227 kernel: [    0.000000] ACPI: IRQ11 used by override.
May 18 15:40:15 ip-10-0-0-227 kernel: [    0.000000] Using ACPI (MADT) for SMP configuration information
May 18 15:40:15 ip-10-0-0-227 kernel: [    0.000000] ACPI: HPET id: 0x8086a201 base: 0xfed00000
May 18 15:40:15 ip-10-0-0-227 kernel: [    0.000000] smpboot: Allowing 128 CPUs, 92 hotplug CPUs
May 18 15:40:15 ip-10-0-0-227 kernel: [    0.000000] PM: Registered nosave memory: [mem 0x00000000-0x00000fff]
May 18 15:40:15 ip-10-0-0-227 kernel: [    0.000000] PM: Registered nosave memory: [mem 0x0009e000-0x0009ffff]
May 18 15:40:15 ip-10-0-0-227 kernel: [    0.000000] PM: Registered nosave memory: [mem 0x000a0000-0x000dffff]
May 18 15:40:15 ip-10-0-0-227 kernel: [    0.000000] PM: Registered nosave memory: [mem 0x000e0000-0x000fffff]
May 18 15:40:15 ip-10-0-0-227 kernel: [    0.000000] PM: Registered nosave memory: [mem 0xf0000000-0xfbffffff]
May 18 15:40:15 ip-10-0-0-227 kernel: [    0.000000] PM: Registered nosave memory: [mem 0xfc000000-0xffffffff]
May 18 15:40:15 ip-10-0-0-227 kernel: [    0.000000] e820: [mem 0xf0000000-0xfbffffff] available for PCI devices
May 18 15:40:15 ip-10-0-0-227 kernel: [    0.000000] Booting paravirtualized kernel on Xen HVM
May 18 15:40:15 ip-10-0-0-227 kernel: [    0.000000] clocksource: refined-jiffies: mask: 0xffffffff max_cycles: 0xffffffff, max_idle_ns: 7645519600211568 ns
May 18 15:40:15 ip-10-0-0-227 kernel: [    0.000000] setup_percpu: NR_CPUS:256 nr_cpumask_bits:256 nr_cpu_ids:128 nr_node_ids:2
May 18 15:40:15 ip-10-0-0-227 kernel: [    0.000000] PERCPU: Embedded 34 pages/cpu @ffff880770e00000 s99160 r8192 d31912 u262144
May 18 15:40:15 ip-10-0-0-227 kernel: [    0.000000] pcpu-alloc: s99160 r8192 d31912 u262144 alloc=1*2097152
May 18 15:40:15 ip-10-0-0-227 kernel: [    0.000000] pcpu-alloc: [0] 000 001 002 003 004 005 006 007 
May 18 15:40:15 ip-10-0-0-227 kernel: [    0.000000] pcpu-alloc: [0] 008 018 019 020 021 022 023 024 
May 18 15:40:15 ip-10-0-0-227 kernel: [    0.000000] pcpu-alloc: [0] 025 026 036 038 040 042 044 046 
May 18 15:40:15 ip-10-0-0-227 kernel: [    0.000000] pcpu-alloc: [0] 048 050 052 054 056 058 060 062 
May 18 15:40:15 ip-10-0-0-227 kernel: [    0.000000] pcpu-alloc: [0] 064 066 068 070 072 074 076 078 
May 18 15:40:15 ip-10-0-0-227 cloud-init[1302]: Cloud-init v. 18.3-9-g2e62cb8a-0ubuntu1~16.04.2 running 'init' at Sat, 18 May 2019 15:40:13 +0000. Up 16.21 seconds.
May 18 15:40:15 ip-10-0-0-227 kernel: [    0.000000] pcpu-alloc: [0] 080 082 084 086 088 090 092 094 
May 18 15:40:15 ip-10-0-0-227 kernel: [    0.000000] pcpu-alloc: [0] 096 098 100 102 104 106 108 110 
May 18 15:40:15 ip-10-0-0-227 kernel: [    0.000000] pcpu-alloc: [0] 112 114 116 118 120 122 124 126 
May 18 15:40:15 ip-10-0-0-227 cloud-init[1302]: ci-info: ++++++++++++++++++++++++++++++++++++++Net device info+++++++++++++++++++++++++++++++++++++++
May 18 15:40:15 ip-10-0-0-227 kernel: [    0.000000] pcpu-alloc: [1] 009 010 011 012 013 014 015 016 
May 18 15:40:15 ip-10-0-0-227 kernel: [    0.000000] pcpu-alloc: [1] 017 027 028 029 030 031 032 033 
May 18 15:40:15 ip-10-0-0-227 cloud-init[1302]: ci-info: +--------+------+-----------------------------+---------------+--------+-------------------+
May 18 15:40:15 ip-10-0-0-227 kernel: [    0.000000] pcpu-alloc: [1] 034 035 037 039 041 043 045 047 
May 18 15:40:15 ip-10-0-0-227 kernel: [    0.000000] pcpu-alloc: [1] 049 051 053 055 057 059 061 063 
May 18 15:40:15 ip-10-0-0-227 cloud-init[1302]: ci-info: | Device |  Up  |           Address           |      Mask     | Scope  |     Hw-Address    |
May 18 15:40:15 ip-10-0-0-227 kernel: [    0.000000] pcpu-alloc: [1] 065 067 069 071 073 075 077 079 
May 18 15:40:15 ip-10-0-0-227 kernel: [    0.000000] pcpu-alloc: [1] 081 083 085 087 089 091 093 095 
May 18 15:40:15 ip-10-0-0-227 cloud-init[1302]: ci-info: +--------+------+-----------------------------+---------------+--------+-------------------+
May 18 15:40:15 ip-10-0-0-227 kernel: [    0.000000] pcpu-alloc: [1] 097 099 101 103 105 107 109 111 
May 18 15:40:15 ip-10-0-0-227 kernel: [    0.000000] pcpu-alloc: [1] 113 115 117 119 121 123 125 127 
May 18 15:40:15 ip-10-0-0-227 cloud-init[1302]: ci-info: |  ens3  | True |          10.0.0.227         | 255.255.255.0 | global | 06:af:33:5c:c5:1a |
May 18 15:40:15 ip-10-0-0-227 kernel: [    0.000000] xen: PV spinlocks enabled
May 18 15:40:15 ip-10-0-0-227 kernel: [    0.000000] PV qspinlock hash table entries: 512 (order: 1, 8192 bytes)
May 18 15:40:15 ip-10-0-0-227 cloud-init[1302]: ci-info: |  ens3  | True | fe80::4af:33ff:fe5c:c51a/64 |       .       |  link  | 06:af:33:5c:c5:1a |
May 18 15:40:15 ip-10-0-0-227 kernel: [    0.000000] Built 2 zonelists in Node order, mobility grouping on.  Total pages: 15482759
May 18 15:40:15 ip-10-0-0-227 kernel: [    0.000000] Policy zone: Normal
May 18 15:40:15 ip-10-0-0-227 cloud-init[1302]: ci-info: |   lo   | True |          127.0.0.1          |   255.0.0.0   |  host  |         .         |
May 18 15:40:15 ip-10-0-0-227 kernel: [    0.000000] Kernel command line: BOOT_IMAGE=/boot/vmlinuz-4.4.0-1067-aws root=LABEL=cloudimg-rootfs ro console=tty1 console=ttyS0 nvme.io_timeout=4294967295
May 18 15:40:15 ip-10-0-0-227 kernel: [    0.000000] log_buf_len individual max cpu contribution: 4096 bytes
May 18 15:40:15 ip-10-0-0-227 cloud-init[1302]: ci-info: |   lo   | True |           ::1/128           |       .       |  host  |         .         |
May 18 15:40:15 ip-10-0-0-227 kernel: [    0.000000] log_buf_len total cpu_extra contributions: 520192 bytes
May 18 15:40:15 ip-10-0-0-227 kernel: [    0.000000] log_buf_len min size: 262144 bytes
May 18 15:40:15 ip-10-0-0-227 cloud-init[1302]: ci-info: +--------+------+-----------------------------+---------------+--------+-------------------+
May 18 15:40:15 ip-10-0-0-227 kernel: [    0.000000] log_buf_len: 1048576 bytes
May 18 15:40:15 ip-10-0-0-227 kernel: [    0.000000] early log buf free: 249740(95%)
May 18 15:40:15 ip-10-0-0-227 cloud-init[1302]: ci-info: +++++++++++++++++++++++++++Route IPv4 info++++++++++++++++++++++++++++
May 18 15:40:15 ip-10-0-0-227 kernel: [    0.000000] PID hash table entries: 4096 (order: 3, 32768 bytes)
May 18 15:40:15 ip-10-0-0-227 kernel: [    0.000000] Calgary: detecting Calgary via BIOS EBDA area
May 18 15:40:15 ip-10-0-0-227 cloud-init[1302]: ci-info: +-------+-------------+----------+---------------+-----------+-------+
May 18 15:40:15 ip-10-0-0-227 kernel: [    0.000000] Calgary: Unable to locate Rio Grande table in EBDA - bailing!
May 18 15:40:15 ip-10-0-0-227 kernel: [    0.000000] Memory: 61815268K/62914164K available (8372K kernel code, 1281K rwdata, 3888K rodata, 1504K init, 1264K bss, 1098896K reserved, 0K cma-reserved)
May 18 15:40:15 ip-10-0-0-227 kernel: [    0.000000] SLUB: HWalign=64, Order=0-3, MinObjects=0, CPUs=128, Nodes=2
May 18 15:40:15 ip-10-0-0-227 cloud-init[1302]: ci-info: | Route | Destination | Gateway  |    Genmask    | Interface | Flags |
May 18 15:40:15 ip-10-0-0-227 kernel: [    0.000000] Kernel/User page tables isolation: enabled
May 18 15:40:15 ip-10-0-0-227 cloud-init[1302]: ci-info: +-------+-------------+----------+---------------+-----------+-------+
May 18 15:40:15 ip-10-0-0-227 kernel: [    0.000000] Hierarchical RCU implementation.
May 18 15:40:15 ip-10-0-0-227 kernel: [    0.000000] 	Build-time adjustment of leaf fanout to 64.
May 18 15:40:15 ip-10-0-0-227 kernel: [    0.000000] 	RCU restricting CPUs from NR_CPUS=256 to nr_cpu_ids=128.
May 18 15:40:15 ip-10-0-0-227 kernel: [    0.000000] RCU: Adjusting geometry for rcu_fanout_leaf=64, nr_cpu_ids=128
May 18 15:40:15 ip-10-0-0-227 cloud-init[1302]: ci-info: |   0   |   0.0.0.0   | 10.0.0.1 |    0.0.0.0    |    ens3   |   UG  |
May 18 15:40:15 ip-10-0-0-227 kernel: [    0.000000] NR_IRQS:16640 nr_irqs:1856 16
May 18 15:40:15 ip-10-0-0-227 cloud-init[1302]: ci-info: |   1   |   10.0.0.0  | 0.0.0.0  | 255.255.255.0 |    ens3   |   U   |
May 18 15:40:15 ip-10-0-0-227 kernel: [    0.000000] xen:events: Using 2-level ABI
May 18 15:40:15 ip-10-0-0-227 kernel: [    0.000000] xen:events: Xen HVM callback vector for event delivery is enabled
May 18 15:40:15 ip-10-0-0-227 kernel: [    0.000000] Console: colour VGA+ 80x25
May 18 15:40:15 ip-10-0-0-227 cloud-init[1302]: ci-info: +-------+-------------+----------+---------------+-----------+-------+
May 18 15:40:15 ip-10-0-0-227 kernel: [    0.000000] console [tty1] enabled
May 18 15:40:15 ip-10-0-0-227 kernel: [    0.000000] Cannot get hvm parameter CONSOLE_EVTCHN (18): -22!
May 18 15:40:15 ip-10-0-0-227 kernel: [    0.000000] console [ttyS0] enabled
May 18 15:40:15 ip-10-0-0-227 cloud-init[1302]: ci-info: +++++++++++++++++++Route IPv6 info+++++++++++++++++++
May 18 15:40:15 ip-10-0-0-227 kernel: [    0.000000] mempolicy: Enabling automatic NUMA balancing. Configure with numa_balancing= or the kernel.numa_balancing sysctl
May 18 15:40:15 ip-10-0-0-227 cloud-init[1302]: ci-info: +-------+-------------+---------+-----------+-------+
May 18 15:40:15 ip-10-0-0-227 kernel: [    0.000000] clocksource: hpet: mask: 0xffffffff max_cycles: 0xffffffff, max_idle_ns: 30580167144 ns
May 18 15:40:15 ip-10-0-0-227 kernel: [    0.000000] hpet clockevent registered
May 18 15:40:15 ip-10-0-0-227 kernel: [    0.000000] tsc: Detected 2900.102 MHz processor
May 18 15:40:15 ip-10-0-0-227 cloud-init[1302]: ci-info: | Route | Destination | Gateway | Interface | Flags |
May 18 15:40:15 ip-10-0-0-227 kernel: [    5.578426] Calibrating delay loop (skipped), value calculated using timer frequency.. 5800.20 BogoMIPS (lpj=11600408)
May 18 15:40:15 ip-10-0-0-227 kernel: [    5.604916] pid_max: default: 131072 minimum: 1024
May 18 15:40:15 ip-10-0-0-227 cloud-init[1302]: ci-info: +-------+-------------+---------+-----------+-------+
May 18 15:40:15 ip-10-0-0-227 kernel: [    5.610016] ACPI: Core revision 20150930
May 18 15:40:15 ip-10-0-0-227 kernel: [    5.625542] ACPI: 5 ACPI AML tables successfully acquired and loaded
May 18 15:40:15 ip-10-0-0-227 cloud-init[1302]: ci-info: |   0   |  fe80::/64  |    ::   |    ens3   |   U   |
May 18 15:40:15 ip-10-0-0-227 kernel: [    5.633354] Security Framework initialized
May 18 15:40:15 ip-10-0-0-227 kernel: [    5.637820] Yama: becoming mindful.
May 18 15:40:15 ip-10-0-0-227 kernel: [    5.641889] AppArmor: AppArmor initialized
May 18 15:40:15 ip-10-0-0-227 cloud-init[1302]: ci-info: |   3   |   ff00::/8  |    ::   |    ens3   |   U   |
May 18 15:40:15 ip-10-0-0-227 kernel: [    5.649421] Dentry cache hash table entries: 8388608 (order: 14, 67108864 bytes)
May 18 15:40:15 ip-10-0-0-227 cloud-init[1302]: ci-info: +-------+-------------+---------+-----------+-------+
May 18 15:40:15 ip-10-0-0-227 kernel: [    5.666634] Inode-cache hash table entries: 4194304 (order: 13, 33554432 bytes)
May 18 15:40:15 ip-10-0-0-227 kernel: [    5.678541] Mount-cache hash table entries: 131072 (order: 8, 1048576 bytes)
May 18 15:40:15 ip-10-0-0-227 kernel: [    5.685486] Mountpoint-cache hash table entries: 131072 (order: 8, 1048576 bytes)
May 18 15:40:15 ip-10-0-0-227 cloud-init[1302]: Generating public/private rsa key pair.
May 18 15:40:15 ip-10-0-0-227 kernel: [    5.693639] Initializing cgroup subsys io
May 18 15:40:15 ip-10-0-0-227 kernel: [    5.698070] Initializing cgroup subsys memory
May 18 15:40:15 ip-10-0-0-227 kernel: [    5.702734] Initializing cgroup subsys devices
May 18 15:40:15 ip-10-0-0-227 cloud-init[1302]: Your identification has been saved in /etc/ssh/ssh_host_rsa_key.
May 18 15:40:15 ip-10-0-0-227 kernel: [    5.707428] Initializing cgroup subsys freezer
May 18 15:40:15 ip-10-0-0-227 kernel: [    5.712179] Initializing cgroup subsys net_cls
May 18 15:40:15 ip-10-0-0-227 cloud-init[1302]: Your public key has been saved in /etc/ssh/ssh_host_rsa_key.pub.
May 18 15:40:15 ip-10-0-0-227 kernel: [    5.716940] Initializing cgroup subsys perf_event
May 18 15:40:15 ip-10-0-0-227 kernel: [    5.721895] Initializing cgroup subsys net_prio
May 18 15:40:15 ip-10-0-0-227 kernel: [    5.726656] Initializing cgroup subsys hugetlb
May 18 15:40:15 ip-10-0-0-227 cloud-init[1302]: The key fingerprint is:
May 18 15:40:15 ip-10-0-0-227 kernel: [    5.731409] Initializing cgroup subsys pids
May 18 15:40:15 ip-10-0-0-227 cloud-init[1302]: SHA256:JTpGSPveeRjHNP9XTMu+CmGxqbBXmfmm9ukuP6qxoSA root@ip-10-0-0-227
May 18 15:40:15 ip-10-0-0-227 kernel: [    5.736716] mce: CPU supports 2 MCE banks
May 18 15:40:15 ip-10-0-0-227 kernel: [    5.741098] process: using mwait in idle threads
May 18 15:40:15 ip-10-0-0-227 cloud-init[1302]: The key's randomart image is:
May 18 15:40:15 ip-10-0-0-227 kernel: [    5.745912] Last level iTLB entries: 4KB 1024, 2MB 1024, 4MB 1024
May 18 15:40:15 ip-10-0-0-227 kernel: [    5.751965] Last level dTLB entries: 4KB 1024, 2MB 1024, 4MB 1024, 1GB 4
May 18 15:40:15 ip-10-0-0-227 kernel: [    5.758599] Spectre V2 : Mitigation: Full generic retpoline
May 18 15:40:15 ip-10-0-0-227 cloud-init[1302]: +---[RSA 2048]----+
May 18 15:40:15 ip-10-0-0-227 kernel: [    5.764216] Spectre V2 : Speculation control IBPB not-supported IBRS not-supported
May 18 15:40:15 ip-10-0-0-227 kernel: [    5.771401] Speculative Store Bypass: Vulnerable
May 18 15:40:15 ip-10-0-0-227 cloud-init[1302]: |    .            |
May 18 15:40:15 ip-10-0-0-227 kernel: [    5.778751] Freeing SMP alternatives memory: 32K
May 18 15:40:15 ip-10-0-0-227 cloud-init[1302]: |   . o           |
May 18 15:40:15 ip-10-0-0-227 cloud-init[1302]: |    o . . +.    .|
May 18 15:40:15 ip-10-0-0-227 cloud-init[1302]: |     o . = oB .o.|
May 18 15:40:15 ip-10-0-0-227 cloud-init[1302]: |      =.S oX.  oo|
May 18 15:40:15 ip-10-0-0-227 cloud-init[1302]: |     o oo=+ o.. .|
May 18 15:40:15 ip-10-0-0-227 cloud-init[1302]: |   E ...+=.. o...|
May 18 15:40:15 ip-10-0-0-227 cloud-init[1302]: |    . . o.+o+....|
May 18 15:40:15 ip-10-0-0-227 cloud-init[1302]: |       . oooBBo. |
May 18 15:40:15 ip-10-0-0-227 cloud-init[1302]: +----[SHA256]-----+
May 18 15:40:15 ip-10-0-0-227 cloud-init[1302]: Generating public/private dsa key pair.
May 18 15:40:15 ip-10-0-0-227 cloud-init[1302]: Your identification has been saved in /etc/ssh/ssh_host_dsa_key.
May 18 15:40:15 ip-10-0-0-227 cloud-init[1302]: Your public key has been saved in /etc/ssh/ssh_host_dsa_key.pub.
May 18 15:40:15 ip-10-0-0-227 cloud-init[1302]: The key fingerprint is:
May 18 15:40:15 ip-10-0-0-227 cloud-init[1302]: SHA256:DirQajt1NTta2sIhXiWxktyVjg3eDrqEB5gcg7i9I0Q root@ip-10-0-0-227
May 18 15:40:15 ip-10-0-0-227 cloud-init[1302]: The key's randomart image is:
May 18 15:40:15 ip-10-0-0-227 cloud-init[1302]: +---[DSA 1024]----+
May 18 15:40:15 ip-10-0-0-227 cloud-init[1302]: |o       .        |
May 18 15:40:15 ip-10-0-0-227 cloud-init[1302]: |oE   o o         |
May 18 15:40:15 ip-10-0-0-227 cloud-init[1302]: |+++ + X          |
May 18 15:40:15 ip-10-0-0-227 cloud-init[1302]: |+=.+ B B         |
May 18 15:40:15 ip-10-0-0-227 cloud-init[1302]: |o +.o B S        |
May 18 15:40:15 ip-10-0-0-227 cloud-init[1302]: |.+o* = B         |
May 18 15:40:15 ip-10-0-0-227 cloud-init[1302]: |.o*.B * o        |
May 18 15:40:15 ip-10-0-0-227 cloud-init[1302]: |...+ = .         |
May 18 15:40:15 ip-10-0-0-227 cloud-init[1302]: | ..   .          |
May 18 15:40:15 ip-10-0-0-227 cloud-init[1302]: +----[SHA256]-----+
May 18 15:40:15 ip-10-0-0-227 cloud-init[1302]: Generating public/private ecdsa key pair.
May 18 15:40:15 ip-10-0-0-227 kernel: [    5.787948] ftrace: allocating 31371 entries in 123 pages
May 18 15:40:15 ip-10-0-0-227 cloud-init[1302]: Your identification has been saved in /etc/ssh/ssh_host_ecdsa_key.
May 18 15:40:15 ip-10-0-0-227 kernel: [    5.828806] smpboot: APIC(0) Converting physical 0 to logical package 0
May 18 15:40:15 ip-10-0-0-227 kernel: [    5.835302] smpboot: APIC(20) Converting physical 1 to logical package 1
May 18 15:40:15 ip-10-0-0-227 cloud-init[1302]: Your public key has been saved in /etc/ssh/ssh_host_ecdsa_key.pub.
May 18 15:40:15 ip-10-0-0-227 kernel: [    5.841920] smpboot: Max logical packages: 15
May 18 15:40:15 ip-10-0-0-227 kernel: [    5.847295] x2apic: IRQ remapping doesn't support X2APIC mode
May 18 15:40:15 ip-10-0-0-227 cloud-init[1302]: The key fingerprint is:
May 18 15:40:15 ip-10-0-0-227 kernel: [    5.853615] Switched APIC routing to physical flat.
May 18 15:40:15 ip-10-0-0-227 kernel: [    5.860933] ..TIMER: vector=0x30 apic1=0 pin1=2 apic2=0 pin2=0
May 18 15:40:15 ip-10-0-0-227 kernel: [    5.866839] clocksource: xen: mask: 0xffffffffffffffff max_cycles: 0x1cd42e4dffb, max_idle_ns: 881590591483 ns
May 18 15:40:15 ip-10-0-0-227 cloud-init[1302]: SHA256:pj+whCP0J9GsF/pZMKe4hMlGtW4YoigUCQcQhfZQZ34 root@ip-10-0-0-227
May 18 15:40:15 ip-10-0-0-227 kernel: [    5.876923] Xen: using vcpuop timer interface
May 18 15:40:15 ip-10-0-0-227 cloud-init[1302]: The key's randomart image is:
May 18 15:40:15 ip-10-0-0-227 kernel: [    5.876929] installing Xen timer for CPU 0
May 18 15:40:15 ip-10-0-0-227 kernel: [    5.881674] smpboot: CPU0: Intel(R) Xeon(R) CPU E5-2666 v3 @ 2.90GHz (family: 0x6, model: 0x3f, stepping: 0x2)
May 18 15:40:15 ip-10-0-0-227 kernel: [    5.893537] cpu 0 spinlock event irq 53
May 18 15:40:15 ip-10-0-0-227 kernel: [    5.897751] Performance Events: unsupported p6 CPU model 63 no PMU driver, software events only.
May 18 15:40:15 ip-10-0-0-227 cloud-init[1302]: +---[ECDSA 256]---+
May 18 15:40:15 ip-10-0-0-227 kernel: [    5.909498] NMI watchdog: disabled (cpu0): hardware events not enabled
May 18 15:40:15 ip-10-0-0-227 kernel: [    5.915961] NMI watchdog: Shutting down hard lockup detector on all cpus
May 18 15:40:15 ip-10-0-0-227 cloud-init[1302]: |B==. o           |
May 18 15:40:15 ip-10-0-0-227 kernel: [    5.922677] installing Xen timer for CPU 1
May 18 15:40:15 ip-10-0-0-227 cloud-init[1302]: |.*  =            |
May 18 15:40:15 ip-10-0-0-227 kernel: [    5.927252] x86: Booting SMP configuration:
May 18 15:40:15 ip-10-0-0-227 kernel: [    5.931760] .... node  #0, CPUs:          #1cpu 1 spinlock event irq 59
May 18 15:40:15 ip-10-0-0-227 kernel: [    5.941610] installing Xen timer for CPU 2
May 18 15:40:15 ip-10-0-0-227 cloud-init[1302]: |. +. = E         |
May 18 15:40:15 ip-10-0-0-227 kernel: [    5.946189]    #2cpu 2 spinlock event irq 65
May 18 15:40:15 ip-10-0-0-227 kernel: [    5.952658] installing Xen timer for CPU 3
May 18 15:40:15 ip-10-0-0-227 cloud-init[1302]: |..+.o B .        |
May 18 15:40:15 ip-10-0-0-227 kernel: [    5.957040]    #3cpu 3 spinlock event irq 71
May 18 15:40:15 ip-10-0-0-227 kernel: [    5.963528] installing Xen timer for CPU 4
May 18 15:40:15 ip-10-0-0-227 cloud-init[1302]: |+= B * *S        |
May 18 15:40:15 ip-10-0-0-227 kernel: [    5.968136]    #4cpu 4 spinlock event irq 77
May 18 15:40:15 ip-10-0-0-227 kernel: [    5.974695] installing Xen timer for CPU 5
May 18 15:40:15 ip-10-0-0-227 kernel: [    5.979256]    #5cpu 5 spinlock event irq 83
May 18 15:40:15 ip-10-0-0-227 cloud-init[1302]: |+ B % *o.        |
May 18 15:40:15 ip-10-0-0-227 kernel: [    5.985815] installing Xen timer for CPU 6
May 18 15:40:15 ip-10-0-0-227 cloud-init[1302]: |.. + O.=         |
May 18 15:40:15 ip-10-0-0-227 kernel: [    5.990445]    #6cpu 6 spinlock event irq 89
May 18 15:40:15 ip-10-0-0-227 kernel: [    5.996891] installing Xen timer for CPU 7
May 18 15:40:15 ip-10-0-0-227 kernel: [    6.001356]    #7cpu 7 spinlock event irq 95
May 18 15:40:15 ip-10-0-0-227 cloud-init[1302]: |    . +..        |
May 18 15:40:15 ip-10-0-0-227 kernel: [    6.007901] installing Xen timer for CPU 8
May 18 15:40:15 ip-10-0-0-227 kernel: [    6.012500]    #8cpu 8 spinlock event irq 101
May 18 15:40:15 ip-10-0-0-227 cloud-init[1302]: |        ..       |
May 18 15:40:15 ip-10-0-0-227 kernel: [    6.019118] installing Xen timer for CPU 9
May 18 15:40:15 ip-10-0-0-227 kernel: [    6.023634] 
May 18 15:40:15 ip-10-0-0-227 cloud-init[1302]: +----[SHA256]-----+
May 18 15:40:15 ip-10-0-0-227 kernel: [    6.025882] .... node  #1, CPUs:     #9cpu 9 spinlock event irq 107
May 18 15:40:15 ip-10-0-0-227 kernel: [    6.034980] installing Xen timer for CPU 10
May 18 15:40:15 ip-10-0-0-227 kernel: [    6.039617]   #10cpu 10 spinlock event irq 113
May 18 15:40:15 ip-10-0-0-227 cloud-init[1302]: Generating public/private ed25519 key pair.
May 18 15:40:15 ip-10-0-0-227 kernel: [    6.046267] installing Xen timer for CPU 11
May 18 15:40:15 ip-10-0-0-227 kernel: [    6.050878]   #11cpu 11 spinlock event irq 119
May 18 15:40:15 ip-10-0-0-227 kernel: [    6.057708] installing Xen timer for CPU 12
May 18 15:40:15 ip-10-0-0-227 cloud-init[1302]: Your identification has been saved in /etc/ssh/ssh_host_ed25519_key.
May 18 15:40:15 ip-10-0-0-227 kernel: [    6.062332]   #12cpu 12 spinlock event irq 125
May 18 15:40:15 ip-10-0-0-227 kernel: [    6.069053] installing Xen timer for CPU 13
May 18 15:40:15 ip-10-0-0-227 kernel: [    6.073750]   #13cpu 13 spinlock event irq 131
May 18 15:40:15 ip-10-0-0-227 cloud-init[1302]: Your public key has been saved in /etc/ssh/ssh_host_ed25519_key.pub.
May 18 15:40:15 ip-10-0-0-227 kernel: [    6.080598] installing Xen timer for CPU 14
May 18 15:40:15 ip-10-0-0-227 cloud-init[1302]: The key fingerprint is:
May 18 15:40:15 ip-10-0-0-227 kernel: [    6.085245]   #14cpu 14 spinlock event irq 137
May 18 15:40:15 ip-10-0-0-227 kernel: [    6.092026] installing Xen timer for CPU 15
May 18 15:40:15 ip-10-0-0-227 kernel: [    6.096724]   #15cpu 15 spinlock event irq 143
May 18 15:40:15 ip-10-0-0-227 cloud-init[1302]: SHA256:CL3VFNyy5BxTA0E7z4eYrFpNEHSX3g6LlJFlGR9Aj8U root@ip-10-0-0-227
May 18 15:40:15 ip-10-0-0-227 kernel: [    6.103630] installing Xen timer for CPU 16
May 18 15:40:15 ip-10-0-0-227 kernel: [    6.108276]   #16cpu 16 spinlock event irq 149
May 18 15:40:15 ip-10-0-0-227 kernel: [    6.114934] installing Xen timer for CPU 17
May 18 15:40:15 ip-10-0-0-227 cloud-init[1302]: The key's randomart image is:
May 18 15:40:15 ip-10-0-0-227 kernel: [    6.119530]   #17cpu 17 spinlock event irq 155
May 18 15:40:15 ip-10-0-0-227 kernel: [    6.126390] installing Xen timer for CPU 18
May 18 15:40:15 ip-10-0-0-227 cloud-init[1302]: +--[ED25519 256]--+
May 18 15:40:15 ip-10-0-0-227 kernel: [    6.131034] 
May 18 15:40:15 ip-10-0-0-227 kernel: [    6.133294] .... node  #0, CPUs:    #18cpu 18 spinlock event irq 161
May 18 15:40:15 ip-10-0-0-227 kernel: [    6.142450] installing Xen timer for CPU 19
May 18 15:40:15 ip-10-0-0-227 cloud-init[1302]: |       .ooBXX*o  |
May 18 15:40:15 ip-10-0-0-227 kernel: [    6.147099]   #19cpu 19 spinlock event irq 167
May 18 15:40:15 ip-10-0-0-227 cloud-init[1302]: |     .   =O++*E. |
May 18 15:40:15 ip-10-0-0-227 cloud-init[1302]: |    . . o++O..o  |
May 18 15:40:15 ip-10-0-0-227 kernel: [    6.153793] installing Xen timer for CPU 20
May 18 15:40:15 ip-10-0-0-227 kernel: [    6.158417]   #20cpu 20 spinlock event irq 173
May 18 15:40:15 ip-10-0-0-227 kernel: [    6.165098] installing Xen timer for CPU 21
May 18 15:40:15 ip-10-0-0-227 kernel: [    6.169831]   #21cpu 21 spinlock event irq 179
May 18 15:40:15 ip-10-0-0-227 kernel: [    6.176636] installing Xen timer for CPU 22
May 18 15:40:15 ip-10-0-0-227 cloud-init[1302]: |     . + o**o..  |
May 18 15:40:15 ip-10-0-0-227 kernel: [    6.181277]   #22cpu 22 spinlock event irq 185
May 18 15:40:15 ip-10-0-0-227 cloud-init[1302]: |      o S.=.++.  |
May 18 15:40:15 ip-10-0-0-227 kernel: [    6.187950] installing Xen timer for CPU 23
May 18 15:40:15 ip-10-0-0-227 kernel: [    6.192600]   #23cpu 23 spinlock event irq 191
May 18 15:40:15 ip-10-0-0-227 kernel: [    6.199429] installing Xen timer for CPU 24
May 18 15:40:15 ip-10-0-0-227 kernel: [    6.204035]   #24cpu 24 spinlock event irq 197
May 18 15:40:15 ip-10-0-0-227 kernel: [    6.210775] installing Xen timer for CPU 25
May 18 15:40:15 ip-10-0-0-227 cloud-init[1302]: |         +. ...  |
May 18 15:40:15 ip-10-0-0-227 kernel: [    6.215447]   #25cpu 25 spinlock event irq 203
May 18 15:40:15 ip-10-0-0-227 cloud-init[1302]: |        o .      |
May 18 15:40:15 ip-10-0-0-227 kernel: [    6.222291] installing Xen timer for CPU 26
May 18 15:40:15 ip-10-0-0-227 kernel: [    6.226889]   #26cpu 26 spinlock event irq 209
May 18 15:40:15 ip-10-0-0-227 kernel: [    6.233640] installing Xen timer for CPU 27
May 18 15:40:15 ip-10-0-0-227 kernel: [    6.238303] 
May 18 15:40:15 ip-10-0-0-227 cloud-init[1302]: |       o         |
May 18 15:40:15 ip-10-0-0-227 kernel: [    6.240646] .... node  #1, CPUs:    #27cpu 27 spinlock event irq 215
May 18 15:40:15 ip-10-0-0-227 cloud-init[1302]: |      .          |
May 18 15:40:15 ip-10-0-0-227 kernel: [    6.249782] installing Xen timer for CPU 28
May 18 15:40:15 ip-10-0-0-227 kernel: [    6.254372]   #28cpu 28 spinlock event irq 221
May 18 15:40:15 ip-10-0-0-227 kernel: [    6.261132] installing Xen timer for CPU 29
May 18 15:40:15 ip-10-0-0-227 cloud-init[1302]: +----[SHA256]-----+
May 18 15:40:15 ip-10-0-0-227 kernel: [    6.265847]   #29cpu 29 spinlock event irq 227
May 18 15:40:15 ip-10-0-0-227 kernel: [    6.272612] installing Xen timer for CPU 30
May 18 15:40:15 ip-10-0-0-227 kernel: [    6.277246]   #30cpu 30 spinlock event irq 233
May 18 15:40:15 ip-10-0-0-227 systemd[1]: Started Initial cloud-init job (metadata service crawler).
May 18 15:40:15 ip-10-0-0-227 kernel: [    6.283985] installing Xen timer for CPU 31
May 18 15:40:15 ip-10-0-0-227 systemd[1]: Reached target System Initialization.
May 18 15:40:15 ip-10-0-0-227 kernel: [    6.288711]   #31cpu 31 spinlock event irq 239
May 18 15:40:15 ip-10-0-0-227 kernel: [    6.295555] installing Xen timer for CPU 32
May 18 15:40:15 ip-10-0-0-227 kernel: [    6.300242]   #32cpu 32 spinlock event irq 245
May 18 15:40:15 ip-10-0-0-227 systemd[1]: Listening on D-Bus System Message Bus Socket.
May 18 15:40:15 ip-10-0-0-227 kernel: [    6.307018] installing Xen timer for CPU 33
May 18 15:40:15 ip-10-0-0-227 kernel: [    6.311733]   #33cpu 33 spinlock event irq 251
May 18 15:40:15 ip-10-0-0-227 systemd[1]: Started Daily Cleanup of Temporary Directories.
May 18 15:40:15 ip-10-0-0-227 kernel: [    6.318621] installing Xen timer for CPU 34
May 18 15:40:15 ip-10-0-0-227 kernel: [    6.323299]   #34cpu 34 spinlock event irq 257
May 18 15:40:15 ip-10-0-0-227 systemd[1]: Started Daily apt download activities.
May 18 15:40:15 ip-10-0-0-227 kernel: [    6.330111] installing Xen timer for CPU 35
May 18 15:40:15 ip-10-0-0-227 kernel: [    6.334798]   #35cpu 35 spinlock event irq 263
May 18 15:40:15 ip-10-0-0-227 kernel: [    6.341670] x86: Booted up 2 nodes, 36 CPUs
May 18 15:40:15 ip-10-0-0-227 systemd[1]: Starting LXD - unix socket.
May 18 15:40:15 ip-10-0-0-227 kernel: [    6.346263] smpboot: Total of 36 processors activated (208807.34 BogoMIPS)
May 18 15:40:15 ip-10-0-0-227 kernel: [    6.355021] devtmpfs: initialized
May 18 15:40:15 ip-10-0-0-227 kernel: [    6.364934] evm: security.selinux
May 18 15:40:15 ip-10-0-0-227 systemd[1]: Listening on ACPID Listen Socket.
May 18 15:40:15 ip-10-0-0-227 kernel: [    6.368809] evm: security.SMACK64
May 18 15:40:15 ip-10-0-0-227 kernel: [    6.372648] evm: security.SMACK64EXEC
May 18 15:40:15 ip-10-0-0-227 kernel: [    6.376807] evm: security.SMACK64TRANSMUTE
May 18 15:40:15 ip-10-0-0-227 systemd[1]: Started Daily apt upgrade and clean activities.
May 18 15:40:15 ip-10-0-0-227 kernel: [    6.381342] evm: security.SMACK64MMAP
May 18 15:40:15 ip-10-0-0-227 systemd[1]: Listening on UUID daemon activation socket.
May 18 15:40:15 ip-10-0-0-227 kernel: [    6.385524] evm: security.ima
May 18 15:40:15 ip-10-0-0-227 kernel: [    6.389138] evm: security.capability
May 18 15:40:15 ip-10-0-0-227 kernel: [    6.393514] clocksource: jiffies: mask: 0xffffffff max_cycles: 0xffffffff, max_idle_ns: 7645041785100000 ns
May 18 15:40:15 ip-10-0-0-227 systemd[1]: Started ACPI Events Check.
May 18 15:40:15 ip-10-0-0-227 kernel: [    6.403314] futex hash table entries: 32768 (order: 9, 2097152 bytes)
May 18 15:40:15 ip-10-0-0-227 kernel: [    6.410666] RTC time: 15:39:58, date: 05/18/19
May 18 15:40:15 ip-10-0-0-227 systemd[1]: Reached target Paths.
May 18 15:40:15 ip-10-0-0-227 kernel: [    6.417579] NET: Registered protocol family 16
May 18 15:40:15 ip-10-0-0-227 kernel: [    6.434606] cpuidle: using governor ladder
May 18 15:40:15 ip-10-0-0-227 kernel: [    6.451318] cpuidle: using governor menu
May 18 15:40:15 ip-10-0-0-227 systemd[1]: Reached target Timers.
May 18 15:40:15 ip-10-0-0-227 kernel: [    6.455727] PCCT header not found.
May 18 15:40:15 ip-10-0-0-227 kernel: [    6.459827] ACPI: bus type PCI registered
May 18 15:40:15 ip-10-0-0-227 kernel: [    6.464265] acpiphp: ACPI Hot Plug PCI Controller Driver version: 0.5
May 18 15:40:15 ip-10-0-0-227 systemd[1]: Starting Socket activation for snappy daemon.
May 18 15:40:15 ip-10-0-0-227 systemd[1]: Reached target Network is Online.
May 18 15:40:15 ip-10-0-0-227 kernel: [    6.471303] PCI: Using configuration type 1 for base access
May 18 15:40:15 ip-10-0-0-227 kernel: [    6.490164] ACPI: Added _OSI(Module Device)
May 18 15:40:15 ip-10-0-0-227 systemd[1]: Starting iSCSI initiator daemon (iscsid)...
May 18 15:40:15 ip-10-0-0-227 kernel: [    6.494780] ACPI: Added _OSI(Processor Device)
May 18 15:40:15 ip-10-0-0-227 systemd[1]: Reached target Cloud-config availability.
May 18 15:40:15 ip-10-0-0-227 kernel: [    6.499591] ACPI: Added _OSI(3.0 _SCP Extensions)
May 18 15:40:15 ip-10-0-0-227 kernel: [    6.504575] ACPI: Added _OSI(Processor Aggregator Device)
May 18 15:40:15 ip-10-0-0-227 kernel: [    6.512596] xen: --> pirq=16 -> irq=9 (gsi=9)
May 18 15:40:15 ip-10-0-0-227 systemd[1]: Listening on LXD - unix socket.
May 18 15:40:15 ip-10-0-0-227 kernel: [    6.518158] ACPI: Interpreter enabled
May 18 15:40:15 ip-10-0-0-227 systemd[1]: Listening on Socket activation for snappy daemon.
May 18 15:40:15 ip-10-0-0-227 kernel: [    6.522373] ACPI: (supports S0 S4 S5)
May 18 15:40:15 ip-10-0-0-227 kernel: [    6.526500] ACPI: Using IOAPIC for interrupt routing
May 18 15:40:15 ip-10-0-0-227 kernel: [    6.531781] PCI: Using host bridge windows from ACPI; if necessary, use "pci=nocrs" and report a bug
May 18 15:40:15 ip-10-0-0-227 kernel: [    6.602626] ACPI: PCI Root Bridge [PCI0] (domain 0000 [bus 00-ff])
May 18 15:40:15 ip-10-0-0-227 kernel: [    6.608941] acpi PNP0A03:00: _OSC: OS supports [ASPM ClockPM Segments MSI]
May 18 15:40:15 ip-10-0-0-227 systemd[1]: Reached target Sockets.
May 18 15:40:15 ip-10-0-0-227 kernel: [    6.615874] acpi PNP0A03:00: _OSC failed (AE_NOT_FOUND); disabling ASPM
May 18 15:40:15 ip-10-0-0-227 kernel: [    6.622618] acpi PNP0A03:00: fail to add MMCONFIG information, can't access extended PCI configuration space under this bridge.
May 18 15:40:15 ip-10-0-0-227 kernel: [    6.634883] acpiphp: Slot [0] registered
May 18 15:40:15 ip-10-0-0-227 iscsid: iSCSI logger with pid=1399 started!
May 18 15:40:15 ip-10-0-0-227 kernel: [    6.640978] acpiphp: Slot [3] registered
May 18 15:40:15 ip-10-0-0-227 kernel: [    6.646044] acpiphp: Slot [4] registered
May 18 15:40:15 ip-10-0-0-227 systemd[1]: Reached target Basic System.
May 18 15:40:15 ip-10-0-0-227 kernel: [    6.651057] acpiphp: Slot [5] registered
May 18 15:40:15 ip-10-0-0-227 kernel: [    6.655985] acpiphp: Slot [6] registered
May 18 15:40:15 ip-10-0-0-227 systemd[1]: Starting LSB: MD monitoring daemon...
May 18 15:40:15 ip-10-0-0-227 kernel: [    6.660938] acpiphp: Slot [7] registered
May 18 15:40:15 ip-10-0-0-227 kernel: [    6.665870] acpiphp: Slot [8] registered
May 18 15:40:15 ip-10-0-0-227 kernel: [    6.670915] acpiphp: Slot [9] registered
May 18 15:40:15 ip-10-0-0-227 systemd[1]: Started FUSE filesystem for LXC.
May 18 15:40:15 ip-10-0-0-227 kernel: [    6.675928] acpiphp: Slot [10] registered
May 18 15:40:15 ip-10-0-0-227 systemd[1]: Starting Pollinate to seed the pseudo random number generator...
May 18 15:40:15 ip-10-0-0-227 kernel: [    6.680965] acpiphp: Slot [11] registered
May 18 15:40:15 ip-10-0-0-227 kernel: [    6.685972] acpiphp: Slot [12] registered
May 18 15:40:15 ip-10-0-0-227 kernel: [    6.691017] acpiphp: Slot [13] registered
May 18 15:40:15 ip-10-0-0-227 systemd[1]: Starting Login Service...
May 18 15:40:15 ip-10-0-0-227 kernel: [    6.696100] acpiphp: Slot [14] registered
May 18 15:40:15 ip-10-0-0-227 kernel: [    6.701223] acpiphp: Slot [15] registered
May 18 15:40:15 ip-10-0-0-227 kernel: [    6.706238] acpiphp: Slot [16] registered
May 18 15:40:15 ip-10-0-0-227 systemd[1]: Started Unattended Upgrades Shutdown.
May 18 15:40:15 ip-10-0-0-227 kernel: [    6.711285] acpiphp: Slot [17] registered
May 18 15:40:15 ip-10-0-0-227 systemd[1]: Starting LSB: Record successful boot for GRUB...
May 18 15:40:15 ip-10-0-0-227 kernel: [    6.716292] acpiphp: Slot [18] registered
May 18 15:40:15 ip-10-0-0-227 kernel: [    6.721395] acpiphp: Slot [19] registered
May 18 15:40:15 ip-10-0-0-227 kernel: [    6.726502] acpiphp: Slot [20] registered
May 18 15:40:15 ip-10-0-0-227 systemd[1]: Started D-Bus System Message Bus.
May 18 15:40:15 ip-10-0-0-227 kernel: [    6.731528] acpiphp: Slot [21] registered
May 18 15:40:15 ip-10-0-0-227 kernel: [    6.736539] acpiphp: Slot [22] registered
May 18 15:40:15 ip-10-0-0-227 lxcfs[1406]: hierarchies:
May 18 15:40:15 ip-10-0-0-227 kernel: [    6.741560] acpiphp: Slot [23] registered
May 18 15:40:15 ip-10-0-0-227 kernel: [    6.746549] acpiphp: Slot [24] registered
May 18 15:40:15 ip-10-0-0-227 kernel: [    6.766577] acpiphp: Slot [25] registered
May 18 15:40:15 ip-10-0-0-227 lxcfs[1406]:   0: fd:   5: hugetlb
May 18 15:40:15 ip-10-0-0-227 kernel: [    6.771891] acpiphp: Slot [26] registered
May 18 15:40:15 ip-10-0-0-227 lxcfs[1406]:   1: fd:   6: memory
May 18 15:40:15 ip-10-0-0-227 lxcfs[1406]:   2: fd:   7: pids
May 18 15:40:15 ip-10-0-0-227 lxcfs[1406]:   3: fd:   8: blkio
May 18 15:40:15 ip-10-0-0-227 lxcfs[1406]:   4: fd:   9: freezer
May 18 15:40:15 ip-10-0-0-227 lxcfs[1406]:   5: fd:  10: cpuset
May 18 15:40:15 ip-10-0-0-227 lxcfs[1406]:   6: fd:  11: net_cls,net_prio
May 18 15:40:15 ip-10-0-0-227 lxcfs[1406]:   7: fd:  12: perf_event
May 18 15:40:15 ip-10-0-0-227 lxcfs[1406]:   8: fd:  13: cpu,cpuacct
May 18 15:40:15 ip-10-0-0-227 lxcfs[1406]:   9: fd:  14: devices
May 18 15:40:15 ip-10-0-0-227 lxcfs[1406]:  10: fd:  15: name=systemd
May 18 15:40:15 ip-10-0-0-227 pollinate[1408]: client sent challenge to [https://entropy.ubuntu.com/]
May 18 15:40:15 ip-10-0-0-227 dbus[1426]: [system] AppArmor D-Bus mediation is enabled
May 18 15:40:15 ip-10-0-0-227 systemd[1]: Started Deferred execution scheduler.
May 18 15:40:15 ip-10-0-0-227 systemd[1]: Starting Snappy daemon...
May 18 15:40:15 ip-10-0-0-227 systemd[1]: Starting /etc/rc.local Compatibility...
May 18 15:40:15 ip-10-0-0-227 systemd[1]: Starting Accounts Service...
May 18 15:40:15 ip-10-0-0-227 systemd[1]: Starting LXD - container startup/shutdown...
May 18 15:40:15 ip-10-0-0-227 systemd[1]: Starting System Logging Service...
May 18 15:40:15 ip-10-0-0-227 systemd[1]: Started ACPI event daemon.
May 18 15:40:15 ip-10-0-0-227 acpid: starting up with netlink and the input layer
May 18 15:40:15 ip-10-0-0-227 kernel: [    6.777166] acpiphp: Slot [27] registered
May 18 15:40:15 ip-10-0-0-227 systemd[1]: Started Regular background program processing daemon.
May 18 15:40:15 ip-10-0-0-227 kernel: [    6.782483] acpiphp: Slot [28] registered
May 18 15:40:15 ip-10-0-0-227 acpid: 1 rule loaded
May 18 15:40:15 ip-10-0-0-227 kernel: [    6.787862] acpiphp: Slot [29] registered
May 18 15:40:15 ip-10-0-0-227 kernel: [    6.793231] acpiphp: Slot [30] registered
May 18 15:40:15 ip-10-0-0-227 kernel: [    6.798529] acpiphp: Slot [31] registered
May 18 15:40:15 ip-10-0-0-227 acpid: waiting for events: event logging is off
May 18 15:40:15 ip-10-0-0-227 kernel: [    6.803721] PCI host bridge to bus 0000:00
May 18 15:40:15 ip-10-0-0-227 kernel: [    6.808503] pci_bus 0000:00: root bus resource [io  0x0000-0x0cf7 window]
May 18 15:40:15 ip-10-0-0-227 kernel: [    6.815750] pci_bus 0000:00: root bus resource [io  0x0d00-0xffff window]
May 18 15:40:15 ip-10-0-0-227 kernel: [    6.822959] pci_bus 0000:00: root bus resource [mem 0x000a0000-0x000bffff window]
May 18 15:40:15 ip-10-0-0-227 kernel: [    6.830944] pci_bus 0000:00: root bus resource [mem 0xf0000000-0xfbffffff window]
May 18 15:40:15 ip-10-0-0-227 kernel: [    6.838777] pci_bus 0000:00: root bus resource [bus 00-ff]
May 18 15:40:15 ip-10-0-0-227 systemd[1]: Started iSCSI initiator daemon (iscsid).
May 18 15:40:15 ip-10-0-0-227 kernel: [    6.844714] pci 0000:00:00.0: [8086:1237] type 00 class 0x060000
May 18 15:40:15 ip-10-0-0-227 kernel: [    6.847278] pci 0000:00:01.0: [8086:7000] type 00 class 0x060100
May 18 15:40:15 ip-10-0-0-227 cron[1468]: (CRON) INFO (pidfile fd = 3)
May 18 15:40:15 ip-10-0-0-227 kernel: [    6.851029] pci 0000:00:01.1: [8086:7010] type 00 class 0x010180
May 18 15:40:15 ip-10-0-0-227 systemd[1]: Started /etc/rc.local Compatibility.
May 18 15:40:15 ip-10-0-0-227 kernel: [    6.853116] pci 0000:00:01.1: reg 0x20: [io  0xc100-0xc10f]
May 18 15:40:15 ip-10-0-0-227 mdadm[1402]:  * Starting MD monitoring service mdadm --monitor
May 18 15:40:15 ip-10-0-0-227 kernel: [    6.854018] pci 0000:00:01.1: legacy IDE quirk: reg 0x10: [io  0x01f0-0x01f7]
May 18 15:40:15 ip-10-0-0-227 kernel: [    6.861147] pci 0000:00:01.1: legacy IDE quirk: reg 0x14: [io  0x03f6]
May 18 15:40:15 ip-10-0-0-227 cron[1468]: (CRON) INFO (Running @reboot jobs)
May 18 15:40:15 ip-10-0-0-227 kernel: [    6.867777] pci 0000:00:01.1: legacy IDE quirk: reg 0x18: [io  0x0170-0x0177]
May 18 15:40:15 ip-10-0-0-227 kernel: [    6.874953] pci 0000:00:01.1: legacy IDE quirk: reg 0x1c: [io  0x0376]
May 18 15:40:15 ip-10-0-0-227 kernel: [    6.882395] pci 0000:00:01.3: [8086:7113] type 00 class 0x068000
May 18 15:40:15 ip-10-0-0-227 kernel: [    6.882556] * Found PM-Timer Bug on the chipset. Due to workarounds for a bug,
May 18 15:40:15 ip-10-0-0-227 kernel: [    6.882556] * this clock source is slow. Consider trying other clock sources
May 18 15:40:15 ip-10-0-0-227 kernel: [    6.898734] pci 0000:00:01.3: quirk: [io  0xb000-0xb03f] claimed by PIIX4 ACPI
May 18 15:40:15 ip-10-0-0-227 kernel: [    6.907597] pci 0000:00:02.0: [1013:00b8] type 00 class 0x030000
May 18 15:40:15 ip-10-0-0-227 kernel: [    6.908194] pci 0000:00:02.0: reg 0x10: [mem 0xf0000000-0xf1ffffff pref]
May 18 15:40:15 ip-10-0-0-227 kernel: [    6.908580] pci 0000:00:02.0: reg 0x14: [mem 0xf3008000-0xf3008fff]
May 18 15:40:15 ip-10-0-0-227 mdadm[1402]:    ...done.
May 18 15:40:15 ip-10-0-0-227 kernel: [    6.911511] pci 0000:00:03.0: [8086:10ed] type 00 class 0x020000
May 18 15:40:15 ip-10-0-0-227 kernel: [    6.912883] pci 0000:00:03.0: reg 0x10: [mem 0xf3000000-0xf3003fff 64bit pref]
May 18 15:40:15 ip-10-0-0-227 kernel: [    6.913955] pci 0000:00:03.0: reg 0x1c: [mem 0xf3004000-0xf3007fff 64bit pref]
May 18 15:40:15 ip-10-0-0-227 kernel: [    6.917698] pci 0000:00:1f.0: [5853:0001] type 00 class 0xff8000
May 18 15:40:15 ip-10-0-0-227 kernel: [    6.918371] pci 0000:00:1f.0: reg 0x10: [io  0xc000-0xc0ff]
May 18 15:40:15 ip-10-0-0-227 kernel: [    6.918771] pci 0000:00:1f.0: reg 0x14: [mem 0xf2000000-0xf2ffffff pref]
May 18 15:40:15 ip-10-0-0-227 kernel: [    6.921515] ACPI: PCI Interrupt Link [LNKA] (IRQs *5 10 11)
May 18 15:40:15 ip-10-0-0-227 kernel: [    6.931051] ACPI: PCI Interrupt Link [LNKB] (IRQs 5 *10 11)
May 18 15:40:15 ip-10-0-0-227 kernel: [    6.940822] ACPI: PCI Interrupt Link [LNKC] (IRQs 5 10 *11)
May 18 15:40:15 ip-10-0-0-227 kernel: [    6.950315] ACPI: PCI Interrupt Link [LNKD] (IRQs *5 10 11)
May 18 15:40:15 ip-10-0-0-227 kernel: [    6.984825] ACPI: Enabled 2 GPEs in block 00 to 0F
May 18 15:40:15 ip-10-0-0-227 kernel: [    6.991604] xen:balloon: Initialising balloon driver
May 18 15:40:15 ip-10-0-0-227 kernel: [    6.997753] vgaarb: setting as boot device: PCI:0000:00:02.0
May 18 15:40:15 ip-10-0-0-227 kernel: [    7.003496] vgaarb: device added: PCI:0000:00:02.0,decodes=io+mem,owns=io+mem,locks=none
May 18 15:40:15 ip-10-0-0-227 kernel: [    7.011677] vgaarb: loaded
May 18 15:40:15 ip-10-0-0-227 kernel: [    7.015016] vgaarb: bridge control possible 0000:00:02.0
May 18 15:40:15 ip-10-0-0-227 kernel: [    7.020826] SCSI subsystem initialized
May 18 15:40:15 ip-10-0-0-227 kernel: [    7.025127] libata version 3.00 loaded.
May 18 15:40:15 ip-10-0-0-227 kernel: [    7.025150] ACPI: bus type USB registered
May 18 15:40:15 ip-10-0-0-227 kernel: [    7.029597] usbcore: registered new interface driver usbfs
May 18 15:40:15 ip-10-0-0-227 kernel: [    7.035240] usbcore: registered new interface driver hub
May 18 15:40:15 ip-10-0-0-227 kernel: [    7.040892] usbcore: registered new device driver usb
May 18 15:40:15 ip-10-0-0-227 kernel: [    7.046518] PCI: Using ACPI for IRQ routing
May 18 15:40:15 ip-10-0-0-227 kernel: [    7.051041] PCI: pci_cache_line_size set to 64 bytes
May 18 15:40:15 ip-10-0-0-227 kernel: [    7.051824] e820: reserve RAM buffer [mem 0x0009e000-0x0009ffff]
May 18 15:40:15 ip-10-0-0-227 kernel: [    7.051982] NetLabel: Initializing
May 18 15:40:15 ip-10-0-0-227 kernel: [    7.055893] NetLabel:  domain hash size = 128
May 18 15:40:15 ip-10-0-0-227 kernel: [    7.060646] NetLabel:  protocols = UNLABELED CIPSOv4
May 18 15:40:15 ip-10-0-0-227 kernel: [    7.065899] NetLabel:  unlabeled traffic allowed by default
May 18 15:40:15 ip-10-0-0-227 kernel: [    7.071819] HPET: 3 timers in total, 0 timers will be used for per-cpu timer
May 18 15:40:15 ip-10-0-0-227 kernel: [    7.078864] hpet0: at MMIO 0xfed00000, IRQs 2, 8, 0
May 18 15:40:15 ip-10-0-0-227 kernel: [    7.086825] hpet0: 3 comparators, 64-bit 62.500000 MHz counter
May 18 15:40:15 ip-10-0-0-227 kernel: [    7.096041] amd_nb: Cannot enumerate AMD northbridges
May 18 15:40:15 ip-10-0-0-227 kernel: [    7.101533] clocksource: Switched to clocksource xen
May 18 15:40:15 ip-10-0-0-227 kernel: [    7.113914] AppArmor: AppArmor Filesystem Enabled
May 18 15:40:15 ip-10-0-0-227 kernel: [    7.118920] pnp: PnP ACPI init
May 18 15:40:15 ip-10-0-0-227 kernel: [    7.122649] system 00:00: [mem 0x00000000-0x0009ffff] could not be reserved
May 18 15:40:15 ip-10-0-0-227 kernel: [    7.129741] system 00:00: Plug and Play ACPI device, IDs PNP0c02 (active)
May 18 15:40:15 ip-10-0-0-227 kernel: [    7.129823] system 00:01: [io  0x08a0-0x08a3] has been reserved
May 18 15:40:15 ip-10-0-0-227 kernel: [    7.135912] system 00:01: [io  0x0cc0-0x0ccf] has been reserved
May 18 15:40:15 ip-10-0-0-227 kernel: [    7.141985] system 00:01: [io  0x04d0-0x04d1] has been reserved
May 18 15:40:15 ip-10-0-0-227 kernel: [    7.148031] system 00:01: Plug and Play ACPI device, IDs PNP0c02 (active)
May 18 15:40:15 ip-10-0-0-227 kernel: [    7.148064] xen: --> pirq=17 -> irq=8 (gsi=8)
May 18 15:40:15 ip-10-0-0-227 kernel: [    7.148080] pnp 00:02: Plug and Play ACPI device, IDs PNP0b00 (active)
May 18 15:40:15 ip-10-0-0-227 kernel: [    7.148099] xen: --> pirq=18 -> irq=12 (gsi=12)
May 18 15:40:15 ip-10-0-0-227 kernel: [    7.148114] pnp 00:03: Plug and Play ACPI device, IDs PNP0f13 (active)
May 18 15:40:15 ip-10-0-0-227 kernel: [    7.148135] xen: --> pirq=19 -> irq=1 (gsi=1)
May 18 15:40:15 ip-10-0-0-227 kernel: [    7.148151] pnp 00:04: Plug and Play ACPI device, IDs PNP0303 PNP030b (active)
May 18 15:40:15 ip-10-0-0-227 kernel: [    7.148168] xen: --> pirq=20 -> irq=6 (gsi=6)
May 18 15:40:15 ip-10-0-0-227 kernel: [    7.148170] pnp 00:05: [dma 2]
May 18 15:40:15 ip-10-0-0-227 kernel: [    7.148182] pnp 00:05: Plug and Play ACPI device, IDs PNP0700 (active)
May 18 15:40:15 ip-10-0-0-227 kernel: [    7.148203] xen: --> pirq=21 -> irq=4 (gsi=4)
May 18 15:40:15 ip-10-0-0-227 kernel: [    7.148215] pnp 00:06: Plug and Play ACPI device, IDs PNP0501 (active)
May 18 15:40:15 ip-10-0-0-227 kernel: [    7.148250] system 00:07: [io  0x10c0-0x1141] has been reserved
May 18 15:40:15 ip-10-0-0-227 kernel: [    7.154348] system 00:07: [io  0xb044-0xb047] has been reserved
May 18 15:40:15 ip-10-0-0-227 kernel: [    7.160474] system 00:07: Plug and Play ACPI device, IDs PNP0c02 (active)
May 18 15:40:15 ip-10-0-0-227 kernel: [    7.184592] pnp: PnP ACPI: found 8 devices
May 18 15:40:15 ip-10-0-0-227 kernel: [    7.195430] clocksource: acpi_pm: mask: 0xffffff max_cycles: 0xffffff, max_idle_ns: 2085701024 ns
May 18 15:40:15 ip-10-0-0-227 kernel: [    7.204443] pci_bus 0000:00: resource 4 [io  0x0000-0x0cf7 window]
May 18 15:40:15 ip-10-0-0-227 kernel: [    7.204445] pci_bus 0000:00: resource 5 [io  0x0d00-0xffff window]
May 18 15:40:15 ip-10-0-0-227 kernel: [    7.204447] pci_bus 0000:00: resource 6 [mem 0x000a0000-0x000bffff window]
May 18 15:40:15 ip-10-0-0-227 kernel: [    7.204448] pci_bus 0000:00: resource 7 [mem 0xf0000000-0xfbffffff window]
May 18 15:40:15 ip-10-0-0-227 kernel: [    7.204556] NET: Registered protocol family 2
May 18 15:40:15 ip-10-0-0-227 kernel: [    7.210043] TCP established hash table entries: 524288 (order: 10, 4194304 bytes)
May 18 15:40:15 ip-10-0-0-227 kernel: [    7.218347] TCP bind hash table entries: 65536 (order: 8, 1048576 bytes)
May 18 15:40:15 ip-10-0-0-227 kernel: [    7.225215] TCP: Hash tables configured (established 524288 bind 65536)
May 18 15:40:15 ip-10-0-0-227 kernel: [    7.232024] UDP hash table entries: 32768 (order: 8, 1048576 bytes)
May 18 15:40:15 ip-10-0-0-227 kernel: [    7.238633] UDP-Lite hash table entries: 32768 (order: 8, 1048576 bytes)
May 18 15:40:15 ip-10-0-0-227 kernel: [    7.245876] NET: Registered protocol family 1
May 18 15:40:15 ip-10-0-0-227 kernel: [    7.250591] pci 0000:00:00.0: Limiting direct PCI/PCI transfers
May 18 15:40:15 ip-10-0-0-227 kernel: [    7.256915] pci 0000:00:01.0: PIIX3: Enabling Passive Release
May 18 15:40:15 ip-10-0-0-227 kernel: [    7.263031] pci 0000:00:01.0: Activating ISA DMA hang workarounds
May 18 15:40:15 ip-10-0-0-227 kernel: [    7.269505] pci 0000:00:02.0: Video device with shadowed ROM
May 18 15:40:15 ip-10-0-0-227 kernel: [    7.269685] PCI: CLS 0 bytes, default 64
May 18 15:40:15 ip-10-0-0-227 kernel: [    7.269736] Trying to unpack rootfs image as initramfs...
May 18 15:40:15 ip-10-0-0-227 kernel: [    7.426469] Freeing initrd memory: 12412K
May 18 15:40:15 ip-10-0-0-227 kernel: [    7.430988] PCI-DMA: Using software bounce buffering for IO (SWIOTLB)
May 18 15:40:15 ip-10-0-0-227 kernel: [    7.437791] software IO TLB [mem 0xec000000-0xf0000000] (64MB) mapped at [ffff8800ec000000-ffff8800efffffff]
May 18 15:40:15 ip-10-0-0-227 kernel: [    7.447580] RAPL PMU detected, API unit is 2^-32 Joules, 3 fixed counters 655360 ms ovfl timer
May 18 15:40:15 ip-10-0-0-227 kernel: [    7.455595] hw unit of domain pp0-core 2^-14 Joules
May 18 15:40:15 ip-10-0-0-227 kernel: [    7.460404] hw unit of domain package 2^-14 Joules
May 18 15:40:15 ip-10-0-0-227 kernel: [    7.465101] hw unit of domain dram 2^-16 Joules
May 18 15:40:15 ip-10-0-0-227 kernel: [    7.469761] Scanning for low memory corruption every 60 seconds
May 18 15:40:15 ip-10-0-0-227 kernel: [    7.476900] audit: initializing netlink subsys (disabled)
May 18 15:40:15 ip-10-0-0-227 kernel: [    7.482383] audit: type=2000 audit(1558193998.775:1): initialized
May 18 15:40:15 ip-10-0-0-227 kernel: [    7.488453] Initialise system trusted keyring
May 18 15:40:15 ip-10-0-0-227 kernel: [    7.493264] HugeTLB registered 1 GB page size, pre-allocated 0 pages
May 18 15:40:15 ip-10-0-0-227 kernel: [    7.499322] HugeTLB registered 2 MB page size, pre-allocated 0 pages
May 18 15:40:15 ip-10-0-0-227 kernel: [    7.506521] zbud: loaded
May 18 15:40:15 ip-10-0-0-227 kernel: [    7.509895] VFS: Disk quotas dquot_6.6.0
May 18 15:40:15 ip-10-0-0-227 kernel: [    7.514056] VFS: Dquot-cache hash table entries: 512 (order 0, 4096 bytes)
May 18 15:40:15 ip-10-0-0-227 kernel: [    7.520998] squashfs: version 4.0 (2009/01/31) Phillip Lougher
May 18 15:40:15 ip-10-0-0-227 kernel: [    7.526938] fuse init (API version 7.23)
May 18 15:40:15 ip-10-0-0-227 kernel: [    7.531284] Key type big_key registered
May 18 15:40:15 ip-10-0-0-227 kernel: [    7.535375] Allocating IMA MOK and blacklist keyrings.
May 18 15:40:15 ip-10-0-0-227 kernel: [    7.541084] Key type asymmetric registered
May 18 15:40:15 ip-10-0-0-227 kernel: [    7.545341] Asymmetric key parser 'x509' registered
May 18 15:40:15 ip-10-0-0-227 kernel: [    7.549802] random: nonblocking pool is initialized
May 18 15:40:15 ip-10-0-0-227 kernel: [    7.555149] Block layer SCSI generic (bsg) driver version 0.4 loaded (major 249)
May 18 15:40:15 ip-10-0-0-227 kernel: [    7.562592] io scheduler noop registered
May 18 15:40:15 ip-10-0-0-227 kernel: [    7.566747] io scheduler deadline registered (default)
May 18 15:40:15 ip-10-0-0-227 kernel: [    7.571892] io scheduler cfq registered
May 18 15:40:15 ip-10-0-0-227 kernel: [    7.575983] pci_hotplug: PCI Hot Plug PCI Core version: 0.5
May 18 15:40:15 ip-10-0-0-227 kernel: [    7.581425] pciehp: PCI Express Hot Plug Controller Driver version: 0.4
May 18 15:40:15 ip-10-0-0-227 kernel: [    7.587726] intel_idle: MWAIT substates: 0x2120
May 18 15:40:15 ip-10-0-0-227 kernel: [    7.587797] intel_idle: v0.4.1 model 0x3F
May 18 15:40:15 ip-10-0-0-227 kernel: [    7.587799] intel_idle: lapic_timer_reliable_states 0x2
May 18 15:40:15 ip-10-0-0-227 kernel: [    7.588924] input: Power Button as /devices/LNXSYSTM:00/LNXPWRBN:00/input/input0
May 18 15:40:15 ip-10-0-0-227 kernel: [    7.596215] ACPI: Power Button [PWRF]
May 18 15:40:15 ip-10-0-0-227 kernel: [    7.600191] input: Sleep Button as /devices/LNXSYSTM:00/LNXSLPBN:00/input/input1
May 18 15:40:15 ip-10-0-0-227 kernel: [    7.607262] ACPI: Sleep Button [SLPF]
May 18 15:40:15 ip-10-0-0-227 kernel: [    7.612079] xen: --> pirq=22 -> irq=47 (gsi=47)
May 18 15:40:15 ip-10-0-0-227 kernel: [    7.612206] xen:grant_table: Grant tables using version 1 layout
May 18 15:40:15 ip-10-0-0-227 kernel: [    7.618241] Grant table initialized
May 18 15:40:15 ip-10-0-0-227 kernel: [    7.622009] Cannot get hvm parameter CONSOLE_EVTCHN (18): -22!
May 18 15:40:15 ip-10-0-0-227 kernel: [    7.627606] Serial: 8250/16550 driver, 4 ports, IRQ sharing enabled
May 18 15:40:15 ip-10-0-0-227 kernel: [    7.664078] 00:06: ttyS0 at I/O 0x3f8 (irq = 4, base_baud = 115200) is a 16550A
May 18 15:40:15 ip-10-0-0-227 kernel: [    7.671941] Linux agpgart interface v0.103
May 18 15:40:15 ip-10-0-0-227 kernel: [    7.684614] brd: module loaded
May 18 15:40:15 ip-10-0-0-227 kernel: [    7.691852] loop: module loaded
May 18 15:40:15 ip-10-0-0-227 kernel: [    7.695910] ata_piix 0000:00:01.1: version 2.13
May 18 15:40:15 ip-10-0-0-227 kernel: [    7.697045] scsi host0: ata_piix
May 18 15:40:15 ip-10-0-0-227 kernel: [    7.700283] blkfront: xvda: flush diskcache: enabled; persistent grants: disabled; indirect descriptors: enabled;
May 18 15:40:15 ip-10-0-0-227 kernel: [    7.700971]  xvda: xvda1
May 18 15:40:15 ip-10-0-0-227 kernel: [    7.714424] scsi host1: ata_piix
May 18 15:40:15 ip-10-0-0-227 kernel: [    7.718352] ata1: PATA max MWDMA2 cmd 0x1f0 ctl 0x3f6 bmdma 0xc100 irq 14
May 18 15:40:15 ip-10-0-0-227 kernel: [    7.724989] ata2: PATA max MWDMA2 cmd 0x170 ctl 0x376 bmdma 0xc108 irq 15
May 18 15:40:15 ip-10-0-0-227 kernel: [    7.731858] libphy: Fixed MDIO Bus: probed
May 18 15:40:15 ip-10-0-0-227 kernel: [    7.736006] tun: Universal TUN/TAP device driver, 1.6
May 18 15:40:15 ip-10-0-0-227 kernel: [    7.741209] tun: (C) 1999-2004 Max Krasnyansky <maxk@qualcomm.com>
May 18 15:40:15 ip-10-0-0-227 kernel: [    7.747505] PPP generic driver version 2.4.2
May 18 15:40:15 ip-10-0-0-227 kernel: [    7.752107] xen_netfront: Initialising Xen virtual ethernet driver
May 18 15:40:15 ip-10-0-0-227 kernel: [    7.758485] ehci_hcd: USB 2.0 'Enhanced' Host Controller (EHCI) Driver
May 18 15:40:15 ip-10-0-0-227 kernel: [    7.764508] ehci-pci: EHCI PCI platform driver
May 18 15:40:15 ip-10-0-0-227 kernel: [    7.769014] ehci-platform: EHCI generic platform driver
May 18 15:40:15 ip-10-0-0-227 kernel: [    7.774062] ohci_hcd: USB 1.1 'Open' Host Controller (OHCI) Driver
May 18 15:40:15 ip-10-0-0-227 kernel: [    7.780070] ohci-pci: OHCI PCI platform driver
May 18 15:40:15 ip-10-0-0-227 kernel: [    7.784436] ohci-platform: OHCI generic platform driver
May 18 15:40:15 ip-10-0-0-227 kernel: [    7.789643] uhci_hcd: USB Universal Host Controller Interface driver
May 18 15:40:15 ip-10-0-0-227 kernel: [    7.795500] i8042: PNP: PS/2 Controller [PNP0303:PS2K,PNP0f13:PS2M] at 0x60,0x64 irq 1,12
May 18 15:40:15 ip-10-0-0-227 kernel: [    7.805990] serio: i8042 KBD port at 0x60,0x64 irq 1
May 18 15:40:15 ip-10-0-0-227 kernel: [    7.810930] serio: i8042 AUX port at 0x60,0x64 irq 12
May 18 15:40:15 ip-10-0-0-227 kernel: [    7.815924] mousedev: PS/2 mouse device common for all mice
May 18 15:40:15 ip-10-0-0-227 kernel: [    7.821812] rtc_cmos 00:02: rtc core: registered rtc_cmos as rtc0
May 18 15:40:15 ip-10-0-0-227 kernel: [    7.822475] input: AT Translated Set 2 keyboard as /devices/platform/i8042/serio0/input/input2
May 18 15:40:15 ip-10-0-0-227 kernel: [    7.835725] rtc_cmos 00:02: alarms up to one day, 114 bytes nvram, hpet irqs
May 18 15:40:15 ip-10-0-0-227 kernel: [    7.842272] i2c /dev entries driver
May 18 15:40:15 ip-10-0-0-227 kernel: [    7.845979] device-mapper: uevent: version 1.0.3
May 18 15:40:15 ip-10-0-0-227 kernel: [    7.850780] device-mapper: ioctl: 4.34.0-ioctl (2015-10-28) initialised: dm-devel@redhat.com
May 18 15:40:15 ip-10-0-0-227 kernel: [    7.859052] Intel P-state driver initializing.
May 18 15:40:15 ip-10-0-0-227 kernel: [    7.866460] NET: Registered protocol family 10
May 18 15:40:15 ip-10-0-0-227 kernel: [    7.873508] NET: Registered protocol family 17
May 18 15:40:15 ip-10-0-0-227 kernel: [    7.878145] Key type dns_resolver registered
May 18 15:40:15 ip-10-0-0-227 kernel: [    7.883150] registered taskstats version 1
May 18 15:40:15 ip-10-0-0-227 kernel: [    7.887523] Loading compiled-in X.509 certificates
May 18 15:40:15 ip-10-0-0-227 kernel: [    7.892770] Loaded X.509 cert 'Build time autogenerated kernel key: 999331f4e42d791a53730c2883c63539f919e8cf'
May 18 15:40:15 ip-10-0-0-227 kernel: [    7.901956] zswap: loaded using pool lzo/zbud
May 18 15:40:15 ip-10-0-0-227 kernel: [    7.909719] Key type trusted registered
May 18 15:40:15 ip-10-0-0-227 kernel: [    7.918784] Key type encrypted registered
May 18 15:40:15 ip-10-0-0-227 kernel: [    7.922913] AppArmor: AppArmor sha1 policy hashing enabled
May 18 15:40:15 ip-10-0-0-227 kernel: [    7.928276] ima: No TPM chip found, activating TPM-bypass!
May 18 15:40:15 ip-10-0-0-227 kernel: [    7.933494] ima: Allocated hash algorithm: sha1
May 18 15:40:15 ip-10-0-0-227 kernel: [    7.938238] evm: HMAC attrs: 0x1
May 18 15:40:15 ip-10-0-0-227 kernel: [    7.942157] xenbus_probe_frontend: Device with no driver: device/pci/0
May 18 15:40:15 ip-10-0-0-227 kernel: [    7.948557]   Magic number: 3:71:690
May 18 15:40:15 ip-10-0-0-227 kernel: [    7.952325] mem mem: hash matches
May 18 15:40:15 ip-10-0-0-227 kernel: [    7.955836] acpi LNXCPU:31: hash matches
May 18 15:40:15 ip-10-0-0-227 kernel: [    7.960186] rtc_cmos 00:02: setting system clock to 2019-05-18 15:39:59 UTC (1558193999)
May 18 15:40:15 ip-10-0-0-227 kernel: [    7.967718] BIOS EDD facility v0.16 2004-Jun-25, 0 devices found
May 18 15:40:15 ip-10-0-0-227 kernel: [    7.973383] EDD information not available.
May 18 15:40:15 ip-10-0-0-227 kernel: [    7.977588] PM: Hibernation image not present or could not be loaded.
May 18 15:40:15 ip-10-0-0-227 kernel: [    7.979846] Freeing unused kernel memory: 1504K
May 18 15:40:15 ip-10-0-0-227 kernel: [    8.009634] Write protecting the kernel read-only data: 14336k
May 18 15:40:15 ip-10-0-0-227 kernel: [    8.016009] Freeing unused kernel memory: 1856K
May 18 15:40:15 ip-10-0-0-227 kernel: [    8.021498] Freeing unused kernel memory: 208K
May 18 15:40:15 ip-10-0-0-227 kernel: [    8.109020] ixgbevf: Intel(R) 10 Gigabit PCI Express Virtual Function Network Driver - version 2.12.1-k
May 18 15:40:15 ip-10-0-0-227 kernel: [    8.135972] ixgbevf: Copyright (c) 2009 - 2015 Intel Corporation.
May 18 15:40:15 ip-10-0-0-227 kernel: [    8.155481] AVX2 version of gcm_enc/dec engaged.
May 18 15:40:15 ip-10-0-0-227 kernel: [    8.157324] ixgbevf 0000:00:03.0: 06:af:33:5c:c5:1a
May 18 15:40:15 ip-10-0-0-227 kernel: [    8.157325] ixgbevf 0000:00:03.0: MAC: 1
May 18 15:40:15 ip-10-0-0-227 kernel: [    8.157326] ixgbevf 0000:00:03.0: Intel(R) 82599 Virtual Function
May 18 15:40:15 ip-10-0-0-227 kernel: [    8.173442] ixgbevf 0000:00:03.0 ens3: renamed from eth0
May 18 15:40:15 ip-10-0-0-227 kernel: [    8.182831] AES CTR mode by8 optimization enabled
May 18 15:40:15 ip-10-0-0-227 kernel: [    8.469621] tsc: Refined TSC clocksource calibration: 2899.999 MHz
May 18 15:40:15 ip-10-0-0-227 kernel: [    8.476685] clocksource: tsc: mask: 0xffffffffffffffff max_cycles: 0x29cd420d9ea, max_idle_ns: 440795262284 ns
May 18 15:40:15 ip-10-0-0-227 kernel: [    9.647589] md: linear personality registered for level -1
May 18 15:40:15 ip-10-0-0-227 kernel: [    9.655145] md: multipath personality registered for level -4
May 18 15:40:15 ip-10-0-0-227 kernel: [    9.662097] md: raid0 personality registered for level 0
May 18 15:40:15 ip-10-0-0-227 kernel: [    9.670139] md: raid1 personality registered for level 1
May 18 15:40:15 ip-10-0-0-227 kernel: [    9.729586] raid6: sse2x1   gen()  9906 MB/s
May 18 15:40:15 ip-10-0-0-227 kernel: [    9.781580] raid6: sse2x1   xor()  7747 MB/s
May 18 15:40:15 ip-10-0-0-227 kernel: [    9.829592] raid6: sse2x2   gen() 12489 MB/s
May 18 15:40:15 ip-10-0-0-227 kernel: [    9.885589] raid6: sse2x2   xor()  8460 MB/s
May 18 15:40:15 ip-10-0-0-227 kernel: [    9.941591] raid6: sse2x4   gen() 14453 MB/s
May 18 15:40:15 ip-10-0-0-227 kernel: [    9.989587] raid6: sse2x4   xor() 10136 MB/s
May 18 15:40:15 ip-10-0-0-227 kernel: [   10.037598] raid6: avx2x1   gen() 19427 MB/s
May 18 15:40:15 ip-10-0-0-227 kernel: [   10.085591] raid6: avx2x2   gen() 22219 MB/s
May 18 15:40:15 ip-10-0-0-227 kernel: [   10.133591] raid6: avx2x4   gen() 25905 MB/s
May 18 15:40:15 ip-10-0-0-227 kernel: [   10.137524] raid6: using algorithm avx2x4 gen() 25905 MB/s
May 18 15:40:15 ip-10-0-0-227 kernel: [   10.147916] raid6: using avx2x2 recovery algorithm
May 18 15:40:15 ip-10-0-0-227 kernel: [   10.158528] xor: automatically using best checksumming function:
May 18 15:40:15 ip-10-0-0-227 kernel: [   10.209588]    avx       : 29405.000 MB/sec
May 18 15:40:15 ip-10-0-0-227 kernel: [   10.228450] async_tx: api initialized (async)
May 18 15:40:15 ip-10-0-0-227 kernel: [   10.241325] md: raid6 personality registered for level 6
May 18 15:40:15 ip-10-0-0-227 kernel: [   10.261764] md: raid5 personality registered for level 5
May 18 15:40:15 ip-10-0-0-227 kernel: [   10.266282] md: raid4 personality registered for level 4
May 18 15:40:15 ip-10-0-0-227 kernel: [   10.277222] md: raid10 personality registered for level 10
May 18 15:40:15 ip-10-0-0-227 kernel: [   10.319849] Btrfs loaded
May 18 15:40:15 ip-10-0-0-227 kernel: [   10.362797] EXT4-fs (xvda1): mounted filesystem with ordered data mode. Opts: (null)
May 18 15:40:15 ip-10-0-0-227 kernel: [   17.457842] EXT4-fs (xvda1): re-mounted. Opts: discard
May 18 15:40:15 ip-10-0-0-227 kernel: [   17.608138] Loading iSCSI transport class v2.0-870.
May 18 15:40:15 ip-10-0-0-227 kernel: [   17.620670] iscsi: registered transport (tcp)
May 18 15:40:15 ip-10-0-0-227 kernel: [   17.652742] iscsi: registered transport (iser)
May 18 15:40:15 ip-10-0-0-227 kernel: [   20.535222] audit: type=1400 audit(1558194012.072:2): apparmor="STATUS" operation="profile_load" profile="unconfined" name="/usr/bin/lxc-start" pid=882 comm="apparmor_parser"
May 18 15:40:15 ip-10-0-0-227 kernel: [   20.598141] audit: type=1400 audit(1558194012.136:3): apparmor="STATUS" operation="profile_load" profile="unconfined" name="/usr/sbin/tcpdump" pid=875 comm="apparmor_parser"
May 18 15:40:15 ip-10-0-0-227 kernel: [   20.616404] audit: type=1400 audit(1558194012.152:4): apparmor="STATUS" operation="profile_load" profile="unconfined" name="/usr/lib/lxd/lxd-bridge-proxy" pid=883 comm="apparmor_parser"
May 18 15:40:15 ip-10-0-0-227 kernel: [   20.652729] audit: type=1400 audit(1558194012.188:5): apparmor="STATUS" operation="profile_load" profile="unconfined" name="/sbin/dhclient" pid=878 comm="apparmor_parser"
May 18 15:40:15 ip-10-0-0-227 kernel: [   20.652990] audit: type=1400 audit(1558194012.188:6): apparmor="STATUS" operation="profile_load" profile="unconfined" name="/usr/lib/NetworkManager/nm-dhcp-client.action" pid=878 comm="apparmor_parser"
May 18 15:40:15 ip-10-0-0-227 kernel: [   20.653234] audit: type=1400 audit(1558194012.188:7): apparmor="STATUS" operation="profile_load" profile="unconfined" name="/usr/lib/NetworkManager/nm-dhcp-helper" pid=878 comm="apparmor_parser"
May 18 15:40:15 ip-10-0-0-227 kernel: [   20.653471] audit: type=1400 audit(1558194012.188:8): apparmor="STATUS" operation="profile_load" profile="unconfined" name="/usr/lib/connman/scripts/dhclient-script" pid=878 comm="apparmor_parser"
May 18 15:40:15 ip-10-0-0-227 kernel: [   20.688509] audit: type=1400 audit(1558194012.224:9): apparmor="STATUS" operation="profile_load" profile="unconfined" name="/usr/lib/snapd/snap-confine" pid=877 comm="apparmor_parser"
May 18 15:40:15 ip-10-0-0-227 kernel: [   20.688650] audit: type=1400 audit(1558194012.224:10): apparmor="STATUS" operation="profile_load" profile="unconfined" name="/usr/lib/snapd/snap-confine//mount-namespace-capture-helper" pid=877 comm="apparmor_parser"
May 18 15:40:15 ip-10-0-0-227 kernel: [   20.758163] audit: type=1400 audit(1558194012.296:11): apparmor="STATUS" operation="profile_load" profile="unconfined" name="lxc-container-default" pid=880 comm="apparmor_parser"
May 18 15:40:15 ip-10-0-0-227 kernel: [   21.168447] ixgbevf 0000:00:03.0: NIC Link is Up 10 Gbps
May 18 15:40:15 ip-10-0-0-227 kernel: [   21.170459] IPv6: ADDRCONF(NETDEV_UP): ens3: link is not ready
May 18 15:40:15 ip-10-0-0-227 kernel: [   21.170481] IPv6: ADDRCONF(NETDEV_CHANGE): ens3: link becomes ready
May 18 15:40:15 ip-10-0-0-227 kernel: [   21.786264] ixgbevf 0000:00:03.0: NIC Link is Up 10 Gbps
May 18 15:40:15 ip-10-0-0-227 kernel: [   21.787754] IPv6: ADDRCONF(NETDEV_UP): ens3: link is not ready
May 18 15:40:15 ip-10-0-0-227 kernel: [   21.787775] IPv6: ADDRCONF(NETDEV_CHANGE): ens3: link becomes ready
May 18 15:40:15 ip-10-0-0-227 kernel: [   22.645315] EXT4-fs (xvda1): resizing filesystem from 2096891 to 7864059 blocks
May 18 15:40:15 ip-10-0-0-227 kernel: [   22.654232] EXT4-fs (xvda1): resized filesystem to 7864059
May 18 15:40:15 ip-10-0-0-227 kernel: [   23.434891] cgroup: new mount options do not match the existing superblock, will be ignored
May 18 15:40:15 ip-10-0-0-227 systemd[1]: Starting Login to default iSCSI targets...
May 18 15:40:15 ip-10-0-0-227 systemd[1]: Started System Logging Service.
May 18 15:40:15 ip-10-0-0-227 systemd[1]: Started LSB: MD monitoring daemon.
May 18 15:40:15 ip-10-0-0-227 systemd[1]: Started LSB: Record successful boot for GRUB.
May 18 15:40:15 ip-10-0-0-227 systemd[1]: Started Login Service.
May 18 15:40:15 ip-10-0-0-227 dbus[1426]: [system] Activating via systemd: service name='org.freedesktop.PolicyKit1' unit='polkitd.service'
May 18 15:40:15 ip-10-0-0-227 systemd[1]: Starting Authenticate and Authorize Users to Run Privileged Tasks...
May 18 15:40:15 ip-10-0-0-227 iscsiadm[1506]: iscsiadm: No records found
May 18 15:40:15 ip-10-0-0-227 systemd[1]: Started Login to default iSCSI targets.
May 18 15:40:15 ip-10-0-0-227 polkitd[1501]: started daemon version 0.105 using authority implementation `local' version `0.105'
May 18 15:40:15 ip-10-0-0-227 dbus[1426]: [system] Successfully activated service 'org.freedesktop.PolicyKit1'
May 18 15:40:15 ip-10-0-0-227 accounts-daemon[1460]: started daemon version 0.6.40
May 18 15:40:15 ip-10-0-0-227 systemd[1]: Started Authenticate and Authorize Users to Run Privileged Tasks.
May 18 15:40:15 ip-10-0-0-227 systemd[1]: Started Accounts Service.
May 18 15:40:15 ip-10-0-0-227 systemd[1]: Reached target Remote File Systems (Pre).
May 18 15:40:15 ip-10-0-0-227 systemd[1]: Reached target Remote File Systems.
May 18 15:40:15 ip-10-0-0-227 systemd[1]: Starting LSB: Set the CPU Frequency Scaling governor to "ondemand"...
May 18 15:40:15 ip-10-0-0-227 systemd[1]: Starting LSB: daemon to balance interrupts for SMP systems...
May 18 15:40:15 ip-10-0-0-227 systemd[1]: Starting Permit User Sessions...
May 18 15:40:15 ip-10-0-0-227 systemd[1]: Starting LSB: automatic crash report generation...
May 18 15:40:15 ip-10-0-0-227 systemd[1]: Started LXD - container startup/shutdown.
May 18 15:40:15 ip-10-0-0-227 snapd[1455]: AppArmor status: apparmor is enabled and all features are available
May 18 15:40:15 ip-10-0-0-227 systemd[1]: Started Permit User Sessions.
May 18 15:40:15 ip-10-0-0-227 systemd[1]: Started LSB: Set the CPU Frequency Scaling governor to "ondemand".
May 18 15:40:15 ip-10-0-0-227 irqbalance[1523]:  * Starting SMP IRQ Balancer: irqbalance
May 18 15:40:15 ip-10-0-0-227 systemd[1]: Starting Terminate Plymouth Boot Screen...
May 18 15:40:15 ip-10-0-0-227 apport[1534]:  * Starting automatic crash report generation: apport
May 18 15:40:15 ip-10-0-0-227 irqbalance[1523]:    ...done.
May 18 15:40:15 ip-10-0-0-227 systemd[1]: Starting Hold until boot process finishes up...
May 18 15:40:15 ip-10-0-0-227 apport[1534]:    ...done.
May 18 15:40:15 ip-10-0-0-227 systemd[1]: Started LSB: daemon to balance interrupts for SMP systems.
May 18 15:40:15 ip-10-0-0-227 systemd[1]: Started LSB: automatic crash report generation.
May 18 15:40:15 ip-10-0-0-227 systemd[1]: Started Terminate Plymouth Boot Screen.
May 18 15:40:15 ip-10-0-0-227 systemd[1]: Started Hold until boot process finishes up.
May 18 15:40:15 ip-10-0-0-227 systemd[1]: Started Getty on tty1.
May 18 15:40:15 ip-10-0-0-227 systemd[1]: Started Serial Getty on ttyS0.
May 18 15:40:15 ip-10-0-0-227 systemd[1]: Reached target Login Prompts.
May 18 15:40:15 ip-10-0-0-227 systemd[1]: Starting Set console scheme...
May 18 15:40:15 ip-10-0-0-227 pollinate[1408]: client verified challenge/response with [https://entropy.ubuntu.com/]
May 18 15:40:15 ip-10-0-0-227 snapd[1455]: 2019/05/18 15:40:15.442789 helpers.go:119: error trying to compare the snap system key: system-key missing on disk
May 18 15:40:15 ip-10-0-0-227 systemd[1]: Started Set console scheme.
May 18 15:40:15 ip-10-0-0-227 pollinate[1408]: client hashed response from [https://entropy.ubuntu.com/]
May 18 15:40:15 ip-10-0-0-227 pollinate[1408]: client successfully seeded [/dev/urandom]
May 18 15:40:15 ip-10-0-0-227 systemd[1]: Started Pollinate to seed the pseudo random number generator.
May 18 15:40:15 ip-10-0-0-227 systemd[1]: Starting OpenBSD Secure Shell server...
May 18 15:40:15 ip-10-0-0-227 snapd[1455]: 2019/05/18 15:40:15.463661 daemon.go:343: started snapd/2.34.2 (series 16; classic) ubuntu/16.04 (amd64) linux/4.4.0-1067-aws.
May 18 15:40:15 ip-10-0-0-227 systemd[1]: Started Snappy daemon.
May 18 15:40:15 ip-10-0-0-227 systemd[1]: Started OpenBSD Secure Shell server.
May 18 15:40:15 ip-10-0-0-227 systemd[1]: Starting Wait until snapd is fully seeded...
May 18 15:40:15 ip-10-0-0-227 iscsid: iSCSI daemon with pid=1400 started!
May 18 15:40:16 ip-10-0-0-227 systemd[1]: Created slice User Slice of ubuntu.
May 18 15:40:16 ip-10-0-0-227 systemd[1]: Starting User Manager for UID 1000...
May 18 15:40:16 ip-10-0-0-227 systemd[1]: Started Session 1 of user ubuntu.
May 18 15:40:16 ip-10-0-0-227 systemd[1639]: Reached target Sockets.
May 18 15:40:16 ip-10-0-0-227 systemd[1639]: Reached target Timers.
May 18 15:40:16 ip-10-0-0-227 systemd[1639]: Reached target Paths.
May 18 15:40:16 ip-10-0-0-227 systemd[1639]: Reached target Basic System.
May 18 15:40:16 ip-10-0-0-227 systemd[1639]: Reached target Default.
May 18 15:40:16 ip-10-0-0-227 systemd[1639]: Startup finished in 9ms.
May 18 15:40:16 ip-10-0-0-227 systemd[1]: Started User Manager for UID 1000.
May 18 15:40:17 ip-10-0-0-227 systemd[1]: Reloading.
May 18 15:40:17 ip-10-0-0-227 systemd[1]: Started ACPI event daemon.
May 18 15:40:17 ip-10-0-0-227 systemd[1]: Reloading.
May 18 15:40:17 ip-10-0-0-227 systemd[1]: Started ACPI event daemon.
May 18 15:40:17 ip-10-0-0-227 systemd[1]: Mounting Mount unit for core, revision 5328...
May 18 15:40:17 ip-10-0-0-227 systemd[1]: Mounted Mount unit for core, revision 5328.
May 18 15:40:17 ip-10-0-0-227 snapd[1455]: 2019/05/18 15:40:17.465833 backend.go:303: cannot create host snap-confine apparmor configuration: cannot synchronize snap-confine apparmor profile: open /var/lib/snapd/apparmor/profiles/snap-confine.core.5328.nbX0wJpLrNqx~: no such file or directory
May 18 15:40:17 ip-10-0-0-227 kernel: [   25.942090] audit_printk_skb: 9 callbacks suppressed
May 18 15:40:17 ip-10-0-0-227 kernel: [   25.942094] audit: type=1400 audit(1558194017.480:15): apparmor="STATUS" operation="profile_load" profile="unconfined" name="snap-update-ns.core" pid=2330 comm="apparmor_parser"
May 18 15:40:17 ip-10-0-0-227 kernel: [   26.012027] audit: type=1400 audit(1558194017.548:16): apparmor="STATUS" operation="profile_load" profile="unconfined" name="snap.core.hook.configure" pid=2338 comm="apparmor_parser"
May 18 15:40:18 ip-10-0-0-227 snapd[1455]: 2019/05/18 15:40:18.614857 daemon.go:531: gracefully waiting for running hooks
May 18 15:40:18 ip-10-0-0-227 snapd[1455]: 2019/05/18 15:40:18.614879 daemon.go:533: done waiting for running hooks
May 18 15:40:18 ip-10-0-0-227 systemd[1]: snapd.service: Service hold-off time over, scheduling restart.
May 18 15:40:18 ip-10-0-0-227 systemd[1]: Stopped Snappy daemon.
May 18 15:40:18 ip-10-0-0-227 systemd[1]: Starting Snappy daemon...
May 18 15:40:18 ip-10-0-0-227 snapd[2559]: AppArmor status: apparmor is enabled and all features are available
May 18 15:40:19 ip-10-0-0-227 kernel: [   28.137985] audit: type=1400 audit(1558194019.676:17): apparmor="STATUS" operation="profile_load" profile="unconfined" name="/snap/core/5328/usr/lib/snapd/snap-confine" pid=2582 comm="apparmor_parser"
May 18 15:40:19 ip-10-0-0-227 kernel: [   28.138137] audit: type=1400 audit(1558194019.676:18): apparmor="STATUS" operation="profile_load" profile="unconfined" name="/snap/core/5328/usr/lib/snapd/snap-confine//mount-namespace-capture-helper" pid=2582 comm="apparmor_parser"
May 18 15:40:19 ip-10-0-0-227 kernel: [   28.171083] audit: type=1400 audit(1558194019.708:19): apparmor="STATUS" operation="profile_replace" profile="unconfined" name="snap-update-ns.core" pid=2584 comm="apparmor_parser"
May 18 15:40:19 ip-10-0-0-227 kernel: [   28.232006] audit: type=1400 audit(1558194019.768:20): apparmor="STATUS" operation="profile_replace" profile="unconfined" name="snap.core.hook.configure" pid=2586 comm="apparmor_parser"
May 18 15:40:19 ip-10-0-0-227 snapd[2559]: AppArmor status: apparmor is enabled and all features are available
May 18 15:40:19 ip-10-0-0-227 snapd[2559]: daemon.go:344: started snapd/2.35 (series 16; classic) ubuntu/16.04 (amd64) linux/4.4.0-1067-aws.
May 18 15:40:19 ip-10-0-0-227 systemd[1]: Started Snappy daemon.
May 18 15:40:21 ip-10-0-0-227 systemd[1]: Reloading.
May 18 15:40:21 ip-10-0-0-227 systemd[1]: Started ACPI event daemon.
May 18 15:40:21 ip-10-0-0-227 systemd[1]: Reloading.
May 18 15:40:21 ip-10-0-0-227 systemd[1]: Started ACPI event daemon.
May 18 15:40:21 ip-10-0-0-227 systemd[1]: Mounting Mount unit for amazon-ssm-agent, revision 495...
May 18 15:40:21 ip-10-0-0-227 systemd[1]: Mounted Mount unit for amazon-ssm-agent, revision 495.
May 18 15:40:21 ip-10-0-0-227 kernel: [   30.015138] audit: type=1400 audit(1558194021.552:21): apparmor="STATUS" operation="profile_load" profile="unconfined" name="snap-update-ns.amazon-ssm-agent" pid=2911 comm="apparmor_parser"
May 18 15:40:21 ip-10-0-0-227 kernel: [   30.018908] audit: type=1400 audit(1558194021.556:22): apparmor="STATUS" operation="profile_load" profile="unconfined" name="snap.amazon-ssm-agent.amazon-ssm-agent" pid=2913 comm="apparmor_parser"
May 18 15:40:21 ip-10-0-0-227 kernel: [   30.022492] audit: type=1400 audit(1558194021.560:23): apparmor="STATUS" operation="profile_load" profile="unconfined" name="snap.amazon-ssm-agent.ssm-cli" pid=2915 comm="apparmor_parser"
May 18 15:40:21 ip-10-0-0-227 systemd[1]: Reloading.
May 18 15:40:21 ip-10-0-0-227 systemd[1]: Started ACPI event daemon.
May 18 15:40:21 ip-10-0-0-227 systemd[1]: Reloading.
May 18 15:40:21 ip-10-0-0-227 systemd[1]: Started ACPI event daemon.
May 18 15:40:21 ip-10-0-0-227 systemd[1]: Started Service for snap application amazon-ssm-agent.amazon-ssm-agent.
May 18 15:40:21 ip-10-0-0-227 systemd[1]: Started Wait until snapd is fully seeded.
May 18 15:40:21 ip-10-0-0-227 systemd[1]: Reached target Multi-User System.
May 18 15:40:21 ip-10-0-0-227 systemd[1]: Reached target Graphical Interface.
May 18 15:40:21 ip-10-0-0-227 systemd[1]: Starting Update UTMP about System Runlevel Changes...
May 18 15:40:21 ip-10-0-0-227 systemd[1]: Starting Apply the settings specified in cloud-config...
May 18 15:40:21 ip-10-0-0-227 systemd[1]: Started Update UTMP about System Runlevel Changes.
May 18 15:40:22 ip-10-0-0-227 cloud-init[2986]: Generating locales (this might take a while)...
May 18 15:40:22 ip-10-0-0-227 amazon-ssm-agent.amazon-ssm-agent[2974]: 2019/05/18 15:40:22 Failed to load instance info from vault. RegistrationKey does not exist.
May 18 15:40:22 ip-10-0-0-227 amazon-ssm-agent.amazon-ssm-agent[2974]: Error occurred fetching the seelog config file path:  open /etc/amazon/ssm/seelog.xml: no such file or directory
May 18 15:40:22 ip-10-0-0-227 amazon-ssm-agent.amazon-ssm-agent[2974]: Initializing new seelog logger
May 18 15:40:22 ip-10-0-0-227 amazon-ssm-agent.amazon-ssm-agent[2974]: New Seelog Logger Creation Complete
May 18 15:40:22 ip-10-0-0-227 amazon-ssm-agent.amazon-ssm-agent[2974]: 2019-05-18 15:40:22 ERROR Error adding the directory to watcher: no such file or directory
May 18 15:40:22 ip-10-0-0-227 amazon-ssm-agent.amazon-ssm-agent[2974]: 2019-05-18 15:40:22 INFO Agent enters hibernate mode. Reducing logging...
May 18 15:40:22 ip-10-0-0-227 cloud-init[2986]:   en_US.UTF-8... done
May 18 15:40:22 ip-10-0-0-227 cloud-init[2986]: Generation complete.
May 18 15:40:23 ip-10-0-0-227 cloud-init[2986]: Cloud-init v. 18.3-9-g2e62cb8a-0ubuntu1~16.04.2 running 'modules:config' at Sat, 18 May 2019 15:40:22 +0000. Up 24.70 seconds.
May 18 15:40:23 ip-10-0-0-227 systemd[1]: Started Apply the settings specified in cloud-config.
May 18 15:40:23 ip-10-0-0-227 systemd[1]: Starting Execute cloud user/final scripts...
May 18 15:40:23 ip-10-0-0-227 ec2: 
May 18 15:40:23 ip-10-0-0-227 ec2: #############################################################
May 18 15:40:23 ip-10-0-0-227 ec2: -----BEGIN SSH HOST KEY FINGERPRINTS-----
May 18 15:40:23 ip-10-0-0-227 ec2: 1024 SHA256:DirQajt1NTta2sIhXiWxktyVjg3eDrqEB5gcg7i9I0Q root@ip-10-0-0-227 (DSA)
May 18 15:40:23 ip-10-0-0-227 ec2: 256 SHA256:pj+whCP0J9GsF/pZMKe4hMlGtW4YoigUCQcQhfZQZ34 root@ip-10-0-0-227 (ECDSA)
May 18 15:40:23 ip-10-0-0-227 ec2: 256 SHA256:CL3VFNyy5BxTA0E7z4eYrFpNEHSX3g6LlJFlGR9Aj8U root@ip-10-0-0-227 (ED25519)
May 18 15:40:23 ip-10-0-0-227 ec2: 2048 SHA256:JTpGSPveeRjHNP9XTMu+CmGxqbBXmfmm9ukuP6qxoSA root@ip-10-0-0-227 (RSA)
May 18 15:40:23 ip-10-0-0-227 ec2: -----END SSH HOST KEY FINGERPRINTS-----
May 18 15:40:23 ip-10-0-0-227 ec2: #############################################################
