Jul 22 11:54:28 ip-10-0-0-94 rsyslogd: [origin software="rsyslogd" swVersion="8.16.0" x-pid="1423" x-info="http://www.rsyslog.com"] start
Jul 22 11:54:28 ip-10-0-0-94 rsyslogd-2222: command 'KLogPermitNonKernelFacility' is currently not permitted - did you already set it via a RainerScript command (v6+ config)? [v8.16.0 try http://www.rsyslog.com/e/2222 ]
Jul 22 11:54:28 ip-10-0-0-94 rsyslogd: rsyslogd's groupid changed to 108
Jul 22 11:54:28 ip-10-0-0-94 rsyslogd: rsyslogd's userid changed to 104
Jul 22 11:54:28 ip-10-0-0-94 systemd-modules-load[639]: Inserted module 'iscsi_tcp'
Jul 22 11:54:28 ip-10-0-0-94 systemd-modules-load[639]: Inserted module 'ib_iser'
Jul 22 11:54:28 ip-10-0-0-94 loadkeys[634]: Loading /etc/console-setup/cached.kmap.gz
Jul 22 11:54:28 ip-10-0-0-94 systemd[1]: Started Uncomplicated firewall.
Jul 22 11:54:28 ip-10-0-0-94 systemd[1]: Started Create list of required static device nodes for the current kernel.
Jul 22 11:54:28 ip-10-0-0-94 systemd[1]: Started Set console keymap.
Jul 22 11:54:28 ip-10-0-0-94 systemd[1]: Started Load Kernel Modules.
Jul 22 11:54:28 ip-10-0-0-94 systemd[1]: Started Remount Root and Kernel File Systems.
Jul 22 11:54:28 ip-10-0-0-94 systemd[1]: Started Nameserver information manager.
Jul 22 11:54:28 ip-10-0-0-94 systemd[1]: Started LVM2 metadata daemon.
Jul 22 11:54:28 ip-10-0-0-94 systemd[1]: Starting udev Coldplug all Devices...
Jul 22 11:54:28 ip-10-0-0-94 systemd[1]: Starting Load/Save Random Seed...
Jul 22 11:54:28 ip-10-0-0-94 systemd[1]: Starting Apply Kernel Variables...
Jul 22 11:54:28 ip-10-0-0-94 systemd[1]: Mounting FUSE Control File System...
Jul 22 11:54:28 ip-10-0-0-94 systemd[1]: Starting Create Static Device Nodes in /dev...
Jul 22 11:54:28 ip-10-0-0-94 systemd[1]: Starting Flush Journal to Persistent Storage...
Jul 22 11:54:28 ip-10-0-0-94 systemd[1]: Mounted FUSE Control File System.
Jul 22 11:54:28 ip-10-0-0-94 systemd[1]: Started Load/Save Random Seed.
Jul 22 11:54:28 ip-10-0-0-94 systemd[1]: Started Apply Kernel Variables.
Jul 22 11:54:28 ip-10-0-0-94 systemd[1]: Started Create Static Device Nodes in /dev.
Jul 22 11:54:28 ip-10-0-0-94 systemd[1]: Started Flush Journal to Persistent Storage.
Jul 22 11:54:28 ip-10-0-0-94 systemd[1]: Starting udev Kernel Device Manager...
Jul 22 11:54:28 ip-10-0-0-94 systemd[1]: Started udev Coldplug all Devices.
Jul 22 11:54:28 ip-10-0-0-94 systemd[1]: Started udev Kernel Device Manager.
Jul 22 11:54:28 ip-10-0-0-94 systemd[1]: Started Dispatch Password Requests to Console Directory Watch.
Jul 22 11:54:28 ip-10-0-0-94 systemd[1]: Found device /dev/ttyS0.
Jul 22 11:54:28 ip-10-0-0-94 systemd[1]: Listening on Load/Save RF Kill Switch Status /dev/rfkill Watch.
Jul 22 11:54:28 ip-10-0-0-94 systemd[1]: Started Monitoring of LVM2 mirrors, snapshots etc. using dmeventd or progress polling.
Jul 22 11:54:28 ip-10-0-0-94 systemd[1]: Reached target Local File Systems (Pre).
Jul 22 11:54:28 ip-10-0-0-94 systemd[1]: Reached target Local File Systems.
Jul 22 11:54:28 ip-10-0-0-94 systemd[1]: Starting Tell Plymouth To Write Out Runtime Data...
Jul 22 11:54:28 ip-10-0-0-94 systemd[1]: Starting Initial cloud-init job (pre-networking)...
Jul 22 11:54:28 ip-10-0-0-94 systemd[1]: Starting Commit a transient machine-id on disk...
Jul 22 11:54:28 ip-10-0-0-94 systemd[1]: Starting Create Volatile Files and Directories...
Jul 22 11:54:28 ip-10-0-0-94 systemd-tmpfiles[924]: [/usr/lib/tmpfiles.d/var.conf:14] Duplicate line for path "/var/log", ignoring.
Jul 22 11:54:28 ip-10-0-0-94 systemd[1]: Starting Set console font and keymap...
Jul 22 11:54:28 ip-10-0-0-94 systemd[1]: Starting LSB: AppArmor initialization...
Jul 22 11:54:28 ip-10-0-0-94 systemd[1]: Started Tell Plymouth To Write Out Runtime Data.
Jul 22 11:54:28 ip-10-0-0-94 systemd[1]: Started Create Volatile Files and Directories.
Jul 22 11:54:28 ip-10-0-0-94 apparmor[932]:  * Starting AppArmor profiles
Jul 22 11:54:28 ip-10-0-0-94 systemd[1]: Starting Network Time Synchronization...
Jul 22 11:54:28 ip-10-0-0-94 apparmor[932]: Skipping profile in /etc/apparmor.d/disable: usr.sbin.rsyslogd
Jul 22 11:54:28 ip-10-0-0-94 systemd[1]: Starting Update UTMP about System Boot/Shutdown...
Jul 22 11:54:28 ip-10-0-0-94 systemd[1]: Started Network Time Synchronization.
Jul 22 11:54:28 ip-10-0-0-94 apparmor[932]:    ...done.
Jul 22 11:54:28 ip-10-0-0-94 systemd[1]: Started Commit a transient machine-id on disk.
Jul 22 11:54:28 ip-10-0-0-94 systemd[1]: Started LSB: AppArmor initialization.
Jul 22 11:54:28 ip-10-0-0-94 systemd[1]: Started Update UTMP about System Boot/Shutdown.
Jul 22 11:54:28 ip-10-0-0-94 systemd[1]: Reached target System Time Synchronized.
Jul 22 11:54:28 ip-10-0-0-94 systemd[1]: Started Set console font and keymap.
Jul 22 11:54:28 ip-10-0-0-94 systemd[1]: Created slice system-getty.slice.
Jul 22 11:54:28 ip-10-0-0-94 dhclient[1075]: Internet Systems Consortium DHCP Client 4.3.3
Jul 22 11:54:28 ip-10-0-0-94 dhclient[1075]: Copyright 2004-2015 Internet Systems Consortium.
Jul 22 11:54:28 ip-10-0-0-94 dhclient[1075]: All rights reserved.
Jul 22 11:54:28 ip-10-0-0-94 dhclient[1075]: For info, please visit https://www.isc.org/software/dhcp/
Jul 22 11:54:28 ip-10-0-0-94 dhclient[1075]: 
Jul 22 11:54:28 ip-10-0-0-94 dhclient[1075]: Listening on LPF/ens3/06:48:00:61:dd:b8
Jul 22 11:54:28 ip-10-0-0-94 dhclient[1075]: Sending on   LPF/ens3/06:48:00:61:dd:b8
Jul 22 11:54:28 ip-10-0-0-94 dhclient[1075]: Sending on   Socket/fallback
Jul 22 11:54:28 ip-10-0-0-94 dhclient[1075]: DHCPDISCOVER on ens3 to 255.255.255.255 port 67 interval 3 (xid=0x58281034)
Jul 22 11:54:28 ip-10-0-0-94 dhclient[1075]: DHCPREQUEST of 10.0.0.94 on ens3 to 255.255.255.255 port 67 (xid=0x34102858)
Jul 22 11:54:28 ip-10-0-0-94 dhclient[1075]: DHCPOFFER of 10.0.0.94 from 10.0.0.1
Jul 22 11:54:28 ip-10-0-0-94 dhclient[1075]: DHCPACK of 10.0.0.94 from 10.0.0.1
Jul 22 11:54:28 ip-10-0-0-94 dhclient[1075]: bound to 10.0.0.94 -- renewal in 1521 seconds.
Jul 22 11:54:28 ip-10-0-0-94 cloud-init[920]: Cloud-init v. 18.3-9-g2e62cb8a-0ubuntu1~16.04.2 running 'init-local' at Mon, 22 Jul 2019 11:54:26 +0000. Up 6.78 seconds.
Jul 22 11:54:28 ip-10-0-0-94 systemd[1]: Started Initial cloud-init job (pre-networking).
Jul 22 11:54:28 ip-10-0-0-94 systemd[1]: Reached target Network (Pre).
Jul 22 11:54:28 ip-10-0-0-94 systemd[1]: Starting Raise network interfaces...
Jul 22 11:54:28 ip-10-0-0-94 dhclient[1189]: Internet Systems Consortium DHCP Client 4.3.3
Jul 22 11:54:28 ip-10-0-0-94 ifup[1102]: Internet Systems Consortium DHCP Client 4.3.3
Jul 22 11:54:28 ip-10-0-0-94 ifup[1102]: Copyright 2004-2015 Internet Systems Consortium.
Jul 22 11:54:28 ip-10-0-0-94 ifup[1102]: All rights reserved.
Jul 22 11:54:28 ip-10-0-0-94 ifup[1102]: For info, please visit https://www.isc.org/software/dhcp/
Jul 22 11:54:28 ip-10-0-0-94 dhclient[1189]: Copyright 2004-2015 Internet Systems Consortium.
Jul 22 11:54:28 ip-10-0-0-94 dhclient[1189]: All rights reserved.
Jul 22 11:54:28 ip-10-0-0-94 dhclient[1189]: For info, please visit https://www.isc.org/software/dhcp/
Jul 22 11:54:28 ip-10-0-0-94 dhclient[1189]: 
Jul 22 11:54:28 ip-10-0-0-94 dhclient[1189]: Listening on LPF/ens3/06:48:00:61:dd:b8
Jul 22 11:54:28 ip-10-0-0-94 ifup[1102]: Listening on LPF/ens3/06:48:00:61:dd:b8
Jul 22 11:54:28 ip-10-0-0-94 ifup[1102]: Sending on   LPF/ens3/06:48:00:61:dd:b8
Jul 22 11:54:28 ip-10-0-0-94 ifup[1102]: Sending on   Socket/fallback
Jul 22 11:54:28 ip-10-0-0-94 ifup[1102]: DHCPDISCOVER on ens3 to 255.255.255.255 port 67 interval 3 (xid=0xab1de661)
Jul 22 11:54:28 ip-10-0-0-94 dhclient[1189]: Sending on   LPF/ens3/06:48:00:61:dd:b8
Jul 22 11:54:28 ip-10-0-0-94 ifup[1102]: DHCPREQUEST of 10.0.0.94 on ens3 to 255.255.255.255 port 67 (xid=0x61e61dab)
Jul 22 11:54:28 ip-10-0-0-94 ifup[1102]: DHCPOFFER of 10.0.0.94 from 10.0.0.1
Jul 22 11:54:28 ip-10-0-0-94 ifup[1102]: DHCPACK of 10.0.0.94 from 10.0.0.1
Jul 22 11:54:28 ip-10-0-0-94 dhclient[1189]: Sending on   Socket/fallback
Jul 22 11:54:28 ip-10-0-0-94 dhclient[1189]: DHCPDISCOVER on ens3 to 255.255.255.255 port 67 interval 3 (xid=0xab1de661)
Jul 22 11:54:28 ip-10-0-0-94 dhclient[1189]: DHCPREQUEST of 10.0.0.94 on ens3 to 255.255.255.255 port 67 (xid=0x61e61dab)
Jul 22 11:54:28 ip-10-0-0-94 dhclient[1189]: DHCPOFFER of 10.0.0.94 from 10.0.0.1
Jul 22 11:54:28 ip-10-0-0-94 dhclient[1189]: DHCPACK of 10.0.0.94 from 10.0.0.1
Jul 22 11:54:28 ip-10-0-0-94 dhclient[1189]: bound to 10.0.0.94 -- renewal in 1570 seconds.
Jul 22 11:54:28 ip-10-0-0-94 ifup[1102]: bound to 10.0.0.94 -- renewal in 1570 seconds.
Jul 22 11:54:28 ip-10-0-0-94 systemd[1]: Started Raise network interfaces.
Jul 22 11:54:28 ip-10-0-0-94 systemd[1]: Starting Initial cloud-init job (metadata service crawler)...
Jul 22 11:54:28 ip-10-0-0-94 systemd[1]: Reached target Network.
Jul 22 11:54:28 ip-10-0-0-94 cloud-init[1300]: Cloud-init v. 18.3-9-g2e62cb8a-0ubuntu1~16.04.2 running 'init' at Mon, 22 Jul 2019 11:54:27 +0000. Up 7.82 seconds.
Jul 22 11:54:28 ip-10-0-0-94 cloud-init[1300]: ci-info: +++++++++++++++++++++++++++++++++++++Net device info++++++++++++++++++++++++++++++++++++++
Jul 22 11:54:28 ip-10-0-0-94 cloud-init[1300]: ci-info: +--------+------+---------------------------+---------------+--------+-------------------+
Jul 22 11:54:28 ip-10-0-0-94 cloud-init[1300]: ci-info: | Device |  Up  |          Address          |      Mask     | Scope  |     Hw-Address    |
Jul 22 11:54:28 ip-10-0-0-94 cloud-init[1300]: ci-info: +--------+------+---------------------------+---------------+--------+-------------------+
Jul 22 11:54:28 ip-10-0-0-94 cloud-init[1300]: ci-info: |  ens3  | True |         10.0.0.94         | 255.255.255.0 | global | 06:48:00:61:dd:b8 |
Jul 22 11:54:28 ip-10-0-0-94 cloud-init[1300]: ci-info: |  ens3  | True | fe80::448:ff:fe61:ddb8/64 |       .       |  link  | 06:48:00:61:dd:b8 |
Jul 22 11:54:28 ip-10-0-0-94 cloud-init[1300]: ci-info: |   lo   | True |         127.0.0.1         |   255.0.0.0   |  host  |         .         |
Jul 22 11:54:28 ip-10-0-0-94 cloud-init[1300]: ci-info: |   lo   | True |          ::1/128          |       .       |  host  |         .         |
Jul 22 11:54:28 ip-10-0-0-94 cloud-init[1300]: ci-info: +--------+------+---------------------------+---------------+--------+-------------------+
Jul 22 11:54:28 ip-10-0-0-94 cloud-init[1300]: ci-info: +++++++++++++++++++++++++++Route IPv4 info++++++++++++++++++++++++++++
Jul 22 11:54:28 ip-10-0-0-94 cloud-init[1300]: ci-info: +-------+-------------+----------+---------------+-----------+-------+
Jul 22 11:54:28 ip-10-0-0-94 cloud-init[1300]: ci-info: | Route | Destination | Gateway  |    Genmask    | Interface | Flags |
Jul 22 11:54:28 ip-10-0-0-94 cloud-init[1300]: ci-info: +-------+-------------+----------+---------------+-----------+-------+
Jul 22 11:54:28 ip-10-0-0-94 cloud-init[1300]: ci-info: |   0   |   0.0.0.0   | 10.0.0.1 |    0.0.0.0    |    ens3   |   UG  |
Jul 22 11:54:28 ip-10-0-0-94 kernel: [    0.000000] Initializing cgroup subsys cpuset
Jul 22 11:54:28 ip-10-0-0-94 kernel: [    0.000000] Initializing cgroup subsys cpu
Jul 22 11:54:28 ip-10-0-0-94 kernel: [    0.000000] Initializing cgroup subsys cpuacct
Jul 22 11:54:28 ip-10-0-0-94 kernel: [    0.000000] Linux version 4.4.0-1067-aws (buildd@lgw01-amd64-033) (gcc version 5.4.0 20160609 (Ubuntu 5.4.0-6ubuntu1~16.04.10) ) #77-Ubuntu SMP Mon Aug 27 13:22:03 UTC 2018 (Ubuntu 4.4.0-1067.77-aws 4.4.140)
Jul 22 11:54:28 ip-10-0-0-94 kernel: [    0.000000] Command line: BOOT_IMAGE=/boot/vmlinuz-4.4.0-1067-aws root=LABEL=cloudimg-rootfs ro console=tty1 console=ttyS0 nvme.io_timeout=4294967295
Jul 22 11:54:28 ip-10-0-0-94 kernel: [    0.000000] KERNEL supported cpus:
Jul 22 11:54:28 ip-10-0-0-94 kernel: [    0.000000]   Intel GenuineIntel
Jul 22 11:54:28 ip-10-0-0-94 kernel: [    0.000000]   AMD AuthenticAMD
Jul 22 11:54:28 ip-10-0-0-94 kernel: [    0.000000]   Centaur CentaurHauls
Jul 22 11:54:28 ip-10-0-0-94 kernel: [    0.000000] x86/fpu: xstate_offset[2]:  576, xstate_sizes[2]:  256
Jul 22 11:54:28 ip-10-0-0-94 kernel: [    0.000000] x86/fpu: Supporting XSAVE feature 0x01: 'x87 floating point registers'
Jul 22 11:54:28 ip-10-0-0-94 kernel: [    0.000000] x86/fpu: Supporting XSAVE feature 0x02: 'SSE registers'
Jul 22 11:54:28 ip-10-0-0-94 kernel: [    0.000000] x86/fpu: Supporting XSAVE feature 0x04: 'AVX registers'
Jul 22 11:54:28 ip-10-0-0-94 kernel: [    0.000000] x86/fpu: Enabled xstate features 0x7, context size is 832 bytes, using 'standard' format.
Jul 22 11:54:28 ip-10-0-0-94 kernel: [    0.000000] e820: BIOS-provided physical RAM map:
Jul 22 11:54:28 ip-10-0-0-94 kernel: [    0.000000] BIOS-e820: [mem 0x0000000000000000-0x000000000009dfff] usable
Jul 22 11:54:28 ip-10-0-0-94 kernel: [    0.000000] BIOS-e820: [mem 0x000000000009e000-0x000000000009ffff] reserved
Jul 22 11:54:28 ip-10-0-0-94 kernel: [    0.000000] BIOS-e820: [mem 0x00000000000e0000-0x00000000000fffff] reserved
Jul 22 11:54:28 ip-10-0-0-94 kernel: [    0.000000] BIOS-e820: [mem 0x0000000000100000-0x00000000efffffff] usable
Jul 22 11:54:28 ip-10-0-0-94 kernel: [    0.000000] BIOS-e820: [mem 0x00000000fc000000-0x00000000ffffffff] reserved
Jul 22 11:54:28 ip-10-0-0-94 kernel: [    0.000000] BIOS-e820: [mem 0x0000000100000000-0x0000000f0fffffff] usable
Jul 22 11:54:28 ip-10-0-0-94 kernel: [    0.000000] NX (Execute Disable) protection: active
Jul 22 11:54:28 ip-10-0-0-94 kernel: [    0.000000] SMBIOS 2.7 present.
Jul 22 11:54:28 ip-10-0-0-94 kernel: [    0.000000] DMI: Xen HVM domU, BIOS 4.2.amazon 08/24/2006
Jul 22 11:54:28 ip-10-0-0-94 kernel: [    0.000000] Hypervisor detected: Xen
Jul 22 11:54:28 ip-10-0-0-94 kernel: [    0.000000] Xen version 4.2.
Jul 22 11:54:28 ip-10-0-0-94 kernel: [    0.000000] Xen Platform PCI: I/O protocol version 1
Jul 22 11:54:28 ip-10-0-0-94 kernel: [    0.000000] Netfront and the Xen platform PCI driver have been compiled for this kernel: unplug emulated NICs.
Jul 22 11:54:28 ip-10-0-0-94 kernel: [    0.000000] Blkfront and the Xen platform PCI driver have been compiled for this kernel: unplug emulated disks.
Jul 22 11:54:28 ip-10-0-0-94 kernel: [    0.000000] You might have to change the root device
Jul 22 11:54:28 ip-10-0-0-94 kernel: [    0.000000] from /dev/hd[a-d] to /dev/xvd[a-d]
Jul 22 11:54:28 ip-10-0-0-94 kernel: [    0.000000] in your root= kernel command line option
Jul 22 11:54:28 ip-10-0-0-94 kernel: [    0.000000] HVMOP_pagetable_dying not supported
Jul 22 11:54:28 ip-10-0-0-94 kernel: [    0.000000] e820: update [mem 0x00000000-0x00000fff] usable ==> reserved
Jul 22 11:54:28 ip-10-0-0-94 kernel: [    0.000000] e820: remove [mem 0x000a0000-0x000fffff] usable
Jul 22 11:54:28 ip-10-0-0-94 kernel: [    0.000000] e820: last_pfn = 0xf10000 max_arch_pfn = 0x400000000
Jul 22 11:54:28 ip-10-0-0-94 kernel: [    0.000000] MTRR default type: write-back
Jul 22 11:54:28 ip-10-0-0-94 kernel: [    0.000000] MTRR fixed ranges enabled:
Jul 22 11:54:28 ip-10-0-0-94 kernel: [    0.000000]   00000-9FFFF write-back
Jul 22 11:54:28 ip-10-0-0-94 kernel: [    0.000000]   A0000-BFFFF write-combining
Jul 22 11:54:28 ip-10-0-0-94 kernel: [    0.000000]   C0000-FFFFF write-back
Jul 22 11:54:28 ip-10-0-0-94 kernel: [    0.000000] MTRR variable ranges enabled:
Jul 22 11:54:28 ip-10-0-0-94 kernel: [    0.000000]   0 base 0000F0000000 mask 3FFFF8000000 uncachable
Jul 22 11:54:28 ip-10-0-0-94 kernel: [    0.000000]   1 base 0000F8000000 mask 3FFFFC000000 uncachable
Jul 22 11:54:28 ip-10-0-0-94 kernel: [    0.000000]   2 disabled
Jul 22 11:54:28 ip-10-0-0-94 kernel: [    0.000000]   3 disabled
Jul 22 11:54:28 ip-10-0-0-94 kernel: [    0.000000]   4 disabled
Jul 22 11:54:28 ip-10-0-0-94 kernel: [    0.000000]   5 disabled
Jul 22 11:54:28 ip-10-0-0-94 kernel: [    0.000000]   6 disabled
Jul 22 11:54:28 ip-10-0-0-94 kernel: [    0.000000]   7 disabled
Jul 22 11:54:28 ip-10-0-0-94 kernel: [    0.000000] x86/PAT: Configuration [0-7]: WB  WC  UC- UC  WB  WC  UC- WT  
Jul 22 11:54:28 ip-10-0-0-94 kernel: [    0.000000] e820: last_pfn = 0xf0000 max_arch_pfn = 0x400000000
Jul 22 11:54:28 ip-10-0-0-94 kernel: [    0.000000] found SMP MP-table at [mem 0x000fbc50-0x000fbc5f] mapped at [ffff8800000fbc50]
Jul 22 11:54:28 ip-10-0-0-94 kernel: [    0.000000] Scanning 1 areas for low memory corruption
Jul 22 11:54:28 ip-10-0-0-94 kernel: [    0.000000] Base memory trampoline at [ffff880000096000] 96000 size 28672
Jul 22 11:54:28 ip-10-0-0-94 kernel: [    0.000000] Using GB pages for direct mapping
Jul 22 11:54:28 ip-10-0-0-94 kernel: [    0.000000] BRK [0x02201000, 0x02201fff] PGTABLE
Jul 22 11:54:28 ip-10-0-0-94 kernel: [    0.000000] BRK [0x02202000, 0x02202fff] PGTABLE
Jul 22 11:54:28 ip-10-0-0-94 kernel: [    0.000000] BRK [0x02203000, 0x02203fff] PGTABLE
Jul 22 11:54:28 ip-10-0-0-94 kernel: [    0.000000] BRK [0x02204000, 0x02204fff] PGTABLE
Jul 22 11:54:28 ip-10-0-0-94 kernel: [    0.000000] RAMDISK: [mem 0x367b2000-0x373d0fff]
Jul 22 11:54:28 ip-10-0-0-94 kernel: [    0.000000] ACPI: Early table checksum verification disabled
Jul 22 11:54:28 ip-10-0-0-94 kernel: [    0.000000] ACPI: RSDP 0x00000000000EA020 000024 (v02 Xen   )
Jul 22 11:54:28 ip-10-0-0-94 kernel: [    0.000000] ACPI: XSDT 0x00000000FC017290 00006C (v01 Xen    HVM      00000000 HVML 00000000)
Jul 22 11:54:28 ip-10-0-0-94 kernel: [    0.000000] ACPI: FACP 0x00000000FC013680 0000F4 (v04 Xen    HVM      00000000 HVML 00000000)
Jul 22 11:54:28 ip-10-0-0-94 kernel: [    0.000000] ACPI: DSDT 0x00000000FC0021C0 011438 (v02 Xen    HVM      00000000 INTL 20090123)
Jul 22 11:54:28 ip-10-0-0-94 kernel: [    0.000000] ACPI: FACS 0x00000000FC002180 000040
Jul 22 11:54:28 ip-10-0-0-94 kernel: [    0.000000] ACPI: FACS 0x00000000FC002180 000040
Jul 22 11:54:28 ip-10-0-0-94 kernel: [    0.000000] ACPI: APIC 0x00000000FC013780 000460 (v02 Xen    HVM      00000000 HVML 00000000)
Jul 22 11:54:28 ip-10-0-0-94 kernel: [    0.000000] ACPI: SRAT 0x00000000FC013C60 0008A8 (v01 Xen    HVM      00000000 HVML 00000000)
Jul 22 11:54:28 ip-10-0-0-94 kernel: [    0.000000] ACPI: HPET 0x00000000FC014530 000038 (v01 Xen    HVM      00000000 HVML 00000000)
Jul 22 11:54:28 ip-10-0-0-94 kernel: [    0.000000] ACPI: WAET 0x00000000FC014570 000028 (v01 Xen    HVM      00000000 HVML 00000000)
Jul 22 11:54:28 ip-10-0-0-94 kernel: [    0.000000] ACPI: SSDT 0x00000000FC0145A0 000031 (v02 Xen    HVM      00000000 INTL 20090123)
Jul 22 11:54:28 ip-10-0-0-94 kernel: [    0.000000] ACPI: SSDT 0x00000000FC0145E0 000033 (v02 Xen    HVM      00000000 INTL 20090123)
Jul 22 11:54:28 ip-10-0-0-94 kernel: [    0.000000] ACPI: SSDT 0x00000000FC014620 000CB0 (v02 Xen    HVM      00000000 INTL 20090123)
Jul 22 11:54:28 ip-10-0-0-94 kernel: [    0.000000] ACPI: SSDT 0x00000000FC0152D0 001FB6 (v02 Xen    HVM      00000000 INTL 20090123)
Jul 22 11:54:28 ip-10-0-0-94 kernel: [    0.000000] ACPI: Local APIC address 0xfee00000
Jul 22 11:54:28 ip-10-0-0-94 kernel: [    0.000000] SRAT: PXM 0 -> APIC 0x00 -> Node 0
Jul 22 11:54:28 ip-10-0-0-94 kernel: [    0.000000] SRAT: PXM 0 -> APIC 0x02 -> Node 0
Jul 22 11:54:28 ip-10-0-0-94 kernel: [    0.000000] SRAT: PXM 0 -> APIC 0x04 -> Node 0
Jul 22 11:54:28 ip-10-0-0-94 kernel: [    0.000000] SRAT: PXM 0 -> APIC 0x06 -> Node 0
Jul 22 11:54:28 ip-10-0-0-94 kernel: [    0.000000] SRAT: PXM 0 -> APIC 0x08 -> Node 0
Jul 22 11:54:28 ip-10-0-0-94 kernel: [    0.000000] SRAT: PXM 0 -> APIC 0x0a -> Node 0
Jul 22 11:54:28 ip-10-0-0-94 kernel: [    0.000000] SRAT: PXM 0 -> APIC 0x0c -> Node 0
Jul 22 11:54:28 ip-10-0-0-94 kernel: [    0.000000] SRAT: PXM 0 -> APIC 0x0e -> Node 0
Jul 22 11:54:28 ip-10-0-0-94 kernel: [    0.000000] SRAT: PXM 0 -> APIC 0x10 -> Node 0
Jul 22 11:54:28 ip-10-0-0-94 kernel: [    0.000000] SRAT: PXM 1 -> APIC 0x20 -> Node 1
Jul 22 11:54:28 ip-10-0-0-94 kernel: [    0.000000] SRAT: PXM 1 -> APIC 0x22 -> Node 1
Jul 22 11:54:28 ip-10-0-0-94 kernel: [    0.000000] SRAT: PXM 1 -> APIC 0x24 -> Node 1
Jul 22 11:54:28 ip-10-0-0-94 kernel: [    0.000000] SRAT: PXM 1 -> APIC 0x26 -> Node 1
Jul 22 11:54:28 ip-10-0-0-94 kernel: [    0.000000] SRAT: PXM 1 -> APIC 0x28 -> Node 1
Jul 22 11:54:28 ip-10-0-0-94 kernel: [    0.000000] SRAT: PXM 1 -> APIC 0x2a -> Node 1
Jul 22 11:54:28 ip-10-0-0-94 kernel: [    0.000000] SRAT: PXM 1 -> APIC 0x2c -> Node 1
Jul 22 11:54:28 ip-10-0-0-94 kernel: [    0.000000] SRAT: PXM 1 -> APIC 0x2e -> Node 1
Jul 22 11:54:28 ip-10-0-0-94 kernel: [    0.000000] SRAT: PXM 1 -> APIC 0x30 -> Node 1
Jul 22 11:54:28 ip-10-0-0-94 kernel: [    0.000000] SRAT: PXM 0 -> APIC 0x01 -> Node 0
Jul 22 11:54:28 ip-10-0-0-94 kernel: [    0.000000] SRAT: PXM 0 -> APIC 0x03 -> Node 0
Jul 22 11:54:28 ip-10-0-0-94 kernel: [    0.000000] SRAT: PXM 0 -> APIC 0x05 -> Node 0
Jul 22 11:54:28 ip-10-0-0-94 kernel: [    0.000000] SRAT: PXM 0 -> APIC 0x07 -> Node 0
Jul 22 11:54:28 ip-10-0-0-94 kernel: [    0.000000] SRAT: PXM 0 -> APIC 0x09 -> Node 0
Jul 22 11:54:28 ip-10-0-0-94 kernel: [    0.000000] SRAT: PXM 0 -> APIC 0x0b -> Node 0
Jul 22 11:54:28 ip-10-0-0-94 kernel: [    0.000000] SRAT: PXM 0 -> APIC 0x0d -> Node 0
Jul 22 11:54:28 ip-10-0-0-94 kernel: [    0.000000] SRAT: PXM 0 -> APIC 0x0f -> Node 0
Jul 22 11:54:28 ip-10-0-0-94 kernel: [    0.000000] SRAT: PXM 0 -> APIC 0x11 -> Node 0
Jul 22 11:54:28 ip-10-0-0-94 kernel: [    0.000000] SRAT: PXM 1 -> APIC 0x21 -> Node 1
Jul 22 11:54:28 ip-10-0-0-94 kernel: [    0.000000] SRAT: PXM 1 -> APIC 0x23 -> Node 1
Jul 22 11:54:28 ip-10-0-0-94 kernel: [    0.000000] SRAT: PXM 1 -> APIC 0x25 -> Node 1
Jul 22 11:54:28 ip-10-0-0-94 kernel: [    0.000000] SRAT: PXM 1 -> APIC 0x27 -> Node 1
Jul 22 11:54:28 ip-10-0-0-94 kernel: [    0.000000] SRAT: PXM 1 -> APIC 0x29 -> Node 1
Jul 22 11:54:28 ip-10-0-0-94 kernel: [    0.000000] SRAT: PXM 1 -> APIC 0x2b -> Node 1
Jul 22 11:54:28 ip-10-0-0-94 kernel: [    0.000000] SRAT: PXM 1 -> APIC 0x2d -> Node 1
Jul 22 11:54:28 ip-10-0-0-94 kernel: [    0.000000] SRAT: PXM 1 -> APIC 0x2f -> Node 1
Jul 22 11:54:28 ip-10-0-0-94 kernel: [    0.000000] SRAT: PXM 1 -> APIC 0x31 -> Node 1
Jul 22 11:54:28 ip-10-0-0-94 kernel: [    0.000000] SRAT: Node 0 PXM 0 [mem 0x00000000-0xefffffff]
Jul 22 11:54:28 ip-10-0-0-94 kernel: [    0.000000] SRAT: Node 0 PXM 0 [mem 0x100000000-0x78fffffff]
Jul 22 11:54:28 ip-10-0-0-94 kernel: [    0.000000] SRAT: Node 1 PXM 1 [mem 0x790000000-0xf0fffffff]
Jul 22 11:54:28 ip-10-0-0-94 kernel: [    0.000000] NUMA: Node 0 [mem 0x00000000-0xefffffff] + [mem 0x100000000-0x78fffffff] -> [mem 0x00000000-0x78fffffff]
Jul 22 11:54:28 ip-10-0-0-94 kernel: [    0.000000] NODE_DATA(0) allocated [mem 0x78fffb000-0x78fffffff]
Jul 22 11:54:28 ip-10-0-0-94 kernel: [    0.000000] NODE_DATA(1) allocated [mem 0xf0fffa000-0xf0fffefff]
Jul 22 11:54:28 ip-10-0-0-94 kernel: [    0.000000] Zone ranges:
Jul 22 11:54:28 ip-10-0-0-94 kernel: [    0.000000]   DMA      [mem 0x0000000000001000-0x0000000000ffffff]
Jul 22 11:54:28 ip-10-0-0-94 kernel: [    0.000000]   DMA32    [mem 0x0000000001000000-0x00000000ffffffff]
Jul 22 11:54:28 ip-10-0-0-94 kernel: [    0.000000]   Normal   [mem 0x0000000100000000-0x0000000f0fffffff]
Jul 22 11:54:28 ip-10-0-0-94 kernel: [    0.000000]   Device   empty
Jul 22 11:54:28 ip-10-0-0-94 kernel: [    0.000000] Movable zone start for each node
Jul 22 11:54:28 ip-10-0-0-94 kernel: [    0.000000] Early memory node ranges
Jul 22 11:54:28 ip-10-0-0-94 kernel: [    0.000000]   node   0: [mem 0x0000000000001000-0x000000000009dfff]
Jul 22 11:54:28 ip-10-0-0-94 kernel: [    0.000000]   node   0: [mem 0x0000000000100000-0x00000000efffffff]
Jul 22 11:54:28 ip-10-0-0-94 kernel: [    0.000000]   node   0: [mem 0x0000000100000000-0x000000078fffffff]
Jul 22 11:54:28 ip-10-0-0-94 kernel: [    0.000000]   node   1: [mem 0x0000000790000000-0x0000000f0fffffff]
Jul 22 11:54:28 ip-10-0-0-94 kernel: [    0.000000] Initmem setup node 0 [mem 0x0000000000001000-0x000000078fffffff]
Jul 22 11:54:28 ip-10-0-0-94 kernel: [    0.000000] On node 0 totalpages: 7864221
Jul 22 11:54:28 ip-10-0-0-94 kernel: [    0.000000]   DMA zone: 64 pages used for memmap
Jul 22 11:54:28 ip-10-0-0-94 kernel: [    0.000000]   DMA zone: 22 pages reserved
Jul 22 11:54:28 ip-10-0-0-94 kernel: [    0.000000]   DMA zone: 3997 pages, LIFO batch:0
Jul 22 11:54:28 ip-10-0-0-94 kernel: [    0.000000]   DMA32 zone: 15296 pages used for memmap
Jul 22 11:54:28 ip-10-0-0-94 kernel: [    0.000000]   DMA32 zone: 978944 pages, LIFO batch:31
Jul 22 11:54:28 ip-10-0-0-94 kernel: [    0.000000]   Normal zone: 107520 pages used for memmap
Jul 22 11:54:28 ip-10-0-0-94 kernel: [    0.000000]   Normal zone: 6881280 pages, LIFO batch:31
Jul 22 11:54:28 ip-10-0-0-94 kernel: [    0.000000] Initmem setup node 1 [mem 0x0000000790000000-0x0000000f0fffffff]
Jul 22 11:54:28 ip-10-0-0-94 kernel: [    0.000000] On node 1 totalpages: 7864320
Jul 22 11:54:28 ip-10-0-0-94 kernel: [    0.000000]   Normal zone: 122880 pages used for memmap
Jul 22 11:54:28 ip-10-0-0-94 kernel: [    0.000000]   Normal zone: 7864320 pages, LIFO batch:31
Jul 22 11:54:28 ip-10-0-0-94 kernel: [    0.000000] ACPI: PM-Timer IO Port: 0xb008
Jul 22 11:54:28 ip-10-0-0-94 kernel: [    0.000000] ACPI: Local APIC address 0xfee00000
Jul 22 11:54:28 ip-10-0-0-94 kernel: [    0.000000] IOAPIC[0]: apic_id 1, version 17, address 0xfec00000, GSI 0-47
Jul 22 11:54:28 ip-10-0-0-94 kernel: [    0.000000] ACPI: INT_SRC_OVR (bus 0 bus_irq 0 global_irq 2 dfl dfl)
Jul 22 11:54:28 ip-10-0-0-94 kernel: [    0.000000] ACPI: INT_SRC_OVR (bus 0 bus_irq 5 global_irq 5 low level)
Jul 22 11:54:28 ip-10-0-0-94 kernel: [    0.000000] ACPI: INT_SRC_OVR (bus 0 bus_irq 10 global_irq 10 low level)
Jul 22 11:54:28 ip-10-0-0-94 kernel: [    0.000000] ACPI: INT_SRC_OVR (bus 0 bus_irq 11 global_irq 11 low level)
Jul 22 11:54:28 ip-10-0-0-94 kernel: [    0.000000] ACPI: IRQ0 used by override.
Jul 22 11:54:28 ip-10-0-0-94 kernel: [    0.000000] ACPI: IRQ5 used by override.
Jul 22 11:54:28 ip-10-0-0-94 kernel: [    0.000000] ACPI: IRQ9 used by override.
Jul 22 11:54:28 ip-10-0-0-94 kernel: [    0.000000] ACPI: IRQ10 used by override.
Jul 22 11:54:28 ip-10-0-0-94 kernel: [    0.000000] ACPI: IRQ11 used by override.
Jul 22 11:54:28 ip-10-0-0-94 kernel: [    0.000000] Using ACPI (MADT) for SMP configuration information
Jul 22 11:54:28 ip-10-0-0-94 kernel: [    0.000000] ACPI: HPET id: 0x8086a201 base: 0xfed00000
Jul 22 11:54:28 ip-10-0-0-94 kernel: [    0.000000] smpboot: Allowing 128 CPUs, 92 hotplug CPUs
Jul 22 11:54:28 ip-10-0-0-94 kernel: [    0.000000] PM: Registered nosave memory: [mem 0x00000000-0x00000fff]
Jul 22 11:54:28 ip-10-0-0-94 kernel: [    0.000000] PM: Registered nosave memory: [mem 0x0009e000-0x0009ffff]
Jul 22 11:54:28 ip-10-0-0-94 kernel: [    0.000000] PM: Registered nosave memory: [mem 0x000a0000-0x000dffff]
Jul 22 11:54:28 ip-10-0-0-94 kernel: [    0.000000] PM: Registered nosave memory: [mem 0x000e0000-0x000fffff]
Jul 22 11:54:28 ip-10-0-0-94 kernel: [    0.000000] PM: Registered nosave memory: [mem 0xf0000000-0xfbffffff]
Jul 22 11:54:28 ip-10-0-0-94 kernel: [    0.000000] PM: Registered nosave memory: [mem 0xfc000000-0xffffffff]
Jul 22 11:54:28 ip-10-0-0-94 kernel: [    0.000000] e820: [mem 0xf0000000-0xfbffffff] available for PCI devices
Jul 22 11:54:28 ip-10-0-0-94 kernel: [    0.000000] Booting paravirtualized kernel on Xen HVM
Jul 22 11:54:28 ip-10-0-0-94 kernel: [    0.000000] clocksource: refined-jiffies: mask: 0xffffffff max_cycles: 0xffffffff, max_idle_ns: 7645519600211568 ns
Jul 22 11:54:28 ip-10-0-0-94 kernel: [    0.000000] setup_percpu: NR_CPUS:256 nr_cpumask_bits:256 nr_cpu_ids:128 nr_node_ids:2
Jul 22 11:54:28 ip-10-0-0-94 kernel: [    0.000000] PERCPU: Embedded 34 pages/cpu @ffff880770e00000 s99160 r8192 d31912 u262144
Jul 22 11:54:28 ip-10-0-0-94 kernel: [    0.000000] pcpu-alloc: s99160 r8192 d31912 u262144 alloc=1*2097152
Jul 22 11:54:28 ip-10-0-0-94 kernel: [    0.000000] pcpu-alloc: [0] 000 001 002 003 004 005 006 007 
Jul 22 11:54:28 ip-10-0-0-94 kernel: [    0.000000] pcpu-alloc: [0] 008 018 019 020 021 022 023 024 
Jul 22 11:54:28 ip-10-0-0-94 kernel: [    0.000000] pcpu-alloc: [0] 025 026 036 038 040 042 044 046 
Jul 22 11:54:28 ip-10-0-0-94 kernel: [    0.000000] pcpu-alloc: [0] 048 050 052 054 056 058 060 062 
Jul 22 11:54:28 ip-10-0-0-94 kernel: [    0.000000] pcpu-alloc: [0] 064 066 068 070 072 074 076 078 
Jul 22 11:54:28 ip-10-0-0-94 kernel: [    0.000000] pcpu-alloc: [0] 080 082 084 086 088 090 092 094 
Jul 22 11:54:28 ip-10-0-0-94 kernel: [    0.000000] pcpu-alloc: [0] 096 098 100 102 104 106 108 110 
Jul 22 11:54:28 ip-10-0-0-94 kernel: [    0.000000] pcpu-alloc: [0] 112 114 116 118 120 122 124 126 
Jul 22 11:54:28 ip-10-0-0-94 kernel: [    0.000000] pcpu-alloc: [1] 009 010 011 012 013 014 015 016 
Jul 22 11:54:28 ip-10-0-0-94 kernel: [    0.000000] pcpu-alloc: [1] 017 027 028 029 030 031 032 033 
Jul 22 11:54:28 ip-10-0-0-94 kernel: [    0.000000] pcpu-alloc: [1] 034 035 037 039 041 043 045 047 
Jul 22 11:54:28 ip-10-0-0-94 kernel: [    0.000000] pcpu-alloc: [1] 049 051 053 055 057 059 061 063 
Jul 22 11:54:28 ip-10-0-0-94 kernel: [    0.000000] pcpu-alloc: [1] 065 067 069 071 073 075 077 079 
Jul 22 11:54:28 ip-10-0-0-94 kernel: [    0.000000] pcpu-alloc: [1] 081 083 085 087 089 091 093 095 
Jul 22 11:54:28 ip-10-0-0-94 kernel: [    0.000000] pcpu-alloc: [1] 097 099 101 103 105 107 109 111 
Jul 22 11:54:28 ip-10-0-0-94 kernel: [    0.000000] pcpu-alloc: [1] 113 115 117 119 121 123 125 127 
Jul 22 11:54:28 ip-10-0-0-94 kernel: [    0.000000] xen: PV spinlocks enabled
Jul 22 11:54:28 ip-10-0-0-94 kernel: [    0.000000] PV qspinlock hash table entries: 512 (order: 1, 8192 bytes)
Jul 22 11:54:28 ip-10-0-0-94 kernel: [    0.000000] Built 2 zonelists in Node order, mobility grouping on.  Total pages: 15482759
Jul 22 11:54:28 ip-10-0-0-94 kernel: [    0.000000] Policy zone: Normal
Jul 22 11:54:28 ip-10-0-0-94 kernel: [    0.000000] Kernel command line: BOOT_IMAGE=/boot/vmlinuz-4.4.0-1067-aws root=LABEL=cloudimg-rootfs ro console=tty1 console=ttyS0 nvme.io_timeout=4294967295
Jul 22 11:54:28 ip-10-0-0-94 kernel: [    0.000000] log_buf_len individual max cpu contribution: 4096 bytes
Jul 22 11:54:28 ip-10-0-0-94 kernel: [    0.000000] log_buf_len total cpu_extra contributions: 520192 bytes
Jul 22 11:54:28 ip-10-0-0-94 kernel: [    0.000000] log_buf_len min size: 262144 bytes
Jul 22 11:54:28 ip-10-0-0-94 kernel: [    0.000000] log_buf_len: 1048576 bytes
Jul 22 11:54:28 ip-10-0-0-94 kernel: [    0.000000] early log buf free: 249740(95%)
Jul 22 11:54:28 ip-10-0-0-94 kernel: [    0.000000] PID hash table entries: 4096 (order: 3, 32768 bytes)
Jul 22 11:54:28 ip-10-0-0-94 kernel: [    0.000000] Calgary: detecting Calgary via BIOS EBDA area
Jul 22 11:54:28 ip-10-0-0-94 kernel: [    0.000000] Calgary: Unable to locate Rio Grande table in EBDA - bailing!
Jul 22 11:54:28 ip-10-0-0-94 kernel: [    0.000000] Memory: 61815268K/62914164K available (8372K kernel code, 1281K rwdata, 3888K rodata, 1504K init, 1264K bss, 1098896K reserved, 0K cma-reserved)
Jul 22 11:54:28 ip-10-0-0-94 kernel: [    0.000000] SLUB: HWalign=64, Order=0-3, MinObjects=0, CPUs=128, Nodes=2
Jul 22 11:54:28 ip-10-0-0-94 kernel: [    0.000000] Kernel/User page tables isolation: enabled
Jul 22 11:54:28 ip-10-0-0-94 kernel: [    0.000000] Hierarchical RCU implementation.
Jul 22 11:54:28 ip-10-0-0-94 kernel: [    0.000000] 	Build-time adjustment of leaf fanout to 64.
Jul 22 11:54:28 ip-10-0-0-94 kernel: [    0.000000] 	RCU restricting CPUs from NR_CPUS=256 to nr_cpu_ids=128.
Jul 22 11:54:28 ip-10-0-0-94 kernel: [    0.000000] RCU: Adjusting geometry for rcu_fanout_leaf=64, nr_cpu_ids=128
Jul 22 11:54:28 ip-10-0-0-94 kernel: [    0.000000] NR_IRQS:16640 nr_irqs:1856 16
Jul 22 11:54:28 ip-10-0-0-94 kernel: [    0.000000] xen:events: Using 2-level ABI
Jul 22 11:54:28 ip-10-0-0-94 kernel: [    0.000000] xen:events: Xen HVM callback vector for event delivery is enabled
Jul 22 11:54:28 ip-10-0-0-94 kernel: [    0.000000] Console: colour VGA+ 80x25
Jul 22 11:54:28 ip-10-0-0-94 kernel: [    0.000000] console [tty1] enabled
Jul 22 11:54:28 ip-10-0-0-94 kernel: [    0.000000] Cannot get hvm parameter CONSOLE_EVTCHN (18): -22!
Jul 22 11:54:28 ip-10-0-0-94 kernel: [    0.000000] console [ttyS0] enabled
Jul 22 11:54:28 ip-10-0-0-94 kernel: [    0.000000] mempolicy: Enabling automatic NUMA balancing. Configure with numa_balancing= or the kernel.numa_balancing sysctl
Jul 22 11:54:28 ip-10-0-0-94 kernel: [    0.000000] clocksource: hpet: mask: 0xffffffff max_cycles: 0xffffffff, max_idle_ns: 30580167144 ns
Jul 22 11:54:28 ip-10-0-0-94 kernel: [    0.000000] hpet clockevent registered
Jul 22 11:54:28 ip-10-0-0-94 kernel: [    0.000000] tsc: Detected 2900.080 MHz processor
Jul 22 11:54:28 ip-10-0-0-94 kernel: [    5.645448] Calibrating delay loop (skipped), value calculated using timer frequency.. 5800.16 BogoMIPS (lpj=11600320)
Jul 22 11:54:28 ip-10-0-0-94 kernel: [    5.671231] pid_max: default: 131072 minimum: 1024
Jul 22 11:54:28 ip-10-0-0-94 kernel: [    5.676092] ACPI: Core revision 20150930
Jul 22 11:54:28 ip-10-0-0-94 kernel: [    5.691297] ACPI: 5 ACPI AML tables successfully acquired and loaded
Jul 22 11:54:28 ip-10-0-0-94 kernel: [    5.698798] Security Framework initialized
Jul 22 11:54:28 ip-10-0-0-94 kernel: [    5.703142] Yama: becoming mindful.
Jul 22 11:54:28 ip-10-0-0-94 kernel: [    5.707067] AppArmor: AppArmor initialized
Jul 22 11:54:28 ip-10-0-0-94 kernel: [    5.714346] Dentry cache hash table entries: 8388608 (order: 14, 67108864 bytes)
Jul 22 11:54:28 ip-10-0-0-94 kernel: [    5.731382] Inode-cache hash table entries: 4194304 (order: 13, 33554432 bytes)
Jul 22 11:54:28 ip-10-0-0-94 kernel: [    5.743041] Mount-cache hash table entries: 131072 (order: 8, 1048576 bytes)
Jul 22 11:54:28 ip-10-0-0-94 kernel: [    5.750085] Mountpoint-cache hash table entries: 131072 (order: 8, 1048576 bytes)
Jul 22 11:54:28 ip-10-0-0-94 kernel: [    5.758301] Initializing cgroup subsys io
Jul 22 11:54:28 ip-10-0-0-94 kernel: [    5.762785] Initializing cgroup subsys memory
Jul 22 11:54:28 ip-10-0-0-94 kernel: [    5.767484] Initializing cgroup subsys devices
Jul 22 11:54:28 ip-10-0-0-94 kernel: [    5.772220] Initializing cgroup subsys freezer
Jul 22 11:54:28 ip-10-0-0-94 kernel: [    5.776976] Initializing cgroup subsys net_cls
Jul 22 11:54:28 ip-10-0-0-94 kernel: [    5.781724] Initializing cgroup subsys perf_event
Jul 22 11:54:28 ip-10-0-0-94 kernel: [    5.786665] Initializing cgroup subsys net_prio
Jul 22 11:54:28 ip-10-0-0-94 kernel: [    5.791414] Initializing cgroup subsys hugetlb
Jul 22 11:54:28 ip-10-0-0-94 kernel: [    5.796190] Initializing cgroup subsys pids
Jul 22 11:54:28 ip-10-0-0-94 kernel: [    5.801608] mce: CPU supports 2 MCE banks
Jul 22 11:54:28 ip-10-0-0-94 kernel: [    5.805986] process: using mwait in idle threads
Jul 22 11:54:28 ip-10-0-0-94 kernel: [    5.810820] Last level iTLB entries: 4KB 1024, 2MB 1024, 4MB 1024
Jul 22 11:54:28 ip-10-0-0-94 kernel: [    5.816950] Last level dTLB entries: 4KB 1024, 2MB 1024, 4MB 1024, 1GB 4
Jul 22 11:54:28 ip-10-0-0-94 kernel: [    5.823577] Spectre V2 : Mitigation: Full generic retpoline
Jul 22 11:54:28 ip-10-0-0-94 kernel: [    5.829273] Spectre V2 : Speculation control IBPB not-supported IBRS not-supported
Jul 22 11:54:28 ip-10-0-0-94 kernel: [    5.836542] Speculative Store Bypass: Vulnerable
Jul 22 11:54:28 ip-10-0-0-94 kernel: [    5.843897] Freeing SMP alternatives memory: 32K
Jul 22 11:54:28 ip-10-0-0-94 kernel: [    5.853161] ftrace: allocating 31371 entries in 123 pages
Jul 22 11:54:28 ip-10-0-0-94 kernel: [    5.894600] smpboot: APIC(0) Converting physical 0 to logical package 0
Jul 22 11:54:28 ip-10-0-0-94 kernel: [    5.901198] smpboot: APIC(20) Converting physical 1 to logical package 1
Jul 22 11:54:28 ip-10-0-0-94 kernel: [    5.907892] smpboot: Max logical packages: 15
Jul 22 11:54:28 ip-10-0-0-94 kernel: [    5.913350] x2apic: IRQ remapping doesn't support X2APIC mode
Jul 22 11:54:28 ip-10-0-0-94 kernel: [    5.919744] Switched APIC routing to physical flat.
Jul 22 11:54:28 ip-10-0-0-94 kernel: [    5.927128] ..TIMER: vector=0x30 apic1=0 pin1=2 apic2=0 pin2=0
Jul 22 11:54:28 ip-10-0-0-94 kernel: [    5.933075] clocksource: xen: mask: 0xffffffffffffffff max_cycles: 0x1cd42e4dffb, max_idle_ns: 881590591483 ns
Jul 22 11:54:28 ip-10-0-0-94 kernel: [    5.943228] Xen: using vcpuop timer interface
Jul 22 11:54:28 ip-10-0-0-94 kernel: [    5.943234] installing Xen timer for CPU 0
Jul 22 11:54:28 ip-10-0-0-94 kernel: [    5.947999] smpboot: CPU0: Intel(R) Xeon(R) CPU E5-2666 v3 @ 2.90GHz (family: 0x6, model: 0x3f, stepping: 0x2)
Jul 22 11:54:28 ip-10-0-0-94 kernel: [    5.960007] cpu 0 spinlock event irq 53
Jul 22 11:54:28 ip-10-0-0-94 kernel: [    5.964244] Performance Events: unsupported p6 CPU model 63 no PMU driver, software events only.
Jul 22 11:54:28 ip-10-0-0-94 kernel: [    5.976153] NMI watchdog: disabled (cpu0): hardware events not enabled
Jul 22 11:54:28 ip-10-0-0-94 kernel: [    5.982667] NMI watchdog: Shutting down hard lockup detector on all cpus
Jul 22 11:54:28 ip-10-0-0-94 kernel: [    5.989423] installing Xen timer for CPU 1
Jul 22 11:54:28 ip-10-0-0-94 kernel: [    5.994032] x86: Booting SMP configuration:
Jul 22 11:54:28 ip-10-0-0-94 kernel: [    5.998576] .... node  #0, CPUs:          #1cpu 1 spinlock event irq 59
Jul 22 11:54:28 ip-10-0-0-94 kernel: [    6.008444] installing Xen timer for CPU 2
Jul 22 11:54:28 ip-10-0-0-94 kernel: [    6.013008]    #2cpu 2 spinlock event irq 65
Jul 22 11:54:28 ip-10-0-0-94 kernel: [    6.019439] installing Xen timer for CPU 3
Jul 22 11:54:28 ip-10-0-0-94 kernel: [    6.023923]    #3cpu 3 spinlock event irq 71
Jul 22 11:54:28 ip-10-0-0-94 kernel: [    6.030507] installing Xen timer for CPU 4
Jul 22 11:54:28 ip-10-0-0-94 kernel: [    6.035149]    #4cpu 4 spinlock event irq 77
Jul 22 11:54:28 ip-10-0-0-94 kernel: [    6.041656] installing Xen timer for CPU 5
Jul 22 11:54:28 ip-10-0-0-94 kernel: [    6.046213]    #5cpu 5 spinlock event irq 83
Jul 22 11:54:28 ip-10-0-0-94 kernel: [    6.052794] installing Xen timer for CPU 6
Jul 22 11:54:28 ip-10-0-0-94 kernel: [    6.057421]    #6cpu 6 spinlock event irq 89
Jul 22 11:54:28 ip-10-0-0-94 kernel: [    6.064020] installing Xen timer for CPU 7
Jul 22 11:54:28 ip-10-0-0-94 kernel: [    6.068562]    #7cpu 7 spinlock event irq 95
Jul 22 11:54:28 ip-10-0-0-94 kernel: [    6.075171] installing Xen timer for CPU 8
Jul 22 11:54:28 ip-10-0-0-94 kernel: [    6.079803]    #8cpu 8 spinlock event irq 101
Jul 22 11:54:28 ip-10-0-0-94 kernel: [    6.086487] installing Xen timer for CPU 9
Jul 22 11:54:28 ip-10-0-0-94 kernel: [    6.091024] 
Jul 22 11:54:28 ip-10-0-0-94 kernel: [    6.093300] .... node  #1, CPUs:     #9cpu 9 spinlock event irq 107
Jul 22 11:54:28 ip-10-0-0-94 kernel: [    6.102501] installing Xen timer for CPU 10
Jul 22 11:54:28 ip-10-0-0-94 kernel: [    6.107143]   #10cpu 10 spinlock event irq 113
Jul 22 11:54:28 ip-10-0-0-94 kernel: [    6.113821] installing Xen timer for CPU 11
Jul 22 11:54:28 ip-10-0-0-94 kernel: [    6.118436]   #11cpu 11 spinlock event irq 119
Jul 22 11:54:28 ip-10-0-0-94 kernel: [    6.125146] installing Xen timer for CPU 12
Jul 22 11:54:28 ip-10-0-0-94 kernel: [    6.129749]   #12cpu 12 spinlock event irq 125
Jul 22 11:54:28 ip-10-0-0-94 kernel: [    6.136474] installing Xen timer for CPU 13
Jul 22 11:54:28 ip-10-0-0-94 kernel: [    6.141143]   #13cpu 13 spinlock event irq 131
Jul 22 11:54:28 ip-10-0-0-94 kernel: [    6.148043] installing Xen timer for CPU 14
Jul 22 11:54:28 ip-10-0-0-94 kernel: [    6.152669]   #14cpu 14 spinlock event irq 137
Jul 22 11:54:28 ip-10-0-0-94 kernel: [    6.159421] installing Xen timer for CPU 15
Jul 22 11:54:28 ip-10-0-0-94 kernel: [    6.163926]   #15cpu 15 spinlock event irq 143
Jul 22 11:54:28 ip-10-0-0-94 kernel: [    6.170556] installing Xen timer for CPU 16
Jul 22 11:54:28 ip-10-0-0-94 kernel: [    6.174991]   #16cpu 16 spinlock event irq 149
Jul 22 11:54:28 ip-10-0-0-94 kernel: [    6.181471] installing Xen timer for CPU 17
Jul 22 11:54:28 ip-10-0-0-94 kernel: [    6.185966]   #17cpu 17 spinlock event irq 155
Jul 22 11:54:28 ip-10-0-0-94 kernel: [    6.192594] installing Xen timer for CPU 18
Jul 22 11:54:28 ip-10-0-0-94 kernel: [    6.196997] 
Jul 22 11:54:28 ip-10-0-0-94 kernel: [    6.199188] .... node  #0, CPUs:    #18cpu 18 spinlock event irq 161
Jul 22 11:54:28 ip-10-0-0-94 kernel: [    6.209064] installing Xen timer for CPU 19
Jul 22 11:54:28 ip-10-0-0-94 kernel: [    6.213539]   #19cpu 19 spinlock event irq 167
Jul 22 11:54:28 ip-10-0-0-94 kernel: [    6.220056] installing Xen timer for CPU 20
Jul 22 11:54:28 ip-10-0-0-94 kernel: [    6.224491]   #20cpu 20 spinlock event irq 173
Jul 22 11:54:28 ip-10-0-0-94 kernel: [    6.230923] installing Xen timer for CPU 21
Jul 22 11:54:28 ip-10-0-0-94 kernel: [    6.235382]   #21cpu 21 spinlock event irq 179
Jul 22 11:54:28 ip-10-0-0-94 kernel: [    6.241991] installing Xen timer for CPU 22
Jul 22 11:54:28 ip-10-0-0-94 kernel: [    6.246457]   #22cpu 22 spinlock event irq 185
Jul 22 11:54:28 ip-10-0-0-94 kernel: [    6.252929] installing Xen timer for CPU 23
Jul 22 11:54:28 ip-10-0-0-94 kernel: [    6.257375]   #23cpu 23 spinlock event irq 191
Jul 22 11:54:28 ip-10-0-0-94 kernel: [    6.263988] installing Xen timer for CPU 24
Jul 22 11:54:28 ip-10-0-0-94 kernel: [    6.268487]   #24cpu 24 spinlock event irq 197
Jul 22 11:54:28 ip-10-0-0-94 kernel: [    6.275042] installing Xen timer for CPU 25
Jul 22 11:54:28 ip-10-0-0-94 kernel: [    6.279459]   #25cpu 25 spinlock event irq 203
Jul 22 11:54:28 ip-10-0-0-94 kernel: [    6.285938] installing Xen timer for CPU 26
Jul 22 11:54:28 ip-10-0-0-94 kernel: [    6.290397]   #26cpu 26 spinlock event irq 209
Jul 22 11:54:28 ip-10-0-0-94 kernel: [    6.297182] installing Xen timer for CPU 27
Jul 22 11:54:28 ip-10-0-0-94 kernel: [    6.301582] 
Jul 22 11:54:28 ip-10-0-0-94 kernel: [    6.303801] .... node  #1, CPUs:    #27cpu 27 spinlock event irq 215
Jul 22 11:54:28 ip-10-0-0-94 kernel: [    6.312507] installing Xen timer for CPU 28
Jul 22 11:54:28 ip-10-0-0-94 kernel: [    6.317001]   #28cpu 28 spinlock event irq 221
Jul 22 11:54:28 ip-10-0-0-94 kernel: [    6.323569] installing Xen timer for CPU 29
Jul 22 11:54:28 ip-10-0-0-94 kernel: [    6.328032]   #29cpu 29 spinlock event irq 227
Jul 22 11:54:28 ip-10-0-0-94 kernel: [    6.334541] installing Xen timer for CPU 30
Jul 22 11:54:28 ip-10-0-0-94 kernel: [    6.339003]   #30cpu 30 spinlock event irq 233
Jul 22 11:54:28 ip-10-0-0-94 kernel: [    6.345699] installing Xen timer for CPU 31
Jul 22 11:54:28 ip-10-0-0-94 kernel: [    6.350159]   #31cpu 31 spinlock event irq 239
Jul 22 11:54:28 ip-10-0-0-94 kernel: [    6.356833] installing Xen timer for CPU 32
Jul 22 11:54:28 ip-10-0-0-94 kernel: [    6.361329]   #32cpu 32 spinlock event irq 245
Jul 22 11:54:28 ip-10-0-0-94 kernel: [    6.368018] installing Xen timer for CPU 33
Jul 22 11:54:28 ip-10-0-0-94 kernel: [    6.372581]   #33cpu 33 spinlock event irq 251
Jul 22 11:54:28 ip-10-0-0-94 kernel: [    6.379232] installing Xen timer for CPU 34
Jul 22 11:54:28 ip-10-0-0-94 kernel: [    6.383725]   #34cpu 34 spinlock event irq 257
Jul 22 11:54:28 ip-10-0-0-94 kernel: [    6.390286] installing Xen timer for CPU 35
Jul 22 11:54:28 ip-10-0-0-94 kernel: [    6.394849]   #35cpu 35 spinlock event irq 263
Jul 22 11:54:28 ip-10-0-0-94 kernel: [    6.401493] x86: Booted up 2 nodes, 36 CPUs
Jul 22 11:54:28 ip-10-0-0-94 kernel: [    6.405916] smpboot: Total of 36 processors activated (208805.76 BogoMIPS)
Jul 22 11:54:28 ip-10-0-0-94 kernel: [    6.414235] devtmpfs: initialized
Jul 22 11:54:28 ip-10-0-0-94 kernel: [    6.423915] evm: security.selinux
Jul 22 11:54:28 ip-10-0-0-94 kernel: [    6.427673] evm: security.SMACK64
Jul 22 11:54:28 ip-10-0-0-94 kernel: [    6.431366] evm: security.SMACK64EXEC
Jul 22 11:54:28 ip-10-0-0-94 kernel: [    6.435352] evm: security.SMACK64TRANSMUTE
Jul 22 11:54:28 ip-10-0-0-94 kernel: [    6.439652] evm: security.SMACK64MMAP
Jul 22 11:54:28 ip-10-0-0-94 kernel: [    6.443594] evm: security.ima
Jul 22 11:54:28 ip-10-0-0-94 kernel: [    6.447008] evm: security.capability
Jul 22 11:54:28 ip-10-0-0-94 kernel: [    6.451191] clocksource: jiffies: mask: 0xffffffff max_cycles: 0xffffffff, max_idle_ns: 7645041785100000 ns
Jul 22 11:54:28 ip-10-0-0-94 kernel: [    6.460589] futex hash table entries: 32768 (order: 9, 2097152 bytes)
Jul 22 11:54:28 ip-10-0-0-94 kernel: [    6.467566] RTC time: 11:54:19, date: 07/22/19
Jul 22 11:54:28 ip-10-0-0-94 kernel: [    6.474215] NET: Registered protocol family 16
Jul 22 11:54:28 ip-10-0-0-94 kernel: [    6.491029] cpuidle: using governor ladder
Jul 22 11:54:28 ip-10-0-0-94 kernel: [    6.507556] cpuidle: using governor menu
Jul 22 11:54:28 ip-10-0-0-94 kernel: [    6.511756] PCCT header not found.
Jul 22 11:54:28 ip-10-0-0-94 kernel: [    6.515593] ACPI: bus type PCI registered
Jul 22 11:54:28 ip-10-0-0-94 kernel: [    6.519766] acpiphp: ACPI Hot Plug PCI Controller Driver version: 0.5
Jul 22 11:54:28 ip-10-0-0-94 kernel: [    6.526582] PCI: Using configuration type 1 for base access
Jul 22 11:54:28 ip-10-0-0-94 kernel: [    6.545175] ACPI: Added _OSI(Module Device)
Jul 22 11:54:28 ip-10-0-0-94 kernel: [    6.549857] ACPI: Added _OSI(Processor Device)
Jul 22 11:54:28 ip-10-0-0-94 kernel: [    6.554713] ACPI: Added _OSI(3.0 _SCP Extensions)
Jul 22 11:54:28 ip-10-0-0-94 kernel: [    6.559793] ACPI: Added _OSI(Processor Aggregator Device)
Jul 22 11:54:28 ip-10-0-0-94 kernel: [    6.567967] xen: --> pirq=16 -> irq=9 (gsi=9)
Jul 22 11:54:28 ip-10-0-0-94 kernel: [    6.573534] ACPI: Interpreter enabled
Jul 22 11:54:28 ip-10-0-0-94 kernel: [    6.577695] ACPI: (supports S0 S4 S5)
Jul 22 11:54:28 ip-10-0-0-94 kernel: [    6.581881] ACPI: Using IOAPIC for interrupt routing
Jul 22 11:54:28 ip-10-0-0-94 kernel: [    6.587164] PCI: Using host bridge windows from ACPI; if necessary, use "pci=nocrs" and report a bug
Jul 22 11:54:28 ip-10-0-0-94 kernel: [    6.657498] ACPI: PCI Root Bridge [PCI0] (domain 0000 [bus 00-ff])
Jul 22 11:54:28 ip-10-0-0-94 kernel: [    6.663882] acpi PNP0A03:00: _OSC: OS supports [ASPM ClockPM Segments MSI]
Jul 22 11:54:28 ip-10-0-0-94 kernel: [    6.670800] acpi PNP0A03:00: _OSC failed (AE_NOT_FOUND); disabling ASPM
Jul 22 11:54:28 ip-10-0-0-94 kernel: [    6.677603] acpi PNP0A03:00: fail to add MMCONFIG information, can't access extended PCI configuration space under this bridge.
Jul 22 11:54:28 ip-10-0-0-94 kernel: [    6.689839] acpiphp: Slot [0] registered
Jul 22 11:54:28 ip-10-0-0-94 kernel: [    6.695691] acpiphp: Slot [3] registered
Jul 22 11:54:28 ip-10-0-0-94 kernel: [    6.700729] acpiphp: Slot [4] registered
Jul 22 11:54:28 ip-10-0-0-94 kernel: [    6.705767] acpiphp: Slot [5] registered
Jul 22 11:54:28 ip-10-0-0-94 kernel: [    6.710712] acpiphp: Slot [6] registered
Jul 22 11:54:28 ip-10-0-0-94 kernel: [    6.715651] acpiphp: Slot [7] registered
Jul 22 11:54:28 ip-10-0-0-94 kernel: [    6.720528] acpiphp: Slot [8] registered
Jul 22 11:54:28 ip-10-0-0-94 kernel: [    6.725536] acpiphp: Slot [9] registered
Jul 22 11:54:28 ip-10-0-0-94 kernel: [    6.730541] acpiphp: Slot [10] registered
Jul 22 11:54:28 ip-10-0-0-94 kernel: [    6.735564] acpiphp: Slot [11] registered
Jul 22 11:54:28 ip-10-0-0-94 kernel: [    6.740547] acpiphp: Slot [12] registered
Jul 22 11:54:28 ip-10-0-0-94 kernel: [    6.745562] acpiphp: Slot [13] registered
Jul 22 11:54:28 ip-10-0-0-94 kernel: [    6.750671] acpiphp: Slot [14] registered
Jul 22 11:54:28 ip-10-0-0-94 kernel: [    6.755784] acpiphp: Slot [15] registered
Jul 22 11:54:28 ip-10-0-0-94 kernel: [    6.760805] acpiphp: Slot [16] registered
Jul 22 11:54:28 ip-10-0-0-94 kernel: [    6.765830] acpiphp: Slot [17] registered
Jul 22 11:54:28 ip-10-0-0-94 kernel: [    6.770866] acpiphp: Slot [18] registered
Jul 22 11:54:28 ip-10-0-0-94 kernel: [    6.775984] acpiphp: Slot [19] registered
Jul 22 11:54:28 ip-10-0-0-94 kernel: [    6.781066] acpiphp: Slot [20] registered
Jul 22 11:54:28 ip-10-0-0-94 kernel: [    6.786089] acpiphp: Slot [21] registered
Jul 22 11:54:28 ip-10-0-0-94 kernel: [    6.791090] acpiphp: Slot [22] registered
Jul 22 11:54:28 ip-10-0-0-94 kernel: [    6.796127] acpiphp: Slot [23] registered
Jul 22 11:54:28 ip-10-0-0-94 kernel: [    6.801211] acpiphp: Slot [24] registered
Jul 22 11:54:28 ip-10-0-0-94 kernel: [    6.821094] acpiphp: Slot [25] registered
Jul 22 11:54:28 ip-10-0-0-94 kernel: [    6.826569] acpiphp: Slot [26] registered
Jul 22 11:54:28 ip-10-0-0-94 kernel: [    6.832235] acpiphp: Slot [27] registered
Jul 22 11:54:28 ip-10-0-0-94 kernel: [    6.837767] acpiphp: Slot [28] registered
Jul 22 11:54:28 ip-10-0-0-94 kernel: [    6.843412] acpiphp: Slot [29] registered
Jul 22 11:54:28 ip-10-0-0-94 kernel: [    6.849045] acpiphp: Slot [30] registered
Jul 22 11:54:28 ip-10-0-0-94 kernel: [    6.854539] acpiphp: Slot [31] registered
Jul 22 11:54:28 ip-10-0-0-94 kernel: [    6.859939] PCI host bridge to bus 0000:00
Jul 22 11:54:28 ip-10-0-0-94 kernel: [    6.864932] pci_bus 0000:00: root bus resource [io  0x0000-0x0cf7 window]
Jul 22 11:54:28 ip-10-0-0-94 kernel: [    6.871914] pci_bus 0000:00: root bus resource [io  0x0d00-0xffff window]
Jul 22 11:54:28 ip-10-0-0-94 kernel: [    6.878790] pci_bus 0000:00: root bus resource [mem 0x000a0000-0x000bffff window]
Jul 22 11:54:28 ip-10-0-0-94 kernel: [    6.886574] pci_bus 0000:00: root bus resource [mem 0xf0000000-0xfbffffff window]
Jul 22 11:54:28 ip-10-0-0-94 kernel: [    6.894449] pci_bus 0000:00: root bus resource [bus 00-ff]
Jul 22 11:54:28 ip-10-0-0-94 kernel: [    6.900438] pci 0000:00:00.0: [8086:1237] type 00 class 0x060000
Jul 22 11:54:28 ip-10-0-0-94 kernel: [    6.902998] pci 0000:00:01.0: [8086:7000] type 00 class 0x060100
Jul 22 11:54:28 ip-10-0-0-94 kernel: [    6.906772] pci 0000:00:01.1: [8086:7010] type 00 class 0x010180
Jul 22 11:54:28 ip-10-0-0-94 kernel: [    6.908920] pci 0000:00:01.1: reg 0x20: [io  0xc100-0xc10f]
Jul 22 11:54:28 ip-10-0-0-94 kernel: [    6.909852] pci 0000:00:01.1: legacy IDE quirk: reg 0x10: [io  0x01f0-0x01f7]
Jul 22 11:54:28 ip-10-0-0-94 kernel: [    6.916983] pci 0000:00:01.1: legacy IDE quirk: reg 0x14: [io  0x03f6]
Jul 22 11:54:28 ip-10-0-0-94 kernel: [    6.923569] pci 0000:00:01.1: legacy IDE quirk: reg 0x18: [io  0x0170-0x0177]
Jul 22 11:54:28 ip-10-0-0-94 kernel: [    6.930778] pci 0000:00:01.1: legacy IDE quirk: reg 0x1c: [io  0x0376]
Jul 22 11:54:28 ip-10-0-0-94 kernel: [    6.938180] pci 0000:00:01.3: [8086:7113] type 00 class 0x068000
Jul 22 11:54:28 ip-10-0-0-94 kernel: [    6.938346] * Found PM-Timer Bug on the chipset. Due to workarounds for a bug,
Jul 22 11:54:28 ip-10-0-0-94 kernel: [    6.938346] * this clock source is slow. Consider trying other clock sources
Jul 22 11:54:28 ip-10-0-0-94 kernel: [    6.954577] pci 0000:00:01.3: quirk: [io  0xb000-0xb03f] claimed by PIIX4 ACPI
Jul 22 11:54:28 ip-10-0-0-94 kernel: [    6.963421] pci 0000:00:02.0: [1013:00b8] type 00 class 0x030000
Jul 22 11:54:28 ip-10-0-0-94 kernel: [    6.964035] pci 0000:00:02.0: reg 0x10: [mem 0xf0000000-0xf1ffffff pref]
Jul 22 11:54:28 ip-10-0-0-94 kernel: [    6.964429] pci 0000:00:02.0: reg 0x14: [mem 0xf3008000-0xf3008fff]
Jul 22 11:54:28 ip-10-0-0-94 kernel: [    6.967350] pci 0000:00:03.0: [8086:10ed] type 00 class 0x020000
Jul 22 11:54:28 ip-10-0-0-94 kernel: [    6.968696] pci 0000:00:03.0: reg 0x10: [mem 0xf3000000-0xf3003fff 64bit pref]
Jul 22 11:54:28 ip-10-0-0-94 kernel: [    6.969794] pci 0000:00:03.0: reg 0x1c: [mem 0xf3004000-0xf3007fff 64bit pref]
Jul 22 11:54:28 ip-10-0-0-94 kernel: [    6.973538] pci 0000:00:1f.0: [5853:0001] type 00 class 0xff8000
Jul 22 11:54:28 ip-10-0-0-94 kernel: [    6.974228] pci 0000:00:1f.0: reg 0x10: [io  0xc000-0xc0ff]
Jul 22 11:54:28 ip-10-0-0-94 kernel: [    6.974635] pci 0000:00:1f.0: reg 0x14: [mem 0xf2000000-0xf2ffffff pref]
Jul 22 11:54:28 ip-10-0-0-94 kernel: [    6.977390] ACPI: PCI Interrupt Link [LNKA] (IRQs *5 10 11)
Jul 22 11:54:28 ip-10-0-0-94 kernel: [    6.986918] ACPI: PCI Interrupt Link [LNKB] (IRQs 5 *10 11)
Jul 22 11:54:28 ip-10-0-0-94 kernel: [    6.996709] ACPI: PCI Interrupt Link [LNKC] (IRQs 5 10 *11)
Jul 22 11:54:28 ip-10-0-0-94 kernel: [    7.006211] ACPI: PCI Interrupt Link [LNKD] (IRQs *5 10 11)
Jul 22 11:54:28 ip-10-0-0-94 kernel: [    7.040258] ACPI: Enabled 2 GPEs in block 00 to 0F
Jul 22 11:54:28 ip-10-0-0-94 kernel: [    7.047048] xen:balloon: Initialising balloon driver
Jul 22 11:54:28 ip-10-0-0-94 kernel: [    7.053454] vgaarb: setting as boot device: PCI:0000:00:02.0
Jul 22 11:54:28 ip-10-0-0-94 kernel: [    7.059252] vgaarb: device added: PCI:0000:00:02.0,decodes=io+mem,owns=io+mem,locks=none
Jul 22 11:54:28 ip-10-0-0-94 kernel: [    7.067462] vgaarb: loaded
Jul 22 11:54:28 ip-10-0-0-94 kernel: [    7.070786] vgaarb: bridge control possible 0000:00:02.0
Jul 22 11:54:28 ip-10-0-0-94 kernel: [    7.076603] SCSI subsystem initialized
Jul 22 11:54:28 ip-10-0-0-94 kernel: [    7.080885] libata version 3.00 loaded.
Jul 22 11:54:28 ip-10-0-0-94 kernel: [    7.080908] ACPI: bus type USB registered
Jul 22 11:54:28 ip-10-0-0-94 kernel: [    7.085343] usbcore: registered new interface driver usbfs
Jul 22 11:54:28 ip-10-0-0-94 kernel: [    7.090991] usbcore: registered new interface driver hub
Jul 22 11:54:28 ip-10-0-0-94 kernel: [    7.096693] usbcore: registered new device driver usb
Jul 22 11:54:28 ip-10-0-0-94 kernel: [    7.102312] PCI: Using ACPI for IRQ routing
Jul 22 11:54:28 ip-10-0-0-94 kernel: [    7.106858] PCI: pci_cache_line_size set to 64 bytes
Jul 22 11:54:28 ip-10-0-0-94 kernel: [    7.107654] e820: reserve RAM buffer [mem 0x0009e000-0x0009ffff]
Jul 22 11:54:28 ip-10-0-0-94 kernel: [    7.107809] NetLabel: Initializing
Jul 22 11:54:28 ip-10-0-0-94 kernel: [    7.111707] NetLabel:  domain hash size = 128
Jul 22 11:54:28 ip-10-0-0-94 kernel: [    7.116406] NetLabel:  protocols = UNLABELED CIPSOv4
Jul 22 11:54:28 ip-10-0-0-94 kernel: [    7.121508] NetLabel:  unlabeled traffic allowed by default
Jul 22 11:54:28 ip-10-0-0-94 kernel: [    7.127294] HPET: 3 timers in total, 0 timers will be used for per-cpu timer
Jul 22 11:54:28 ip-10-0-0-94 kernel: [    7.134329] hpet0: at MMIO 0xfed00000, IRQs 2, 8, 0
Jul 22 11:54:28 ip-10-0-0-94 kernel: [    7.142158] hpet0: 3 comparators, 64-bit 62.500000 MHz counter
Jul 22 11:54:28 ip-10-0-0-94 kernel: [    7.151221] amd_nb: Cannot enumerate AMD northbridges
Jul 22 11:54:28 ip-10-0-0-94 kernel: [    7.156666] clocksource: Switched to clocksource xen
Jul 22 11:54:28 ip-10-0-0-94 kernel: [    7.168865] AppArmor: AppArmor Filesystem Enabled
Jul 22 11:54:28 ip-10-0-0-94 kernel: [    7.173966] pnp: PnP ACPI init
Jul 22 11:54:28 ip-10-0-0-94 kernel: [    7.177684] system 00:00: [mem 0x00000000-0x0009ffff] could not be reserved
Jul 22 11:54:28 ip-10-0-0-94 kernel: [    7.184735] system 00:00: Plug and Play ACPI device, IDs PNP0c02 (active)
Jul 22 11:54:28 ip-10-0-0-94 kernel: [    7.184818] system 00:01: [io  0x08a0-0x08a3] has been reserved
Jul 22 11:54:28 ip-10-0-0-94 kernel: [    7.190874] system 00:01: [io  0x0cc0-0x0ccf] has been reserved
Jul 22 11:54:28 ip-10-0-0-94 kernel: [    7.196950] system 00:01: [io  0x04d0-0x04d1] has been reserved
Jul 22 11:54:28 ip-10-0-0-94 kernel: [    7.203004] system 00:01: Plug and Play ACPI device, IDs PNP0c02 (active)
Jul 22 11:54:28 ip-10-0-0-94 kernel: [    7.203037] xen: --> pirq=17 -> irq=8 (gsi=8)
Jul 22 11:54:28 ip-10-0-0-94 kernel: [    7.203053] pnp 00:02: Plug and Play ACPI device, IDs PNP0b00 (active)
Jul 22 11:54:28 ip-10-0-0-94 kernel: [    7.203073] xen: --> pirq=18 -> irq=12 (gsi=12)
Jul 22 11:54:28 ip-10-0-0-94 kernel: [    7.203086] pnp 00:03: Plug and Play ACPI device, IDs PNP0f13 (active)
Jul 22 11:54:28 ip-10-0-0-94 kernel: [    7.203102] xen: --> pirq=19 -> irq=1 (gsi=1)
Jul 22 11:54:28 ip-10-0-0-94 kernel: [    7.203120] pnp 00:04: Plug and Play ACPI device, IDs PNP0303 PNP030b (active)
Jul 22 11:54:28 ip-10-0-0-94 kernel: [    7.203137] xen: --> pirq=20 -> irq=6 (gsi=6)
Jul 22 11:54:28 ip-10-0-0-94 kernel: [    7.203139] pnp 00:05: [dma 2]
Jul 22 11:54:28 ip-10-0-0-94 kernel: [    7.203152] pnp 00:05: Plug and Play ACPI device, IDs PNP0700 (active)
Jul 22 11:54:28 ip-10-0-0-94 kernel: [    7.203173] xen: --> pirq=21 -> irq=4 (gsi=4)
Jul 22 11:54:28 ip-10-0-0-94 kernel: [    7.203186] pnp 00:06: Plug and Play ACPI device, IDs PNP0501 (active)
Jul 22 11:54:28 ip-10-0-0-94 kernel: [    7.203222] system 00:07: [io  0x10c0-0x1141] has been reserved
Jul 22 11:54:28 ip-10-0-0-94 kernel: [    7.209442] system 00:07: [io  0xb044-0xb047] has been reserved
Jul 22 11:54:28 ip-10-0-0-94 kernel: [    7.215515] system 00:07: Plug and Play ACPI device, IDs PNP0c02 (active)
Jul 22 11:54:28 ip-10-0-0-94 kernel: [    7.239437] pnp: PnP ACPI: found 8 devices
Jul 22 11:54:28 ip-10-0-0-94 kernel: [    7.250312] clocksource: acpi_pm: mask: 0xffffff max_cycles: 0xffffff, max_idle_ns: 2085701024 ns
Jul 22 11:54:28 ip-10-0-0-94 kernel: [    7.259422] pci_bus 0000:00: resource 4 [io  0x0000-0x0cf7 window]
Jul 22 11:54:28 ip-10-0-0-94 kernel: [    7.259424] pci_bus 0000:00: resource 5 [io  0x0d00-0xffff window]
Jul 22 11:54:28 ip-10-0-0-94 kernel: [    7.259426] pci_bus 0000:00: resource 6 [mem 0x000a0000-0x000bffff window]
Jul 22 11:54:28 ip-10-0-0-94 kernel: [    7.259428] pci_bus 0000:00: resource 7 [mem 0xf0000000-0xfbffffff window]
Jul 22 11:54:28 ip-10-0-0-94 kernel: [    7.259540] NET: Registered protocol family 2
Jul 22 11:54:28 ip-10-0-0-94 kernel: [    7.265094] TCP established hash table entries: 524288 (order: 10, 4194304 bytes)
Jul 22 11:54:28 ip-10-0-0-94 kernel: [    7.273301] TCP bind hash table entries: 65536 (order: 8, 1048576 bytes)
Jul 22 11:54:28 ip-10-0-0-94 kernel: [    7.280028] TCP: Hash tables configured (established 524288 bind 65536)
Jul 22 11:54:28 ip-10-0-0-94 kernel: [    7.286719] UDP hash table entries: 32768 (order: 8, 1048576 bytes)
Jul 22 11:54:28 ip-10-0-0-94 kernel: [    7.295213] UDP-Lite hash table entries: 32768 (order: 8, 1048576 bytes)
Jul 22 11:54:28 ip-10-0-0-94 kernel: [    7.303740] NET: Registered protocol family 1
Jul 22 11:54:28 ip-10-0-0-94 kernel: [    7.309943] pci 0000:00:00.0: Limiting direct PCI/PCI transfers
Jul 22 11:54:28 ip-10-0-0-94 kernel: [    7.317122] pci 0000:00:01.0: PIIX3: Enabling Passive Release
Jul 22 11:54:28 ip-10-0-0-94 kernel: [    7.329706] pci 0000:00:01.0: Activating ISA DMA hang workarounds
Jul 22 11:54:28 ip-10-0-0-94 kernel: [    7.333639] pci 0000:00:02.0: Video device with shadowed ROM
Jul 22 11:54:28 ip-10-0-0-94 kernel: [    7.333754] PCI: CLS 0 bytes, default 64
Jul 22 11:54:28 ip-10-0-0-94 kernel: [    7.333801] Trying to unpack rootfs image as initramfs...
Jul 22 11:54:28 ip-10-0-0-94 kernel: [    7.488423] Freeing initrd memory: 12412K
Jul 22 11:54:28 ip-10-0-0-94 kernel: [    7.492674] PCI-DMA: Using software bounce buffering for IO (SWIOTLB)
Jul 22 11:54:28 ip-10-0-0-94 kernel: [    7.499030] software IO TLB [mem 0xec000000-0xf0000000] (64MB) mapped at [ffff8800ec000000-ffff8800efffffff]
Jul 22 11:54:28 ip-10-0-0-94 kernel: [    7.508791] RAPL PMU detected, API unit is 2^-32 Joules, 3 fixed counters 655360 ms ovfl timer
Jul 22 11:54:28 ip-10-0-0-94 kernel: [    7.517317] hw unit of domain pp0-core 2^-14 Joules
Jul 22 11:54:28 ip-10-0-0-94 kernel: [    7.522385] hw unit of domain package 2^-14 Joules
Jul 22 11:54:28 ip-10-0-0-94 kernel: [    7.527496] hw unit of domain dram 2^-16 Joules
Jul 22 11:54:28 ip-10-0-0-94 kernel: [    7.532498] Scanning for low memory corruption every 60 seconds
Jul 22 11:54:28 ip-10-0-0-94 kernel: [    7.540055] audit: initializing netlink subsys (disabled)
Jul 22 11:54:28 ip-10-0-0-94 kernel: [    7.545638] audit: type=2000 audit(1563796460.613:1): initialized
Jul 22 11:54:28 ip-10-0-0-94 kernel: [    7.552053] Initialise system trusted keyring
Jul 22 11:54:28 ip-10-0-0-94 kernel: [    7.552897] random: nonblocking pool is initialized
Jul 22 11:54:28 ip-10-0-0-94 kernel: [    7.562274] HugeTLB registered 1 GB page size, pre-allocated 0 pages
Jul 22 11:54:28 ip-10-0-0-94 kernel: [    7.568656] HugeTLB registered 2 MB page size, pre-allocated 0 pages
Jul 22 11:54:28 ip-10-0-0-94 kernel: [    7.576066] zbud: loaded
Jul 22 11:54:28 ip-10-0-0-94 kernel: [    7.579563] VFS: Disk quotas dquot_6.6.0
Jul 22 11:54:28 ip-10-0-0-94 kernel: [    7.583959] VFS: Dquot-cache hash table entries: 512 (order 0, 4096 bytes)
Jul 22 11:54:28 ip-10-0-0-94 kernel: [    7.591207] squashfs: version 4.0 (2009/01/31) Phillip Lougher
Jul 22 11:54:28 ip-10-0-0-94 kernel: [    7.597463] fuse init (API version 7.23)
Jul 22 11:54:28 ip-10-0-0-94 kernel: [    7.601873] Key type big_key registered
Jul 22 11:54:28 ip-10-0-0-94 kernel: [    7.606086] Allocating IMA MOK and blacklist keyrings.
Jul 22 11:54:28 ip-10-0-0-94 kernel: [    7.611834] Key type asymmetric registered
Jul 22 11:54:28 ip-10-0-0-94 kernel: [    7.618100] Asymmetric key parser 'x509' registered
Jul 22 11:54:28 ip-10-0-0-94 kernel: [    7.624023] Block layer SCSI generic (bsg) driver version 0.4 loaded (major 249)
Jul 22 11:54:28 ip-10-0-0-94 kernel: [    7.631396] io scheduler noop registered
Jul 22 11:54:28 ip-10-0-0-94 kernel: [    7.635421] io scheduler deadline registered (default)
Jul 22 11:54:28 ip-10-0-0-94 kernel: [    7.640444] io scheduler cfq registered
Jul 22 11:54:28 ip-10-0-0-94 kernel: [    7.644569] pci_hotplug: PCI Hot Plug PCI Core version: 0.5
Jul 22 11:54:28 ip-10-0-0-94 kernel: [    7.650240] pciehp: PCI Express Hot Plug Controller Driver version: 0.4
Jul 22 11:54:28 ip-10-0-0-94 kernel: [    7.656719] intel_idle: MWAIT substates: 0x2120
Jul 22 11:54:28 ip-10-0-0-94 kernel: [    7.656793] intel_idle: v0.4.1 model 0x3F
Jul 22 11:54:28 ip-10-0-0-94 kernel: [    7.656795] intel_idle: lapic_timer_reliable_states 0x2
Jul 22 11:54:28 ip-10-0-0-94 kernel: [    7.657916] input: Power Button as /devices/LNXSYSTM:00/LNXPWRBN:00/input/input0
Jul 22 11:54:28 ip-10-0-0-94 kernel: [    7.665381] ACPI: Power Button [PWRF]
Jul 22 11:54:28 ip-10-0-0-94 kernel: [    7.669470] input: Sleep Button as /devices/LNXSYSTM:00/LNXSLPBN:00/input/input1
Jul 22 11:54:28 ip-10-0-0-94 kernel: [    7.676776] ACPI: Sleep Button [SLPF]
Jul 22 11:54:28 ip-10-0-0-94 kernel: [    7.681311] xen: --> pirq=22 -> irq=47 (gsi=47)
Jul 22 11:54:28 ip-10-0-0-94 kernel: [    7.681435] xen:grant_table: Grant tables using version 1 layout
Jul 22 11:54:28 ip-10-0-0-94 kernel: [    7.686989] Grant table initialized
Jul 22 11:54:28 ip-10-0-0-94 kernel: [    7.690639] Cannot get hvm parameter CONSOLE_EVTCHN (18): -22!
Jul 22 11:54:28 ip-10-0-0-94 kernel: [    7.696188] Serial: 8250/16550 driver, 4 ports, IRQ sharing enabled
Jul 22 11:54:28 ip-10-0-0-94 kernel: [    7.733029] 00:06: ttyS0 at I/O 0x3f8 (irq = 4, base_baud = 115200) is a 16550A
Jul 22 11:54:28 ip-10-0-0-94 kernel: [    7.740642] Linux agpgart interface v0.103
Jul 22 11:54:28 ip-10-0-0-94 kernel: [    7.753142] brd: module loaded
Jul 22 11:54:28 ip-10-0-0-94 kernel: [    7.760178] loop: module loaded
Jul 22 11:54:28 ip-10-0-0-94 kernel: [    7.764375] ata_piix 0000:00:01.1: version 2.13
Jul 22 11:54:28 ip-10-0-0-94 kernel: [    7.765563] scsi host0: ata_piix
Jul 22 11:54:28 ip-10-0-0-94 kernel: [    7.767442] blkfront: xvda: barrier or flush: disabled; persistent grants: disabled; indirect descriptors: enabled;
Jul 22 11:54:28 ip-10-0-0-94 kernel: [    7.768158]  xvda: xvda1
Jul 22 11:54:28 ip-10-0-0-94 kernel: [    7.781603] scsi host1: ata_piix
Jul 22 11:54:28 ip-10-0-0-94 kernel: [    7.785016] ata1: PATA max MWDMA2 cmd 0x1f0 ctl 0x3f6 bmdma 0xc100 irq 14
Jul 22 11:54:28 ip-10-0-0-94 kernel: [    7.791090] ata2: PATA max MWDMA2 cmd 0x170 ctl 0x376 bmdma 0xc108 irq 15
Jul 22 11:54:28 ip-10-0-0-94 kernel: [    7.797745] libphy: Fixed MDIO Bus: probed
Jul 22 11:54:28 ip-10-0-0-94 kernel: [    7.801754] tun: Universal TUN/TAP device driver, 1.6
Jul 22 11:54:28 ip-10-0-0-94 kernel: [    7.806964] tun: (C) 1999-2004 Max Krasnyansky <maxk@qualcomm.com>
Jul 22 11:54:28 ip-10-0-0-94 kernel: [    7.813132] PPP generic driver version 2.4.2
Jul 22 11:54:28 ip-10-0-0-94 kernel: [    7.817671] xen_netfront: Initialising Xen virtual ethernet driver
Jul 22 11:54:28 ip-10-0-0-94 kernel: [    7.824015] ehci_hcd: USB 2.0 'Enhanced' Host Controller (EHCI) Driver
Jul 22 11:54:28 ip-10-0-0-94 kernel: [    7.830381] ehci-pci: EHCI PCI platform driver
Jul 22 11:54:28 ip-10-0-0-94 kernel: [    7.835258] ehci-platform: EHCI generic platform driver
Jul 22 11:54:28 ip-10-0-0-94 kernel: [    7.840609] ohci_hcd: USB 1.1 'Open' Host Controller (OHCI) Driver
Jul 22 11:54:28 ip-10-0-0-94 kernel: [    7.846820] ohci-pci: OHCI PCI platform driver
Jul 22 11:54:28 ip-10-0-0-94 kernel: [    7.851431] ohci-platform: OHCI generic platform driver
Jul 22 11:54:28 ip-10-0-0-94 kernel: [    7.856925] uhci_hcd: USB Universal Host Controller Interface driver
Jul 22 11:54:28 ip-10-0-0-94 kernel: [    7.863283] i8042: PNP: PS/2 Controller [PNP0303:PS2K,PNP0f13:PS2M] at 0x60,0x64 irq 1,12
Jul 22 11:54:28 ip-10-0-0-94 kernel: [    7.874003] serio: i8042 KBD port at 0x60,0x64 irq 1
Jul 22 11:54:28 ip-10-0-0-94 kernel: [    7.878899] serio: i8042 AUX port at 0x60,0x64 irq 12
Jul 22 11:54:28 ip-10-0-0-94 kernel: [    7.884060] mousedev: PS/2 mouse device common for all mice
Jul 22 11:54:28 ip-10-0-0-94 kernel: [    7.890498] input: AT Translated Set 2 keyboard as /devices/platform/i8042/serio0/input/input2
Jul 22 11:54:28 ip-10-0-0-94 kernel: [    7.899437] rtc_cmos 00:02: rtc core: registered rtc_cmos as rtc0
Jul 22 11:54:28 ip-10-0-0-94 kernel: [    7.905438] rtc_cmos 00:02: alarms up to one day, 114 bytes nvram, hpet irqs
Jul 22 11:54:28 ip-10-0-0-94 kernel: [    7.911837] i2c /dev entries driver
Jul 22 11:54:28 ip-10-0-0-94 kernel: [    7.915791] device-mapper: uevent: version 1.0.3
Jul 22 11:54:28 ip-10-0-0-94 kernel: [    7.920468] device-mapper: ioctl: 4.34.0-ioctl (2015-10-28) initialised: dm-devel@redhat.com
Jul 22 11:54:28 ip-10-0-0-94 kernel: [    7.928520] Intel P-state driver initializing.
Jul 22 11:54:28 ip-10-0-0-94 kernel: [    7.935585] NET: Registered protocol family 10
Jul 22 11:54:28 ip-10-0-0-94 kernel: [    7.942614] NET: Registered protocol family 17
Jul 22 11:54:28 ip-10-0-0-94 kernel: [    7.947295] Key type dns_resolver registered
Jul 22 11:54:28 ip-10-0-0-94 kernel: [    7.952129] registered taskstats version 1
Jul 22 11:54:28 ip-10-0-0-94 kernel: [    7.956378] Loading compiled-in X.509 certificates
Jul 22 11:54:28 ip-10-0-0-94 kernel: [    7.961540] Loaded X.509 cert 'Build time autogenerated kernel key: 999331f4e42d791a53730c2883c63539f919e8cf'
Jul 22 11:54:28 ip-10-0-0-94 kernel: [    7.970614] zswap: loaded using pool lzo/zbud
Jul 22 11:54:28 ip-10-0-0-94 kernel: [    7.978554] Key type trusted registered
Jul 22 11:54:28 ip-10-0-0-94 kernel: [    7.986982] Key type encrypted registered
Jul 22 11:54:28 ip-10-0-0-94 kernel: [    7.991204] AppArmor: AppArmor sha1 policy hashing enabled
Jul 22 11:54:28 ip-10-0-0-94 kernel: [    7.996666] ima: No TPM chip found, activating TPM-bypass!
Jul 22 11:54:28 ip-10-0-0-94 kernel: [    8.001920] ima: Allocated hash algorithm: sha1
Jul 22 11:54:28 ip-10-0-0-94 kernel: [    8.006573] evm: HMAC attrs: 0x1
Jul 22 11:54:28 ip-10-0-0-94 kernel: [    8.010353] xenbus_probe_frontend: Device with no driver: device/pci/0
Jul 22 11:54:28 ip-10-0-0-94 kernel: [    8.016684]   Magic number: 11:715:934
Jul 22 11:54:28 ip-10-0-0-94 kernel: [    8.020713] clockevents clockevent23: hash matches
Jul 22 11:54:28 ip-10-0-0-94 kernel: [    8.025644] acpi device:fe: hash matches
Jul 22 11:54:28 ip-10-0-0-94 kernel: [    8.029915] rtc_cmos 00:02: setting system clock to 2019-07-22 11:54:21 UTC (1563796461)
Jul 22 11:54:28 ip-10-0-0-94 kernel: [    8.037811] BIOS EDD facility v0.16 2004-Jun-25, 0 devices found
Jul 22 11:54:28 ip-10-0-0-94 kernel: [    8.043354] EDD information not available.
Jul 22 11:54:28 ip-10-0-0-94 kernel: [    8.047722] PM: Hibernation image not present or could not be loaded.
Jul 22 11:54:28 ip-10-0-0-94 kernel: [    8.049948] Freeing unused kernel memory: 1504K
Jul 22 11:54:28 ip-10-0-0-94 kernel: [    8.088708] Write protecting the kernel read-only data: 14336k
Jul 22 11:54:28 ip-10-0-0-94 kernel: [    8.095316] Freeing unused kernel memory: 1856K
Jul 22 11:54:28 ip-10-0-0-94 kernel: [    8.100430] Freeing unused kernel memory: 208K
Jul 22 11:54:28 ip-10-0-0-94 kernel: [    8.183748] ixgbevf: Intel(R) 10 Gigabit PCI Express Virtual Function Network Driver - version 2.12.1-k
Jul 22 11:54:28 ip-10-0-0-94 kernel: [    8.214709] ixgbevf: Copyright (c) 2009 - 2015 Intel Corporation.
Jul 22 11:54:28 ip-10-0-0-94 kernel: [    8.233620] AVX2 version of gcm_enc/dec engaged.
Jul 22 11:54:28 ip-10-0-0-94 kernel: [    8.236825] ixgbevf 0000:00:03.0: 06:48:00:61:dd:b8
Jul 22 11:54:28 ip-10-0-0-94 kernel: [    8.236826] ixgbevf 0000:00:03.0: MAC: 1
Jul 22 11:54:28 ip-10-0-0-94 kernel: [    8.236827] ixgbevf 0000:00:03.0: Intel(R) 82599 Virtual Function
Jul 22 11:54:28 ip-10-0-0-94 kernel: [    8.251070] ixgbevf 0000:00:03.0 ens3: renamed from eth0
Jul 22 11:54:28 ip-10-0-0-94 kernel: [    8.260051] AES CTR mode by8 optimization enabled
Jul 22 11:54:28 ip-10-0-0-94 kernel: [    8.528809] tsc: Refined TSC clocksource calibration: 2899.998 MHz
Jul 22 11:54:28 ip-10-0-0-94 kernel: [    8.535093] clocksource: tsc: mask: 0xffffffffffffffff max_cycles: 0x29cd4133323, max_idle_ns: 440795296220 ns
Jul 22 11:54:28 ip-10-0-0-94 kernel: [    9.738341] md: linear personality registered for level -1
Jul 22 11:54:28 ip-10-0-0-94 kernel: [    9.746635] md: multipath personality registered for level -4
Jul 22 11:54:28 ip-10-0-0-94 kernel: [    9.755047] md: raid0 personality registered for level 0
Jul 22 11:54:28 ip-10-0-0-94 kernel: [    9.763275] md: raid1 personality registered for level 1
Jul 22 11:54:28 ip-10-0-0-94 kernel: [    9.820732] raid6: sse2x1   gen() 10045 MB/s
Jul 22 11:54:28 ip-10-0-0-94 kernel: [    9.872737] raid6: sse2x1   xor()  7954 MB/s
Jul 22 11:54:28 ip-10-0-0-94 kernel: [    9.924727] raid6: sse2x2   gen() 13003 MB/s
Jul 22 11:54:28 ip-10-0-0-94 kernel: [    9.976729] raid6: sse2x2   xor()  8721 MB/s
Jul 22 11:54:28 ip-10-0-0-94 kernel: [   10.028727] raid6: sse2x4   gen() 14980 MB/s
Jul 22 11:54:28 ip-10-0-0-94 kernel: [   10.080741] raid6: sse2x4   xor() 10389 MB/s
Jul 22 11:54:28 ip-10-0-0-94 kernel: [   10.132729] raid6: avx2x1   gen() 19765 MB/s
Jul 22 11:54:28 ip-10-0-0-94 kernel: [   10.184729] raid6: avx2x2   gen() 23293 MB/s
Jul 22 11:54:28 ip-10-0-0-94 kernel: [   10.236732] raid6: avx2x4   gen() 26980 MB/s
Jul 22 11:54:28 ip-10-0-0-94 kernel: [   10.241733] raid6: using algorithm avx2x4 gen() 26980 MB/s
Jul 22 11:54:28 ip-10-0-0-94 kernel: [   10.247320] raid6: using avx2x2 recovery algorithm
Jul 22 11:54:28 ip-10-0-0-94 kernel: [   10.254172] xor: automatically using best checksumming function:
Jul 22 11:54:28 ip-10-0-0-94 kernel: [   10.296727]    avx       : 30932.000 MB/sec
Jul 22 11:54:28 ip-10-0-0-94 kernel: [   10.303070] async_tx: api initialized (async)
Jul 22 11:54:28 ip-10-0-0-94 kernel: [   10.315506] md: raid6 personality registered for level 6
Jul 22 11:54:28 ip-10-0-0-94 kernel: [   10.321029] md: raid5 personality registered for level 5
Jul 22 11:54:28 ip-10-0-0-94 kernel: [   10.326545] md: raid4 personality registered for level 4
Jul 22 11:54:28 ip-10-0-0-94 kernel: [   10.336735] md: raid10 personality registered for level 10
Jul 22 11:54:28 ip-10-0-0-94 kernel: [   10.368087] Btrfs loaded
Jul 22 11:54:28 ip-10-0-0-94 kernel: [   10.407761] EXT4-fs (xvda1): mounted filesystem with ordered data mode. Opts: (null)
Jul 22 11:54:28 ip-10-0-0-94 kernel: [   10.870462] Loading iSCSI transport class v2.0-870.
Jul 22 11:54:28 ip-10-0-0-94 kernel: [   10.899458] iscsi: registered transport (tcp)
Jul 22 11:54:28 ip-10-0-0-94 kernel: [   10.946291] EXT4-fs (xvda1): re-mounted. Opts: discard
Jul 22 11:54:28 ip-10-0-0-94 kernel: [   10.974875] iscsi: registered transport (iser)
Jul 22 11:54:28 ip-10-0-0-94 kernel: [   12.461313] audit: type=1400 audit(1563796465.928:2): apparmor="STATUS" operation="profile_load" profile="unconfined" name="/usr/bin/lxc-start" pid=975 comm="apparmor_parser"
Jul 22 11:54:28 ip-10-0-0-94 kernel: [   12.507500] audit: type=1400 audit(1563796465.972:3): apparmor="STATUS" operation="profile_load" profile="unconfined" name="/usr/lib/lxd/lxd-bridge-proxy" pid=976 comm="apparmor_parser"
Jul 22 11:54:28 ip-10-0-0-94 kernel: [   12.524980] audit: type=1400 audit(1563796465.992:4): apparmor="STATUS" operation="profile_load" profile="unconfined" name="/usr/sbin/tcpdump" pid=981 comm="apparmor_parser"
Jul 22 11:54:28 ip-10-0-0-94 kernel: [   12.583251] audit: type=1400 audit(1563796466.048:5): apparmor="STATUS" operation="profile_load" profile="unconfined" name="/sbin/dhclient" pid=978 comm="apparmor_parser"
Jul 22 11:54:28 ip-10-0-0-94 kernel: [   12.583508] audit: type=1400 audit(1563796466.048:6): apparmor="STATUS" operation="profile_load" profile="unconfined" name="/usr/lib/NetworkManager/nm-dhcp-client.action" pid=978 comm="apparmor_parser"
Jul 22 11:54:28 ip-10-0-0-94 kernel: [   12.583742] audit: type=1400 audit(1563796466.048:7): apparmor="STATUS" operation="profile_load" profile="unconfined" name="/usr/lib/NetworkManager/nm-dhcp-helper" pid=978 comm="apparmor_parser"
Jul 22 11:54:28 ip-10-0-0-94 kernel: [   12.583970] audit: type=1400 audit(1563796466.048:8): apparmor="STATUS" operation="profile_load" profile="unconfined" name="/usr/lib/connman/scripts/dhclient-script" pid=978 comm="apparmor_parser"
Jul 22 11:54:28 ip-10-0-0-94 kernel: [   12.611857] audit: type=1400 audit(1563796466.076:9): apparmor="STATUS" operation="profile_load" profile="unconfined" name="/usr/lib/snapd/snap-confine" pid=977 comm="apparmor_parser"
Jul 22 11:54:28 ip-10-0-0-94 kernel: [   12.611988] audit: type=1400 audit(1563796466.076:10): apparmor="STATUS" operation="profile_load" profile="unconfined" name="/usr/lib/snapd/snap-confine//mount-namespace-capture-helper" pid=977 comm="apparmor_parser"
Jul 22 11:54:28 ip-10-0-0-94 kernel: [   12.680518] audit: type=1400 audit(1563796466.144:11): apparmor="STATUS" operation="profile_load" profile="unconfined" name="lxc-container-default" pid=980 comm="apparmor_parser"
Jul 22 11:54:28 ip-10-0-0-94 kernel: [   12.680841] audit: type=1400 audit(1563796466.148:12): apparmor="STATUS" operation="profile_load" profile="unconfined" name="lxc-container-default-cgns" pid=980 comm="apparmor_parser"
Jul 22 11:54:28 ip-10-0-0-94 kernel: [   12.681149] audit: type=1400 audit(1563796466.148:13): apparmor="STATUS" operation="profile_load" profile="unconfined" name="lxc-container-default-with-mounting" pid=980 comm="apparmor_parser"
Jul 22 11:54:28 ip-10-0-0-94 kernel: [   12.681457] audit: type=1400 audit(1563796466.148:14): apparmor="STATUS" operation="profile_load" profile="unconfined" name="lxc-container-default-with-nesting" pid=980 comm="apparmor_parser"
Jul 22 11:54:28 ip-10-0-0-94 kernel: [   13.043571] ixgbevf 0000:00:03.0: NIC Link is Up 10 Gbps
Jul 22 11:54:28 ip-10-0-0-94 kernel: [   13.045090] IPv6: ADDRCONF(NETDEV_UP): ens3: link is not ready
Jul 22 11:54:28 ip-10-0-0-94 kernel: [   13.045114] IPv6: ADDRCONF(NETDEV_CHANGE): ens3: link becomes ready
Jul 22 11:54:28 ip-10-0-0-94 kernel: [   13.455610] ixgbevf 0000:00:03.0: NIC Link is Up 10 Gbps
Jul 22 11:54:28 ip-10-0-0-94 kernel: [   13.457129] IPv6: ADDRCONF(NETDEV_UP): ens3: link is not ready
Jul 22 11:54:28 ip-10-0-0-94 kernel: [   13.457147] IPv6: ADDRCONF(NETDEV_CHANGE): ens3: link becomes ready
Jul 22 11:54:28 ip-10-0-0-94 kernel: [   14.054189] EXT4-fs (xvda1): resizing filesystem from 2096891 to 7864059 blocks
Jul 22 11:54:28 ip-10-0-0-94 kernel: [   14.064795] EXT4-fs (xvda1): resized filesystem to 7864059
Jul 22 11:54:28 ip-10-0-0-94 kernel: [   14.540671] cgroup: new mount options do not match the existing superblock, will be ignored
Jul 22 11:54:28 ip-10-0-0-94 rsyslogd-2039: Could not open output pipe '/dev/xconsole':: No such file or directory [v8.16.0 try http://www.rsyslog.com/e/2039 ]
Jul 22 11:54:28 ip-10-0-0-94 rsyslogd-2007: action 'action 11' suspended, next retry is Mon Jul 22 11:54:58 2019 [v8.16.0 try http://www.rsyslog.com/e/2007 ]
Jul 22 11:54:28 ip-10-0-0-94 cloud-init[1300]: ci-info: |   1   |   10.0.0.0  | 0.0.0.0  | 255.255.255.0 |    ens3   |   U   |
Jul 22 11:54:28 ip-10-0-0-94 cloud-init[1300]: ci-info: +-------+-------------+----------+---------------+-----------+-------+
Jul 22 11:54:28 ip-10-0-0-94 cloud-init[1300]: ci-info: +++++++++++++++++++Route IPv6 info+++++++++++++++++++
Jul 22 11:54:28 ip-10-0-0-94 cloud-init[1300]: ci-info: +-------+-------------+---------+-----------+-------+
Jul 22 11:54:28 ip-10-0-0-94 cloud-init[1300]: ci-info: | Route | Destination | Gateway | Interface | Flags |
Jul 22 11:54:28 ip-10-0-0-94 cloud-init[1300]: ci-info: +-------+-------------+---------+-----------+-------+
Jul 22 11:54:28 ip-10-0-0-94 cloud-init[1300]: ci-info: |   0   |  fe80::/64  |    ::   |    ens3   |   U   |
Jul 22 11:54:28 ip-10-0-0-94 cloud-init[1300]: ci-info: |   3   |   ff00::/8  |    ::   |    ens3   |   U   |
Jul 22 11:54:28 ip-10-0-0-94 cloud-init[1300]: ci-info: +-------+-------------+---------+-----------+-------+
Jul 22 11:54:28 ip-10-0-0-94 systemd[1]: Started Initial cloud-init job (metadata service crawler).
Jul 22 11:54:28 ip-10-0-0-94 iscsid: iSCSI logger with pid=1395 started!
Jul 22 11:54:28 ip-10-0-0-94 cloud-init[1300]: Generating public/private rsa key pair.
Jul 22 11:54:28 ip-10-0-0-94 cloud-init[1300]: Your identification has been saved in /etc/ssh/ssh_host_rsa_key.
Jul 22 11:54:28 ip-10-0-0-94 cloud-init[1300]: Your public key has been saved in /etc/ssh/ssh_host_rsa_key.pub.
Jul 22 11:54:28 ip-10-0-0-94 cloud-init[1300]: The key fingerprint is:
Jul 22 11:54:28 ip-10-0-0-94 cloud-init[1300]: SHA256:kOkN1zOPRtL0VakYwUgMtPYJ+DGlEKpg6dVHxtoWrYI root@ip-10-0-0-94
Jul 22 11:54:28 ip-10-0-0-94 cloud-init[1300]: The key's randomart image is:
Jul 22 11:54:28 ip-10-0-0-94 cloud-init[1300]: +---[RSA 2048]----+
Jul 22 11:54:28 ip-10-0-0-94 cloud-init[1300]: |     o+==o+.. ..o|
Jul 22 11:54:28 ip-10-0-0-94 cloud-init[1300]: |  . o ==+B + . . |
Jul 22 11:54:28 ip-10-0-0-94 cloud-init[1300]: |.o o.oBO= * + .  |
Jul 22 11:54:28 ip-10-0-0-94 cloud-init[1300]: |+ oE ++O=o.* .   |
Jul 22 11:54:28 ip-10-0-0-94 cloud-init[1300]: | o    +.Soo .    |
Jul 22 11:54:28 ip-10-0-0-94 cloud-init[1300]: |         .       |
Jul 22 11:54:28 ip-10-0-0-94 cloud-init[1300]: |                 |
Jul 22 11:54:28 ip-10-0-0-94 cloud-init[1300]: message repeated 2 times: [ |                 |]
Jul 22 11:54:28 ip-10-0-0-94 cloud-init[1300]: +----[SHA256]-----+
Jul 22 11:54:28 ip-10-0-0-94 cloud-init[1300]: Generating public/private dsa key pair.
Jul 22 11:54:28 ip-10-0-0-94 cloud-init[1300]: Your identification has been saved in /etc/ssh/ssh_host_dsa_key.
Jul 22 11:54:28 ip-10-0-0-94 cloud-init[1300]: Your public key has been saved in /etc/ssh/ssh_host_dsa_key.pub.
Jul 22 11:54:28 ip-10-0-0-94 cloud-init[1300]: The key fingerprint is:
Jul 22 11:54:28 ip-10-0-0-94 cloud-init[1300]: SHA256:kKXDxpPpVlPoHTtkaVrtxyhgWIlL5hB0J9vqyBzhPG0 root@ip-10-0-0-94
Jul 22 11:54:28 ip-10-0-0-94 cloud-init[1300]: The key's randomart image is:
Jul 22 11:54:28 ip-10-0-0-94 cloud-init[1300]: +---[DSA 1024]----+
Jul 22 11:54:28 ip-10-0-0-94 cloud-init[1300]: |   .o.o++o.o     |
Jul 22 11:54:28 ip-10-0-0-94 cloud-init[1300]: |    .+=@=.B .    |
Jul 22 11:54:28 ip-10-0-0-94 cloud-init[1300]: |    .=&++O + o   |
Jul 22 11:54:28 ip-10-0-0-94 cloud-init[1300]: |   o =o*o.= o o  |
Jul 22 11:54:28 ip-10-0-0-94 cloud-init[1300]: |    = E S  o .   |
Jul 22 11:54:28 ip-10-0-0-94 cloud-init[1300]: |   o B           |
Jul 22 11:54:28 ip-10-0-0-94 cloud-init[1300]: |    + .          |
Jul 22 11:54:28 ip-10-0-0-94 cloud-init[1300]: |                 |
Jul 22 11:54:28 ip-10-0-0-94 cloud-init[1300]: |                 |
Jul 22 11:54:28 ip-10-0-0-94 cloud-init[1300]: +----[SHA256]-----+
Jul 22 11:54:28 ip-10-0-0-94 cloud-init[1300]: Generating public/private ecdsa key pair.
Jul 22 11:54:28 ip-10-0-0-94 cloud-init[1300]: Your identification has been saved in /etc/ssh/ssh_host_ecdsa_key.
Jul 22 11:54:28 ip-10-0-0-94 cloud-init[1300]: Your public key has been saved in /etc/ssh/ssh_host_ecdsa_key.pub.
Jul 22 11:54:28 ip-10-0-0-94 cloud-init[1300]: The key fingerprint is:
Jul 22 11:54:28 ip-10-0-0-94 cloud-init[1300]: SHA256:PBCY35LIB41bVZt0p2IUg+c5c8bOzh6y+Tdt8QZSTKI root@ip-10-0-0-94
Jul 22 11:54:28 ip-10-0-0-94 cloud-init[1300]: The key's randomart image is:
Jul 22 11:54:28 ip-10-0-0-94 cloud-init[1300]: +---[ECDSA 256]---+
Jul 22 11:54:28 ip-10-0-0-94 cloud-init[1300]: |     =...o*.. .  |
Jul 22 11:54:28 ip-10-0-0-94 cloud-init[1300]: |    = o..o.=.o.  |
Jul 22 11:54:28 ip-10-0-0-94 cloud-init[1300]: |   . *.o o=+.+   |
Jul 22 11:54:28 ip-10-0-0-94 cloud-init[1300]: |    + =o..E.+ o  |
Jul 22 11:54:28 ip-10-0-0-94 cloud-init[1300]: |     . .S  B .   |
Jul 22 11:54:28 ip-10-0-0-94 cloud-init[1300]: |         .  + .. |
Jul 22 11:54:28 ip-10-0-0-94 cloud-init[1300]: |          .o.. oo|
Jul 22 11:54:28 ip-10-0-0-94 cloud-init[1300]: |           +o.o =|
Jul 22 11:54:28 ip-10-0-0-94 cloud-init[1300]: |          ooo. + |
Jul 22 11:54:28 ip-10-0-0-94 cloud-init[1300]: +----[SHA256]-----+
Jul 22 11:54:28 ip-10-0-0-94 cloud-init[1300]: Generating public/private ed25519 key pair.
Jul 22 11:54:28 ip-10-0-0-94 cloud-init[1300]: Your identification has been saved in /etc/ssh/ssh_host_ed25519_key.
Jul 22 11:54:28 ip-10-0-0-94 cloud-init[1300]: Your public key has been saved in /etc/ssh/ssh_host_ed25519_key.pub.
Jul 22 11:54:28 ip-10-0-0-94 cloud-init[1300]: The key fingerprint is:
Jul 22 11:54:28 ip-10-0-0-94 cloud-init[1300]: SHA256:f3LUhKVX55rw+aRjJUAHT1cX2U88YizI4URFFeHymR8 root@ip-10-0-0-94
Jul 22 11:54:28 ip-10-0-0-94 cloud-init[1300]: The key's randomart image is:
Jul 22 11:54:28 ip-10-0-0-94 cloud-init[1300]: +--[ED25519 256]--+
Jul 22 11:54:28 ip-10-0-0-94 cloud-init[1300]: |        o+=o==*o@|
Jul 22 11:54:28 ip-10-0-0-94 cloud-init[1300]: |        oo o.@ **|
Jul 22 11:54:28 ip-10-0-0-94 cloud-init[1300]: |         . .B.=.+|
Jul 22 11:54:28 ip-10-0-0-94 cloud-init[1300]: |            oBo+.|
Jul 22 11:54:28 ip-10-0-0-94 cloud-init[1300]: |        S   .+BEo|
Jul 22 11:54:28 ip-10-0-0-94 cloud-init[1300]: |         . .  .*.|
Jul 22 11:54:28 ip-10-0-0-94 cloud-init[1300]: |          o o +..|
Jul 22 11:54:28 ip-10-0-0-94 cloud-init[1300]: |           + . . |
Jul 22 11:54:28 ip-10-0-0-94 systemd[1]: Reached target System Initialization.
Jul 22 11:54:28 ip-10-0-0-94 iscsid: iSCSI daemon with pid=1396 started!
Jul 22 11:54:28 ip-10-0-0-94 cloud-init[1300]: |                 |
Jul 22 11:54:28 ip-10-0-0-94 cloud-init[1300]: +----[SHA256]-----+
Jul 22 11:54:28 ip-10-0-0-94 systemd[1]: Started Daily Cleanup of Temporary Directories.
Jul 22 11:54:28 ip-10-0-0-94 acpid: starting up with netlink and the input layer
Jul 22 11:54:28 ip-10-0-0-94 systemd[1]: Listening on ACPID Listen Socket.
Jul 22 11:54:28 ip-10-0-0-94 acpid: 1 rule loaded
Jul 22 11:54:28 ip-10-0-0-94 systemd[1]: Listening on D-Bus System Message Bus Socket.
Jul 22 11:54:28 ip-10-0-0-94 acpid: waiting for events: event logging is off
Jul 22 11:54:28 ip-10-0-0-94 mdadm[1400]:  * Starting MD monitoring service mdadm --monitor
Jul 22 11:54:28 ip-10-0-0-94 mdadm[1400]:    ...done.
Jul 22 11:54:28 ip-10-0-0-94 systemd[1]: Started ACPI Events Check.
Jul 22 11:54:28 ip-10-0-0-94 pollinate[1420]: client sent challenge to [https://entropy.ubuntu.com/]
Jul 22 11:54:28 ip-10-0-0-94 systemd[1]: Reached target Paths.
Jul 22 11:54:28 ip-10-0-0-94 dbus[1428]: [system] AppArmor D-Bus mediation is enabled
Jul 22 11:54:28 ip-10-0-0-94 systemd[1]: Starting LXD - unix socket.
Jul 22 11:54:28 ip-10-0-0-94 cron[1464]: (CRON) INFO (pidfile fd = 3)
Jul 22 11:54:28 ip-10-0-0-94 lxcfs[1413]: hierarchies:
Jul 22 11:54:28 ip-10-0-0-94 lxcfs[1413]:   0: fd:   5: cpuset
Jul 22 11:54:28 ip-10-0-0-94 lxcfs[1413]:   1: fd:   6: perf_event
Jul 22 11:54:28 ip-10-0-0-94 lxcfs[1413]:   2: fd:   7: cpu,cpuacct
Jul 22 11:54:28 ip-10-0-0-94 lxcfs[1413]:   3: fd:   8: pids
Jul 22 11:54:28 ip-10-0-0-94 lxcfs[1413]:   4: fd:   9: devices
Jul 22 11:54:28 ip-10-0-0-94 lxcfs[1413]:   5: fd:  10: memory
Jul 22 11:54:28 ip-10-0-0-94 lxcfs[1413]:   6: fd:  11: freezer
Jul 22 11:54:28 ip-10-0-0-94 lxcfs[1413]:   7: fd:  12: net_cls,net_prio
Jul 22 11:54:28 ip-10-0-0-94 lxcfs[1413]:   8: fd:  13: hugetlb
Jul 22 11:54:28 ip-10-0-0-94 lxcfs[1413]:   9: fd:  14: blkio
Jul 22 11:54:28 ip-10-0-0-94 lxcfs[1413]:  10: fd:  15: name=systemd
Jul 22 11:54:28 ip-10-0-0-94 systemd[1]: Started Daily apt download activities.
Jul 22 11:54:28 ip-10-0-0-94 cron[1464]: (CRON) INFO (Running @reboot jobs)
Jul 22 11:54:28 ip-10-0-0-94 systemd[1]: Started Daily apt upgrade and clean activities.
Jul 22 11:54:28 ip-10-0-0-94 dbus[1428]: [system] Activating via systemd: service name='org.freedesktop.PolicyKit1' unit='polkitd.service'
Jul 22 11:54:28 ip-10-0-0-94 systemd[1]: Reached target Timers.
Jul 22 11:54:28 ip-10-0-0-94 polkitd[1493]: started daemon version 0.105 using authority implementation `local' version `0.105'
Jul 22 11:54:28 ip-10-0-0-94 systemd[1]: Starting Socket activation for snappy daemon.
Jul 22 11:54:28 ip-10-0-0-94 dbus[1428]: [system] Successfully activated service 'org.freedesktop.PolicyKit1'
Jul 22 11:54:28 ip-10-0-0-94 snapd[1461]: AppArmor status: apparmor is enabled and all features are available
Jul 22 11:54:28 ip-10-0-0-94 snapd[1461]: 2019/07/22 11:54:28.401429 helpers.go:119: error trying to compare the snap system key: system-key missing on disk
Jul 22 11:54:28 ip-10-0-0-94 snapd[1461]: 2019/07/22 11:54:28.407550 daemon.go:343: started snapd/2.34.2 (series 16; classic) ubuntu/16.04 (amd64) linux/4.4.0-1067-aws.
Jul 22 11:54:28 ip-10-0-0-94 systemd[1]: Listening on UUID daemon activation socket.
Jul 22 11:54:28 ip-10-0-0-94 accounts-daemon[1403]: started daemon version 0.6.40
Jul 22 11:54:28 ip-10-0-0-94 systemd[1]: Reached target Cloud-config availability.
Jul 22 11:54:28 ip-10-0-0-94 pollinate[1420]: client verified challenge/response with [https://entropy.ubuntu.com/]
Jul 22 11:54:28 ip-10-0-0-94 systemd[1]: Reached target Network is Online.
Jul 22 11:54:28 ip-10-0-0-94 pollinate[1420]: client hashed response from [https://entropy.ubuntu.com/]
Jul 22 11:54:28 ip-10-0-0-94 systemd[1]: Starting iSCSI initiator daemon (iscsid)...
Jul 22 11:54:28 ip-10-0-0-94 pollinate[1420]: client successfully seeded [/dev/urandom]
Jul 22 11:54:28 ip-10-0-0-94 systemd[1]: Listening on LXD - unix socket.
Jul 22 11:54:28 ip-10-0-0-94 systemd[1]: Listening on Socket activation for snappy daemon.
Jul 22 11:54:28 ip-10-0-0-94 iscsiadm[1502]: iscsiadm: No records found
Jul 22 11:54:28 ip-10-0-0-94 systemd[1]: Reached target Sockets.
Jul 22 11:54:28 ip-10-0-0-94 systemd[1]: Reached target Basic System.
Jul 22 11:54:28 ip-10-0-0-94 irqbalance[1517]:  * Starting SMP IRQ Balancer: irqbalance
Jul 22 11:54:28 ip-10-0-0-94 irqbalance[1517]:    ...done.
Jul 22 11:54:28 ip-10-0-0-94 systemd[1]: Starting Login Service...
Jul 22 11:54:28 ip-10-0-0-94 systemd[1]: Starting LSB: MD monitoring daemon...
Jul 22 11:54:28 ip-10-0-0-94 systemd[1]: Starting Accounts Service...
Jul 22 11:54:28 ip-10-0-0-94 apport[1530]:  * Starting automatic crash report generation: apport
Jul 22 11:54:28 ip-10-0-0-94 apport[1530]:    ...done.
Jul 22 11:54:28 ip-10-0-0-94 systemd[1]: Started ACPI event daemon.
Jul 22 11:54:28 ip-10-0-0-94 systemd[1]: Started Deferred execution scheduler.
Jul 22 11:54:28 ip-10-0-0-94 systemd[1]: Started FUSE filesystem for LXC.
Jul 22 11:54:28 ip-10-0-0-94 systemd[1]: Starting /etc/rc.local Compatibility...
Jul 22 11:54:28 ip-10-0-0-94 systemd[1]: Starting Pollinate to seed the pseudo random number generator...
Jul 22 11:54:28 ip-10-0-0-94 systemd[1]: Starting System Logging Service...
Jul 22 11:54:28 ip-10-0-0-94 systemd[1]: Started D-Bus System Message Bus.
Jul 22 11:54:28 ip-10-0-0-94 systemd[1]: Starting Snappy daemon...
Jul 22 11:54:28 ip-10-0-0-94 systemd[1]: Started Regular background program processing daemon.
Jul 22 11:54:28 ip-10-0-0-94 systemd[1]: Starting LSB: Record successful boot for GRUB...
Jul 22 11:54:28 ip-10-0-0-94 systemd[1]: Started Unattended Upgrades Shutdown.
Jul 22 11:54:28 ip-10-0-0-94 systemd[1]: Starting LXD - container startup/shutdown...
Jul 22 11:54:28 ip-10-0-0-94 systemd[1]: Started System Logging Service.
Jul 22 11:54:28 ip-10-0-0-94 systemd[1]: Started iSCSI initiator daemon (iscsid).
Jul 22 11:54:28 ip-10-0-0-94 systemd[1]: Started /etc/rc.local Compatibility.
Jul 22 11:54:28 ip-10-0-0-94 systemd[1]: Started LSB: MD monitoring daemon.
Jul 22 11:54:28 ip-10-0-0-94 systemd[1]: Started Login Service.
Jul 22 11:54:28 ip-10-0-0-94 systemd[1]: Starting Authenticate and Authorize Users to Run Privileged Tasks...
Jul 22 11:54:28 ip-10-0-0-94 systemd[1]: Starting Login to default iSCSI targets...
Jul 22 11:54:28 ip-10-0-0-94 systemd[1]: Started LSB: Record successful boot for GRUB.
Jul 22 11:54:28 ip-10-0-0-94 systemd[1]: Started Login to default iSCSI targets.
Jul 22 11:54:28 ip-10-0-0-94 systemd[1]: Reached target Remote File Systems (Pre).
Jul 22 11:54:28 ip-10-0-0-94 systemd[1]: Reached target Remote File Systems.
Jul 22 11:54:28 ip-10-0-0-94 systemd[1]: Starting LSB: daemon to balance interrupts for SMP systems...
Jul 22 11:54:28 ip-10-0-0-94 systemd[1]: Starting Permit User Sessions...
Jul 22 11:54:28 ip-10-0-0-94 systemd[1]: Starting LSB: Set the CPU Frequency Scaling governor to "ondemand"...
Jul 22 11:54:28 ip-10-0-0-94 systemd[1]: Starting LSB: automatic crash report generation...
Jul 22 11:54:28 ip-10-0-0-94 systemd[1]: Started LSB: Set the CPU Frequency Scaling governor to "ondemand".
Jul 22 11:54:28 ip-10-0-0-94 systemd[1]: Started Permit User Sessions.
Jul 22 11:54:28 ip-10-0-0-94 systemd[1]: Started Authenticate and Authorize Users to Run Privileged Tasks.
Jul 22 11:54:28 ip-10-0-0-94 systemd[1]: Started Accounts Service.
Jul 22 11:54:28 ip-10-0-0-94 systemd[1]: Starting Terminate Plymouth Boot Screen...
Jul 22 11:54:28 ip-10-0-0-94 systemd[1]: Starting Hold until boot process finishes up...
Jul 22 11:54:28 ip-10-0-0-94 systemd[1]: Started Hold until boot process finishes up.
Jul 22 11:54:28 ip-10-0-0-94 systemd[1]: Started Serial Getty on ttyS0.
Jul 22 11:54:28 ip-10-0-0-94 systemd[1]: Started Getty on tty1.
Jul 22 11:54:28 ip-10-0-0-94 systemd[1]: Reached target Login Prompts.
Jul 22 11:54:28 ip-10-0-0-94 systemd[1]: Starting Set console scheme...
Jul 22 11:54:28 ip-10-0-0-94 systemd[1]: Started Terminate Plymouth Boot Screen.
Jul 22 11:54:28 ip-10-0-0-94 systemd[1]: Started Set console scheme.
Jul 22 11:54:28 ip-10-0-0-94 systemd[1]: Started LSB: daemon to balance interrupts for SMP systems.
Jul 22 11:54:28 ip-10-0-0-94 systemd[1]: Started LSB: automatic crash report generation.
Jul 22 11:54:28 ip-10-0-0-94 systemd[1]: Started LXD - container startup/shutdown.
Jul 22 11:54:28 ip-10-0-0-94 systemd[1]: Started Snappy daemon.
Jul 22 11:54:28 ip-10-0-0-94 systemd[1]: Started Pollinate to seed the pseudo random number generator.
Jul 22 11:54:28 ip-10-0-0-94 systemd[1]: Starting OpenBSD Secure Shell server...
Jul 22 11:54:28 ip-10-0-0-94 systemd[1]: Starting Wait until snapd is fully seeded...
Jul 22 11:54:28 ip-10-0-0-94 systemd[1]: Started OpenBSD Secure Shell server.
Jul 22 11:54:30 ip-10-0-0-94 systemd[1]: Reloading.
Jul 22 11:54:30 ip-10-0-0-94 systemd[1]: Started ACPI event daemon.
Jul 22 11:54:30 ip-10-0-0-94 systemd[1]: Reloading.
Jul 22 11:54:30 ip-10-0-0-94 systemd[1]: Started ACPI event daemon.
Jul 22 11:54:30 ip-10-0-0-94 systemd[1]: Mounting Mount unit for core, revision 5328...
Jul 22 11:54:30 ip-10-0-0-94 systemd[1]: Mounted Mount unit for core, revision 5328.
Jul 22 11:54:30 ip-10-0-0-94 snapd[1461]: 2019/07/22 11:54:30.477112 backend.go:303: cannot create host snap-confine apparmor configuration: cannot synchronize snap-confine apparmor profile: open /var/lib/snapd/apparmor/profiles/snap-confine.core.5328.FhcGyNfyTggB~: no such file or directory
Jul 22 11:54:30 ip-10-0-0-94 systemd[1]: Created slice User Slice of ubuntu.
Jul 22 11:54:30 ip-10-0-0-94 systemd[1]: Starting User Manager for UID 1000...
Jul 22 11:54:30 ip-10-0-0-94 systemd[1]: Started Session 1 of user ubuntu.
Jul 22 11:54:30 ip-10-0-0-94 systemd[2167]: Reached target Timers.
Jul 22 11:54:30 ip-10-0-0-94 systemd[2167]: Reached target Paths.
Jul 22 11:54:30 ip-10-0-0-94 systemd[2167]: Reached target Sockets.
Jul 22 11:54:30 ip-10-0-0-94 systemd[2167]: Reached target Basic System.
Jul 22 11:54:30 ip-10-0-0-94 systemd[2167]: Reached target Default.
Jul 22 11:54:30 ip-10-0-0-94 systemd[2167]: Startup finished in 8ms.
Jul 22 11:54:30 ip-10-0-0-94 systemd[1]: Started User Manager for UID 1000.
Jul 22 11:54:31 ip-10-0-0-94 snapd[1461]: 2019/07/22 11:54:31.652396 daemon.go:531: gracefully waiting for running hooks
Jul 22 11:54:31 ip-10-0-0-94 snapd[1461]: 2019/07/22 11:54:31.652421 daemon.go:533: done waiting for running hooks
Jul 22 11:54:34 ip-10-0-0-94 systemd[1]: snapd.service: Service hold-off time over, scheduling restart.
Jul 22 11:54:34 ip-10-0-0-94 systemd[1]: Stopped Snappy daemon.
Jul 22 11:54:34 ip-10-0-0-94 systemd[1]: Starting Snappy daemon...
Jul 22 11:54:34 ip-10-0-0-94 snapd[2595]: AppArmor status: apparmor is enabled and all features are available
Jul 22 11:54:35 ip-10-0-0-94 kernel: [   21.909917] audit_printk_skb: 6 callbacks suppressed
Jul 22 11:54:35 ip-10-0-0-94 kernel: [   21.909920] audit: type=1400 audit(1563796475.376:17): apparmor="STATUS" operation="profile_load" profile="unconfined" name="/snap/core/5328/usr/lib/snapd/snap-confine" pid=2621 comm="apparmor_parser"
Jul 22 11:54:35 ip-10-0-0-94 kernel: [   21.910077] audit: type=1400 audit(1563796475.376:18): apparmor="STATUS" operation="profile_load" profile="unconfined" name="/snap/core/5328/usr/lib/snapd/snap-confine//mount-namespace-capture-helper" pid=2621 comm="apparmor_parser"
Jul 22 11:54:35 ip-10-0-0-94 kernel: [   21.930641] audit: type=1400 audit(1563796475.396:19): apparmor="STATUS" operation="profile_replace" profile="unconfined" name="snap-update-ns.core" pid=2624 comm="apparmor_parser"
Jul 22 11:54:35 ip-10-0-0-94 kernel: [   21.991644] audit: type=1400 audit(1563796475.456:20): apparmor="STATUS" operation="profile_replace" profile="unconfined" name="snap.core.hook.configure" pid=2626 comm="apparmor_parser"
Jul 22 11:54:35 ip-10-0-0-94 snapd[2595]: AppArmor status: apparmor is enabled and all features are available
Jul 22 11:54:35 ip-10-0-0-94 snapd[2595]: daemon.go:344: started snapd/2.35 (series 16; classic) ubuntu/16.04 (amd64) linux/4.4.0-1067-aws.
Jul 22 11:54:35 ip-10-0-0-94 systemd[1]: Started Snappy daemon.
Jul 22 11:54:35 ip-10-0-0-94 systemd[1]: Reloading.
Jul 22 11:54:36 ip-10-0-0-94 systemd[1]: Started ACPI event daemon.
Jul 22 11:54:36 ip-10-0-0-94 systemd[1]: Reloading.
Jul 22 11:54:36 ip-10-0-0-94 systemd[1]: Started ACPI event daemon.
Jul 22 11:54:36 ip-10-0-0-94 systemd[1]: Mounting Mount unit for amazon-ssm-agent, revision 495...
Jul 22 11:54:36 ip-10-0-0-94 systemd[1]: Mounted Mount unit for amazon-ssm-agent, revision 495.
Jul 22 11:54:36 ip-10-0-0-94 kernel: [   22.667799] audit: type=1400 audit(1563796476.132:21): apparmor="STATUS" operation="profile_load" profile="unconfined" name="snap-update-ns.amazon-ssm-agent" pid=2915 comm="apparmor_parser"
Jul 22 11:54:36 ip-10-0-0-94 kernel: [   22.671853] audit: type=1400 audit(1563796476.136:22): apparmor="STATUS" operation="profile_load" profile="unconfined" name="snap.amazon-ssm-agent.amazon-ssm-agent" pid=2917 comm="apparmor_parser"
Jul 22 11:54:36 ip-10-0-0-94 kernel: [   22.675446] audit: type=1400 audit(1563796476.140:23): apparmor="STATUS" operation="profile_load" profile="unconfined" name="snap.amazon-ssm-agent.ssm-cli" pid=2919 comm="apparmor_parser"
Jul 22 11:54:36 ip-10-0-0-94 systemd[1]: Reloading.
Jul 22 11:54:36 ip-10-0-0-94 systemd[1]: Started ACPI event daemon.
Jul 22 11:54:36 ip-10-0-0-94 systemd[1]: Reloading.
Jul 22 11:54:36 ip-10-0-0-94 systemd[1]: Started ACPI event daemon.
Jul 22 11:54:36 ip-10-0-0-94 systemd[1]: Started Service for snap application amazon-ssm-agent.amazon-ssm-agent.
Jul 22 11:54:36 ip-10-0-0-94 systemd[1]: Started Wait until snapd is fully seeded.
Jul 22 11:54:36 ip-10-0-0-94 systemd[1]: Reached target Multi-User System.
Jul 22 11:54:36 ip-10-0-0-94 systemd[1]: Reached target Graphical Interface.
Jul 22 11:54:36 ip-10-0-0-94 systemd[1]: Starting Update UTMP about System Runlevel Changes...
Jul 22 11:54:36 ip-10-0-0-94 systemd[1]: Starting Apply the settings specified in cloud-config...
Jul 22 11:54:36 ip-10-0-0-94 systemd[1]: Started Update UTMP about System Runlevel Changes.
Jul 22 11:54:36 ip-10-0-0-94 cloud-init[2989]: Generating locales (this might take a while)...
Jul 22 11:54:37 ip-10-0-0-94 amazon-ssm-agent.amazon-ssm-agent[2975]: 2019/07/22 11:54:37 Failed to load instance info from vault. RegistrationKey does not exist.
Jul 22 11:54:37 ip-10-0-0-94 amazon-ssm-agent.amazon-ssm-agent[2975]: Error occurred fetching the seelog config file path:  open /etc/amazon/ssm/seelog.xml: no such file or directory
Jul 22 11:54:37 ip-10-0-0-94 amazon-ssm-agent.amazon-ssm-agent[2975]: Initializing new seelog logger
Jul 22 11:54:37 ip-10-0-0-94 amazon-ssm-agent.amazon-ssm-agent[2975]: New Seelog Logger Creation Complete
Jul 22 11:54:37 ip-10-0-0-94 amazon-ssm-agent.amazon-ssm-agent[2975]: 2019-07-22 11:54:37 ERROR Error adding the directory to watcher: no such file or directory
Jul 22 11:54:37 ip-10-0-0-94 amazon-ssm-agent.amazon-ssm-agent[2975]: 2019-07-22 11:54:37 INFO Agent enters hibernate mode. Reducing logging...
Jul 22 11:54:37 ip-10-0-0-94 cloud-init[2989]:   en_US.UTF-8... done
Jul 22 11:54:37 ip-10-0-0-94 cloud-init[2989]: Generation complete.
Jul 22 11:54:37 ip-10-0-0-94 cloud-init[2989]: Cloud-init v. 18.3-9-g2e62cb8a-0ubuntu1~16.04.2 running 'modules:config' at Mon, 22 Jul 2019 11:54:36 +0000. Up 17.37 seconds.
Jul 22 11:54:37 ip-10-0-0-94 systemd[1]: Started Apply the settings specified in cloud-config.
Jul 22 11:54:37 ip-10-0-0-94 systemd[1]: Starting Execute cloud user/final scripts...
Jul 22 11:54:38 ip-10-0-0-94 ec2: 
Jul 22 11:54:38 ip-10-0-0-94 ec2: #############################################################
Jul 22 11:54:38 ip-10-0-0-94 ec2: -----BEGIN SSH HOST KEY FINGERPRINTS-----
Jul 22 11:54:38 ip-10-0-0-94 ec2: 1024 SHA256:kKXDxpPpVlPoHTtkaVrtxyhgWIlL5hB0J9vqyBzhPG0 root@ip-10-0-0-94 (DSA)
Jul 22 11:54:38 ip-10-0-0-94 ec2: 256 SHA256:PBCY35LIB41bVZt0p2IUg+c5c8bOzh6y+Tdt8QZSTKI root@ip-10-0-0-94 (ECDSA)
Jul 22 11:54:38 ip-10-0-0-94 ec2: 256 SHA256:f3LUhKVX55rw+aRjJUAHT1cX2U88YizI4URFFeHymR8 root@ip-10-0-0-94 (ED25519)
Jul 22 11:54:38 ip-10-0-0-94 ec2: 2048 SHA256:kOkN1zOPRtL0VakYwUgMtPYJ+DGlEKpg6dVHxtoWrYI root@ip-10-0-0-94 (RSA)
Jul 22 11:54:38 ip-10-0-0-94 ec2: -----END SSH HOST KEY FINGERPRINTS-----
Jul 22 11:54:38 ip-10-0-0-94 ec2: #############################################################
Jul 22 11:54:38 ip-10-0-0-94 cloud-init[3094]: Cloud-init v. 18.3-9-g2e62cb8a-0ubuntu1~16.04.2 running 'modules:final' at Mon, 22 Jul 2019 11:54:37 +0000. Up 18.53 seconds.
Jul 22 11:54:38 ip-10-0-0-94 cloud-init[3094]: Cloud-init v. 18.3-9-g2e62cb8a-0ubuntu1~16.04.2 finished at Mon, 22 Jul 2019 11:54:38 +0000. Datasource DataSourceEc2Local.  Up 18.66 seconds
Jul 22 11:54:38 ip-10-0-0-94 systemd[1]: Started Execute cloud user/final scripts.
Jul 22 11:54:38 ip-10-0-0-94 systemd[1]: Reached target Cloud-init target.
Jul 22 11:54:38 ip-10-0-0-94 systemd[1]: Startup finished in 4.529s (kernel) + 14.166s (userspace) = 18.696s.
Jul 22 11:54:56 ip-10-0-0-94 systemd-timesyncd[954]: Synchronized to time server 91.189.91.157:123 (ntp.ubuntu.com).
Jul 22 11:55:06 ip-10-0-0-94 systemd[1]: Reloading.
Jul 22 11:55:06 ip-10-0-0-94 systemd[1]: Started ACPI event daemon.
