May 18 15:40:21 ip-10-0-0-138 rsyslogd: [origin software="rsyslogd" swVersion="8.16.0" x-pid="1454" x-info="http://www.rsyslog.com"] start
May 18 15:40:21 ip-10-0-0-138 rsyslogd-2222: command 'KLogPermitNonKernelFacility' is currently not permitted - did you already set it via a RainerScript command (v6+ config)? [v8.16.0 try http://www.rsyslog.com/e/2222 ]
May 18 15:40:21 ip-10-0-0-138 rsyslogd: rsyslogd's groupid changed to 108
May 18 15:40:21 ip-10-0-0-138 rsyslogd: rsyslogd's userid changed to 104
May 18 15:40:21 ip-10-0-0-138 systemd-modules-load[637]: Inserted module 'iscsi_tcp'
May 18 15:40:21 ip-10-0-0-138 loadkeys[649]: Loading /etc/console-setup/cached.kmap.gz
May 18 15:40:21 ip-10-0-0-138 systemd-modules-load[637]: Inserted module 'ib_iser'
May 18 15:40:21 ip-10-0-0-138 systemd[1]: Started Remount Root and Kernel File Systems.
May 18 15:40:21 ip-10-0-0-138 systemd[1]: Started Load Kernel Modules.
May 18 15:40:21 ip-10-0-0-138 systemd[1]: Started Uncomplicated firewall.
May 18 15:40:21 ip-10-0-0-138 systemd[1]: Started Set console keymap.
May 18 15:40:21 ip-10-0-0-138 systemd[1]: Started Create list of required static device nodes for the current kernel.
May 18 15:40:21 ip-10-0-0-138 systemd[1]: Started Nameserver information manager.
May 18 15:40:21 ip-10-0-0-138 systemd[1]: Started LVM2 metadata daemon.
May 18 15:40:21 ip-10-0-0-138 systemd[1]: Starting Create Static Device Nodes in /dev...
May 18 15:40:21 ip-10-0-0-138 systemd[1]: Starting Apply Kernel Variables...
May 18 15:40:21 ip-10-0-0-138 systemd[1]: Mounting FUSE Control File System...
May 18 15:40:21 ip-10-0-0-138 systemd[1]: Starting Load/Save Random Seed...
May 18 15:40:21 ip-10-0-0-138 systemd[1]: Starting udev Coldplug all Devices...
May 18 15:40:21 ip-10-0-0-138 systemd[1]: Starting Flush Journal to Persistent Storage...
May 18 15:40:21 ip-10-0-0-138 systemd[1]: Mounted FUSE Control File System.
May 18 15:40:21 ip-10-0-0-138 systemd[1]: Started Create Static Device Nodes in /dev.
May 18 15:40:21 ip-10-0-0-138 systemd[1]: Started Apply Kernel Variables.
May 18 15:40:21 ip-10-0-0-138 systemd[1]: Started Load/Save Random Seed.
May 18 15:40:21 ip-10-0-0-138 systemd[1]: Started Flush Journal to Persistent Storage.
May 18 15:40:21 ip-10-0-0-138 systemd[1]: Starting udev Kernel Device Manager...
May 18 15:40:21 ip-10-0-0-138 systemd[1]: Started udev Kernel Device Manager.
May 18 15:40:21 ip-10-0-0-138 systemd[1]: Started udev Coldplug all Devices.
May 18 15:40:21 ip-10-0-0-138 systemd[1]: Started Dispatch Password Requests to Console Directory Watch.
May 18 15:40:21 ip-10-0-0-138 systemd[1]: Found device /dev/ttyS0.
May 18 15:40:21 ip-10-0-0-138 systemd[1]: Listening on Load/Save RF Kill Switch Status /dev/rfkill Watch.
May 18 15:40:21 ip-10-0-0-138 systemd[1]: Started Monitoring of LVM2 mirrors, snapshots etc. using dmeventd or progress polling.
May 18 15:40:21 ip-10-0-0-138 systemd[1]: Reached target Local File Systems (Pre).
May 18 15:40:21 ip-10-0-0-138 systemd[1]: Reached target Local File Systems.
May 18 15:40:21 ip-10-0-0-138 systemd[1]: Starting Create Volatile Files and Directories...
May 18 15:40:21 ip-10-0-0-138 systemd-tmpfiles[915]: [/usr/lib/tmpfiles.d/var.conf:14] Duplicate line for path "/var/log", ignoring.
May 18 15:40:21 ip-10-0-0-138 systemd[1]: Starting Initial cloud-init job (pre-networking)...
May 18 15:40:21 ip-10-0-0-138 systemd[1]: Starting Commit a transient machine-id on disk...
May 18 15:40:21 ip-10-0-0-138 systemd[1]: Starting LSB: AppArmor initialization...
May 18 15:40:21 ip-10-0-0-138 systemd[1]: Starting Set console font and keymap...
May 18 15:40:21 ip-10-0-0-138 systemd[1]: Starting Tell Plymouth To Write Out Runtime Data...
May 18 15:40:21 ip-10-0-0-138 systemd[1]: Started Create Volatile Files and Directories.
May 18 15:40:21 ip-10-0-0-138 systemd[1]: Started Tell Plymouth To Write Out Runtime Data.
May 18 15:40:21 ip-10-0-0-138 systemd[1]: Starting Network Time Synchronization...
May 18 15:40:21 ip-10-0-0-138 apparmor[926]:  * Starting AppArmor profiles
May 18 15:40:21 ip-10-0-0-138 systemd[1]: Starting Update UTMP about System Boot/Shutdown...
May 18 15:40:21 ip-10-0-0-138 systemd[1]: Started Network Time Synchronization.
May 18 15:40:21 ip-10-0-0-138 apparmor[926]: Skipping profile in /etc/apparmor.d/disable: usr.sbin.rsyslogd
May 18 15:40:21 ip-10-0-0-138 systemd[1]: Started Commit a transient machine-id on disk.
May 18 15:40:21 ip-10-0-0-138 systemd[1]: Started Update UTMP about System Boot/Shutdown.
May 18 15:40:21 ip-10-0-0-138 systemd[1]: Reached target System Time Synchronized.
May 18 15:40:21 ip-10-0-0-138 apparmor[926]:    ...done.
May 18 15:40:21 ip-10-0-0-138 systemd[1]: Started LSB: AppArmor initialization.
May 18 15:40:21 ip-10-0-0-138 systemd[1]: Started Set console font and keymap.
May 18 15:40:21 ip-10-0-0-138 systemd[1]: Created slice system-getty.slice.
May 18 15:40:21 ip-10-0-0-138 dhclient[1077]: Internet Systems Consortium DHCP Client 4.3.3
May 18 15:40:21 ip-10-0-0-138 dhclient[1077]: Copyright 2004-2015 Internet Systems Consortium.
May 18 15:40:21 ip-10-0-0-138 dhclient[1077]: All rights reserved.
May 18 15:40:21 ip-10-0-0-138 dhclient[1077]: For info, please visit https://www.isc.org/software/dhcp/
May 18 15:40:21 ip-10-0-0-138 dhclient[1077]: 
May 18 15:40:21 ip-10-0-0-138 dhclient[1077]: Listening on LPF/ens3/02:c0:7b:4c:e9:d6
May 18 15:40:21 ip-10-0-0-138 dhclient[1077]: Sending on   LPF/ens3/02:c0:7b:4c:e9:d6
May 18 15:40:21 ip-10-0-0-138 dhclient[1077]: Sending on   Socket/fallback
May 18 15:40:21 ip-10-0-0-138 dhclient[1077]: DHCPDISCOVER on ens3 to 255.255.255.255 port 67 interval 3 (xid=0xc3a56a23)
May 18 15:40:21 ip-10-0-0-138 dhclient[1077]: DHCPREQUEST of 10.0.0.138 on ens3 to 255.255.255.255 port 67 (xid=0x236aa5c3)
May 18 15:40:21 ip-10-0-0-138 dhclient[1077]: DHCPOFFER of 10.0.0.138 from 10.0.0.1
May 18 15:40:21 ip-10-0-0-138 dhclient[1077]: DHCPACK of 10.0.0.138 from 10.0.0.1
May 18 15:40:21 ip-10-0-0-138 dhclient[1077]: bound to 10.0.0.138 -- renewal in 1468 seconds.
May 18 15:40:21 ip-10-0-0-138 cloud-init[922]: Cloud-init v. 18.3-9-g2e62cb8a-0ubuntu1~16.04.2 running 'init-local' at Sat, 18 May 2019 15:40:19 +0000. Up 6.13 seconds.
May 18 15:40:21 ip-10-0-0-138 systemd[1]: Started Initial cloud-init job (pre-networking).
May 18 15:40:21 ip-10-0-0-138 systemd[1]: Reached target Network (Pre).
May 18 15:40:21 ip-10-0-0-138 systemd[1]: Starting Raise network interfaces...
May 18 15:40:21 ip-10-0-0-138 dhclient[1188]: Internet Systems Consortium DHCP Client 4.3.3
May 18 15:40:21 ip-10-0-0-138 ifup[1101]: Internet Systems Consortium DHCP Client 4.3.3
May 18 15:40:21 ip-10-0-0-138 ifup[1101]: Copyright 2004-2015 Internet Systems Consortium.
May 18 15:40:21 ip-10-0-0-138 ifup[1101]: All rights reserved.
May 18 15:40:21 ip-10-0-0-138 ifup[1101]: For info, please visit https://www.isc.org/software/dhcp/
May 18 15:40:21 ip-10-0-0-138 dhclient[1188]: Copyright 2004-2015 Internet Systems Consortium.
May 18 15:40:21 ip-10-0-0-138 dhclient[1188]: All rights reserved.
May 18 15:40:21 ip-10-0-0-138 dhclient[1188]: For info, please visit https://www.isc.org/software/dhcp/
May 18 15:40:21 ip-10-0-0-138 dhclient[1188]: 
May 18 15:40:21 ip-10-0-0-138 dhclient[1188]: Listening on LPF/ens3/02:c0:7b:4c:e9:d6
May 18 15:40:21 ip-10-0-0-138 dhclient[1188]: Sending on   LPF/ens3/02:c0:7b:4c:e9:d6
May 18 15:40:21 ip-10-0-0-138 ifup[1101]: Listening on LPF/ens3/02:c0:7b:4c:e9:d6
May 18 15:40:21 ip-10-0-0-138 ifup[1101]: Sending on   LPF/ens3/02:c0:7b:4c:e9:d6
May 18 15:40:21 ip-10-0-0-138 ifup[1101]: Sending on   Socket/fallback
May 18 15:40:21 ip-10-0-0-138 ifup[1101]: DHCPDISCOVER on ens3 to 255.255.255.255 port 67 interval 3 (xid=0x9a130a07)
May 18 15:40:21 ip-10-0-0-138 dhclient[1188]: Sending on   Socket/fallback
May 18 15:40:21 ip-10-0-0-138 ifup[1101]: DHCPREQUEST of 10.0.0.138 on ens3 to 255.255.255.255 port 67 (xid=0x70a139a)
May 18 15:40:21 ip-10-0-0-138 ifup[1101]: DHCPOFFER of 10.0.0.138 from 10.0.0.1
May 18 15:40:21 ip-10-0-0-138 ifup[1101]: DHCPACK of 10.0.0.138 from 10.0.0.1
May 18 15:40:21 ip-10-0-0-138 dhclient[1188]: DHCPDISCOVER on ens3 to 255.255.255.255 port 67 interval 3 (xid=0x9a130a07)
May 18 15:40:21 ip-10-0-0-138 dhclient[1188]: DHCPREQUEST of 10.0.0.138 on ens3 to 255.255.255.255 port 67 (xid=0x70a139a)
May 18 15:40:21 ip-10-0-0-138 dhclient[1188]: DHCPOFFER of 10.0.0.138 from 10.0.0.1
May 18 15:40:21 ip-10-0-0-138 dhclient[1188]: DHCPACK of 10.0.0.138 from 10.0.0.1
May 18 15:40:21 ip-10-0-0-138 dhclient[1188]: bound to 10.0.0.138 -- renewal in 1459 seconds.
May 18 15:40:21 ip-10-0-0-138 ifup[1101]: bound to 10.0.0.138 -- renewal in 1459 seconds.
May 18 15:40:21 ip-10-0-0-138 systemd[1]: Started Raise network interfaces.
May 18 15:40:21 ip-10-0-0-138 systemd[1]: Starting Initial cloud-init job (metadata service crawler)...
May 18 15:40:21 ip-10-0-0-138 systemd[1]: Reached target Network.
May 18 15:40:21 ip-10-0-0-138 cloud-init[1299]: Cloud-init v. 18.3-9-g2e62cb8a-0ubuntu1~16.04.2 running 'init' at Sat, 18 May 2019 15:40:20 +0000. Up 7.16 seconds.
May 18 15:40:21 ip-10-0-0-138 cloud-init[1299]: ci-info: ++++++++++++++++++++++++++++++++++++++Net device info++++++++++++++++++++++++++++++++++++++
May 18 15:40:21 ip-10-0-0-138 cloud-init[1299]: ci-info: +--------+------+----------------------------+---------------+--------+-------------------+
May 18 15:40:21 ip-10-0-0-138 cloud-init[1299]: ci-info: | Device |  Up  |          Address           |      Mask     | Scope  |     Hw-Address    |
May 18 15:40:21 ip-10-0-0-138 cloud-init[1299]: ci-info: +--------+------+----------------------------+---------------+--------+-------------------+
May 18 15:40:21 ip-10-0-0-138 cloud-init[1299]: ci-info: |  ens3  | True |         10.0.0.138         | 255.255.255.0 | global | 02:c0:7b:4c:e9:d6 |
May 18 15:40:21 ip-10-0-0-138 cloud-init[1299]: ci-info: |  ens3  | True | fe80::c0:7bff:fe4c:e9d6/64 |       .       |  link  | 02:c0:7b:4c:e9:d6 |
May 18 15:40:21 ip-10-0-0-138 cloud-init[1299]: ci-info: |   lo   | True |         127.0.0.1          |   255.0.0.0   |  host  |         .         |
May 18 15:40:21 ip-10-0-0-138 cloud-init[1299]: ci-info: |   lo   | True |          ::1/128           |       .       |  host  |         .         |
May 18 15:40:21 ip-10-0-0-138 cloud-init[1299]: ci-info: +--------+------+----------------------------+---------------+--------+-------------------+
May 18 15:40:21 ip-10-0-0-138 cloud-init[1299]: ci-info: +++++++++++++++++++++++++++Route IPv4 info++++++++++++++++++++++++++++
May 18 15:40:21 ip-10-0-0-138 cloud-init[1299]: ci-info: +-------+-------------+----------+---------------+-----------+-------+
May 18 15:40:21 ip-10-0-0-138 cloud-init[1299]: ci-info: | Route | Destination | Gateway  |    Genmask    | Interface | Flags |
May 18 15:40:21 ip-10-0-0-138 cloud-init[1299]: ci-info: +-------+-------------+----------+---------------+-----------+-------+
May 18 15:40:21 ip-10-0-0-138 cloud-init[1299]: ci-info: |   0   |   0.0.0.0   | 10.0.0.1 |    0.0.0.0    |    ens3   |   UG  |
May 18 15:40:21 ip-10-0-0-138 cloud-init[1299]: ci-info: |   1   |   10.0.0.0  | 0.0.0.0  | 255.255.255.0 |    ens3   |   U   |
May 18 15:40:21 ip-10-0-0-138 cloud-init[1299]: ci-info: +-------+-------------+----------+---------------+-----------+-------+
May 18 15:40:21 ip-10-0-0-138 cloud-init[1299]: ci-info: +++++++++++++++++++Route IPv6 info+++++++++++++++++++
May 18 15:40:21 ip-10-0-0-138 cloud-init[1299]: ci-info: +-------+-------------+---------+-----------+-------+
May 18 15:40:21 ip-10-0-0-138 cloud-init[1299]: ci-info: | Route | Destination | Gateway | Interface | Flags |
May 18 15:40:21 ip-10-0-0-138 cloud-init[1299]: ci-info: +-------+-------------+---------+-----------+-------+
May 18 15:40:21 ip-10-0-0-138 kernel: [    0.000000] Initializing cgroup subsys cpuset
May 18 15:40:21 ip-10-0-0-138 kernel: [    0.000000] Initializing cgroup subsys cpu
May 18 15:40:21 ip-10-0-0-138 kernel: [    0.000000] Initializing cgroup subsys cpuacct
May 18 15:40:21 ip-10-0-0-138 kernel: [    0.000000] Linux version 4.4.0-1067-aws (buildd@lgw01-amd64-033) (gcc version 5.4.0 20160609 (Ubuntu 5.4.0-6ubuntu1~16.04.10) ) #77-Ubuntu SMP Mon Aug 27 13:22:03 UTC 2018 (Ubuntu 4.4.0-1067.77-aws 4.4.140)
May 18 15:40:21 ip-10-0-0-138 kernel: [    0.000000] Command line: BOOT_IMAGE=/boot/vmlinuz-4.4.0-1067-aws root=LABEL=cloudimg-rootfs ro console=tty1 console=ttyS0 nvme.io_timeout=4294967295
May 18 15:40:21 ip-10-0-0-138 kernel: [    0.000000] KERNEL supported cpus:
May 18 15:40:21 ip-10-0-0-138 kernel: [    0.000000]   Intel GenuineIntel
May 18 15:40:21 ip-10-0-0-138 kernel: [    0.000000]   AMD AuthenticAMD
May 18 15:40:21 ip-10-0-0-138 kernel: [    0.000000]   Centaur CentaurHauls
May 18 15:40:21 ip-10-0-0-138 kernel: [    0.000000] x86/fpu: xstate_offset[2]:  576, xstate_sizes[2]:  256
May 18 15:40:21 ip-10-0-0-138 kernel: [    0.000000] x86/fpu: Supporting XSAVE feature 0x01: 'x87 floating point registers'
May 18 15:40:21 ip-10-0-0-138 kernel: [    0.000000] x86/fpu: Supporting XSAVE feature 0x02: 'SSE registers'
May 18 15:40:21 ip-10-0-0-138 kernel: [    0.000000] x86/fpu: Supporting XSAVE feature 0x04: 'AVX registers'
May 18 15:40:21 ip-10-0-0-138 kernel: [    0.000000] x86/fpu: Enabled xstate features 0x7, context size is 832 bytes, using 'standard' format.
May 18 15:40:21 ip-10-0-0-138 kernel: [    0.000000] e820: BIOS-provided physical RAM map:
May 18 15:40:21 ip-10-0-0-138 kernel: [    0.000000] BIOS-e820: [mem 0x0000000000000000-0x000000000009dfff] usable
May 18 15:40:21 ip-10-0-0-138 kernel: [    0.000000] BIOS-e820: [mem 0x000000000009e000-0x000000000009ffff] reserved
May 18 15:40:21 ip-10-0-0-138 kernel: [    0.000000] BIOS-e820: [mem 0x00000000000e0000-0x00000000000fffff] reserved
May 18 15:40:21 ip-10-0-0-138 kernel: [    0.000000] BIOS-e820: [mem 0x0000000000100000-0x00000000efffffff] usable
May 18 15:40:21 ip-10-0-0-138 kernel: [    0.000000] BIOS-e820: [mem 0x00000000fc000000-0x00000000ffffffff] reserved
May 18 15:40:21 ip-10-0-0-138 kernel: [    0.000000] BIOS-e820: [mem 0x0000000100000000-0x0000000f0fffffff] usable
May 18 15:40:21 ip-10-0-0-138 kernel: [    0.000000] NX (Execute Disable) protection: active
May 18 15:40:21 ip-10-0-0-138 kernel: [    0.000000] SMBIOS 2.7 present.
May 18 15:40:21 ip-10-0-0-138 kernel: [    0.000000] DMI: Xen HVM domU, BIOS 4.2.amazon 08/24/2006
May 18 15:40:21 ip-10-0-0-138 kernel: [    0.000000] Hypervisor detected: Xen
May 18 15:40:21 ip-10-0-0-138 kernel: [    0.000000] Xen version 4.2.
May 18 15:40:21 ip-10-0-0-138 kernel: [    0.000000] Xen Platform PCI: I/O protocol version 1
May 18 15:40:21 ip-10-0-0-138 kernel: [    0.000000] Netfront and the Xen platform PCI driver have been compiled for this kernel: unplug emulated NICs.
May 18 15:40:21 ip-10-0-0-138 kernel: [    0.000000] Blkfront and the Xen platform PCI driver have been compiled for this kernel: unplug emulated disks.
May 18 15:40:21 ip-10-0-0-138 kernel: [    0.000000] You might have to change the root device
May 18 15:40:21 ip-10-0-0-138 kernel: [    0.000000] from /dev/hd[a-d] to /dev/xvd[a-d]
May 18 15:40:21 ip-10-0-0-138 kernel: [    0.000000] in your root= kernel command line option
May 18 15:40:21 ip-10-0-0-138 kernel: [    0.000000] HVMOP_pagetable_dying not supported
May 18 15:40:21 ip-10-0-0-138 kernel: [    0.000000] e820: update [mem 0x00000000-0x00000fff] usable ==> reserved
May 18 15:40:21 ip-10-0-0-138 kernel: [    0.000000] e820: remove [mem 0x000a0000-0x000fffff] usable
May 18 15:40:21 ip-10-0-0-138 kernel: [    0.000000] e820: last_pfn = 0xf10000 max_arch_pfn = 0x400000000
May 18 15:40:21 ip-10-0-0-138 kernel: [    0.000000] MTRR default type: write-back
May 18 15:40:21 ip-10-0-0-138 kernel: [    0.000000] MTRR fixed ranges enabled:
May 18 15:40:21 ip-10-0-0-138 kernel: [    0.000000]   00000-9FFFF write-back
May 18 15:40:21 ip-10-0-0-138 kernel: [    0.000000]   A0000-BFFFF write-combining
May 18 15:40:21 ip-10-0-0-138 kernel: [    0.000000]   C0000-FFFFF write-back
May 18 15:40:21 ip-10-0-0-138 kernel: [    0.000000] MTRR variable ranges enabled:
May 18 15:40:21 ip-10-0-0-138 kernel: [    0.000000]   0 base 0000F0000000 mask 3FFFF8000000 uncachable
May 18 15:40:21 ip-10-0-0-138 kernel: [    0.000000]   1 base 0000F8000000 mask 3FFFFC000000 uncachable
May 18 15:40:21 ip-10-0-0-138 kernel: [    0.000000]   2 disabled
May 18 15:40:21 ip-10-0-0-138 kernel: [    0.000000]   3 disabled
May 18 15:40:21 ip-10-0-0-138 kernel: [    0.000000]   4 disabled
May 18 15:40:21 ip-10-0-0-138 kernel: [    0.000000]   5 disabled
May 18 15:40:21 ip-10-0-0-138 kernel: [    0.000000]   6 disabled
May 18 15:40:21 ip-10-0-0-138 kernel: [    0.000000]   7 disabled
May 18 15:40:21 ip-10-0-0-138 kernel: [    0.000000] x86/PAT: Configuration [0-7]: WB  WC  UC- UC  WB  WC  UC- WT  
May 18 15:40:21 ip-10-0-0-138 kernel: [    0.000000] e820: last_pfn = 0xf0000 max_arch_pfn = 0x400000000
May 18 15:40:21 ip-10-0-0-138 kernel: [    0.000000] found SMP MP-table at [mem 0x000fbc50-0x000fbc5f] mapped at [ffff8800000fbc50]
May 18 15:40:21 ip-10-0-0-138 kernel: [    0.000000] Scanning 1 areas for low memory corruption
May 18 15:40:21 ip-10-0-0-138 kernel: [    0.000000] Base memory trampoline at [ffff880000096000] 96000 size 28672
May 18 15:40:21 ip-10-0-0-138 kernel: [    0.000000] Using GB pages for direct mapping
May 18 15:40:21 ip-10-0-0-138 kernel: [    0.000000] BRK [0x02201000, 0x02201fff] PGTABLE
May 18 15:40:21 ip-10-0-0-138 kernel: [    0.000000] BRK [0x02202000, 0x02202fff] PGTABLE
May 18 15:40:21 ip-10-0-0-138 kernel: [    0.000000] BRK [0x02203000, 0x02203fff] PGTABLE
May 18 15:40:21 ip-10-0-0-138 kernel: [    0.000000] BRK [0x02204000, 0x02204fff] PGTABLE
May 18 15:40:21 ip-10-0-0-138 kernel: [    0.000000] RAMDISK: [mem 0x367b2000-0x373d0fff]
May 18 15:40:21 ip-10-0-0-138 kernel: [    0.000000] ACPI: Early table checksum verification disabled
May 18 15:40:21 ip-10-0-0-138 kernel: [    0.000000] ACPI: RSDP 0x00000000000EA020 000024 (v02 Xen   )
May 18 15:40:21 ip-10-0-0-138 kernel: [    0.000000] ACPI: XSDT 0x00000000FC017290 00006C (v01 Xen    HVM      00000000 HVML 00000000)
May 18 15:40:21 ip-10-0-0-138 kernel: [    0.000000] ACPI: FACP 0x00000000FC013680 0000F4 (v04 Xen    HVM      00000000 HVML 00000000)
May 18 15:40:21 ip-10-0-0-138 kernel: [    0.000000] ACPI: DSDT 0x00000000FC0021C0 011438 (v02 Xen    HVM      00000000 INTL 20090123)
May 18 15:40:21 ip-10-0-0-138 kernel: [    0.000000] ACPI: FACS 0x00000000FC002180 000040
May 18 15:40:21 ip-10-0-0-138 kernel: [    0.000000] ACPI: FACS 0x00000000FC002180 000040
May 18 15:40:21 ip-10-0-0-138 kernel: [    0.000000] ACPI: APIC 0x00000000FC013780 000460 (v02 Xen    HVM      00000000 HVML 00000000)
May 18 15:40:21 ip-10-0-0-138 kernel: [    0.000000] ACPI: SRAT 0x00000000FC013C60 0008A8 (v01 Xen    HVM      00000000 HVML 00000000)
May 18 15:40:21 ip-10-0-0-138 kernel: [    0.000000] ACPI: HPET 0x00000000FC014530 000038 (v01 Xen    HVM      00000000 HVML 00000000)
May 18 15:40:21 ip-10-0-0-138 kernel: [    0.000000] ACPI: WAET 0x00000000FC014570 000028 (v01 Xen    HVM      00000000 HVML 00000000)
May 18 15:40:21 ip-10-0-0-138 kernel: [    0.000000] ACPI: SSDT 0x00000000FC0145A0 000031 (v02 Xen    HVM      00000000 INTL 20090123)
May 18 15:40:21 ip-10-0-0-138 kernel: [    0.000000] ACPI: SSDT 0x00000000FC0145E0 000033 (v02 Xen    HVM      00000000 INTL 20090123)
May 18 15:40:21 ip-10-0-0-138 kernel: [    0.000000] ACPI: SSDT 0x00000000FC014620 000CB0 (v02 Xen    HVM      00000000 INTL 20090123)
May 18 15:40:21 ip-10-0-0-138 kernel: [    0.000000] ACPI: SSDT 0x00000000FC0152D0 001FB6 (v02 Xen    HVM      00000000 INTL 20090123)
May 18 15:40:21 ip-10-0-0-138 kernel: [    0.000000] ACPI: Local APIC address 0xfee00000
May 18 15:40:21 ip-10-0-0-138 kernel: [    0.000000] SRAT: PXM 0 -> APIC 0x00 -> Node 0
May 18 15:40:21 ip-10-0-0-138 kernel: [    0.000000] SRAT: PXM 0 -> APIC 0x02 -> Node 0
May 18 15:40:21 ip-10-0-0-138 kernel: [    0.000000] SRAT: PXM 0 -> APIC 0x04 -> Node 0
May 18 15:40:21 ip-10-0-0-138 kernel: [    0.000000] SRAT: PXM 0 -> APIC 0x06 -> Node 0
May 18 15:40:21 ip-10-0-0-138 kernel: [    0.000000] SRAT: PXM 0 -> APIC 0x08 -> Node 0
May 18 15:40:21 ip-10-0-0-138 kernel: [    0.000000] SRAT: PXM 0 -> APIC 0x0a -> Node 0
May 18 15:40:21 ip-10-0-0-138 kernel: [    0.000000] SRAT: PXM 0 -> APIC 0x0c -> Node 0
May 18 15:40:21 ip-10-0-0-138 kernel: [    0.000000] SRAT: PXM 0 -> APIC 0x0e -> Node 0
May 18 15:40:21 ip-10-0-0-138 kernel: [    0.000000] SRAT: PXM 0 -> APIC 0x10 -> Node 0
May 18 15:40:21 ip-10-0-0-138 kernel: [    0.000000] SRAT: PXM 1 -> APIC 0x20 -> Node 1
May 18 15:40:21 ip-10-0-0-138 kernel: [    0.000000] SRAT: PXM 1 -> APIC 0x22 -> Node 1
May 18 15:40:21 ip-10-0-0-138 kernel: [    0.000000] SRAT: PXM 1 -> APIC 0x24 -> Node 1
May 18 15:40:21 ip-10-0-0-138 kernel: [    0.000000] SRAT: PXM 1 -> APIC 0x26 -> Node 1
May 18 15:40:21 ip-10-0-0-138 kernel: [    0.000000] SRAT: PXM 1 -> APIC 0x28 -> Node 1
May 18 15:40:21 ip-10-0-0-138 kernel: [    0.000000] SRAT: PXM 1 -> APIC 0x2a -> Node 1
May 18 15:40:21 ip-10-0-0-138 kernel: [    0.000000] SRAT: PXM 1 -> APIC 0x2c -> Node 1
May 18 15:40:21 ip-10-0-0-138 kernel: [    0.000000] SRAT: PXM 1 -> APIC 0x2e -> Node 1
May 18 15:40:21 ip-10-0-0-138 kernel: [    0.000000] SRAT: PXM 1 -> APIC 0x30 -> Node 1
May 18 15:40:21 ip-10-0-0-138 kernel: [    0.000000] SRAT: PXM 0 -> APIC 0x01 -> Node 0
May 18 15:40:21 ip-10-0-0-138 kernel: [    0.000000] SRAT: PXM 0 -> APIC 0x03 -> Node 0
May 18 15:40:21 ip-10-0-0-138 kernel: [    0.000000] SRAT: PXM 0 -> APIC 0x05 -> Node 0
May 18 15:40:21 ip-10-0-0-138 kernel: [    0.000000] SRAT: PXM 0 -> APIC 0x07 -> Node 0
May 18 15:40:21 ip-10-0-0-138 kernel: [    0.000000] SRAT: PXM 0 -> APIC 0x09 -> Node 0
May 18 15:40:21 ip-10-0-0-138 kernel: [    0.000000] SRAT: PXM 0 -> APIC 0x0b -> Node 0
May 18 15:40:21 ip-10-0-0-138 kernel: [    0.000000] SRAT: PXM 0 -> APIC 0x0d -> Node 0
May 18 15:40:21 ip-10-0-0-138 kernel: [    0.000000] SRAT: PXM 0 -> APIC 0x0f -> Node 0
May 18 15:40:21 ip-10-0-0-138 kernel: [    0.000000] SRAT: PXM 0 -> APIC 0x11 -> Node 0
May 18 15:40:21 ip-10-0-0-138 kernel: [    0.000000] SRAT: PXM 1 -> APIC 0x21 -> Node 1
May 18 15:40:21 ip-10-0-0-138 kernel: [    0.000000] SRAT: PXM 1 -> APIC 0x23 -> Node 1
May 18 15:40:21 ip-10-0-0-138 kernel: [    0.000000] SRAT: PXM 1 -> APIC 0x25 -> Node 1
May 18 15:40:21 ip-10-0-0-138 kernel: [    0.000000] SRAT: PXM 1 -> APIC 0x27 -> Node 1
May 18 15:40:21 ip-10-0-0-138 kernel: [    0.000000] SRAT: PXM 1 -> APIC 0x29 -> Node 1
May 18 15:40:21 ip-10-0-0-138 kernel: [    0.000000] SRAT: PXM 1 -> APIC 0x2b -> Node 1
May 18 15:40:21 ip-10-0-0-138 kernel: [    0.000000] SRAT: PXM 1 -> APIC 0x2d -> Node 1
May 18 15:40:21 ip-10-0-0-138 kernel: [    0.000000] SRAT: PXM 1 -> APIC 0x2f -> Node 1
May 18 15:40:21 ip-10-0-0-138 kernel: [    0.000000] SRAT: PXM 1 -> APIC 0x31 -> Node 1
May 18 15:40:21 ip-10-0-0-138 kernel: [    0.000000] SRAT: Node 0 PXM 0 [mem 0x00000000-0xefffffff]
May 18 15:40:21 ip-10-0-0-138 kernel: [    0.000000] SRAT: Node 0 PXM 0 [mem 0x100000000-0x78fffffff]
May 18 15:40:21 ip-10-0-0-138 kernel: [    0.000000] SRAT: Node 1 PXM 1 [mem 0x790000000-0xf0fffffff]
May 18 15:40:21 ip-10-0-0-138 kernel: [    0.000000] NUMA: Node 0 [mem 0x00000000-0xefffffff] + [mem 0x100000000-0x78fffffff] -> [mem 0x00000000-0x78fffffff]
May 18 15:40:21 ip-10-0-0-138 kernel: [    0.000000] NODE_DATA(0) allocated [mem 0x78fffb000-0x78fffffff]
May 18 15:40:21 ip-10-0-0-138 kernel: [    0.000000] NODE_DATA(1) allocated [mem 0xf0fffa000-0xf0fffefff]
May 18 15:40:21 ip-10-0-0-138 kernel: [    0.000000] Zone ranges:
May 18 15:40:21 ip-10-0-0-138 kernel: [    0.000000]   DMA      [mem 0x0000000000001000-0x0000000000ffffff]
May 18 15:40:21 ip-10-0-0-138 kernel: [    0.000000]   DMA32    [mem 0x0000000001000000-0x00000000ffffffff]
May 18 15:40:21 ip-10-0-0-138 kernel: [    0.000000]   Normal   [mem 0x0000000100000000-0x0000000f0fffffff]
May 18 15:40:21 ip-10-0-0-138 kernel: [    0.000000]   Device   empty
May 18 15:40:21 ip-10-0-0-138 kernel: [    0.000000] Movable zone start for each node
May 18 15:40:21 ip-10-0-0-138 kernel: [    0.000000] Early memory node ranges
May 18 15:40:21 ip-10-0-0-138 kernel: [    0.000000]   node   0: [mem 0x0000000000001000-0x000000000009dfff]
May 18 15:40:21 ip-10-0-0-138 kernel: [    0.000000]   node   0: [mem 0x0000000000100000-0x00000000efffffff]
May 18 15:40:21 ip-10-0-0-138 kernel: [    0.000000]   node   0: [mem 0x0000000100000000-0x000000078fffffff]
May 18 15:40:21 ip-10-0-0-138 kernel: [    0.000000]   node   1: [mem 0x0000000790000000-0x0000000f0fffffff]
May 18 15:40:21 ip-10-0-0-138 kernel: [    0.000000] Initmem setup node 0 [mem 0x0000000000001000-0x000000078fffffff]
May 18 15:40:21 ip-10-0-0-138 kernel: [    0.000000] On node 0 totalpages: 7864221
May 18 15:40:21 ip-10-0-0-138 kernel: [    0.000000]   DMA zone: 64 pages used for memmap
May 18 15:40:21 ip-10-0-0-138 kernel: [    0.000000]   DMA zone: 22 pages reserved
May 18 15:40:21 ip-10-0-0-138 kernel: [    0.000000]   DMA zone: 3997 pages, LIFO batch:0
May 18 15:40:21 ip-10-0-0-138 kernel: [    0.000000]   DMA32 zone: 15296 pages used for memmap
May 18 15:40:21 ip-10-0-0-138 kernel: [    0.000000]   DMA32 zone: 978944 pages, LIFO batch:31
May 18 15:40:21 ip-10-0-0-138 kernel: [    0.000000]   Normal zone: 107520 pages used for memmap
May 18 15:40:21 ip-10-0-0-138 kernel: [    0.000000]   Normal zone: 6881280 pages, LIFO batch:31
May 18 15:40:21 ip-10-0-0-138 kernel: [    0.000000] Initmem setup node 1 [mem 0x0000000790000000-0x0000000f0fffffff]
May 18 15:40:21 ip-10-0-0-138 kernel: [    0.000000] On node 1 totalpages: 7864320
May 18 15:40:21 ip-10-0-0-138 kernel: [    0.000000]   Normal zone: 122880 pages used for memmap
May 18 15:40:21 ip-10-0-0-138 kernel: [    0.000000]   Normal zone: 7864320 pages, LIFO batch:31
May 18 15:40:21 ip-10-0-0-138 kernel: [    0.000000] ACPI: PM-Timer IO Port: 0xb008
May 18 15:40:21 ip-10-0-0-138 kernel: [    0.000000] ACPI: Local APIC address 0xfee00000
May 18 15:40:21 ip-10-0-0-138 kernel: [    0.000000] IOAPIC[0]: apic_id 1, version 17, address 0xfec00000, GSI 0-47
May 18 15:40:21 ip-10-0-0-138 kernel: [    0.000000] ACPI: INT_SRC_OVR (bus 0 bus_irq 0 global_irq 2 dfl dfl)
May 18 15:40:21 ip-10-0-0-138 kernel: [    0.000000] ACPI: INT_SRC_OVR (bus 0 bus_irq 5 global_irq 5 low level)
May 18 15:40:21 ip-10-0-0-138 kernel: [    0.000000] ACPI: INT_SRC_OVR (bus 0 bus_irq 10 global_irq 10 low level)
May 18 15:40:21 ip-10-0-0-138 kernel: [    0.000000] ACPI: INT_SRC_OVR (bus 0 bus_irq 11 global_irq 11 low level)
May 18 15:40:21 ip-10-0-0-138 kernel: [    0.000000] ACPI: IRQ0 used by override.
May 18 15:40:21 ip-10-0-0-138 kernel: [    0.000000] ACPI: IRQ5 used by override.
May 18 15:40:21 ip-10-0-0-138 kernel: [    0.000000] ACPI: IRQ9 used by override.
May 18 15:40:21 ip-10-0-0-138 kernel: [    0.000000] ACPI: IRQ10 used by override.
May 18 15:40:21 ip-10-0-0-138 kernel: [    0.000000] ACPI: IRQ11 used by override.
May 18 15:40:21 ip-10-0-0-138 kernel: [    0.000000] Using ACPI (MADT) for SMP configuration information
May 18 15:40:21 ip-10-0-0-138 kernel: [    0.000000] ACPI: HPET id: 0x8086a201 base: 0xfed00000
May 18 15:40:21 ip-10-0-0-138 kernel: [    0.000000] smpboot: Allowing 128 CPUs, 92 hotplug CPUs
May 18 15:40:21 ip-10-0-0-138 kernel: [    0.000000] PM: Registered nosave memory: [mem 0x00000000-0x00000fff]
May 18 15:40:21 ip-10-0-0-138 kernel: [    0.000000] PM: Registered nosave memory: [mem 0x0009e000-0x0009ffff]
May 18 15:40:21 ip-10-0-0-138 kernel: [    0.000000] PM: Registered nosave memory: [mem 0x000a0000-0x000dffff]
May 18 15:40:21 ip-10-0-0-138 kernel: [    0.000000] PM: Registered nosave memory: [mem 0x000e0000-0x000fffff]
May 18 15:40:21 ip-10-0-0-138 kernel: [    0.000000] PM: Registered nosave memory: [mem 0xf0000000-0xfbffffff]
May 18 15:40:21 ip-10-0-0-138 kernel: [    0.000000] PM: Registered nosave memory: [mem 0xfc000000-0xffffffff]
May 18 15:40:21 ip-10-0-0-138 kernel: [    0.000000] e820: [mem 0xf0000000-0xfbffffff] available for PCI devices
May 18 15:40:21 ip-10-0-0-138 kernel: [    0.000000] Booting paravirtualized kernel on Xen HVM
May 18 15:40:21 ip-10-0-0-138 kernel: [    0.000000] clocksource: refined-jiffies: mask: 0xffffffff max_cycles: 0xffffffff, max_idle_ns: 7645519600211568 ns
May 18 15:40:21 ip-10-0-0-138 kernel: [    0.000000] setup_percpu: NR_CPUS:256 nr_cpumask_bits:256 nr_cpu_ids:128 nr_node_ids:2
May 18 15:40:21 ip-10-0-0-138 kernel: [    0.000000] PERCPU: Embedded 34 pages/cpu @ffff880770e00000 s99160 r8192 d31912 u262144
May 18 15:40:21 ip-10-0-0-138 kernel: [    0.000000] pcpu-alloc: s99160 r8192 d31912 u262144 alloc=1*2097152
May 18 15:40:21 ip-10-0-0-138 kernel: [    0.000000] pcpu-alloc: [0] 000 001 002 003 004 005 006 007 
May 18 15:40:21 ip-10-0-0-138 kernel: [    0.000000] pcpu-alloc: [0] 008 018 019 020 021 022 023 024 
May 18 15:40:21 ip-10-0-0-138 kernel: [    0.000000] pcpu-alloc: [0] 025 026 036 038 040 042 044 046 
May 18 15:40:21 ip-10-0-0-138 kernel: [    0.000000] pcpu-alloc: [0] 048 050 052 054 056 058 060 062 
May 18 15:40:21 ip-10-0-0-138 kernel: [    0.000000] pcpu-alloc: [0] 064 066 068 070 072 074 076 078 
May 18 15:40:21 ip-10-0-0-138 kernel: [    0.000000] pcpu-alloc: [0] 080 082 084 086 088 090 092 094 
May 18 15:40:21 ip-10-0-0-138 kernel: [    0.000000] pcpu-alloc: [0] 096 098 100 102 104 106 108 110 
May 18 15:40:21 ip-10-0-0-138 kernel: [    0.000000] pcpu-alloc: [0] 112 114 116 118 120 122 124 126 
May 18 15:40:21 ip-10-0-0-138 kernel: [    0.000000] pcpu-alloc: [1] 009 010 011 012 013 014 015 016 
May 18 15:40:21 ip-10-0-0-138 kernel: [    0.000000] pcpu-alloc: [1] 017 027 028 029 030 031 032 033 
May 18 15:40:21 ip-10-0-0-138 kernel: [    0.000000] pcpu-alloc: [1] 034 035 037 039 041 043 045 047 
May 18 15:40:21 ip-10-0-0-138 kernel: [    0.000000] pcpu-alloc: [1] 049 051 053 055 057 059 061 063 
May 18 15:40:21 ip-10-0-0-138 kernel: [    0.000000] pcpu-alloc: [1] 065 067 069 071 073 075 077 079 
May 18 15:40:21 ip-10-0-0-138 kernel: [    0.000000] pcpu-alloc: [1] 081 083 085 087 089 091 093 095 
May 18 15:40:21 ip-10-0-0-138 kernel: [    0.000000] pcpu-alloc: [1] 097 099 101 103 105 107 109 111 
May 18 15:40:21 ip-10-0-0-138 kernel: [    0.000000] pcpu-alloc: [1] 113 115 117 119 121 123 125 127 
May 18 15:40:21 ip-10-0-0-138 kernel: [    0.000000] xen: PV spinlocks enabled
May 18 15:40:21 ip-10-0-0-138 kernel: [    0.000000] PV qspinlock hash table entries: 512 (order: 1, 8192 bytes)
May 18 15:40:21 ip-10-0-0-138 kernel: [    0.000000] Built 2 zonelists in Node order, mobility grouping on.  Total pages: 15482759
May 18 15:40:21 ip-10-0-0-138 kernel: [    0.000000] Policy zone: Normal
May 18 15:40:21 ip-10-0-0-138 kernel: [    0.000000] Kernel command line: BOOT_IMAGE=/boot/vmlinuz-4.4.0-1067-aws root=LABEL=cloudimg-rootfs ro console=tty1 console=ttyS0 nvme.io_timeout=4294967295
May 18 15:40:21 ip-10-0-0-138 kernel: [    0.000000] log_buf_len individual max cpu contribution: 4096 bytes
May 18 15:40:21 ip-10-0-0-138 kernel: [    0.000000] log_buf_len total cpu_extra contributions: 520192 bytes
May 18 15:40:21 ip-10-0-0-138 kernel: [    0.000000] log_buf_len min size: 262144 bytes
May 18 15:40:21 ip-10-0-0-138 kernel: [    0.000000] log_buf_len: 1048576 bytes
May 18 15:40:21 ip-10-0-0-138 kernel: [    0.000000] early log buf free: 249740(95%)
May 18 15:40:21 ip-10-0-0-138 kernel: [    0.000000] PID hash table entries: 4096 (order: 3, 32768 bytes)
May 18 15:40:21 ip-10-0-0-138 kernel: [    0.000000] Calgary: detecting Calgary via BIOS EBDA area
May 18 15:40:21 ip-10-0-0-138 kernel: [    0.000000] Calgary: Unable to locate Rio Grande table in EBDA - bailing!
May 18 15:40:21 ip-10-0-0-138 kernel: [    0.000000] Memory: 61815268K/62914164K available (8372K kernel code, 1281K rwdata, 3888K rodata, 1504K init, 1264K bss, 1098896K reserved, 0K cma-reserved)
May 18 15:40:21 ip-10-0-0-138 kernel: [    0.000000] SLUB: HWalign=64, Order=0-3, MinObjects=0, CPUs=128, Nodes=2
May 18 15:40:21 ip-10-0-0-138 kernel: [    0.000000] Kernel/User page tables isolation: enabled
May 18 15:40:21 ip-10-0-0-138 kernel: [    0.000000] Hierarchical RCU implementation.
May 18 15:40:21 ip-10-0-0-138 kernel: [    0.000000] 	Build-time adjustment of leaf fanout to 64.
May 18 15:40:21 ip-10-0-0-138 kernel: [    0.000000] 	RCU restricting CPUs from NR_CPUS=256 to nr_cpu_ids=128.
May 18 15:40:21 ip-10-0-0-138 kernel: [    0.000000] RCU: Adjusting geometry for rcu_fanout_leaf=64, nr_cpu_ids=128
May 18 15:40:21 ip-10-0-0-138 kernel: [    0.000000] NR_IRQS:16640 nr_irqs:1856 16
May 18 15:40:21 ip-10-0-0-138 kernel: [    0.000000] xen:events: Using 2-level ABI
May 18 15:40:21 ip-10-0-0-138 kernel: [    0.000000] xen:events: Xen HVM callback vector for event delivery is enabled
May 18 15:40:21 ip-10-0-0-138 kernel: [    0.000000] Console: colour VGA+ 80x25
May 18 15:40:21 ip-10-0-0-138 kernel: [    0.000000] console [tty1] enabled
May 18 15:40:21 ip-10-0-0-138 kernel: [    0.000000] Cannot get hvm parameter CONSOLE_EVTCHN (18): -22!
May 18 15:40:21 ip-10-0-0-138 kernel: [    0.000000] console [ttyS0] enabled
May 18 15:40:21 ip-10-0-0-138 kernel: [    0.000000] mempolicy: Enabling automatic NUMA balancing. Configure with numa_balancing= or the kernel.numa_balancing sysctl
May 18 15:40:21 ip-10-0-0-138 kernel: [    0.000000] clocksource: hpet: mask: 0xffffffff max_cycles: 0xffffffff, max_idle_ns: 30580167144 ns
May 18 15:40:21 ip-10-0-0-138 kernel: [    0.000000] hpet clockevent registered
May 18 15:40:21 ip-10-0-0-138 kernel: [    0.000000] tsc: Detected 2900.058 MHz processor
May 18 15:40:21 ip-10-0-0-138 kernel: [    5.704946] Calibrating delay loop (skipped), value calculated using timer frequency.. 5800.11 BogoMIPS (lpj=11600232)
May 18 15:40:21 ip-10-0-0-138 kernel: [    5.725970] pid_max: default: 131072 minimum: 1024
May 18 15:40:21 ip-10-0-0-138 kernel: [    5.728620] ACPI: Core revision 20150930
May 18 15:40:21 ip-10-0-0-138 kernel: [    5.741947] ACPI: 5 ACPI AML tables successfully acquired and loaded
May 18 15:40:21 ip-10-0-0-138 kernel: [    5.747478] Security Framework initialized
May 18 15:40:21 ip-10-0-0-138 kernel: [    5.750714] Yama: becoming mindful.
May 18 15:40:21 ip-10-0-0-138 kernel: [    5.753668] AppArmor: AppArmor initialized
May 18 15:40:21 ip-10-0-0-138 kernel: [    5.759737] Dentry cache hash table entries: 8388608 (order: 14, 67108864 bytes)
May 18 15:40:21 ip-10-0-0-138 kernel: [    5.775409] Inode-cache hash table entries: 4194304 (order: 13, 33554432 bytes)
May 18 15:40:21 ip-10-0-0-138 kernel: [    5.785273] Mount-cache hash table entries: 131072 (order: 8, 1048576 bytes)
May 18 15:40:21 ip-10-0-0-138 kernel: [    5.790270] Mountpoint-cache hash table entries: 131072 (order: 8, 1048576 bytes)
May 18 15:40:21 ip-10-0-0-138 kernel: [    5.796404] Initializing cgroup subsys io
May 18 15:40:21 ip-10-0-0-138 kernel: [    5.799632] Initializing cgroup subsys memory
May 18 15:40:21 ip-10-0-0-138 kernel: [    5.803027] Initializing cgroup subsys devices
May 18 15:40:21 ip-10-0-0-138 kernel: [    5.806443] Initializing cgroup subsys freezer
May 18 15:40:21 ip-10-0-0-138 kernel: [    5.809896] Initializing cgroup subsys net_cls
May 18 15:40:21 ip-10-0-0-138 kernel: [    5.813327] Initializing cgroup subsys perf_event
May 18 15:40:21 ip-10-0-0-138 kernel: [    5.816922] Initializing cgroup subsys net_prio
May 18 15:40:21 ip-10-0-0-138 kernel: [    5.820435] Initializing cgroup subsys hugetlb
May 18 15:40:21 ip-10-0-0-138 kernel: [    5.823847] Initializing cgroup subsys pids
May 18 15:40:21 ip-10-0-0-138 kernel: [    5.827928] mce: CPU supports 2 MCE banks
May 18 15:40:21 ip-10-0-0-138 kernel: [    5.831164] process: using mwait in idle threads
May 18 15:40:21 ip-10-0-0-138 kernel: [    5.834651] Last level iTLB entries: 4KB 1024, 2MB 1024, 4MB 1024
May 18 15:40:21 ip-10-0-0-138 kernel: [    5.839010] Last level dTLB entries: 4KB 1024, 2MB 1024, 4MB 1024, 1GB 4
May 18 15:40:21 ip-10-0-0-138 kernel: [    5.843706] Spectre V2 : Mitigation: Full generic retpoline
May 18 15:40:21 ip-10-0-0-138 kernel: [    5.847727] Spectre V2 : Speculation control IBPB not-supported IBRS not-supported
May 18 15:40:21 ip-10-0-0-138 kernel: [    5.852864] Speculative Store Bypass: Vulnerable
May 18 15:40:21 ip-10-0-0-138 kernel: [    5.858645] Freeing SMP alternatives memory: 32K
May 18 15:40:21 ip-10-0-0-138 kernel: [    5.866412] ftrace: allocating 31371 entries in 123 pages
May 18 15:40:21 ip-10-0-0-138 kernel: [    5.905862] smpboot: APIC(0) Converting physical 0 to logical package 0
May 18 15:40:21 ip-10-0-0-138 kernel: [    5.910127] smpboot: APIC(20) Converting physical 1 to logical package 1
May 18 15:40:21 ip-10-0-0-138 kernel: [    5.913766] smpboot: Max logical packages: 15
May 18 15:40:21 ip-10-0-0-138 kernel: [    5.916844] x2apic: IRQ remapping doesn't support X2APIC mode
May 18 15:40:21 ip-10-0-0-138 kernel: [    5.920444] Switched APIC routing to physical flat.
May 18 15:40:21 ip-10-0-0-138 kernel: [    5.925381] ..TIMER: vector=0x30 apic1=0 pin1=2 apic2=0 pin2=0
May 18 15:40:21 ip-10-0-0-138 kernel: [    5.928460] clocksource: xen: mask: 0xffffffffffffffff max_cycles: 0x1cd42e4dffb, max_idle_ns: 881590591483 ns
May 18 15:40:21 ip-10-0-0-138 kernel: [    5.934107] Xen: using vcpuop timer interface
May 18 15:40:21 ip-10-0-0-138 kernel: [    5.934112] installing Xen timer for CPU 0
May 18 15:40:21 ip-10-0-0-138 kernel: [    5.936527] smpboot: CPU0: Intel(R) Xeon(R) CPU E5-2666 v3 @ 2.90GHz (family: 0x6, model: 0x3f, stepping: 0x2)
May 18 15:40:21 ip-10-0-0-138 kernel: [    5.942640] cpu 0 spinlock event irq 53
May 18 15:40:21 ip-10-0-0-138 kernel: [    5.944845] Performance Events: unsupported p6 CPU model 63 no PMU driver, software events only.
May 18 15:40:21 ip-10-0-0-138 kernel: [    5.951678] NMI watchdog: disabled (cpu0): hardware events not enabled
May 18 15:40:21 ip-10-0-0-138 kernel: [    5.955020] NMI watchdog: Shutting down hard lockup detector on all cpus
May 18 15:40:21 ip-10-0-0-138 kernel: [    5.958499] installing Xen timer for CPU 1
May 18 15:40:21 ip-10-0-0-138 kernel: [    5.960943] x86: Booting SMP configuration:
May 18 15:40:21 ip-10-0-0-138 kernel: [    5.963348] .... node  #0, CPUs:          #1cpu 1 spinlock event irq 59
May 18 15:40:21 ip-10-0-0-138 kernel: [    5.968863] installing Xen timer for CPU 2
May 18 15:40:21 ip-10-0-0-138 kernel: [    5.971312]    #2cpu 2 spinlock event irq 65
May 18 15:40:21 ip-10-0-0-138 kernel: [    5.975217] installing Xen timer for CPU 3
May 18 15:40:21 ip-10-0-0-138 kernel: [    5.977666]    #3cpu 3 spinlock event irq 71
May 18 15:40:21 ip-10-0-0-138 kernel: [    5.981568] installing Xen timer for CPU 4
May 18 15:40:21 ip-10-0-0-138 kernel: [    5.984016]    #4cpu 4 spinlock event irq 77
May 18 15:40:21 ip-10-0-0-138 kernel: [    5.987967] installing Xen timer for CPU 5
May 18 15:40:21 ip-10-0-0-138 kernel: [    5.990436]    #5cpu 5 spinlock event irq 83
May 18 15:40:21 ip-10-0-0-138 kernel: [    5.994347] installing Xen timer for CPU 6
May 18 15:40:21 ip-10-0-0-138 kernel: [    5.996780]    #6cpu 6 spinlock event irq 89
May 18 15:40:21 ip-10-0-0-138 kernel: [    6.000711] installing Xen timer for CPU 7
May 18 15:40:21 ip-10-0-0-138 kernel: [    6.003202]    #7cpu 7 spinlock event irq 95
May 18 15:40:21 ip-10-0-0-138 kernel: [    6.007184] installing Xen timer for CPU 8
May 18 15:40:21 ip-10-0-0-138 kernel: [    6.009617]    #8cpu 8 spinlock event irq 101
May 18 15:40:21 ip-10-0-0-138 kernel: [    6.013562] installing Xen timer for CPU 9
May 18 15:40:21 ip-10-0-0-138 kernel: [    6.015984] 
May 18 15:40:21 ip-10-0-0-138 kernel: [    6.017245] .... node  #1, CPUs:     #9cpu 9 spinlock event irq 107
May 18 15:40:21 ip-10-0-0-138 kernel: [    6.022362] installing Xen timer for CPU 10
May 18 15:40:21 ip-10-0-0-138 kernel: [    6.024828]   #10cpu 10 spinlock event irq 113
May 18 15:40:21 ip-10-0-0-138 kernel: [    6.028826] installing Xen timer for CPU 11
May 18 15:40:21 ip-10-0-0-138 kernel: [    6.031284]   #11cpu 11 spinlock event irq 119
May 18 15:40:21 ip-10-0-0-138 kernel: [    6.035298] installing Xen timer for CPU 12
May 18 15:40:21 ip-10-0-0-138 kernel: [    6.037777]   #12cpu 12 spinlock event irq 125
May 18 15:40:21 ip-10-0-0-138 kernel: [    6.041789] installing Xen timer for CPU 13
May 18 15:40:21 ip-10-0-0-138 kernel: [    6.044253]   #13cpu 13 spinlock event irq 131
May 18 15:40:21 ip-10-0-0-138 kernel: [    6.048284] installing Xen timer for CPU 14
May 18 15:40:21 ip-10-0-0-138 kernel: [    6.050797]   #14cpu 14 spinlock event irq 137
May 18 15:40:21 ip-10-0-0-138 kernel: [    6.054829] installing Xen timer for CPU 15
May 18 15:40:21 ip-10-0-0-138 kernel: [    6.057359]   #15cpu 15 spinlock event irq 143
May 18 15:40:21 ip-10-0-0-138 kernel: [    6.061446] installing Xen timer for CPU 16
May 18 15:40:21 ip-10-0-0-138 kernel: [    6.063957]   #16cpu 16 spinlock event irq 149
May 18 15:40:21 ip-10-0-0-138 kernel: [    6.068038] installing Xen timer for CPU 17
May 18 15:40:21 ip-10-0-0-138 kernel: [    6.070530]   #17cpu 17 spinlock event irq 155
May 18 15:40:21 ip-10-0-0-138 kernel: [    6.074592] installing Xen timer for CPU 18
May 18 15:40:21 ip-10-0-0-138 kernel: [    6.077093] 
May 18 15:40:21 ip-10-0-0-138 kernel: [    6.078370] .... node  #0, CPUs:    #18cpu 18 spinlock event irq 161
May 18 15:40:21 ip-10-0-0-138 kernel: [    6.083644] installing Xen timer for CPU 19
May 18 15:40:21 ip-10-0-0-138 kernel: [    6.086143]   #19cpu 19 spinlock event irq 167
May 18 15:40:21 ip-10-0-0-138 kernel: [    6.090143] installing Xen timer for CPU 20
May 18 15:40:21 ip-10-0-0-138 kernel: [    6.092675]   #20cpu 20 spinlock event irq 173
May 18 15:40:21 ip-10-0-0-138 kernel: [    6.096692] installing Xen timer for CPU 21
May 18 15:40:21 ip-10-0-0-138 kernel: [    6.099210]   #21cpu 21 spinlock event irq 179
May 18 15:40:21 ip-10-0-0-138 kernel: [    6.103220] installing Xen timer for CPU 22
May 18 15:40:21 ip-10-0-0-138 kernel: [    6.105739]   #22cpu 22 spinlock event irq 185
May 18 15:40:21 ip-10-0-0-138 kernel: [    6.109795] installing Xen timer for CPU 23
May 18 15:40:21 ip-10-0-0-138 kernel: [    6.112322]   #23cpu 23 spinlock event irq 191
May 18 15:40:21 ip-10-0-0-138 kernel: [    6.116334] installing Xen timer for CPU 24
May 18 15:40:21 ip-10-0-0-138 kernel: [    6.118856]   #24cpu 24 spinlock event irq 197
May 18 15:40:21 ip-10-0-0-138 kernel: [    6.122937] installing Xen timer for CPU 25
May 18 15:40:21 ip-10-0-0-138 kernel: [    6.125447]   #25cpu 25 spinlock event irq 203
May 18 15:40:21 ip-10-0-0-138 kernel: [    6.129641] installing Xen timer for CPU 26
May 18 15:40:21 ip-10-0-0-138 kernel: [    6.132124]   #26cpu 26 spinlock event irq 209
May 18 15:40:21 ip-10-0-0-138 kernel: [    6.136142] installing Xen timer for CPU 27
May 18 15:40:21 ip-10-0-0-138 kernel: [    6.138652] 
May 18 15:40:21 ip-10-0-0-138 kernel: [    6.139904] .... node  #1, CPUs:    #27cpu 27 spinlock event irq 215
May 18 15:40:21 ip-10-0-0-138 kernel: [    6.145039] installing Xen timer for CPU 28
May 18 15:40:21 ip-10-0-0-138 kernel: [    6.147537]   #28cpu 28 spinlock event irq 221
May 18 15:40:21 ip-10-0-0-138 kernel: [    6.151565] installing Xen timer for CPU 29
May 18 15:40:21 ip-10-0-0-138 kernel: [    6.154083]   #29cpu 29 spinlock event irq 227
May 18 15:40:21 ip-10-0-0-138 kernel: [    6.158133] installing Xen timer for CPU 30
May 18 15:40:21 ip-10-0-0-138 kernel: [    6.160639]   #30cpu 30 spinlock event irq 233
May 18 15:40:21 ip-10-0-0-138 kernel: [    6.164686] installing Xen timer for CPU 31
May 18 15:40:21 ip-10-0-0-138 kernel: [    6.167219]   #31cpu 31 spinlock event irq 239
May 18 15:40:21 ip-10-0-0-138 kernel: [    6.171282] installing Xen timer for CPU 32
May 18 15:40:21 ip-10-0-0-138 kernel: [    6.173837]   #32cpu 32 spinlock event irq 245
May 18 15:40:21 ip-10-0-0-138 kernel: [    6.177933] installing Xen timer for CPU 33
May 18 15:40:21 ip-10-0-0-138 kernel: [    6.180423]   #33cpu 33 spinlock event irq 251
May 18 15:40:21 ip-10-0-0-138 kernel: [    6.184528] installing Xen timer for CPU 34
May 18 15:40:21 ip-10-0-0-138 kernel: [    6.187047]   #34cpu 34 spinlock event irq 257
May 18 15:40:21 ip-10-0-0-138 kernel: [    6.191159] installing Xen timer for CPU 35
May 18 15:40:21 ip-10-0-0-138 kernel: [    6.193697]   #35cpu 35 spinlock event irq 263
May 18 15:40:21 ip-10-0-0-138 kernel: [    6.197737] x86: Booted up 2 nodes, 36 CPUs
May 18 15:40:21 ip-10-0-0-138 kernel: [    6.200179] smpboot: Total of 36 processors activated (208804.17 BogoMIPS)
May 18 15:40:21 ip-10-0-0-138 kernel: [    6.205658] devtmpfs: initialized
May 18 15:40:21 ip-10-0-0-138 kernel: [    6.213816] evm: security.selinux
May 18 15:40:21 ip-10-0-0-138 kernel: [    6.215925] evm: security.SMACK64
May 18 15:40:21 ip-10-0-0-138 kernel: [    6.218021] evm: security.SMACK64EXEC
May 18 15:40:21 ip-10-0-0-138 kernel: [    6.220237] evm: security.SMACK64TRANSMUTE
May 18 15:40:21 ip-10-0-0-138 kernel: [    6.222662] evm: security.SMACK64MMAP
May 18 15:40:21 ip-10-0-0-138 kernel: [    6.224856] evm: security.ima
May 18 15:40:21 ip-10-0-0-138 kernel: [    6.226767] evm: security.capability
May 18 15:40:21 ip-10-0-0-138 kernel: [    6.229197] clocksource: jiffies: mask: 0xffffffff max_cycles: 0xffffffff, max_idle_ns: 7645041785100000 ns
May 18 15:40:21 ip-10-0-0-138 kernel: [    6.234521] futex hash table entries: 32768 (order: 9, 2097152 bytes)
May 18 15:40:21 ip-10-0-0-138 kernel: [    6.238649] RTC time: 15:40:14, date: 05/18/19
May 18 15:40:21 ip-10-0-0-138 kernel: [    6.243264] NET: Registered protocol family 16
May 18 15:40:21 ip-10-0-0-138 kernel: [    6.254700] cpuidle: using governor ladder
May 18 15:40:21 ip-10-0-0-138 kernel: [    6.266860] cpuidle: using governor menu
May 18 15:40:21 ip-10-0-0-138 kernel: [    6.269223] PCCT header not found.
May 18 15:40:21 ip-10-0-0-138 kernel: [    6.271428] ACPI: bus type PCI registered
May 18 15:40:21 ip-10-0-0-138 kernel: [    6.273806] acpiphp: ACPI Hot Plug PCI Controller Driver version: 0.5
May 18 15:40:21 ip-10-0-0-138 kernel: [    6.277587] PCI: Using configuration type 1 for base access
May 18 15:40:21 ip-10-0-0-138 kernel: [    6.294344] ACPI: Added _OSI(Module Device)
May 18 15:40:21 ip-10-0-0-138 kernel: [    6.296887] ACPI: Added _OSI(Processor Device)
May 18 15:40:21 ip-10-0-0-138 kernel: [    6.299463] ACPI: Added _OSI(3.0 _SCP Extensions)
May 18 15:40:21 ip-10-0-0-138 kernel: [    6.302146] ACPI: Added _OSI(Processor Aggregator Device)
May 18 15:40:21 ip-10-0-0-138 kernel: [    6.307399] xen: --> pirq=16 -> irq=9 (gsi=9)
May 18 15:40:21 ip-10-0-0-138 kernel: [    6.312962] ACPI: Interpreter enabled
May 18 15:40:21 ip-10-0-0-138 kernel: [    6.315245] ACPI: (supports S0 S4 S5)
May 18 15:40:21 ip-10-0-0-138 kernel: [    6.317473] ACPI: Using IOAPIC for interrupt routing
May 18 15:40:21 ip-10-0-0-138 kernel: [    6.320166] PCI: Using host bridge windows from ACPI; if necessary, use "pci=nocrs" and report a bug
May 18 15:40:21 ip-10-0-0-138 kernel: [    6.369266] ACPI: PCI Root Bridge [PCI0] (domain 0000 [bus 00-ff])
May 18 15:40:21 ip-10-0-0-138 kernel: [    6.372682] acpi PNP0A03:00: _OSC: OS supports [ASPM ClockPM Segments MSI]
May 18 15:40:21 ip-10-0-0-138 kernel: [    6.376252] acpi PNP0A03:00: _OSC failed (AE_NOT_FOUND); disabling ASPM
May 18 15:40:21 ip-10-0-0-138 kernel: [    6.379864] acpi PNP0A03:00: fail to add MMCONFIG information, can't access extended PCI configuration space under this bridge.
May 18 15:40:21 ip-10-0-0-138 kernel: [    6.386630] acpiphp: Slot [0] registered
May 18 15:40:21 ip-10-0-0-138 kernel: [    6.389815] acpiphp: Slot [3] registered
May 18 15:40:21 ip-10-0-0-138 kernel: [    6.392459] acpiphp: Slot [4] registered
May 18 15:40:21 ip-10-0-0-138 kernel: [    6.397309] acpiphp: Slot [5] registered
May 18 15:40:21 ip-10-0-0-138 kernel: [    6.399927] acpiphp: Slot [6] registered
May 18 15:40:21 ip-10-0-0-138 kernel: [    6.402614] acpiphp: Slot [7] registered
May 18 15:40:21 ip-10-0-0-138 kernel: [    6.405191] acpiphp: Slot [8] registered
May 18 15:40:21 ip-10-0-0-138 kernel: [    6.407844] acpiphp: Slot [9] registered
May 18 15:40:21 ip-10-0-0-138 kernel: [    6.410525] acpiphp: Slot [10] registered
May 18 15:40:21 ip-10-0-0-138 kernel: [    6.413246] acpiphp: Slot [11] registered
May 18 15:40:21 ip-10-0-0-138 kernel: [    6.416110] acpiphp: Slot [12] registered
May 18 15:40:21 ip-10-0-0-138 kernel: [    6.420363] acpiphp: Slot [13] registered
May 18 15:40:21 ip-10-0-0-138 kernel: [    6.424629] acpiphp: Slot [14] registered
May 18 15:40:21 ip-10-0-0-138 kernel: [    6.428868] acpiphp: Slot [15] registered
May 18 15:40:21 ip-10-0-0-138 kernel: [    6.432922] acpiphp: Slot [16] registered
May 18 15:40:21 ip-10-0-0-138 kernel: [    6.437081] acpiphp: Slot [17] registered
May 18 15:40:21 ip-10-0-0-138 kernel: [    6.441215] acpiphp: Slot [18] registered
May 18 15:40:21 ip-10-0-0-138 kernel: [    6.445379] acpiphp: Slot [19] registered
May 18 15:40:21 ip-10-0-0-138 kernel: [    6.449559] acpiphp: Slot [20] registered
May 18 15:40:21 ip-10-0-0-138 kernel: [    6.453758] acpiphp: Slot [21] registered
May 18 15:40:21 ip-10-0-0-138 kernel: [    6.457928] acpiphp: Slot [22] registered
May 18 15:40:21 ip-10-0-0-138 kernel: [    6.462125] acpiphp: Slot [23] registered
May 18 15:40:21 ip-10-0-0-138 kernel: [    6.466158] acpiphp: Slot [24] registered
May 18 15:40:21 ip-10-0-0-138 kernel: [    6.485190] acpiphp: Slot [25] registered
May 18 15:40:21 ip-10-0-0-138 kernel: [    6.489127] acpiphp: Slot [26] registered
May 18 15:40:21 ip-10-0-0-138 kernel: [    6.493069] acpiphp: Slot [27] registered
May 18 15:40:21 ip-10-0-0-138 kernel: [    6.497002] acpiphp: Slot [28] registered
May 18 15:40:21 ip-10-0-0-138 kernel: [    6.500893] acpiphp: Slot [29] registered
May 18 15:40:21 ip-10-0-0-138 kernel: [    6.504841] acpiphp: Slot [30] registered
May 18 15:40:21 ip-10-0-0-138 kernel: [    6.508761] acpiphp: Slot [31] registered
May 18 15:40:21 ip-10-0-0-138 kernel: [    6.512671] PCI host bridge to bus 0000:00
May 18 15:40:21 ip-10-0-0-138 kernel: [    6.516230] pci_bus 0000:00: root bus resource [io  0x0000-0x0cf7 window]
May 18 15:40:21 ip-10-0-0-138 kernel: [    6.521486] pci_bus 0000:00: root bus resource [io  0x0d00-0xffff window]
May 18 15:40:21 ip-10-0-0-138 kernel: [    6.526950] pci_bus 0000:00: root bus resource [mem 0x000a0000-0x000bffff window]
May 18 15:40:21 ip-10-0-0-138 kernel: [    6.533251] pci_bus 0000:00: root bus resource [mem 0xf0000000-0xfbffffff window]
May 18 15:40:21 ip-10-0-0-138 kernel: [    6.539565] pci_bus 0000:00: root bus resource [bus 00-ff]
May 18 15:40:21 ip-10-0-0-138 kernel: [    6.544475] pci 0000:00:00.0: [8086:1237] type 00 class 0x060000
May 18 15:40:21 ip-10-0-0-138 kernel: [    6.546655] pci 0000:00:01.0: [8086:7000] type 00 class 0x060100
May 18 15:40:21 ip-10-0-0-138 kernel: [    6.549979] pci 0000:00:01.1: [8086:7010] type 00 class 0x010180
May 18 15:40:21 ip-10-0-0-138 kernel: [    6.551824] pci 0000:00:01.1: reg 0x20: [io  0xc100-0xc10f]
May 18 15:40:21 ip-10-0-0-138 kernel: [    6.552626] pci 0000:00:01.1: legacy IDE quirk: reg 0x10: [io  0x01f0-0x01f7]
May 18 15:40:21 ip-10-0-0-138 kernel: [    6.558458] pci 0000:00:01.1: legacy IDE quirk: reg 0x14: [io  0x03f6]
May 18 15:40:21 ip-10-0-0-138 kernel: [    6.563926] pci 0000:00:01.1: legacy IDE quirk: reg 0x18: [io  0x0170-0x0177]
May 18 15:40:21 ip-10-0-0-138 kernel: [    6.569807] pci 0000:00:01.1: legacy IDE quirk: reg 0x1c: [io  0x0376]
May 18 15:40:21 ip-10-0-0-138 kernel: [    6.575917] pci 0000:00:01.3: [8086:7113] type 00 class 0x068000
May 18 15:40:21 ip-10-0-0-138 kernel: [    6.576058] * Found PM-Timer Bug on the chipset. Due to workarounds for a bug,
May 18 15:40:21 ip-10-0-0-138 kernel: [    6.576058] * this clock source is slow. Consider trying other clock sources
May 18 15:40:21 ip-10-0-0-138 kernel: [    6.589412] pci 0000:00:01.3: quirk: [io  0xb000-0xb03f] claimed by PIIX4 ACPI
May 18 15:40:21 ip-10-0-0-138 kernel: [    6.596656] pci 0000:00:02.0: [1013:00b8] type 00 class 0x030000
May 18 15:40:21 ip-10-0-0-138 kernel: [    6.597156] pci 0000:00:02.0: reg 0x10: [mem 0xf0000000-0xf1ffffff pref]
May 18 15:40:21 ip-10-0-0-138 kernel: [    6.597469] pci 0000:00:02.0: reg 0x14: [mem 0xf3008000-0xf3008fff]
May 18 15:40:21 ip-10-0-0-138 kernel: [    6.600065] pci 0000:00:03.0: [8086:10ed] type 00 class 0x020000
May 18 15:40:21 ip-10-0-0-138 kernel: [    6.601289] pci 0000:00:03.0: reg 0x10: [mem 0xf3000000-0xf3003fff 64bit pref]
May 18 15:40:21 ip-10-0-0-138 kernel: [    6.602233] pci 0000:00:03.0: reg 0x1c: [mem 0xf3004000-0xf3007fff 64bit pref]
May 18 15:40:21 ip-10-0-0-138 kernel: [    6.605387] pci 0000:00:1f.0: [5853:0001] type 00 class 0xff8000
May 18 15:40:21 ip-10-0-0-138 kernel: [    6.605955] pci 0000:00:1f.0: reg 0x10: [io  0xc000-0xc0ff]
May 18 15:40:21 ip-10-0-0-138 kernel: [    6.606273] pci 0000:00:1f.0: reg 0x14: [mem 0xf2000000-0xf2ffffff pref]
May 18 15:40:21 ip-10-0-0-138 kernel: [    6.608634] ACPI: PCI Interrupt Link [LNKA] (IRQs *5 10 11)
May 18 15:40:21 ip-10-0-0-138 kernel: [    6.616453] ACPI: PCI Interrupt Link [LNKB] (IRQs 5 *10 11)
May 18 15:40:21 ip-10-0-0-138 kernel: [    6.624310] ACPI: PCI Interrupt Link [LNKC] (IRQs 5 10 *11)
May 18 15:40:21 ip-10-0-0-138 kernel: [    6.632190] ACPI: PCI Interrupt Link [LNKD] (IRQs *5 10 11)
May 18 15:40:21 ip-10-0-0-138 kernel: [    6.660511] ACPI: Enabled 2 GPEs in block 00 to 0F
May 18 15:40:21 ip-10-0-0-138 kernel: [    6.666020] xen:balloon: Initialising balloon driver
May 18 15:40:21 ip-10-0-0-138 kernel: [    6.671396] vgaarb: setting as boot device: PCI:0000:00:02.0
May 18 15:40:21 ip-10-0-0-138 kernel: [    6.676835] vgaarb: device added: PCI:0000:00:02.0,decodes=io+mem,owns=io+mem,locks=none
May 18 15:40:21 ip-10-0-0-138 kernel: [    6.684491] vgaarb: loaded
May 18 15:40:21 ip-10-0-0-138 kernel: [    6.687578] vgaarb: bridge control possible 0000:00:02.0
May 18 15:40:21 ip-10-0-0-138 kernel: [    6.692889] SCSI subsystem initialized
May 18 15:40:21 ip-10-0-0-138 kernel: [    6.696943] libata version 3.00 loaded.
May 18 15:40:21 ip-10-0-0-138 kernel: [    6.696965] ACPI: bus type USB registered
May 18 15:40:21 ip-10-0-0-138 kernel: [    6.701083] usbcore: registered new interface driver usbfs
May 18 15:40:21 ip-10-0-0-138 kernel: [    6.706304] usbcore: registered new interface driver hub
May 18 15:40:21 ip-10-0-0-138 kernel: [    6.711300] usbcore: registered new device driver usb
May 18 15:40:21 ip-10-0-0-138 kernel: [    6.716451] PCI: Using ACPI for IRQ routing
May 18 15:40:21 ip-10-0-0-138 kernel: [    6.720557] PCI: pci_cache_line_size set to 64 bytes
May 18 15:40:21 ip-10-0-0-138 kernel: [    6.721356] e820: reserve RAM buffer [mem 0x0009e000-0x0009ffff]
May 18 15:40:21 ip-10-0-0-138 kernel: [    6.721515] NetLabel: Initializing
May 18 15:40:21 ip-10-0-0-138 kernel: [    6.725169] NetLabel:  domain hash size = 128
May 18 15:40:21 ip-10-0-0-138 kernel: [    6.729493] NetLabel:  protocols = UNLABELED CIPSOv4
May 18 15:40:21 ip-10-0-0-138 kernel: [    6.734257] NetLabel:  unlabeled traffic allowed by default
May 18 15:40:21 ip-10-0-0-138 kernel: [    6.739630] HPET: 3 timers in total, 0 timers will be used for per-cpu timer
May 18 15:40:21 ip-10-0-0-138 kernel: [    6.746000] hpet0: at MMIO 0xfed00000, IRQs 2, 8, 0
May 18 15:40:21 ip-10-0-0-138 kernel: [    6.753340] hpet0: 3 comparators, 64-bit 62.500000 MHz counter
May 18 15:40:21 ip-10-0-0-138 kernel: [    6.764106] amd_nb: Cannot enumerate AMD northbridges
May 18 15:40:21 ip-10-0-0-138 kernel: [    6.768186] clocksource: Switched to clocksource xen
May 18 15:40:21 ip-10-0-0-138 kernel: [    6.779005] AppArmor: AppArmor Filesystem Enabled
May 18 15:40:21 ip-10-0-0-138 kernel: [    6.782698] pnp: PnP ACPI init
May 18 15:40:21 ip-10-0-0-138 kernel: [    6.785704] system 00:00: [mem 0x00000000-0x0009ffff] could not be reserved
May 18 15:40:21 ip-10-0-0-138 kernel: [    6.790862] system 00:00: Plug and Play ACPI device, IDs PNP0c02 (active)
May 18 15:40:21 ip-10-0-0-138 kernel: [    6.790938] system 00:01: [io  0x08a0-0x08a3] has been reserved
May 18 15:40:21 ip-10-0-0-138 kernel: [    6.795399] system 00:01: [io  0x0cc0-0x0ccf] has been reserved
May 18 15:40:21 ip-10-0-0-138 kernel: [    6.799789] system 00:01: [io  0x04d0-0x04d1] has been reserved
May 18 15:40:21 ip-10-0-0-138 kernel: [    6.804382] system 00:01: Plug and Play ACPI device, IDs PNP0c02 (active)
May 18 15:40:21 ip-10-0-0-138 kernel: [    6.804416] xen: --> pirq=17 -> irq=8 (gsi=8)
May 18 15:40:21 ip-10-0-0-138 kernel: [    6.804431] pnp 00:02: Plug and Play ACPI device, IDs PNP0b00 (active)
May 18 15:40:21 ip-10-0-0-138 kernel: [    6.804451] xen: --> pirq=18 -> irq=12 (gsi=12)
May 18 15:40:21 ip-10-0-0-138 kernel: [    6.804464] pnp 00:03: Plug and Play ACPI device, IDs PNP0f13 (active)
May 18 15:40:21 ip-10-0-0-138 kernel: [    6.804480] xen: --> pirq=19 -> irq=1 (gsi=1)
May 18 15:40:21 ip-10-0-0-138 kernel: [    6.804497] pnp 00:04: Plug and Play ACPI device, IDs PNP0303 PNP030b (active)
May 18 15:40:21 ip-10-0-0-138 kernel: [    6.804514] xen: --> pirq=20 -> irq=6 (gsi=6)
May 18 15:40:21 ip-10-0-0-138 kernel: [    6.804516] pnp 00:05: [dma 2]
May 18 15:40:21 ip-10-0-0-138 kernel: [    6.804528] pnp 00:05: Plug and Play ACPI device, IDs PNP0700 (active)
May 18 15:40:21 ip-10-0-0-138 kernel: [    6.804550] xen: --> pirq=21 -> irq=4 (gsi=4)
May 18 15:40:21 ip-10-0-0-138 kernel: [    6.804562] pnp 00:06: Plug and Play ACPI device, IDs PNP0501 (active)
May 18 15:40:21 ip-10-0-0-138 kernel: [    6.804598] system 00:07: [io  0x10c0-0x1141] has been reserved
May 18 15:40:21 ip-10-0-0-138 kernel: [    6.809188] system 00:07: [io  0xb044-0xb047] has been reserved
May 18 15:40:21 ip-10-0-0-138 kernel: [    6.813710] system 00:07: Plug and Play ACPI device, IDs PNP0c02 (active)
May 18 15:40:21 ip-10-0-0-138 kernel: [    6.835598] pnp: PnP ACPI: found 8 devices
May 18 15:40:21 ip-10-0-0-138 kernel: [    6.845271] clocksource: acpi_pm: mask: 0xffffff max_cycles: 0xffffff, max_idle_ns: 2085701024 ns
May 18 15:40:21 ip-10-0-0-138 kernel: [    6.851784] pci_bus 0000:00: resource 4 [io  0x0000-0x0cf7 window]
May 18 15:40:21 ip-10-0-0-138 kernel: [    6.851786] pci_bus 0000:00: resource 5 [io  0x0d00-0xffff window]
May 18 15:40:21 ip-10-0-0-138 kernel: [    6.851788] pci_bus 0000:00: resource 6 [mem 0x000a0000-0x000bffff window]
May 18 15:40:21 ip-10-0-0-138 kernel: [    6.851789] pci_bus 0000:00: resource 7 [mem 0xf0000000-0xfbffffff window]
May 18 15:40:21 ip-10-0-0-138 kernel: [    6.851897] NET: Registered protocol family 2
May 18 15:40:21 ip-10-0-0-138 kernel: [    6.855982] TCP established hash table entries: 524288 (order: 10, 4194304 bytes)
May 18 15:40:21 ip-10-0-0-138 kernel: [    6.862098] TCP bind hash table entries: 65536 (order: 8, 1048576 bytes)
May 18 15:40:21 ip-10-0-0-138 kernel: [    6.867024] TCP: Hash tables configured (established 524288 bind 65536)
May 18 15:40:21 ip-10-0-0-138 kernel: [    6.871813] UDP hash table entries: 32768 (order: 8, 1048576 bytes)
May 18 15:40:21 ip-10-0-0-138 kernel: [    6.876809] UDP-Lite hash table entries: 32768 (order: 8, 1048576 bytes)
May 18 15:40:21 ip-10-0-0-138 kernel: [    6.881947] NET: Registered protocol family 1
May 18 15:40:21 ip-10-0-0-138 kernel: [    6.885559] pci 0000:00:00.0: Limiting direct PCI/PCI transfers
May 18 15:40:21 ip-10-0-0-138 kernel: [    6.889933] pci 0000:00:01.0: PIIX3: Enabling Passive Release
May 18 15:40:21 ip-10-0-0-138 kernel: [    6.894362] pci 0000:00:01.0: Activating ISA DMA hang workarounds
May 18 15:40:21 ip-10-0-0-138 kernel: [    6.898993] pci 0000:00:02.0: Video device with shadowed ROM
May 18 15:40:21 ip-10-0-0-138 kernel: [    6.899163] PCI: CLS 0 bytes, default 64
May 18 15:40:21 ip-10-0-0-138 kernel: [    6.899209] Trying to unpack rootfs image as initramfs...
May 18 15:40:21 ip-10-0-0-138 kernel: [    7.054461] Freeing initrd memory: 12412K
May 18 15:40:21 ip-10-0-0-138 kernel: [    7.057787] PCI-DMA: Using software bounce buffering for IO (SWIOTLB)
May 18 15:40:21 ip-10-0-0-138 kernel: [    7.063227] software IO TLB [mem 0xec000000-0xf0000000] (64MB) mapped at [ffff8800ec000000-ffff8800efffffff]
May 18 15:40:21 ip-10-0-0-138 kernel: [    7.072127] RAPL PMU detected, API unit is 2^-32 Joules, 3 fixed counters 655360 ms ovfl timer
May 18 15:40:21 ip-10-0-0-138 kernel: [    7.080218] hw unit of domain pp0-core 2^-14 Joules
May 18 15:40:21 ip-10-0-0-138 kernel: [    7.085013] hw unit of domain package 2^-14 Joules
May 18 15:40:21 ip-10-0-0-138 kernel: [    7.089676] hw unit of domain dram 2^-16 Joules
May 18 15:40:21 ip-10-0-0-138 kernel: [    7.094301] Scanning for low memory corruption every 60 seconds
May 18 15:40:21 ip-10-0-0-138 kernel: [    7.101393] audit: initializing netlink subsys (disabled)
May 18 15:40:21 ip-10-0-0-138 kernel: [    7.106619] audit: type=2000 audit(1558194015.422:1): initialized
May 18 15:40:21 ip-10-0-0-138 kernel: [    7.112557] Initialise system trusted keyring
May 18 15:40:21 ip-10-0-0-138 kernel: [    7.117079] HugeTLB registered 1 GB page size, pre-allocated 0 pages
May 18 15:40:21 ip-10-0-0-138 kernel: [    7.122576] HugeTLB registered 2 MB page size, pre-allocated 0 pages
May 18 15:40:21 ip-10-0-0-138 kernel: [    7.129109] zbud: loaded
May 18 15:40:21 ip-10-0-0-138 kernel: [    7.132208] VFS: Disk quotas dquot_6.6.0
May 18 15:40:21 ip-10-0-0-138 kernel: [    7.135957] VFS: Dquot-cache hash table entries: 512 (order 0, 4096 bytes)
May 18 15:40:21 ip-10-0-0-138 kernel: [    7.142093] squashfs: version 4.0 (2009/01/31) Phillip Lougher
May 18 15:40:21 ip-10-0-0-138 kernel: [    7.147429] fuse init (API version 7.23)
May 18 15:40:21 ip-10-0-0-138 kernel: [    7.151273] Key type big_key registered
May 18 15:40:21 ip-10-0-0-138 kernel: [    7.154991] Allocating IMA MOK and blacklist keyrings.
May 18 15:40:21 ip-10-0-0-138 kernel: [    7.160114] Key type asymmetric registered
May 18 15:40:21 ip-10-0-0-138 kernel: [    7.163942] Asymmetric key parser 'x509' registered
May 18 15:40:21 ip-10-0-0-138 kernel: [    7.168454] Block layer SCSI generic (bsg) driver version 0.4 loaded (major 249)
May 18 15:40:21 ip-10-0-0-138 kernel: [    7.175036] io scheduler noop registered
May 18 15:40:21 ip-10-0-0-138 kernel: [    7.178764] io scheduler deadline registered (default)
May 18 15:40:21 ip-10-0-0-138 kernel: [    7.183442] io scheduler cfq registered
May 18 15:40:21 ip-10-0-0-138 kernel: [    7.187376] pci_hotplug: PCI Hot Plug PCI Core version: 0.5
May 18 15:40:21 ip-10-0-0-138 kernel: [    7.192561] pciehp: PCI Express Hot Plug Controller Driver version: 0.4
May 18 15:40:21 ip-10-0-0-138 kernel: [    7.198568] intel_idle: MWAIT substates: 0x2120
May 18 15:40:21 ip-10-0-0-138 kernel: [    7.198641] intel_idle: v0.4.1 model 0x3F
May 18 15:40:21 ip-10-0-0-138 kernel: [    7.198642] intel_idle: lapic_timer_reliable_states 0x2
May 18 15:40:21 ip-10-0-0-138 kernel: [    7.199772] input: Power Button as /devices/LNXSYSTM:00/LNXPWRBN:00/input/input0
May 18 15:40:21 ip-10-0-0-138 kernel: [    7.206734] ACPI: Power Button [PWRF]
May 18 15:40:21 ip-10-0-0-138 kernel: [    7.210514] input: Sleep Button as /devices/LNXSYSTM:00/LNXSLPBN:00/input/input1
May 18 15:40:21 ip-10-0-0-138 kernel: [    7.217406] ACPI: Sleep Button [SLPF]
May 18 15:40:21 ip-10-0-0-138 kernel: [    7.221890] xen: --> pirq=22 -> irq=47 (gsi=47)
May 18 15:40:21 ip-10-0-0-138 kernel: [    7.222011] xen:grant_table: Grant tables using version 1 layout
May 18 15:40:21 ip-10-0-0-138 kernel: [    7.227361] Grant table initialized
May 18 15:40:21 ip-10-0-0-138 kernel: [    7.230815] Cannot get hvm parameter CONSOLE_EVTCHN (18): -22!
May 18 15:40:21 ip-10-0-0-138 kernel: [    7.236166] Serial: 8250/16550 driver, 4 ports, IRQ sharing enabled
May 18 15:40:21 ip-10-0-0-138 kernel: [    7.272129] 00:06: ttyS0 at I/O 0x3f8 (irq = 4, base_baud = 115200) is a 16550A
May 18 15:40:21 ip-10-0-0-138 kernel: [    7.279476] Linux agpgart interface v0.103
May 18 15:40:21 ip-10-0-0-138 kernel: [    7.292440] brd: module loaded
May 18 15:40:21 ip-10-0-0-138 kernel: [    7.299903] loop: module loaded
May 18 15:40:21 ip-10-0-0-138 kernel: [    7.304154] ata_piix 0000:00:01.1: version 2.13
May 18 15:40:21 ip-10-0-0-138 kernel: [    7.305355] scsi host0: ata_piix
May 18 15:40:21 ip-10-0-0-138 kernel: [    7.307590] blkfront: xvda: flush diskcache: enabled; persistent grants: disabled; indirect descriptors: enabled;
May 18 15:40:21 ip-10-0-0-138 kernel: [    7.308378]  xvda: xvda1
May 18 15:40:21 ip-10-0-0-138 kernel: [    7.315698] scsi host1: ata_piix
May 18 15:40:21 ip-10-0-0-138 kernel: [    7.317664] ata1: PATA max MWDMA2 cmd 0x1f0 ctl 0x3f6 bmdma 0xc100 irq 14
May 18 15:40:21 ip-10-0-0-138 kernel: [    7.320897] ata2: PATA max MWDMA2 cmd 0x170 ctl 0x376 bmdma 0xc108 irq 15
May 18 15:40:21 ip-10-0-0-138 kernel: [    7.324291] libphy: Fixed MDIO Bus: probed
May 18 15:40:21 ip-10-0-0-138 kernel: [    7.327111] tun: Universal TUN/TAP device driver, 1.6
May 18 15:40:21 ip-10-0-0-138 kernel: [    7.329823] tun: (C) 1999-2004 Max Krasnyansky <maxk@qualcomm.com>
May 18 15:40:21 ip-10-0-0-138 kernel: [    7.332959] PPP generic driver version 2.4.2
May 18 15:40:21 ip-10-0-0-138 kernel: [    7.335436] xen_netfront: Initialising Xen virtual ethernet driver
May 18 15:40:21 ip-10-0-0-138 kernel: [    7.338632] ehci_hcd: USB 2.0 'Enhanced' Host Controller (EHCI) Driver
May 18 15:40:21 ip-10-0-0-138 kernel: [    7.341949] ehci-pci: EHCI PCI platform driver
May 18 15:40:21 ip-10-0-0-138 kernel: [    7.344445] ehci-platform: EHCI generic platform driver
May 18 15:40:21 ip-10-0-0-138 kernel: [    7.347356] ohci_hcd: USB 1.1 'Open' Host Controller (OHCI) Driver
May 18 15:40:21 ip-10-0-0-138 kernel: [    7.350458] ohci-pci: OHCI PCI platform driver
May 18 15:40:21 ip-10-0-0-138 kernel: [    7.352892] ohci-platform: OHCI generic platform driver
May 18 15:40:21 ip-10-0-0-138 kernel: [    7.355703] uhci_hcd: USB Universal Host Controller Interface driver
May 18 15:40:21 ip-10-0-0-138 kernel: [    7.359003] i8042: PNP: PS/2 Controller [PNP0303:PS2K,PNP0f13:PS2M] at 0x60,0x64 irq 1,12
May 18 15:40:21 ip-10-0-0-138 kernel: [    7.364727] serio: i8042 KBD port at 0x60,0x64 irq 1
May 18 15:40:21 ip-10-0-0-138 kernel: [    7.367489] serio: i8042 AUX port at 0x60,0x64 irq 12
May 18 15:40:21 ip-10-0-0-138 kernel: [    7.370456] mousedev: PS/2 mouse device common for all mice
May 18 15:40:21 ip-10-0-0-138 kernel: [    7.374310] input: AT Translated Set 2 keyboard as /devices/platform/i8042/serio0/input/input2
May 18 15:40:21 ip-10-0-0-138 kernel: [    7.379792] rtc_cmos 00:02: rtc core: registered rtc_cmos as rtc0
May 18 15:40:21 ip-10-0-0-138 kernel: [    7.383724] rtc_cmos 00:02: alarms up to one day, 114 bytes nvram, hpet irqs
May 18 15:40:21 ip-10-0-0-138 kernel: [    7.389391] i2c /dev entries driver
May 18 15:40:21 ip-10-0-0-138 kernel: [    7.392208] device-mapper: uevent: version 1.0.3
May 18 15:40:21 ip-10-0-0-138 kernel: [    7.396124] device-mapper: ioctl: 4.34.0-ioctl (2015-10-28) initialised: dm-devel@redhat.com
May 18 15:40:21 ip-10-0-0-138 kernel: [    7.402532] Intel P-state driver initializing.
May 18 15:40:21 ip-10-0-0-138 kernel: [    7.408707] NET: Registered protocol family 10
May 18 15:40:21 ip-10-0-0-138 kernel: [    7.415487] NET: Registered protocol family 17
May 18 15:40:21 ip-10-0-0-138 kernel: [    7.420567] Key type dns_resolver registered
May 18 15:40:21 ip-10-0-0-138 kernel: [    7.425812] registered taskstats version 1
May 18 15:40:21 ip-10-0-0-138 kernel: [    7.432863] Loading compiled-in X.509 certificates
May 18 15:40:21 ip-10-0-0-138 kernel: [    7.441138] Loaded X.509 cert 'Build time autogenerated kernel key: 999331f4e42d791a53730c2883c63539f919e8cf'
May 18 15:40:21 ip-10-0-0-138 kernel: [    7.452801] zswap: loaded using pool lzo/zbud
May 18 15:40:21 ip-10-0-0-138 kernel: [    7.460815] Key type trusted registered
May 18 15:40:21 ip-10-0-0-138 kernel: [    7.471646] Key type encrypted registered
May 18 15:40:21 ip-10-0-0-138 kernel: [    7.476887] AppArmor: AppArmor sha1 policy hashing enabled
May 18 15:40:21 ip-10-0-0-138 kernel: [    7.482894] ima: No TPM chip found, activating TPM-bypass!
May 18 15:40:21 ip-10-0-0-138 kernel: [    7.489684] ima: Allocated hash algorithm: sha1
May 18 15:40:21 ip-10-0-0-138 kernel: [    7.495364] evm: HMAC attrs: 0x1
May 18 15:40:21 ip-10-0-0-138 kernel: [    7.500294] xenbus_probe_frontend: Device with no driver: device/pci/0
May 18 15:40:21 ip-10-0-0-138 kernel: [    7.508116]   Magic number: 3:71:690
May 18 15:40:21 ip-10-0-0-138 kernel: [    7.513123] mem mem: hash matches
May 18 15:40:21 ip-10-0-0-138 kernel: [    7.517869] acpi LNXCPU:31: hash matches
May 18 15:40:21 ip-10-0-0-138 kernel: [    7.523518] rtc_cmos 00:02: setting system clock to 2019-05-18 15:40:15 UTC (1558194015)
May 18 15:40:21 ip-10-0-0-138 kernel: [    7.533475] BIOS EDD facility v0.16 2004-Jun-25, 0 devices found
May 18 15:40:21 ip-10-0-0-138 kernel: [    7.540935] EDD information not available.
May 18 15:40:21 ip-10-0-0-138 kernel: [    7.546404] PM: Hibernation image not present or could not be loaded.
May 18 15:40:21 ip-10-0-0-138 kernel: [    7.548645] Freeing unused kernel memory: 1504K
May 18 15:40:21 ip-10-0-0-138 kernel: [    7.560707] random: nonblocking pool is initialized
May 18 15:40:21 ip-10-0-0-138 kernel: [    7.592278] Write protecting the kernel read-only data: 14336k
May 18 15:40:21 ip-10-0-0-138 kernel: [    7.600254] Freeing unused kernel memory: 1856K
May 18 15:40:21 ip-10-0-0-138 kernel: [    7.606388] Freeing unused kernel memory: 208K
May 18 15:40:21 ip-10-0-0-138 kernel: [    7.697795] ixgbevf: Intel(R) 10 Gigabit PCI Express Virtual Function Network Driver - version 2.12.1-k
May 18 15:40:21 ip-10-0-0-138 kernel: [    7.721084] ixgbevf: Copyright (c) 2009 - 2015 Intel Corporation.
May 18 15:40:21 ip-10-0-0-138 kernel: [    7.737953] AVX2 version of gcm_enc/dec engaged.
May 18 15:40:21 ip-10-0-0-138 kernel: [    7.739570] ixgbevf 0000:00:03.0: 02:c0:7b:4c:e9:d6
May 18 15:40:21 ip-10-0-0-138 kernel: [    7.739571] ixgbevf 0000:00:03.0: MAC: 1
May 18 15:40:21 ip-10-0-0-138 kernel: [    7.739572] ixgbevf 0000:00:03.0: Intel(R) 82599 Virtual Function
May 18 15:40:21 ip-10-0-0-138 kernel: [    7.755578] ixgbevf 0000:00:03.0 ens3: renamed from eth0
May 18 15:40:21 ip-10-0-0-138 kernel: [    7.759869] AES CTR mode by8 optimization enabled
May 18 15:40:21 ip-10-0-0-138 kernel: [    8.092279] tsc: Refined TSC clocksource calibration: 2899.997 MHz
May 18 15:40:21 ip-10-0-0-138 kernel: [    8.095829] clocksource: tsc: mask: 0xffffffffffffffff max_cycles: 0x29cd4058c5c, max_idle_ns: 440795330155 ns
May 18 15:40:21 ip-10-0-0-138 kernel: [    9.236309] md: linear personality registered for level -1
May 18 15:40:21 ip-10-0-0-138 kernel: [    9.241926] md: multipath personality registered for level -4
May 18 15:40:21 ip-10-0-0-138 kernel: [    9.249293] md: raid0 personality registered for level 0
May 18 15:40:21 ip-10-0-0-138 kernel: [    9.255223] md: raid1 personality registered for level 1
May 18 15:40:21 ip-10-0-0-138 kernel: [    9.308231] raid6: sse2x1   gen() 10185 MB/s
May 18 15:40:21 ip-10-0-0-138 kernel: [    9.356246] raid6: sse2x1   xor()  8036 MB/s
May 18 15:40:21 ip-10-0-0-138 kernel: [    9.404246] raid6: sse2x2   gen() 13180 MB/s
May 18 15:40:21 ip-10-0-0-138 kernel: [    9.452245] raid6: sse2x2   xor()  8764 MB/s
May 18 15:40:21 ip-10-0-0-138 kernel: [    9.500244] raid6: sse2x4   gen() 15123 MB/s
May 18 15:40:21 ip-10-0-0-138 kernel: [    9.548248] raid6: sse2x4   xor() 10560 MB/s
May 18 15:40:21 ip-10-0-0-138 kernel: [    9.596246] raid6: avx2x1   gen() 20023 MB/s
May 18 15:40:21 ip-10-0-0-138 kernel: [    9.644256] raid6: avx2x2   gen() 23486 MB/s
May 18 15:40:21 ip-10-0-0-138 kernel: [    9.692247] raid6: avx2x4   gen() 26598 MB/s
May 18 15:40:21 ip-10-0-0-138 kernel: [    9.694538] raid6: using algorithm avx2x4 gen() 26598 MB/s
May 18 15:40:21 ip-10-0-0-138 kernel: [    9.697423] raid6: using avx2x2 recovery algorithm
May 18 15:40:21 ip-10-0-0-138 kernel: [    9.701513] xor: automatically using best checksumming function:
May 18 15:40:21 ip-10-0-0-138 kernel: [    9.744245]    avx       : 30837.000 MB/sec
May 18 15:40:21 ip-10-0-0-138 kernel: [    9.748211] async_tx: api initialized (async)
May 18 15:40:21 ip-10-0-0-138 kernel: [    9.758579] md: raid6 personality registered for level 6
May 18 15:40:21 ip-10-0-0-138 kernel: [    9.761579] md: raid5 personality registered for level 5
May 18 15:40:21 ip-10-0-0-138 kernel: [    9.764523] md: raid4 personality registered for level 4
May 18 15:40:21 ip-10-0-0-138 kernel: [    9.772089] md: raid10 personality registered for level 10
May 18 15:40:21 ip-10-0-0-138 kernel: [    9.799058] Btrfs loaded
May 18 15:40:21 ip-10-0-0-138 kernel: [    9.840595] EXT4-fs (xvda1): mounted filesystem with ordered data mode. Opts: (null)
May 18 15:40:21 ip-10-0-0-138 kernel: [   10.214906] EXT4-fs (xvda1): re-mounted. Opts: discard
May 18 15:40:21 ip-10-0-0-138 kernel: [   10.232828] Loading iSCSI transport class v2.0-870.
May 18 15:40:21 ip-10-0-0-138 kernel: [   10.255703] iscsi: registered transport (tcp)
May 18 15:40:21 ip-10-0-0-138 kernel: [   10.314340] iscsi: registered transport (iser)
May 18 15:40:21 ip-10-0-0-138 kernel: [   11.603065] audit: type=1400 audit(1558194019.576:2): apparmor="STATUS" operation="profile_load" profile="unconfined" name="/usr/bin/lxc-start" pid=982 comm="apparmor_parser"
May 18 15:40:21 ip-10-0-0-138 kernel: [   11.647036] audit: type=1400 audit(1558194019.620:3): apparmor="STATUS" operation="profile_load" profile="unconfined" name="/usr/lib/lxd/lxd-bridge-proxy" pid=984 comm="apparmor_parser"
May 18 15:40:21 ip-10-0-0-138 kernel: [   11.665186] audit: type=1400 audit(1558194019.640:4): apparmor="STATUS" operation="profile_load" profile="unconfined" name="/usr/sbin/tcpdump" pid=985 comm="apparmor_parser"
May 18 15:40:21 ip-10-0-0-138 kernel: [   11.731175] audit: type=1400 audit(1558194019.704:5): apparmor="STATUS" operation="profile_load" profile="unconfined" name="/sbin/dhclient" pid=983 comm="apparmor_parser"
May 18 15:40:21 ip-10-0-0-138 kernel: [   11.731436] audit: type=1400 audit(1558194019.704:6): apparmor="STATUS" operation="profile_load" profile="unconfined" name="/usr/lib/NetworkManager/nm-dhcp-client.action" pid=983 comm="apparmor_parser"
May 18 15:40:21 ip-10-0-0-138 kernel: [   11.731688] audit: type=1400 audit(1558194019.704:7): apparmor="STATUS" operation="profile_load" profile="unconfined" name="/usr/lib/NetworkManager/nm-dhcp-helper" pid=983 comm="apparmor_parser"
May 18 15:40:21 ip-10-0-0-138 kernel: [   11.731921] audit: type=1400 audit(1558194019.704:8): apparmor="STATUS" operation="profile_load" profile="unconfined" name="/usr/lib/connman/scripts/dhclient-script" pid=983 comm="apparmor_parser"
May 18 15:40:21 ip-10-0-0-138 kernel: [   11.754265] audit: type=1400 audit(1558194019.728:9): apparmor="STATUS" operation="profile_load" profile="unconfined" name="/usr/lib/snapd/snap-confine" pid=988 comm="apparmor_parser"
May 18 15:40:21 ip-10-0-0-138 kernel: [   11.754407] audit: type=1400 audit(1558194019.728:10): apparmor="STATUS" operation="profile_load" profile="unconfined" name="/usr/lib/snapd/snap-confine//mount-namespace-capture-helper" pid=988 comm="apparmor_parser"
May 18 15:40:21 ip-10-0-0-138 kernel: [   12.277137] ixgbevf 0000:00:03.0: NIC Link is Up 10 Gbps
May 18 15:40:21 ip-10-0-0-138 kernel: [   12.278650] IPv6: ADDRCONF(NETDEV_UP): ens3: link is not ready
May 18 15:40:21 ip-10-0-0-138 kernel: [   12.278668] IPv6: ADDRCONF(NETDEV_CHANGE): ens3: link becomes ready
May 18 15:40:21 ip-10-0-0-138 kernel: [   12.679076] ixgbevf 0000:00:03.0: NIC Link is Up 10 Gbps
May 18 15:40:21 ip-10-0-0-138 kernel: [   12.680591] IPv6: ADDRCONF(NETDEV_UP): ens3: link is not ready
May 18 15:40:21 ip-10-0-0-138 kernel: [   12.680610] IPv6: ADDRCONF(NETDEV_CHANGE): ens3: link becomes ready
May 18 15:40:21 ip-10-0-0-138 kernel: [   13.269968] EXT4-fs (xvda1): resizing filesystem from 2096891 to 7864059 blocks
May 18 15:40:21 ip-10-0-0-138 kernel: [   13.280026] EXT4-fs (xvda1): resized filesystem to 7864059
May 18 15:40:21 ip-10-0-0-138 kernel: [   13.796301] cgroup: new mount options do not match the existing superblock, will be ignored
May 18 15:40:21 ip-10-0-0-138 rsyslogd-2039: Could not open output pipe '/dev/xconsole':: No such file or directory [v8.16.0 try http://www.rsyslog.com/e/2039 ]
May 18 15:40:21 ip-10-0-0-138 rsyslogd-2007: action 'action 11' suspended, next retry is Sat May 18 15:40:51 2019 [v8.16.0 try http://www.rsyslog.com/e/2007 ]
May 18 15:40:21 ip-10-0-0-138 cloud-init[1299]: ci-info: |   0   |  fe80::/64  |    ::   |    ens3   |   U   |
May 18 15:40:21 ip-10-0-0-138 cloud-init[1299]: ci-info: |   3   |   ff00::/8  |    ::   |    ens3   |   U   |
May 18 15:40:21 ip-10-0-0-138 cloud-init[1299]: ci-info: +-------+-------------+---------+-----------+-------+
May 18 15:40:21 ip-10-0-0-138 systemd[1]: Started Initial cloud-init job (metadata service crawler).
May 18 15:40:21 ip-10-0-0-138 acpid: starting up with netlink and the input layer
May 18 15:40:21 ip-10-0-0-138 cloud-init[1299]: Generating public/private rsa key pair.
May 18 15:40:21 ip-10-0-0-138 cloud-init[1299]: Your identification has been saved in /etc/ssh/ssh_host_rsa_key.
May 18 15:40:21 ip-10-0-0-138 cloud-init[1299]: Your public key has been saved in /etc/ssh/ssh_host_rsa_key.pub.
May 18 15:40:21 ip-10-0-0-138 cloud-init[1299]: The key fingerprint is:
May 18 15:40:21 ip-10-0-0-138 cloud-init[1299]: SHA256:3nEJNVCsaPAnVabKknKfVSb7IiRJy8tZ5TBM+hdIstI root@ip-10-0-0-138
May 18 15:40:21 ip-10-0-0-138 cloud-init[1299]: The key's randomart image is:
May 18 15:40:21 ip-10-0-0-138 cloud-init[1299]: +---[RSA 2048]----+
May 18 15:40:21 ip-10-0-0-138 cloud-init[1299]: |      . o .=*    |
May 18 15:40:21 ip-10-0-0-138 cloud-init[1299]: |     ..B ..+..   |
May 18 15:40:21 ip-10-0-0-138 cloud-init[1299]: |    . Eo=o*.o    |
May 18 15:40:21 ip-10-0-0-138 cloud-init[1299]: |     + *=*oB .   |
May 18 15:40:21 ip-10-0-0-138 cloud-init[1299]: |    . O.So* o    |
May 18 15:40:21 ip-10-0-0-138 cloud-init[1299]: |     + X = +     |
May 18 15:40:22 ip-10-0-0-138 cloud-init[1299]: |      + = o .    |
May 18 15:40:22 ip-10-0-0-138 cloud-init[1299]: |         . .     |
May 18 15:40:22 ip-10-0-0-138 cloud-init[1299]: |                 |
May 18 15:40:22 ip-10-0-0-138 cloud-init[1299]: +----[SHA256]-----+
May 18 15:40:22 ip-10-0-0-138 cloud-init[1299]: Generating public/private dsa key pair.
May 18 15:40:22 ip-10-0-0-138 cloud-init[1299]: Your identification has been saved in /etc/ssh/ssh_host_dsa_key.
May 18 15:40:22 ip-10-0-0-138 cloud-init[1299]: Your public key has been saved in /etc/ssh/ssh_host_dsa_key.pub.
May 18 15:40:22 ip-10-0-0-138 cloud-init[1299]: The key fingerprint is:
May 18 15:40:22 ip-10-0-0-138 cloud-init[1299]: SHA256:OUiMSYZGLD1uWsepEA6dFMUxXWy6V1sXRxMVuLt5tqk root@ip-10-0-0-138
May 18 15:40:22 ip-10-0-0-138 cloud-init[1299]: The key's randomart image is:
May 18 15:40:22 ip-10-0-0-138 cloud-init[1299]: +---[DSA 1024]----+
May 18 15:40:22 ip-10-0-0-138 cloud-init[1299]: | *+**o o.     .=*|
May 18 15:40:22 ip-10-0-0-138 cloud-init[1299]: |+ Oo.=. o    .. o|
May 18 15:40:22 ip-10-0-0-138 cloud-init[1299]: |o= oo.oo      .o |
May 18 15:40:22 ip-10-0-0-138 cloud-init[1299]: |..+ +... .. ...  |
May 18 15:40:22 ip-10-0-0-138 cloud-init[1299]: | = o  ..S. o ..  |
May 18 15:40:22 ip-10-0-0-138 cloud-init[1299]: |. .   . ...  .   |
May 18 15:40:22 ip-10-0-0-138 cloud-init[1299]: |       .      o  |
May 18 15:40:22 ip-10-0-0-138 cloud-init[1299]: |             o o.|
May 18 15:40:22 ip-10-0-0-138 cloud-init[1299]: |             E+o.|
May 18 15:40:22 ip-10-0-0-138 cloud-init[1299]: +----[SHA256]-----+
May 18 15:40:22 ip-10-0-0-138 cloud-init[1299]: Generating public/private ecdsa key pair.
May 18 15:40:22 ip-10-0-0-138 cloud-init[1299]: Your identification has been saved in /etc/ssh/ssh_host_ecdsa_key.
May 18 15:40:22 ip-10-0-0-138 cloud-init[1299]: Your public key has been saved in /etc/ssh/ssh_host_ecdsa_key.pub.
May 18 15:40:22 ip-10-0-0-138 cloud-init[1299]: The key fingerprint is:
May 18 15:40:22 ip-10-0-0-138 cloud-init[1299]: SHA256:IapSeGBNGsaCS/2Y12r8zW1srru/jRJTPUOp55iW7RE root@ip-10-0-0-138
May 18 15:40:22 ip-10-0-0-138 cloud-init[1299]: The key's randomart image is:
May 18 15:40:22 ip-10-0-0-138 cloud-init[1299]: +---[ECDSA 256]---+
May 18 15:40:22 ip-10-0-0-138 cloud-init[1299]: |oo..          .  |
May 18 15:40:22 ip-10-0-0-138 cloud-init[1299]: |+o=.         o   |
May 18 15:40:22 ip-10-0-0-138 cloud-init[1299]: |++ .+ o .   +    |
May 18 15:40:22 ip-10-0-0-138 cloud-init[1299]: |oo o + o . o E   |
May 18 15:40:22 ip-10-0-0-138 cloud-init[1299]: |. o + . S . B +  |
May 18 15:40:22 ip-10-0-0-138 cloud-init[1299]: | o . +   o = +   |
May 18 15:40:22 ip-10-0-0-138 cloud-init[1299]: |. . . . o * . .  |
May 18 15:40:22 ip-10-0-0-138 cloud-init[1299]: | .     . + =o.   |
May 18 15:40:22 ip-10-0-0-138 cloud-init[1299]: |         +X=..   |
May 18 15:40:22 ip-10-0-0-138 cloud-init[1299]: +----[SHA256]-----+
May 18 15:40:22 ip-10-0-0-138 cloud-init[1299]: Generating public/private ed25519 key pair.
May 18 15:40:22 ip-10-0-0-138 cloud-init[1299]: Your identification has been saved in /etc/ssh/ssh_host_ed25519_key.
May 18 15:40:22 ip-10-0-0-138 cloud-init[1299]: Your public key has been saved in /etc/ssh/ssh_host_ed25519_key.pub.
May 18 15:40:22 ip-10-0-0-138 cloud-init[1299]: The key fingerprint is:
May 18 15:40:22 ip-10-0-0-138 cloud-init[1299]: SHA256:VEIUgn9E/gGh51PMsEzXQa8OGvqYOWnXaLQqhdo9p9c root@ip-10-0-0-138
May 18 15:40:22 ip-10-0-0-138 cloud-init[1299]: The key's randomart image is:
May 18 15:40:22 ip-10-0-0-138 cloud-init[1299]: +--[ED25519 256]--+
May 18 15:40:22 ip-10-0-0-138 cloud-init[1299]: |     ..+@oooo.   |
May 18 15:40:22 ip-10-0-0-138 cloud-init[1299]: |    .  *.X  ..   |
May 18 15:40:22 ip-10-0-0-138 cloud-init[1299]: |     ...* =   .  |
May 18 15:40:22 ip-10-0-0-138 cloud-init[1299]: |      .+.o . .   |
May 18 15:40:22 ip-10-0-0-138 cloud-init[1299]: |     . .S o .    |
May 18 15:40:22 ip-10-0-0-138 cloud-init[1299]: |    . ...+ o     |
May 18 15:40:22 ip-10-0-0-138 cloud-init[1299]: |   o o.o.=  .    |
May 18 15:40:22 ip-10-0-0-138 cloud-init[1299]: |  . o *=B E      |
May 18 15:40:22 ip-10-0-0-138 systemd[1]: Reached target Cloud-config availability.
May 18 15:40:22 ip-10-0-0-138 acpid: 1 rule loaded
May 18 15:40:22 ip-10-0-0-138 cloud-init[1299]: |     o*X.        |
May 18 15:40:22 ip-10-0-0-138 cloud-init[1299]: +----[SHA256]-----+
May 18 15:40:22 ip-10-0-0-138 systemd[1]: Reached target Network is Online.
May 18 15:40:22 ip-10-0-0-138 acpid: waiting for events: event logging is off
May 18 15:40:22 ip-10-0-0-138 systemd[1]: Starting iSCSI initiator daemon (iscsid)...
May 18 15:40:22 ip-10-0-0-138 iscsid: iSCSI logger with pid=1416 started!
May 18 15:40:22 ip-10-0-0-138 systemd[1]: Reached target System Initialization.
May 18 15:40:22 ip-10-0-0-138 iscsid: iSCSI daemon with pid=1417 started!
May 18 15:40:22 ip-10-0-0-138 systemd[1]: Listening on D-Bus System Message Bus Socket.
May 18 15:40:22 ip-10-0-0-138 pollinate[1410]: client sent challenge to [https://entropy.ubuntu.com/]
May 18 15:40:22 ip-10-0-0-138 mdadm[1402]:  * Starting MD monitoring service mdadm --monitor
May 18 15:40:22 ip-10-0-0-138 mdadm[1402]:    ...done.
May 18 15:40:22 ip-10-0-0-138 systemd[1]: Listening on ACPID Listen Socket.
May 18 15:40:22 ip-10-0-0-138 dbus[1424]: [system] AppArmor D-Bus mediation is enabled
May 18 15:40:22 ip-10-0-0-138 systemd[1]: Starting LXD - unix socket.
May 18 15:40:22 ip-10-0-0-138 cron[1450]: (CRON) INFO (pidfile fd = 3)
May 18 15:40:22 ip-10-0-0-138 systemd[1]: Started Daily Cleanup of Temporary Directories.
May 18 15:40:22 ip-10-0-0-138 cron[1450]: (CRON) INFO (Running @reboot jobs)
May 18 15:40:22 ip-10-0-0-138 systemd[1]: Started ACPI Events Check.
May 18 15:40:22 ip-10-0-0-138 dbus[1424]: [system] Activating via systemd: service name='org.freedesktop.PolicyKit1' unit='polkitd.service'
May 18 15:40:22 ip-10-0-0-138 systemd[1]: Reached target Paths.
May 18 15:40:22 ip-10-0-0-138 polkitd[1558]: started daemon version 0.105 using authority implementation `local' version `0.105'
May 18 15:40:22 ip-10-0-0-138 lxcfs[1447]: hierarchies:
May 18 15:40:22 ip-10-0-0-138 lxcfs[1447]:   0: fd:   5: perf_event
May 18 15:40:22 ip-10-0-0-138 lxcfs[1447]:   1: fd:   6: pids
May 18 15:40:22 ip-10-0-0-138 lxcfs[1447]:   2: fd:   7: freezer
May 18 15:40:22 ip-10-0-0-138 lxcfs[1447]:   3: fd:   8: devices
May 18 15:40:22 ip-10-0-0-138 lxcfs[1447]:   4: fd:   9: net_cls,net_prio
May 18 15:40:22 ip-10-0-0-138 lxcfs[1447]:   5: fd:  10: blkio
May 18 15:40:22 ip-10-0-0-138 lxcfs[1447]:   6: fd:  11: memory
May 18 15:40:22 ip-10-0-0-138 lxcfs[1447]:   7: fd:  12: hugetlb
May 18 15:40:22 ip-10-0-0-138 lxcfs[1447]:   8: fd:  13: cpuset
May 18 15:40:22 ip-10-0-0-138 lxcfs[1447]:   9: fd:  14: cpu,cpuacct
May 18 15:40:22 ip-10-0-0-138 lxcfs[1447]:  10: fd:  15: name=systemd
May 18 15:40:22 ip-10-0-0-138 systemd[1]: Started Daily apt download activities.
May 18 15:40:22 ip-10-0-0-138 dbus[1424]: [system] Successfully activated service 'org.freedesktop.PolicyKit1'
May 18 15:40:22 ip-10-0-0-138 systemd[1]: Started Daily apt upgrade and clean activities.
May 18 15:40:22 ip-10-0-0-138 accounts-daemon[1452]: started daemon version 0.6.40
May 18 15:40:22 ip-10-0-0-138 systemd[1]: Reached target Timers.
May 18 15:40:22 ip-10-0-0-138 pollinate[1410]: client verified challenge/response with [https://entropy.ubuntu.com/]
May 18 15:40:22 ip-10-0-0-138 snapd[1456]: AppArmor status: apparmor is enabled and all features are available
May 18 15:40:22 ip-10-0-0-138 snapd[1456]: 2019/05/18 15:40:22.127198 helpers.go:119: error trying to compare the snap system key: system-key missing on disk
May 18 15:40:22 ip-10-0-0-138 snapd[1456]: 2019/05/18 15:40:22.140245 daemon.go:343: started snapd/2.34.2 (series 16; classic) ubuntu/16.04 (amd64) linux/4.4.0-1067-aws.
May 18 15:40:22 ip-10-0-0-138 systemd[1]: Starting Socket activation for snappy daemon.
May 18 15:40:22 ip-10-0-0-138 pollinate[1410]: client hashed response from [https://entropy.ubuntu.com/]
May 18 15:40:22 ip-10-0-0-138 systemd[1]: Listening on UUID daemon activation socket.
May 18 15:40:22 ip-10-0-0-138 pollinate[1410]: client successfully seeded [/dev/urandom]
May 18 15:40:22 ip-10-0-0-138 systemd[1]: Listening on LXD - unix socket.
May 18 15:40:22 ip-10-0-0-138 iscsiadm[1477]: iscsiadm: No records found
May 18 15:40:22 ip-10-0-0-138 systemd[1]: Listening on Socket activation for snappy daemon.
May 18 15:40:22 ip-10-0-0-138 systemd[1]: Reached target Sockets.
May 18 15:40:22 ip-10-0-0-138 irqbalance[1495]:  * Starting SMP IRQ Balancer: irqbalance
May 18 15:40:22 ip-10-0-0-138 irqbalance[1495]:    ...done.
May 18 15:40:22 ip-10-0-0-138 systemd[1]: Reached target Basic System.
May 18 15:40:22 ip-10-0-0-138 systemd[1]: Started Unattended Upgrades Shutdown.
May 18 15:40:22 ip-10-0-0-138 apport[1501]:  * Starting automatic crash report generation: apport
May 18 15:40:22 ip-10-0-0-138 apport[1501]:    ...done.
May 18 15:40:22 ip-10-0-0-138 systemd[1]: Started ACPI event daemon.
May 18 15:40:22 ip-10-0-0-138 systemd[1]: Starting LSB: Record successful boot for GRUB...
May 18 15:40:22 ip-10-0-0-138 systemd[1]: Starting Login Service...
May 18 15:40:22 ip-10-0-0-138 systemd[1]: Starting LSB: MD monitoring daemon...
May 18 15:40:22 ip-10-0-0-138 systemd[1]: Started Deferred execution scheduler.
May 18 15:40:22 ip-10-0-0-138 systemd[1]: Starting /etc/rc.local Compatibility...
May 18 15:40:22 ip-10-0-0-138 systemd[1]: Starting Pollinate to seed the pseudo random number generator...
May 18 15:40:22 ip-10-0-0-138 systemd[1]: Started D-Bus System Message Bus.
May 18 15:40:22 ip-10-0-0-138 systemd[1]: Started FUSE filesystem for LXC.
May 18 15:40:22 ip-10-0-0-138 systemd[1]: Started Regular background program processing daemon.
May 18 15:40:22 ip-10-0-0-138 systemd[1]: Starting Accounts Service...
May 18 15:40:22 ip-10-0-0-138 systemd[1]: Starting System Logging Service...
May 18 15:40:22 ip-10-0-0-138 systemd[1]: Starting Snappy daemon...
May 18 15:40:22 ip-10-0-0-138 systemd[1]: Starting LXD - container startup/shutdown...
May 18 15:40:22 ip-10-0-0-138 systemd[1]: Started iSCSI initiator daemon (iscsid).
May 18 15:40:22 ip-10-0-0-138 systemd[1]: Started /etc/rc.local Compatibility.
May 18 15:40:22 ip-10-0-0-138 systemd[1]: Starting Login to default iSCSI targets...
May 18 15:40:22 ip-10-0-0-138 systemd[1]: Started Login Service.
May 18 15:40:22 ip-10-0-0-138 systemd[1]: Started LSB: MD monitoring daemon.
May 18 15:40:22 ip-10-0-0-138 systemd[1]: Started LSB: Record successful boot for GRUB.
May 18 15:40:22 ip-10-0-0-138 systemd[1]: Started Login to default iSCSI targets.
May 18 15:40:22 ip-10-0-0-138 systemd[1]: Started System Logging Service.
May 18 15:40:22 ip-10-0-0-138 systemd[1]: Reached target Remote File Systems (Pre).
May 18 15:40:22 ip-10-0-0-138 systemd[1]: Reached target Remote File Systems.
May 18 15:40:22 ip-10-0-0-138 systemd[1]: Starting LSB: daemon to balance interrupts for SMP systems...
May 18 15:40:22 ip-10-0-0-138 systemd[1]: Starting LSB: Set the CPU Frequency Scaling governor to "ondemand"...
May 18 15:40:22 ip-10-0-0-138 systemd[1]: Starting LSB: automatic crash report generation...
May 18 15:40:22 ip-10-0-0-138 systemd[1]: Starting Permit User Sessions...
May 18 15:40:22 ip-10-0-0-138 systemd[1]: Started Permit User Sessions.
May 18 15:40:22 ip-10-0-0-138 systemd[1]: Started LSB: Set the CPU Frequency Scaling governor to "ondemand".
May 18 15:40:22 ip-10-0-0-138 systemd[1]: Started LSB: daemon to balance interrupts for SMP systems.
May 18 15:40:22 ip-10-0-0-138 systemd[1]: Starting Terminate Plymouth Boot Screen...
May 18 15:40:22 ip-10-0-0-138 systemd[1]: Starting Hold until boot process finishes up...
May 18 15:40:22 ip-10-0-0-138 systemd[1]: Started Hold until boot process finishes up.
May 18 15:40:22 ip-10-0-0-138 systemd[1]: Started Serial Getty on ttyS0.
May 18 15:40:22 ip-10-0-0-138 systemd[1]: Started Getty on tty1.
May 18 15:40:22 ip-10-0-0-138 systemd[1]: Reached target Login Prompts.
May 18 15:40:22 ip-10-0-0-138 systemd[1]: Starting Set console scheme...
May 18 15:40:22 ip-10-0-0-138 systemd[1]: Started LSB: automatic crash report generation.
May 18 15:40:22 ip-10-0-0-138 systemd[1]: Started Terminate Plymouth Boot Screen.
May 18 15:40:22 ip-10-0-0-138 systemd[1]: Starting Authenticate and Authorize Users to Run Privileged Tasks...
May 18 15:40:22 ip-10-0-0-138 systemd[1]: Started Set console scheme.
May 18 15:40:22 ip-10-0-0-138 systemd[1]: Started Authenticate and Authorize Users to Run Privileged Tasks.
May 18 15:40:22 ip-10-0-0-138 systemd[1]: Started Accounts Service.
May 18 15:40:22 ip-10-0-0-138 systemd[1]: Started LXD - container startup/shutdown.
May 18 15:40:22 ip-10-0-0-138 systemd[1]: Started Pollinate to seed the pseudo random number generator.
May 18 15:40:22 ip-10-0-0-138 systemd[1]: Starting OpenBSD Secure Shell server...
May 18 15:40:22 ip-10-0-0-138 systemd[1]: Started Snappy daemon.
May 18 15:40:22 ip-10-0-0-138 systemd[1]: Starting Wait until snapd is fully seeded...
May 18 15:40:22 ip-10-0-0-138 systemd[1]: Started OpenBSD Secure Shell server.
May 18 15:40:23 ip-10-0-0-138 systemd[1]: Reloading.
May 18 15:40:24 ip-10-0-0-138 systemd[1]: Started ACPI event daemon.
May 18 15:40:24 ip-10-0-0-138 systemd[1]: Reloading.
May 18 15:40:24 ip-10-0-0-138 systemd[1]: Started ACPI event daemon.
May 18 15:40:24 ip-10-0-0-138 systemd[1]: Mounting Mount unit for core, revision 5328...
May 18 15:40:24 ip-10-0-0-138 systemd[1]: Mounted Mount unit for core, revision 5328.
May 18 15:40:24 ip-10-0-0-138 snapd[1456]: 2019/05/18 15:40:24.163804 backend.go:303: cannot create host snap-confine apparmor configuration: cannot synchronize snap-confine apparmor profile: open /var/lib/snapd/apparmor/profiles/snap-confine.core.5328.jjC2pBMXSXHR~: no such file or directory
May 18 15:40:24 ip-10-0-0-138 kernel: [   16.204787] audit_printk_skb: 12 callbacks suppressed
May 18 15:40:24 ip-10-0-0-138 kernel: [   16.204790] audit: type=1400 audit(1558194024.180:15): apparmor="STATUS" operation="profile_load" profile="unconfined" name="snap-update-ns.core" pid=2141 comm="apparmor_parser"
May 18 15:40:24 ip-10-0-0-138 kernel: [   16.267623] audit: type=1400 audit(1558194024.240:16): apparmor="STATUS" operation="profile_load" profile="unconfined" name="snap.core.hook.configure" pid=2143 comm="apparmor_parser"
May 18 15:40:25 ip-10-0-0-138 snapd[1456]: 2019/05/18 15:40:25.295415 daemon.go:531: gracefully waiting for running hooks
May 18 15:40:25 ip-10-0-0-138 snapd[1456]: 2019/05/18 15:40:25.295440 daemon.go:533: done waiting for running hooks
May 18 15:40:25 ip-10-0-0-138 systemd[1]: snapd.service: Service hold-off time over, scheduling restart.
May 18 15:40:25 ip-10-0-0-138 systemd[1]: Stopped Snappy daemon.
May 18 15:40:25 ip-10-0-0-138 systemd[1]: Starting Snappy daemon...
May 18 15:40:25 ip-10-0-0-138 snapd[2342]: AppArmor status: apparmor is enabled and all features are available
May 18 15:40:26 ip-10-0-0-138 kernel: [   18.393090] audit: type=1400 audit(1558194026.368:17): apparmor="STATUS" operation="profile_load" profile="unconfined" name="/snap/core/5328/usr/lib/snapd/snap-confine" pid=2366 comm="apparmor_parser"
May 18 15:40:26 ip-10-0-0-138 kernel: [   18.393276] audit: type=1400 audit(1558194026.368:18): apparmor="STATUS" operation="profile_load" profile="unconfined" name="/snap/core/5328/usr/lib/snapd/snap-confine//mount-namespace-capture-helper" pid=2366 comm="apparmor_parser"
May 18 15:40:26 ip-10-0-0-138 kernel: [   18.414557] audit: type=1400 audit(1558194026.388:19): apparmor="STATUS" operation="profile_replace" profile="unconfined" name="snap-update-ns.core" pid=2368 comm="apparmor_parser"
May 18 15:40:26 ip-10-0-0-138 kernel: [   18.475879] audit: type=1400 audit(1558194026.448:20): apparmor="STATUS" operation="profile_replace" profile="unconfined" name="snap.core.hook.configure" pid=2370 comm="apparmor_parser"
May 18 15:40:26 ip-10-0-0-138 snapd[2342]: AppArmor status: apparmor is enabled and all features are available
May 18 15:40:26 ip-10-0-0-138 snapd[2342]: daemon.go:344: started snapd/2.35 (series 16; classic) ubuntu/16.04 (amd64) linux/4.4.0-1067-aws.
May 18 15:40:26 ip-10-0-0-138 systemd[1]: Started Snappy daemon.
May 18 15:40:27 ip-10-0-0-138 systemd[1]: Reloading.
May 18 15:40:27 ip-10-0-0-138 systemd[1]: Started ACPI event daemon.
May 18 15:40:27 ip-10-0-0-138 systemd[1]: Reloading.
May 18 15:40:27 ip-10-0-0-138 systemd[1]: Started ACPI event daemon.
May 18 15:40:27 ip-10-0-0-138 systemd[1]: Mounting Mount unit for amazon-ssm-agent, revision 495...
May 18 15:40:27 ip-10-0-0-138 systemd[1]: Mounted Mount unit for amazon-ssm-agent, revision 495.
May 18 15:40:27 ip-10-0-0-138 kernel: [   19.214574] audit: type=1400 audit(1558194027.188:21): apparmor="STATUS" operation="profile_load" profile="unconfined" name="snap-update-ns.amazon-ssm-agent" pid=2666 comm="apparmor_parser"
May 18 15:40:27 ip-10-0-0-138 kernel: [   19.218212] audit: type=1400 audit(1558194027.192:22): apparmor="STATUS" operation="profile_load" profile="unconfined" name="snap.amazon-ssm-agent.amazon-ssm-agent" pid=2668 comm="apparmor_parser"
May 18 15:40:27 ip-10-0-0-138 kernel: [   19.221738] audit: type=1400 audit(1558194027.196:23): apparmor="STATUS" operation="profile_load" profile="unconfined" name="snap.amazon-ssm-agent.ssm-cli" pid=2670 comm="apparmor_parser"
May 18 15:40:27 ip-10-0-0-138 systemd[1]: Reloading.
May 18 15:40:27 ip-10-0-0-138 systemd[1]: Started ACPI event daemon.
May 18 15:40:27 ip-10-0-0-138 systemd[1]: Reloading.
May 18 15:40:27 ip-10-0-0-138 systemd[1]: Started ACPI event daemon.
May 18 15:40:27 ip-10-0-0-138 systemd[1]: Started Service for snap application amazon-ssm-agent.amazon-ssm-agent.
May 18 15:40:27 ip-10-0-0-138 systemd[1]: Started Wait until snapd is fully seeded.
May 18 15:40:27 ip-10-0-0-138 systemd[1]: Starting Apply the settings specified in cloud-config...
May 18 15:40:27 ip-10-0-0-138 systemd[1]: Reached target Multi-User System.
May 18 15:40:27 ip-10-0-0-138 systemd[1]: Reached target Graphical Interface.
May 18 15:40:27 ip-10-0-0-138 systemd[1]: Starting Update UTMP about System Runlevel Changes...
May 18 15:40:27 ip-10-0-0-138 systemd[1]: Started Update UTMP about System Runlevel Changes.
May 18 15:40:27 ip-10-0-0-138 cloud-init[2736]: Generating locales (this might take a while)...
May 18 15:40:28 ip-10-0-0-138 amazon-ssm-agent.amazon-ssm-agent[2727]: 2019/05/18 15:40:28 Failed to load instance info from vault. RegistrationKey does not exist.
May 18 15:40:28 ip-10-0-0-138 amazon-ssm-agent.amazon-ssm-agent[2727]: Error occurred fetching the seelog config file path:  open /etc/amazon/ssm/seelog.xml: no such file or directory
May 18 15:40:28 ip-10-0-0-138 amazon-ssm-agent.amazon-ssm-agent[2727]: Initializing new seelog logger
May 18 15:40:28 ip-10-0-0-138 amazon-ssm-agent.amazon-ssm-agent[2727]: New Seelog Logger Creation Complete
May 18 15:40:28 ip-10-0-0-138 amazon-ssm-agent.amazon-ssm-agent[2727]: 2019-05-18 15:40:28 ERROR Error adding the directory to watcher: no such file or directory
May 18 15:40:28 ip-10-0-0-138 systemd[1]: Created slice User Slice of ubuntu.
May 18 15:40:28 ip-10-0-0-138 systemd[1]: Starting User Manager for UID 1000...
May 18 15:40:28 ip-10-0-0-138 systemd[1]: Started Session 1 of user ubuntu.
May 18 15:40:28 ip-10-0-0-138 systemd[2802]: Reached target Sockets.
May 18 15:40:28 ip-10-0-0-138 systemd[2802]: Reached target Paths.
May 18 15:40:28 ip-10-0-0-138 systemd[2802]: Reached target Timers.
May 18 15:40:28 ip-10-0-0-138 systemd[2802]: Reached target Basic System.
May 18 15:40:28 ip-10-0-0-138 systemd[2802]: Reached target Default.
May 18 15:40:28 ip-10-0-0-138 systemd[2802]: Startup finished in 9ms.
May 18 15:40:28 ip-10-0-0-138 systemd[1]: Started User Manager for UID 1000.
May 18 15:40:28 ip-10-0-0-138 amazon-ssm-agent.amazon-ssm-agent[2727]: 2019-05-18 15:40:28 INFO Agent enters hibernate mode. Reducing logging...
May 18 15:40:28 ip-10-0-0-138 cloud-init[2736]:   en_US.UTF-8... done
May 18 15:40:28 ip-10-0-0-138 cloud-init[2736]: Generation complete.
May 18 15:40:28 ip-10-0-0-138 cloud-init[2736]: Cloud-init v. 18.3-9-g2e62cb8a-0ubuntu1~16.04.2 running 'modules:config' at Sat, 18 May 2019 15:40:27 +0000. Up 13.95 seconds.
May 18 15:40:28 ip-10-0-0-138 systemd[1]: Started Apply the settings specified in cloud-config.
May 18 15:40:28 ip-10-0-0-138 systemd[1]: Starting Execute cloud user/final scripts...
May 18 15:40:29 ip-10-0-0-138 ec2: 
May 18 15:40:29 ip-10-0-0-138 ec2: #############################################################
May 18 15:40:29 ip-10-0-0-138 ec2: -----BEGIN SSH HOST KEY FINGERPRINTS-----
May 18 15:40:29 ip-10-0-0-138 ec2: 1024 SHA256:OUiMSYZGLD1uWsepEA6dFMUxXWy6V1sXRxMVuLt5tqk root@ip-10-0-0-138 (DSA)
May 18 15:40:29 ip-10-0-0-138 ec2: 256 SHA256:IapSeGBNGsaCS/2Y12r8zW1srru/jRJTPUOp55iW7RE root@ip-10-0-0-138 (ECDSA)
May 18 15:40:29 ip-10-0-0-138 ec2: 256 SHA256:VEIUgn9E/gGh51PMsEzXQa8OGvqYOWnXaLQqhdo9p9c root@ip-10-0-0-138 (ED25519)
May 18 15:40:29 ip-10-0-0-138 ec2: 2048 SHA256:3nEJNVCsaPAnVabKknKfVSb7IiRJy8tZ5TBM+hdIstI root@ip-10-0-0-138 (RSA)
May 18 15:40:29 ip-10-0-0-138 ec2: -----END SSH HOST KEY FINGERPRINTS-----
May 18 15:40:29 ip-10-0-0-138 ec2: #############################################################
May 18 15:40:29 ip-10-0-0-138 cloud-init[2887]: Cloud-init v. 18.3-9-g2e62cb8a-0ubuntu1~16.04.2 running 'modules:final' at Sat, 18 May 2019 15:40:29 +0000. Up 15.22 seconds.
