Jul 22 11:54:29 ip-10-0-0-32 rsyslogd: [origin software="rsyslogd" swVersion="8.16.0" x-pid="1475" x-info="http://www.rsyslog.com"] start
Jul 22 11:54:29 ip-10-0-0-32 rsyslogd-2222: command 'KLogPermitNonKernelFacility' is currently not permitted - did you already set it via a RainerScript command (v6+ config)? [v8.16.0 try http://www.rsyslog.com/e/2222 ]
Jul 22 11:54:29 ip-10-0-0-32 rsyslogd: rsyslogd's groupid changed to 108
Jul 22 11:54:29 ip-10-0-0-32 rsyslogd: rsyslogd's userid changed to 104
Jul 22 11:54:29 ip-10-0-0-32 loadkeys[647]: Loading /etc/console-setup/cached.kmap.gz
Jul 22 11:54:29 ip-10-0-0-32 systemd-modules-load[673]: Inserted module 'iscsi_tcp'
Jul 22 11:54:29 ip-10-0-0-32 systemd-modules-load[673]: Inserted module 'ib_iser'
Jul 22 11:54:29 ip-10-0-0-32 systemd[1]: Started Set console keymap.
Jul 22 11:54:29 ip-10-0-0-32 systemd[1]: Started Remount Root and Kernel File Systems.
Jul 22 11:54:29 ip-10-0-0-32 systemd[1]: Started Uncomplicated firewall.
Jul 22 11:54:29 ip-10-0-0-32 systemd[1]: Started Create list of required static device nodes for the current kernel.
Jul 22 11:54:29 ip-10-0-0-32 systemd[1]: Started Load Kernel Modules.
Jul 22 11:54:29 ip-10-0-0-32 systemd[1]: Started Nameserver information manager.
Jul 22 11:54:29 ip-10-0-0-32 systemd[1]: Started LVM2 metadata daemon.
Jul 22 11:54:29 ip-10-0-0-32 systemd[1]: Starting Apply Kernel Variables...
Jul 22 11:54:29 ip-10-0-0-32 systemd[1]: Mounting FUSE Control File System...
Jul 22 11:54:29 ip-10-0-0-32 systemd[1]: Starting Create Static Device Nodes in /dev...
Jul 22 11:54:29 ip-10-0-0-32 systemd[1]: Starting udev Coldplug all Devices...
Jul 22 11:54:29 ip-10-0-0-32 systemd[1]: Starting Load/Save Random Seed...
Jul 22 11:54:29 ip-10-0-0-32 systemd[1]: Starting Flush Journal to Persistent Storage...
Jul 22 11:54:29 ip-10-0-0-32 systemd[1]: Mounted FUSE Control File System.
Jul 22 11:54:29 ip-10-0-0-32 systemd[1]: Started Apply Kernel Variables.
Jul 22 11:54:29 ip-10-0-0-32 systemd[1]: Started Create Static Device Nodes in /dev.
Jul 22 11:54:29 ip-10-0-0-32 systemd[1]: Started Load/Save Random Seed.
Jul 22 11:54:29 ip-10-0-0-32 systemd[1]: Started Flush Journal to Persistent Storage.
Jul 22 11:54:29 ip-10-0-0-32 systemd[1]: Starting udev Kernel Device Manager...
Jul 22 11:54:29 ip-10-0-0-32 systemd[1]: Started udev Kernel Device Manager.
Jul 22 11:54:29 ip-10-0-0-32 systemd[1]: Started udev Coldplug all Devices.
Jul 22 11:54:29 ip-10-0-0-32 systemd[1]: Started Dispatch Password Requests to Console Directory Watch.
Jul 22 11:54:29 ip-10-0-0-32 systemd[1]: Started Monitoring of LVM2 mirrors, snapshots etc. using dmeventd or progress polling.
Jul 22 11:54:29 ip-10-0-0-32 systemd[1]: Reached target Local File Systems (Pre).
Jul 22 11:54:29 ip-10-0-0-32 systemd[1]: Reached target Local File Systems.
Jul 22 11:54:29 ip-10-0-0-32 systemd[1]: Starting Commit a transient machine-id on disk...
Jul 22 11:54:29 ip-10-0-0-32 systemd[1]: Starting Tell Plymouth To Write Out Runtime Data...
Jul 22 11:54:29 ip-10-0-0-32 systemd[1]: Starting Initial cloud-init job (pre-networking)...
Jul 22 11:54:29 ip-10-0-0-32 systemd[1]: Starting Set console font and keymap...
Jul 22 11:54:29 ip-10-0-0-32 systemd[1]: Starting Create Volatile Files and Directories...
Jul 22 11:54:29 ip-10-0-0-32 systemd-tmpfiles[853]: [/usr/lib/tmpfiles.d/var.conf:14] Duplicate line for path "/var/log", ignoring.
Jul 22 11:54:29 ip-10-0-0-32 systemd[1]: Starting LSB: AppArmor initialization...
Jul 22 11:54:29 ip-10-0-0-32 systemd[1]: Started Tell Plymouth To Write Out Runtime Data.
Jul 22 11:54:29 ip-10-0-0-32 systemd[1]: Started Create Volatile Files and Directories.
Jul 22 11:54:29 ip-10-0-0-32 systemd[1]: Found device /dev/ttyS0.
Jul 22 11:54:29 ip-10-0-0-32 systemd[1]: Started Commit a transient machine-id on disk.
Jul 22 11:54:29 ip-10-0-0-32 apparmor[856]:  * Starting AppArmor profiles
Jul 22 11:54:29 ip-10-0-0-32 apparmor[856]: Skipping profile in /etc/apparmor.d/disable: usr.sbin.rsyslogd
Jul 22 11:54:29 ip-10-0-0-32 systemd[1]: Listening on Load/Save RF Kill Switch Status /dev/rfkill Watch.
Jul 22 11:54:29 ip-10-0-0-32 apparmor[856]:    ...done.
Jul 22 11:54:29 ip-10-0-0-32 systemd[1]: Starting Network Time Synchronization...
Jul 22 11:54:29 ip-10-0-0-32 dhclient[1056]: Internet Systems Consortium DHCP Client 4.3.3
Jul 22 11:54:29 ip-10-0-0-32 dhclient[1056]: Copyright 2004-2015 Internet Systems Consortium.
Jul 22 11:54:29 ip-10-0-0-32 dhclient[1056]: All rights reserved.
Jul 22 11:54:29 ip-10-0-0-32 dhclient[1056]: For info, please visit https://www.isc.org/software/dhcp/
Jul 22 11:54:29 ip-10-0-0-32 dhclient[1056]: 
Jul 22 11:54:29 ip-10-0-0-32 dhclient[1056]: Listening on LPF/ens3/02:59:a4:18:a3:42
Jul 22 11:54:29 ip-10-0-0-32 dhclient[1056]: Sending on   LPF/ens3/02:59:a4:18:a3:42
Jul 22 11:54:29 ip-10-0-0-32 dhclient[1056]: Sending on   Socket/fallback
Jul 22 11:54:29 ip-10-0-0-32 dhclient[1056]: DHCPDISCOVER on ens3 to 255.255.255.255 port 67 interval 3 (xid=0xd3c813b)
Jul 22 11:54:29 ip-10-0-0-32 dhclient[1056]: DHCPREQUEST of 10.0.0.32 on ens3 to 255.255.255.255 port 67 (xid=0x3b813c0d)
Jul 22 11:54:29 ip-10-0-0-32 dhclient[1056]: DHCPOFFER of 10.0.0.32 from 10.0.0.1
Jul 22 11:54:29 ip-10-0-0-32 dhclient[1056]: DHCPACK of 10.0.0.32 from 10.0.0.1
Jul 22 11:54:29 ip-10-0-0-32 dhclient[1056]: bound to 10.0.0.32 -- renewal in 1427 seconds.
Jul 22 11:54:29 ip-10-0-0-32 systemd[1]: Starting Update UTMP about System Boot/Shutdown...
Jul 22 11:54:29 ip-10-0-0-32 systemd[1]: Started Network Time Synchronization.
Jul 22 11:54:29 ip-10-0-0-32 cloud-init[839]: Cloud-init v. 18.3-9-g2e62cb8a-0ubuntu1~16.04.2 running 'init-local' at Mon, 22 Jul 2019 11:54:27 +0000. Up 5.56 seconds.
Jul 22 11:54:29 ip-10-0-0-32 systemd[1]: Started LSB: AppArmor initialization.
Jul 22 11:54:29 ip-10-0-0-32 systemd[1]: Started Initial cloud-init job (pre-networking).
Jul 22 11:54:29 ip-10-0-0-32 systemd[1]: Started Update UTMP about System Boot/Shutdown.
Jul 22 11:54:29 ip-10-0-0-32 systemd[1]: Reached target Network (Pre).
Jul 22 11:54:29 ip-10-0-0-32 systemd[1]: Starting Raise network interfaces...
Jul 22 11:54:29 ip-10-0-0-32 systemd[1]: Reached target System Time Synchronized.
Jul 22 11:54:29 ip-10-0-0-32 systemd[1]: Started Set console font and keymap.
Jul 22 11:54:29 ip-10-0-0-32 systemd[1]: Created slice system-getty.slice.
Jul 22 11:54:29 ip-10-0-0-32 dhclient[1204]: Internet Systems Consortium DHCP Client 4.3.3
Jul 22 11:54:29 ip-10-0-0-32 ifup[1117]: Internet Systems Consortium DHCP Client 4.3.3
Jul 22 11:54:29 ip-10-0-0-32 ifup[1117]: Copyright 2004-2015 Internet Systems Consortium.
Jul 22 11:54:29 ip-10-0-0-32 ifup[1117]: All rights reserved.
Jul 22 11:54:29 ip-10-0-0-32 ifup[1117]: For info, please visit https://www.isc.org/software/dhcp/
Jul 22 11:54:29 ip-10-0-0-32 dhclient[1204]: Copyright 2004-2015 Internet Systems Consortium.
Jul 22 11:54:29 ip-10-0-0-32 dhclient[1204]: All rights reserved.
Jul 22 11:54:29 ip-10-0-0-32 dhclient[1204]: For info, please visit https://www.isc.org/software/dhcp/
Jul 22 11:54:29 ip-10-0-0-32 dhclient[1204]: 
Jul 22 11:54:29 ip-10-0-0-32 dhclient[1204]: Listening on LPF/ens3/02:59:a4:18:a3:42
Jul 22 11:54:29 ip-10-0-0-32 ifup[1117]: Listening on LPF/ens3/02:59:a4:18:a3:42
Jul 22 11:54:29 ip-10-0-0-32 ifup[1117]: Sending on   LPF/ens3/02:59:a4:18:a3:42
Jul 22 11:54:29 ip-10-0-0-32 ifup[1117]: Sending on   Socket/fallback
Jul 22 11:54:29 ip-10-0-0-32 ifup[1117]: DHCPDISCOVER on ens3 to 255.255.255.255 port 67 interval 3 (xid=0x10ca36e)
Jul 22 11:54:29 ip-10-0-0-32 dhclient[1204]: Sending on   LPF/ens3/02:59:a4:18:a3:42
Jul 22 11:54:29 ip-10-0-0-32 ifup[1117]: DHCPREQUEST of 10.0.0.32 on ens3 to 255.255.255.255 port 67 (xid=0x6ea30c01)
Jul 22 11:54:29 ip-10-0-0-32 ifup[1117]: DHCPOFFER of 10.0.0.32 from 10.0.0.1
Jul 22 11:54:29 ip-10-0-0-32 dhclient[1204]: Sending on   Socket/fallback
Jul 22 11:54:29 ip-10-0-0-32 ifup[1117]: DHCPACK of 10.0.0.32 from 10.0.0.1
Jul 22 11:54:29 ip-10-0-0-32 dhclient[1204]: DHCPDISCOVER on ens3 to 255.255.255.255 port 67 interval 3 (xid=0x10ca36e)
Jul 22 11:54:29 ip-10-0-0-32 dhclient[1204]: DHCPREQUEST of 10.0.0.32 on ens3 to 255.255.255.255 port 67 (xid=0x6ea30c01)
Jul 22 11:54:29 ip-10-0-0-32 dhclient[1204]: DHCPOFFER of 10.0.0.32 from 10.0.0.1
Jul 22 11:54:29 ip-10-0-0-32 dhclient[1204]: DHCPACK of 10.0.0.32 from 10.0.0.1
Jul 22 11:54:29 ip-10-0-0-32 dhclient[1204]: bound to 10.0.0.32 -- renewal in 1480 seconds.
Jul 22 11:54:29 ip-10-0-0-32 ifup[1117]: bound to 10.0.0.32 -- renewal in 1480 seconds.
Jul 22 11:54:29 ip-10-0-0-32 systemd[1]: Started Raise network interfaces.
Jul 22 11:54:29 ip-10-0-0-32 systemd[1]: Starting Initial cloud-init job (metadata service crawler)...
Jul 22 11:54:29 ip-10-0-0-32 systemd[1]: Reached target Network.
Jul 22 11:54:29 ip-10-0-0-32 cloud-init[1315]: Cloud-init v. 18.3-9-g2e62cb8a-0ubuntu1~16.04.2 running 'init' at Mon, 22 Jul 2019 11:54:28 +0000. Up 6.85 seconds.
Jul 22 11:54:29 ip-10-0-0-32 cloud-init[1315]: ci-info: ++++++++++++++++++++++++++++++++++++++Net device info++++++++++++++++++++++++++++++++++++++
Jul 22 11:54:29 ip-10-0-0-32 cloud-init[1315]: ci-info: +--------+------+----------------------------+---------------+--------+-------------------+
Jul 22 11:54:29 ip-10-0-0-32 cloud-init[1315]: ci-info: | Device |  Up  |          Address           |      Mask     | Scope  |     Hw-Address    |
Jul 22 11:54:29 ip-10-0-0-32 cloud-init[1315]: ci-info: +--------+------+----------------------------+---------------+--------+-------------------+
Jul 22 11:54:29 ip-10-0-0-32 cloud-init[1315]: ci-info: |  ens3  | True |         10.0.0.32          | 255.255.255.0 | global | 02:59:a4:18:a3:42 |
Jul 22 11:54:29 ip-10-0-0-32 cloud-init[1315]: ci-info: |  ens3  | True | fe80::59:a4ff:fe18:a342/64 |       .       |  link  | 02:59:a4:18:a3:42 |
Jul 22 11:54:29 ip-10-0-0-32 cloud-init[1315]: ci-info: |   lo   | True |         127.0.0.1          |   255.0.0.0   |  host  |         .         |
Jul 22 11:54:29 ip-10-0-0-32 cloud-init[1315]: ci-info: |   lo   | True |          ::1/128           |       .       |  host  |         .         |
Jul 22 11:54:29 ip-10-0-0-32 cloud-init[1315]: ci-info: +--------+------+----------------------------+---------------+--------+-------------------+
Jul 22 11:54:29 ip-10-0-0-32 cloud-init[1315]: ci-info: +++++++++++++++++++++++++++Route IPv4 info++++++++++++++++++++++++++++
Jul 22 11:54:29 ip-10-0-0-32 cloud-init[1315]: ci-info: +-------+-------------+----------+---------------+-----------+-------+
Jul 22 11:54:29 ip-10-0-0-32 cloud-init[1315]: ci-info: | Route | Destination | Gateway  |    Genmask    | Interface | Flags |
Jul 22 11:54:29 ip-10-0-0-32 cloud-init[1315]: ci-info: +-------+-------------+----------+---------------+-----------+-------+
Jul 22 11:54:29 ip-10-0-0-32 cloud-init[1315]: ci-info: |   0   |   0.0.0.0   | 10.0.0.1 |    0.0.0.0    |    ens3   |   UG  |
Jul 22 11:54:29 ip-10-0-0-32 cloud-init[1315]: ci-info: |   1   |   10.0.0.0  | 0.0.0.0  | 255.255.255.0 |    ens3   |   U   |
Jul 22 11:54:29 ip-10-0-0-32 cloud-init[1315]: ci-info: +-------+-------------+----------+---------------+-----------+-------+
Jul 22 11:54:29 ip-10-0-0-32 cloud-init[1315]: ci-info: +++++++++++++++++++Route IPv6 info+++++++++++++++++++
Jul 22 11:54:29 ip-10-0-0-32 cloud-init[1315]: ci-info: +-------+-------------+---------+-----------+-------+
Jul 22 11:54:29 ip-10-0-0-32 cloud-init[1315]: ci-info: | Route | Destination | Gateway | Interface | Flags |
Jul 22 11:54:29 ip-10-0-0-32 cloud-init[1315]: ci-info: +-------+-------------+---------+-----------+-------+
Jul 22 11:54:29 ip-10-0-0-32 cloud-init[1315]: ci-info: |   0   |  fe80::/64  |    ::   |    ens3   |   U   |
Jul 22 11:54:29 ip-10-0-0-32 cloud-init[1315]: ci-info: |   3   |   ff00::/8  |    ::   |    ens3   |   U   |
Jul 22 11:54:29 ip-10-0-0-32 cloud-init[1315]: ci-info: +-------+-------------+---------+-----------+-------+
Jul 22 11:54:29 ip-10-0-0-32 cloud-init[1315]: Generating public/private rsa key pair.
Jul 22 11:54:29 ip-10-0-0-32 cloud-init[1315]: Your identification has been saved in /etc/ssh/ssh_host_rsa_key.
Jul 22 11:54:29 ip-10-0-0-32 cloud-init[1315]: Your public key has been saved in /etc/ssh/ssh_host_rsa_key.pub.
Jul 22 11:54:29 ip-10-0-0-32 cloud-init[1315]: The key fingerprint is:
Jul 22 11:54:29 ip-10-0-0-32 cloud-init[1315]: SHA256:9jaCd3rWlgdcQEIqjo8JS6ns7ICy30nB7MHTGKAvbUk root@ip-10-0-0-32
Jul 22 11:54:29 ip-10-0-0-32 cloud-init[1315]: The key's randomart image is:
Jul 22 11:54:29 ip-10-0-0-32 cloud-init[1315]: +---[RSA 2048]----+
Jul 22 11:54:29 ip-10-0-0-32 cloud-init[1315]: |  .      .o..    |
Jul 22 11:54:29 ip-10-0-0-32 cloud-init[1315]: | . .     . ..    |
Jul 22 11:54:29 ip-10-0-0-32 cloud-init[1315]: |. E . . .    .   |
Jul 22 11:54:29 ip-10-0-0-32 cloud-init[1315]: | + * * .      .  |
Jul 22 11:54:29 ip-10-0-0-32 cloud-init[1315]: |. O X o S  . .   |
Jul 22 11:54:29 ip-10-0-0-32 cloud-init[1315]: |o= + B o .  o    |
Jul 22 11:54:29 ip-10-0-0-32 cloud-init[1315]: |=.. = o o =. o   |
Jul 22 11:54:29 ip-10-0-0-32 cloud-init[1315]: |=. o . . =o.+ .  |
Jul 22 11:54:29 ip-10-0-0-32 cloud-init[1315]: |o=. o   .o . .   |
Jul 22 11:54:29 ip-10-0-0-32 cloud-init[1315]: +----[SHA256]-----+
Jul 22 11:54:29 ip-10-0-0-32 cloud-init[1315]: Generating public/private dsa key pair.
Jul 22 11:54:29 ip-10-0-0-32 cloud-init[1315]: Your identification has been saved in /etc/ssh/ssh_host_dsa_key.
Jul 22 11:54:29 ip-10-0-0-32 cloud-init[1315]: Your public key has been saved in /etc/ssh/ssh_host_dsa_key.pub.
Jul 22 11:54:29 ip-10-0-0-32 cloud-init[1315]: The key fingerprint is:
Jul 22 11:54:29 ip-10-0-0-32 cloud-init[1315]: SHA256:H5OvfOGwtXpZQ8m2Eds8c+pbekou43OLejaBrmqY6Hw root@ip-10-0-0-32
Jul 22 11:54:29 ip-10-0-0-32 cloud-init[1315]: The key's randomart image is:
Jul 22 11:54:29 ip-10-0-0-32 cloud-init[1315]: +---[DSA 1024]----+
Jul 22 11:54:29 ip-10-0-0-32 cloud-init[1315]: |                 |
Jul 22 11:54:29 ip-10-0-0-32 cloud-init[1315]: |              .  |
Jul 22 11:54:29 ip-10-0-0-32 cloud-init[1315]: |             . * |
Jul 22 11:54:29 ip-10-0-0-32 cloud-init[1315]: |           .  Bo+|
Jul 22 11:54:29 ip-10-0-0-32 cloud-init[1315]: |        S +. o ++|
Jul 22 11:54:29 ip-10-0-0-32 cloud-init[1315]: |         .o++ =  |
Jul 22 11:54:29 ip-10-0-0-32 cloud-init[1315]: |   . o   ..=.B...|
Jul 22 11:54:29 ip-10-0-0-32 cloud-init[1315]: | .. E .  .o.&+oo.|
Jul 22 11:54:29 ip-10-0-0-32 cloud-init[1315]: | .o. .....=Oo**= |
Jul 22 11:54:29 ip-10-0-0-32 cloud-init[1315]: +----[SHA256]-----+
Jul 22 11:54:29 ip-10-0-0-32 cloud-init[1315]: Generating public/private ecdsa key pair.
Jul 22 11:54:29 ip-10-0-0-32 cloud-init[1315]: Your identification has been saved in /etc/ssh/ssh_host_ecdsa_key.
Jul 22 11:54:29 ip-10-0-0-32 cloud-init[1315]: Your public key has been saved in /etc/ssh/ssh_host_ecdsa_key.pub.
Jul 22 11:54:29 ip-10-0-0-32 cloud-init[1315]: The key fingerprint is:
Jul 22 11:54:29 ip-10-0-0-32 cloud-init[1315]: SHA256:V6fOLcRNtNNcZ+oCAgZ5NslKbZDLr56pBFgcQKJHEfs root@ip-10-0-0-32
Jul 22 11:54:29 ip-10-0-0-32 cloud-init[1315]: The key's randomart image is:
Jul 22 11:54:29 ip-10-0-0-32 cloud-init[1315]: +---[ECDSA 256]---+
Jul 22 11:54:29 ip-10-0-0-32 cloud-init[1315]: |+o=ooBo.      . +|
Jul 22 11:54:29 ip-10-0-0-32 cloud-init[1315]: |oo o+.O.     . *o|
Jul 22 11:54:29 ip-10-0-0-32 cloud-init[1315]: |. =o * .. . . * o|
Jul 22 11:54:29 ip-10-0-0-32 cloud-init[1315]: |.o .+    . + * . |
Jul 22 11:54:29 ip-10-0-0-32 cloud-init[1315]: |o   E.  S . = o  |
Jul 22 11:54:29 ip-10-0-0-32 cloud-init[1315]: | .    .  . + o   |
Jul 22 11:54:29 ip-10-0-0-32 cloud-init[1315]: |  .  .      + .  |
Jul 22 11:54:29 ip-10-0-0-32 cloud-init[1315]: | .  .o       .   |
Jul 22 11:54:29 ip-10-0-0-32 cloud-init[1315]: |  .o+            |
Jul 22 11:54:29 ip-10-0-0-32 cloud-init[1315]: +----[SHA256]-----+
Jul 22 11:54:29 ip-10-0-0-32 cloud-init[1315]: Generating public/private ed25519 key pair.
Jul 22 11:54:29 ip-10-0-0-32 cloud-init[1315]: Your identification has been saved in /etc/ssh/ssh_host_ed25519_key.
Jul 22 11:54:29 ip-10-0-0-32 cloud-init[1315]: Your public key has been saved in /etc/ssh/ssh_host_ed25519_key.pub.
Jul 22 11:54:29 ip-10-0-0-32 cloud-init[1315]: The key fingerprint is:
Jul 22 11:54:29 ip-10-0-0-32 cloud-init[1315]: SHA256:NPyjZD7qBqvUr4JKsRpgu98f8vnEJE7GXaEbXco94AE root@ip-10-0-0-32
Jul 22 11:54:29 ip-10-0-0-32 cloud-init[1315]: The key's randomart image is:
Jul 22 11:54:29 ip-10-0-0-32 cloud-init[1315]: +--[ED25519 256]--+
Jul 22 11:54:29 ip-10-0-0-32 cloud-init[1315]: |         E.+ .   |
Jul 22 11:54:29 ip-10-0-0-32 cloud-init[1315]: |       .  = B    |
Jul 22 11:54:29 ip-10-0-0-32 cloud-init[1315]: |        +o * o   |
Jul 22 11:54:29 ip-10-0-0-32 cloud-init[1315]: |      ...o+   .  |
Jul 22 11:54:29 ip-10-0-0-32 cloud-init[1315]: |.o     =S+o      |
Jul 22 11:54:29 ip-10-0-0-32 cloud-init[1315]: |o +.. +++. .     |
Jul 22 11:54:29 ip-10-0-0-32 cloud-init[1315]: |.=. .+ o+o       |
Jul 22 11:54:29 ip-10-0-0-32 cloud-init[1315]: |+oo o.+.+.       |
Jul 22 11:54:29 ip-10-0-0-32 cloud-init[1315]: |+.o+.==+..       |
Jul 22 11:54:29 ip-10-0-0-32 cloud-init[1315]: +----[SHA256]-----+
Jul 22 11:54:29 ip-10-0-0-32 systemd[1]: Started Initial cloud-init job (metadata service crawler).
Jul 22 11:54:29 ip-10-0-0-32 systemd[1]: Reached target Network is Online.
Jul 22 11:54:29 ip-10-0-0-32 systemd[1]: Starting iSCSI initiator daemon (iscsid)...
Jul 22 11:54:29 ip-10-0-0-32 systemd[1]: Reached target Cloud-config availability.
Jul 22 11:54:29 ip-10-0-0-32 systemd[1]: Reached target System Initialization.
Jul 22 11:54:29 ip-10-0-0-32 systemd[1]: Started Daily Cleanup of Temporary Directories.
Jul 22 11:54:29 ip-10-0-0-32 systemd[1]: Listening on ACPID Listen Socket.
Jul 22 11:54:29 ip-10-0-0-32 systemd[1]: Starting Socket activation for snappy daemon.
Jul 22 11:54:29 ip-10-0-0-32 systemd[1]: Starting LXD - unix socket.
Jul 22 11:54:29 ip-10-0-0-32 systemd[1]: Started ACPI Events Check.
Jul 22 11:54:29 ip-10-0-0-32 systemd[1]: Reached target Paths.
Jul 22 11:54:29 ip-10-0-0-32 systemd[1]: Started Daily apt download activities.
Jul 22 11:54:29 ip-10-0-0-32 systemd[1]: Listening on D-Bus System Message Bus Socket.
Jul 22 11:54:29 ip-10-0-0-32 systemd[1]: Started Daily apt upgrade and clean activities.
Jul 22 11:54:29 ip-10-0-0-32 systemd[1]: Reached target Timers.
Jul 22 11:54:29 ip-10-0-0-32 systemd[1]: Listening on UUID daemon activation socket.
Jul 22 11:54:29 ip-10-0-0-32 systemd[1]: Listening on Socket activation for snappy daemon.
Jul 22 11:54:29 ip-10-0-0-32 systemd[1]: Listening on LXD - unix socket.
Jul 22 11:54:29 ip-10-0-0-32 iscsid: iSCSI logger with pid=1412 started!
Jul 22 11:54:29 ip-10-0-0-32 iscsid: iSCSI daemon with pid=1413 started!
Jul 22 11:54:29 ip-10-0-0-32 systemd[1]: Started iSCSI initiator daemon (iscsid).
Jul 22 11:54:29 ip-10-0-0-32 systemd[1]: Starting Login to default iSCSI targets...
Jul 22 11:54:29 ip-10-0-0-32 systemd[1]: Reached target Sockets.
Jul 22 11:54:29 ip-10-0-0-32 systemd[1]: Reached target Basic System.
Jul 22 11:54:29 ip-10-0-0-32 systemd[1]: Starting Pollinate to seed the pseudo random number generator...
Jul 22 11:54:29 ip-10-0-0-32 systemd[1]: Started Regular background program processing daemon.
Jul 22 11:54:29 ip-10-0-0-32 cron[1424]: (CRON) INFO (pidfile fd = 3)
Jul 22 11:54:29 ip-10-0-0-32 systemd[1]: Starting /etc/rc.local Compatibility...
Jul 22 11:54:29 ip-10-0-0-32 cron[1424]: (CRON) INFO (Running @reboot jobs)
Jul 22 11:54:29 ip-10-0-0-32 systemd[1]: Started ACPI event daemon.
Jul 22 11:54:29 ip-10-0-0-32 acpid: starting up with netlink and the input layer
Jul 22 11:54:29 ip-10-0-0-32 pollinate[1417]: client sent challenge to [https://entropy.ubuntu.com/]
Jul 22 11:54:29 ip-10-0-0-32 acpid: 1 rule loaded
Jul 22 11:54:29 ip-10-0-0-32 acpid: waiting for events: event logging is off
Jul 22 11:54:29 ip-10-0-0-32 systemd[1]: Started FUSE filesystem for LXC.
Jul 22 11:54:29 ip-10-0-0-32 systemd[1]: Starting Login Service...
Jul 22 11:54:29 ip-10-0-0-32 systemd[1]: Started Unattended Upgrades Shutdown.
Jul 22 11:54:29 ip-10-0-0-32 systemd[1]: Started Deferred execution scheduler.
Jul 22 11:54:29 ip-10-0-0-32 systemd[1]: Starting LXD - container startup/shutdown...
Jul 22 11:54:29 ip-10-0-0-32 systemd[1]: Starting Accounts Service...
Jul 22 11:54:29 ip-10-0-0-32 systemd[1]: Starting LSB: MD monitoring daemon...
Jul 22 11:54:29 ip-10-0-0-32 systemd[1]: Starting LSB: Record successful boot for GRUB...
Jul 22 11:54:29 ip-10-0-0-32 systemd[1]: Starting System Logging Service...
Jul 22 11:54:29 ip-10-0-0-32 lxcfs[1442]: hierarchies:
Jul 22 11:54:29 ip-10-0-0-32 lxcfs[1442]:   0: fd:   5: pids
Jul 22 11:54:29 ip-10-0-0-32 lxcfs[1442]:   1: fd:   6: perf_event
Jul 22 11:54:29 ip-10-0-0-32 lxcfs[1442]:   2: fd:   7: net_cls,net_prio
Jul 22 11:54:29 ip-10-0-0-32 lxcfs[1442]:   3: fd:   8: memory
Jul 22 11:54:29 ip-10-0-0-32 lxcfs[1442]:   4: fd:   9: cpuset
Jul 22 11:54:29 ip-10-0-0-32 lxcfs[1442]:   5: fd:  10: hugetlb
Jul 22 11:54:29 ip-10-0-0-32 lxcfs[1442]:   6: fd:  11: blkio
Jul 22 11:54:29 ip-10-0-0-32 lxcfs[1442]:   7: fd:  12: cpu,cpuacct
Jul 22 11:54:29 ip-10-0-0-32 lxcfs[1442]:   8: fd:  13: devices
Jul 22 11:54:29 ip-10-0-0-32 lxcfs[1442]:   9: fd:  14: freezer
Jul 22 11:54:29 ip-10-0-0-32 lxcfs[1442]:  10: fd:  15: name=systemd
Jul 22 11:54:29 ip-10-0-0-32 systemd[1]: Started D-Bus System Message Bus.
Jul 22 11:54:29 ip-10-0-0-32 kernel: [    0.000000] Initializing cgroup subsys cpuset
Jul 22 11:54:29 ip-10-0-0-32 kernel: [    0.000000] Initializing cgroup subsys cpu
Jul 22 11:54:29 ip-10-0-0-32 kernel: [    0.000000] Initializing cgroup subsys cpuacct
Jul 22 11:54:29 ip-10-0-0-32 kernel: [    0.000000] Linux version 4.4.0-1067-aws (buildd@lgw01-amd64-033) (gcc version 5.4.0 20160609 (Ubuntu 5.4.0-6ubuntu1~16.04.10) ) #77-Ubuntu SMP Mon Aug 27 13:22:03 UTC 2018 (Ubuntu 4.4.0-1067.77-aws 4.4.140)
Jul 22 11:54:29 ip-10-0-0-32 kernel: [    0.000000] Command line: BOOT_IMAGE=/boot/vmlinuz-4.4.0-1067-aws root=LABEL=cloudimg-rootfs ro console=tty1 console=ttyS0 nvme.io_timeout=4294967295
Jul 22 11:54:29 ip-10-0-0-32 kernel: [    0.000000] KERNEL supported cpus:
Jul 22 11:54:29 ip-10-0-0-32 kernel: [    0.000000]   Intel GenuineIntel
Jul 22 11:54:29 ip-10-0-0-32 kernel: [    0.000000]   AMD AuthenticAMD
Jul 22 11:54:29 ip-10-0-0-32 kernel: [    0.000000]   Centaur CentaurHauls
Jul 22 11:54:29 ip-10-0-0-32 kernel: [    0.000000] x86/fpu: xstate_offset[2]:  576, xstate_sizes[2]:  256
Jul 22 11:54:29 ip-10-0-0-32 kernel: [    0.000000] x86/fpu: Supporting XSAVE feature 0x01: 'x87 floating point registers'
Jul 22 11:54:29 ip-10-0-0-32 kernel: [    0.000000] x86/fpu: Supporting XSAVE feature 0x02: 'SSE registers'
Jul 22 11:54:29 ip-10-0-0-32 kernel: [    0.000000] x86/fpu: Supporting XSAVE feature 0x04: 'AVX registers'
Jul 22 11:54:29 ip-10-0-0-32 kernel: [    0.000000] x86/fpu: Enabled xstate features 0x7, context size is 832 bytes, using 'standard' format.
Jul 22 11:54:29 ip-10-0-0-32 kernel: [    0.000000] e820: BIOS-provided physical RAM map:
Jul 22 11:54:29 ip-10-0-0-32 kernel: [    0.000000] BIOS-e820: [mem 0x0000000000000000-0x000000000009dfff] usable
Jul 22 11:54:29 ip-10-0-0-32 kernel: [    0.000000] BIOS-e820: [mem 0x000000000009e000-0x000000000009ffff] reserved
Jul 22 11:54:29 ip-10-0-0-32 kernel: [    0.000000] BIOS-e820: [mem 0x00000000000e0000-0x00000000000fffff] reserved
Jul 22 11:54:29 ip-10-0-0-32 kernel: [    0.000000] BIOS-e820: [mem 0x0000000000100000-0x00000000efffffff] usable
Jul 22 11:54:29 ip-10-0-0-32 kernel: [    0.000000] BIOS-e820: [mem 0x00000000fc000000-0x00000000ffffffff] reserved
Jul 22 11:54:29 ip-10-0-0-32 kernel: [    0.000000] BIOS-e820: [mem 0x0000000100000000-0x0000000f0fffffff] usable
Jul 22 11:54:29 ip-10-0-0-32 kernel: [    0.000000] NX (Execute Disable) protection: active
Jul 22 11:54:29 ip-10-0-0-32 kernel: [    0.000000] SMBIOS 2.7 present.
Jul 22 11:54:29 ip-10-0-0-32 kernel: [    0.000000] DMI: Xen HVM domU, BIOS 4.2.amazon 08/24/2006
Jul 22 11:54:29 ip-10-0-0-32 kernel: [    0.000000] Hypervisor detected: Xen
Jul 22 11:54:29 ip-10-0-0-32 kernel: [    0.000000] Xen version 4.2.
Jul 22 11:54:29 ip-10-0-0-32 kernel: [    0.000000] Xen Platform PCI: I/O protocol version 1
Jul 22 11:54:29 ip-10-0-0-32 kernel: [    0.000000] Netfront and the Xen platform PCI driver have been compiled for this kernel: unplug emulated NICs.
Jul 22 11:54:29 ip-10-0-0-32 kernel: [    0.000000] Blkfront and the Xen platform PCI driver have been compiled for this kernel: unplug emulated disks.
Jul 22 11:54:29 ip-10-0-0-32 kernel: [    0.000000] You might have to change the root device
Jul 22 11:54:29 ip-10-0-0-32 kernel: [    0.000000] from /dev/hd[a-d] to /dev/xvd[a-d]
Jul 22 11:54:29 ip-10-0-0-32 kernel: [    0.000000] in your root= kernel command line option
Jul 22 11:54:29 ip-10-0-0-32 kernel: [    0.000000] HVMOP_pagetable_dying not supported
Jul 22 11:54:29 ip-10-0-0-32 kernel: [    0.000000] e820: update [mem 0x00000000-0x00000fff] usable ==> reserved
Jul 22 11:54:29 ip-10-0-0-32 kernel: [    0.000000] e820: remove [mem 0x000a0000-0x000fffff] usable
Jul 22 11:54:29 ip-10-0-0-32 kernel: [    0.000000] e820: last_pfn = 0xf10000 max_arch_pfn = 0x400000000
Jul 22 11:54:29 ip-10-0-0-32 kernel: [    0.000000] MTRR default type: write-back
Jul 22 11:54:29 ip-10-0-0-32 kernel: [    0.000000] MTRR fixed ranges enabled:
Jul 22 11:54:29 ip-10-0-0-32 kernel: [    0.000000]   00000-9FFFF write-back
Jul 22 11:54:29 ip-10-0-0-32 kernel: [    0.000000]   A0000-BFFFF write-combining
Jul 22 11:54:29 ip-10-0-0-32 kernel: [    0.000000]   C0000-FFFFF write-back
Jul 22 11:54:29 ip-10-0-0-32 kernel: [    0.000000] MTRR variable ranges enabled:
Jul 22 11:54:29 ip-10-0-0-32 kernel: [    0.000000]   0 base 0000F0000000 mask 3FFFF8000000 uncachable
Jul 22 11:54:29 ip-10-0-0-32 kernel: [    0.000000]   1 base 0000F8000000 mask 3FFFFC000000 uncachable
Jul 22 11:54:29 ip-10-0-0-32 kernel: [    0.000000]   2 disabled
Jul 22 11:54:29 ip-10-0-0-32 kernel: [    0.000000]   3 disabled
Jul 22 11:54:29 ip-10-0-0-32 kernel: [    0.000000]   4 disabled
Jul 22 11:54:29 ip-10-0-0-32 kernel: [    0.000000]   5 disabled
Jul 22 11:54:29 ip-10-0-0-32 kernel: [    0.000000]   6 disabled
Jul 22 11:54:29 ip-10-0-0-32 kernel: [    0.000000]   7 disabled
Jul 22 11:54:29 ip-10-0-0-32 kernel: [    0.000000] x86/PAT: Configuration [0-7]: WB  WC  UC- UC  WB  WC  UC- WT  
Jul 22 11:54:29 ip-10-0-0-32 kernel: [    0.000000] e820: last_pfn = 0xf0000 max_arch_pfn = 0x400000000
Jul 22 11:54:29 ip-10-0-0-32 kernel: [    0.000000] found SMP MP-table at [mem 0x000fbc50-0x000fbc5f] mapped at [ffff8800000fbc50]
Jul 22 11:54:29 ip-10-0-0-32 kernel: [    0.000000] Scanning 1 areas for low memory corruption
Jul 22 11:54:29 ip-10-0-0-32 kernel: [    0.000000] Base memory trampoline at [ffff880000096000] 96000 size 28672
Jul 22 11:54:29 ip-10-0-0-32 kernel: [    0.000000] Using GB pages for direct mapping
Jul 22 11:54:29 ip-10-0-0-32 kernel: [    0.000000] BRK [0x02201000, 0x02201fff] PGTABLE
Jul 22 11:54:29 ip-10-0-0-32 kernel: [    0.000000] BRK [0x02202000, 0x02202fff] PGTABLE
Jul 22 11:54:29 ip-10-0-0-32 kernel: [    0.000000] BRK [0x02203000, 0x02203fff] PGTABLE
Jul 22 11:54:29 ip-10-0-0-32 kernel: [    0.000000] BRK [0x02204000, 0x02204fff] PGTABLE
Jul 22 11:54:29 ip-10-0-0-32 kernel: [    0.000000] RAMDISK: [mem 0x367b2000-0x373d0fff]
Jul 22 11:54:29 ip-10-0-0-32 kernel: [    0.000000] ACPI: Early table checksum verification disabled
Jul 22 11:54:29 ip-10-0-0-32 kernel: [    0.000000] ACPI: RSDP 0x00000000000EA020 000024 (v02 Xen   )
Jul 22 11:54:29 ip-10-0-0-32 kernel: [    0.000000] ACPI: XSDT 0x00000000FC017290 00006C (v01 Xen    HVM      00000000 HVML 00000000)
Jul 22 11:54:29 ip-10-0-0-32 kernel: [    0.000000] ACPI: FACP 0x00000000FC013680 0000F4 (v04 Xen    HVM      00000000 HVML 00000000)
Jul 22 11:54:29 ip-10-0-0-32 kernel: [    0.000000] ACPI: DSDT 0x00000000FC0021C0 011438 (v02 Xen    HVM      00000000 INTL 20090123)
Jul 22 11:54:29 ip-10-0-0-32 kernel: [    0.000000] ACPI: FACS 0x00000000FC002180 000040
Jul 22 11:54:29 ip-10-0-0-32 kernel: [    0.000000] ACPI: FACS 0x00000000FC002180 000040
Jul 22 11:54:29 ip-10-0-0-32 kernel: [    0.000000] ACPI: APIC 0x00000000FC013780 000460 (v02 Xen    HVM      00000000 HVML 00000000)
Jul 22 11:54:29 ip-10-0-0-32 kernel: [    0.000000] ACPI: SRAT 0x00000000FC013C60 0008A8 (v01 Xen    HVM      00000000 HVML 00000000)
Jul 22 11:54:29 ip-10-0-0-32 kernel: [    0.000000] ACPI: HPET 0x00000000FC014530 000038 (v01 Xen    HVM      00000000 HVML 00000000)
Jul 22 11:54:29 ip-10-0-0-32 kernel: [    0.000000] ACPI: WAET 0x00000000FC014570 000028 (v01 Xen    HVM      00000000 HVML 00000000)
Jul 22 11:54:29 ip-10-0-0-32 kernel: [    0.000000] ACPI: SSDT 0x00000000FC0145A0 000031 (v02 Xen    HVM      00000000 INTL 20090123)
Jul 22 11:54:29 ip-10-0-0-32 kernel: [    0.000000] ACPI: SSDT 0x00000000FC0145E0 000033 (v02 Xen    HVM      00000000 INTL 20090123)
Jul 22 11:54:29 ip-10-0-0-32 kernel: [    0.000000] ACPI: SSDT 0x00000000FC014620 000CB0 (v02 Xen    HVM      00000000 INTL 20090123)
Jul 22 11:54:29 ip-10-0-0-32 kernel: [    0.000000] ACPI: SSDT 0x00000000FC0152D0 001FB6 (v02 Xen    HVM      00000000 INTL 20090123)
Jul 22 11:54:29 ip-10-0-0-32 kernel: [    0.000000] ACPI: Local APIC address 0xfee00000
Jul 22 11:54:29 ip-10-0-0-32 kernel: [    0.000000] SRAT: PXM 0 -> APIC 0x00 -> Node 0
Jul 22 11:54:29 ip-10-0-0-32 kernel: [    0.000000] SRAT: PXM 0 -> APIC 0x02 -> Node 0
Jul 22 11:54:29 ip-10-0-0-32 kernel: [    0.000000] SRAT: PXM 0 -> APIC 0x04 -> Node 0
Jul 22 11:54:29 ip-10-0-0-32 kernel: [    0.000000] SRAT: PXM 0 -> APIC 0x06 -> Node 0
Jul 22 11:54:29 ip-10-0-0-32 kernel: [    0.000000] SRAT: PXM 0 -> APIC 0x08 -> Node 0
Jul 22 11:54:29 ip-10-0-0-32 kernel: [    0.000000] SRAT: PXM 0 -> APIC 0x0a -> Node 0
Jul 22 11:54:29 ip-10-0-0-32 kernel: [    0.000000] SRAT: PXM 0 -> APIC 0x0c -> Node 0
Jul 22 11:54:29 ip-10-0-0-32 kernel: [    0.000000] SRAT: PXM 0 -> APIC 0x0e -> Node 0
Jul 22 11:54:29 ip-10-0-0-32 kernel: [    0.000000] SRAT: PXM 0 -> APIC 0x10 -> Node 0
Jul 22 11:54:29 ip-10-0-0-32 kernel: [    0.000000] SRAT: PXM 1 -> APIC 0x20 -> Node 1
Jul 22 11:54:29 ip-10-0-0-32 kernel: [    0.000000] SRAT: PXM 1 -> APIC 0x22 -> Node 1
Jul 22 11:54:29 ip-10-0-0-32 kernel: [    0.000000] SRAT: PXM 1 -> APIC 0x24 -> Node 1
Jul 22 11:54:29 ip-10-0-0-32 kernel: [    0.000000] SRAT: PXM 1 -> APIC 0x26 -> Node 1
Jul 22 11:54:29 ip-10-0-0-32 kernel: [    0.000000] SRAT: PXM 1 -> APIC 0x28 -> Node 1
Jul 22 11:54:29 ip-10-0-0-32 kernel: [    0.000000] SRAT: PXM 1 -> APIC 0x2a -> Node 1
Jul 22 11:54:29 ip-10-0-0-32 kernel: [    0.000000] SRAT: PXM 1 -> APIC 0x2c -> Node 1
Jul 22 11:54:29 ip-10-0-0-32 kernel: [    0.000000] SRAT: PXM 1 -> APIC 0x2e -> Node 1
Jul 22 11:54:29 ip-10-0-0-32 kernel: [    0.000000] SRAT: PXM 1 -> APIC 0x30 -> Node 1
Jul 22 11:54:29 ip-10-0-0-32 kernel: [    0.000000] SRAT: PXM 0 -> APIC 0x01 -> Node 0
Jul 22 11:54:29 ip-10-0-0-32 kernel: [    0.000000] SRAT: PXM 0 -> APIC 0x03 -> Node 0
Jul 22 11:54:29 ip-10-0-0-32 kernel: [    0.000000] SRAT: PXM 0 -> APIC 0x05 -> Node 0
Jul 22 11:54:29 ip-10-0-0-32 kernel: [    0.000000] SRAT: PXM 0 -> APIC 0x07 -> Node 0
Jul 22 11:54:29 ip-10-0-0-32 kernel: [    0.000000] SRAT: PXM 0 -> APIC 0x09 -> Node 0
Jul 22 11:54:29 ip-10-0-0-32 kernel: [    0.000000] SRAT: PXM 0 -> APIC 0x0b -> Node 0
Jul 22 11:54:29 ip-10-0-0-32 kernel: [    0.000000] SRAT: PXM 0 -> APIC 0x0d -> Node 0
Jul 22 11:54:29 ip-10-0-0-32 kernel: [    0.000000] SRAT: PXM 0 -> APIC 0x0f -> Node 0
Jul 22 11:54:29 ip-10-0-0-32 kernel: [    0.000000] SRAT: PXM 0 -> APIC 0x11 -> Node 0
Jul 22 11:54:29 ip-10-0-0-32 kernel: [    0.000000] SRAT: PXM 1 -> APIC 0x21 -> Node 1
Jul 22 11:54:29 ip-10-0-0-32 kernel: [    0.000000] SRAT: PXM 1 -> APIC 0x23 -> Node 1
Jul 22 11:54:29 ip-10-0-0-32 kernel: [    0.000000] SRAT: PXM 1 -> APIC 0x25 -> Node 1
Jul 22 11:54:29 ip-10-0-0-32 kernel: [    0.000000] SRAT: PXM 1 -> APIC 0x27 -> Node 1
Jul 22 11:54:29 ip-10-0-0-32 kernel: [    0.000000] SRAT: PXM 1 -> APIC 0x29 -> Node 1
Jul 22 11:54:29 ip-10-0-0-32 kernel: [    0.000000] SRAT: PXM 1 -> APIC 0x2b -> Node 1
Jul 22 11:54:29 ip-10-0-0-32 kernel: [    0.000000] SRAT: PXM 1 -> APIC 0x2d -> Node 1
Jul 22 11:54:29 ip-10-0-0-32 kernel: [    0.000000] SRAT: PXM 1 -> APIC 0x2f -> Node 1
Jul 22 11:54:29 ip-10-0-0-32 kernel: [    0.000000] SRAT: PXM 1 -> APIC 0x31 -> Node 1
Jul 22 11:54:29 ip-10-0-0-32 kernel: [    0.000000] SRAT: Node 0 PXM 0 [mem 0x00000000-0xefffffff]
Jul 22 11:54:29 ip-10-0-0-32 kernel: [    0.000000] SRAT: Node 0 PXM 0 [mem 0x100000000-0x78fffffff]
Jul 22 11:54:29 ip-10-0-0-32 kernel: [    0.000000] SRAT: Node 1 PXM 1 [mem 0x790000000-0xf0fffffff]
Jul 22 11:54:29 ip-10-0-0-32 kernel: [    0.000000] NUMA: Node 0 [mem 0x00000000-0xefffffff] + [mem 0x100000000-0x78fffffff] -> [mem 0x00000000-0x78fffffff]
Jul 22 11:54:29 ip-10-0-0-32 kernel: [    0.000000] NODE_DATA(0) allocated [mem 0x78fffb000-0x78fffffff]
Jul 22 11:54:29 ip-10-0-0-32 kernel: [    0.000000] NODE_DATA(1) allocated [mem 0xf0fffa000-0xf0fffefff]
Jul 22 11:54:29 ip-10-0-0-32 kernel: [    0.000000] Zone ranges:
Jul 22 11:54:29 ip-10-0-0-32 kernel: [    0.000000]   DMA      [mem 0x0000000000001000-0x0000000000ffffff]
Jul 22 11:54:29 ip-10-0-0-32 kernel: [    0.000000]   DMA32    [mem 0x0000000001000000-0x00000000ffffffff]
Jul 22 11:54:29 ip-10-0-0-32 kernel: [    0.000000]   Normal   [mem 0x0000000100000000-0x0000000f0fffffff]
Jul 22 11:54:29 ip-10-0-0-32 kernel: [    0.000000]   Device   empty
Jul 22 11:54:29 ip-10-0-0-32 kernel: [    0.000000] Movable zone start for each node
Jul 22 11:54:29 ip-10-0-0-32 kernel: [    0.000000] Early memory node ranges
Jul 22 11:54:29 ip-10-0-0-32 kernel: [    0.000000]   node   0: [mem 0x0000000000001000-0x000000000009dfff]
Jul 22 11:54:29 ip-10-0-0-32 kernel: [    0.000000]   node   0: [mem 0x0000000000100000-0x00000000efffffff]
Jul 22 11:54:29 ip-10-0-0-32 kernel: [    0.000000]   node   0: [mem 0x0000000100000000-0x000000078fffffff]
Jul 22 11:54:29 ip-10-0-0-32 kernel: [    0.000000]   node   1: [mem 0x0000000790000000-0x0000000f0fffffff]
Jul 22 11:54:29 ip-10-0-0-32 kernel: [    0.000000] Initmem setup node 0 [mem 0x0000000000001000-0x000000078fffffff]
Jul 22 11:54:29 ip-10-0-0-32 kernel: [    0.000000] On node 0 totalpages: 7864221
Jul 22 11:54:29 ip-10-0-0-32 kernel: [    0.000000]   DMA zone: 64 pages used for memmap
Jul 22 11:54:29 ip-10-0-0-32 kernel: [    0.000000]   DMA zone: 22 pages reserved
Jul 22 11:54:29 ip-10-0-0-32 kernel: [    0.000000]   DMA zone: 3997 pages, LIFO batch:0
Jul 22 11:54:29 ip-10-0-0-32 kernel: [    0.000000]   DMA32 zone: 15296 pages used for memmap
Jul 22 11:54:29 ip-10-0-0-32 kernel: [    0.000000]   DMA32 zone: 978944 pages, LIFO batch:31
Jul 22 11:54:29 ip-10-0-0-32 kernel: [    0.000000]   Normal zone: 107520 pages used for memmap
Jul 22 11:54:29 ip-10-0-0-32 kernel: [    0.000000]   Normal zone: 6881280 pages, LIFO batch:31
Jul 22 11:54:29 ip-10-0-0-32 kernel: [    0.000000] Initmem setup node 1 [mem 0x0000000790000000-0x0000000f0fffffff]
Jul 22 11:54:29 ip-10-0-0-32 kernel: [    0.000000] On node 1 totalpages: 7864320
Jul 22 11:54:29 ip-10-0-0-32 kernel: [    0.000000]   Normal zone: 122880 pages used for memmap
Jul 22 11:54:29 ip-10-0-0-32 kernel: [    0.000000]   Normal zone: 7864320 pages, LIFO batch:31
Jul 22 11:54:29 ip-10-0-0-32 kernel: [    0.000000] ACPI: PM-Timer IO Port: 0xb008
Jul 22 11:54:29 ip-10-0-0-32 kernel: [    0.000000] ACPI: Local APIC address 0xfee00000
Jul 22 11:54:29 ip-10-0-0-32 kernel: [    0.000000] IOAPIC[0]: apic_id 1, version 17, address 0xfec00000, GSI 0-47
Jul 22 11:54:29 ip-10-0-0-32 kernel: [    0.000000] ACPI: INT_SRC_OVR (bus 0 bus_irq 0 global_irq 2 dfl dfl)
Jul 22 11:54:29 ip-10-0-0-32 kernel: [    0.000000] ACPI: INT_SRC_OVR (bus 0 bus_irq 5 global_irq 5 low level)
Jul 22 11:54:29 ip-10-0-0-32 kernel: [    0.000000] ACPI: INT_SRC_OVR (bus 0 bus_irq 10 global_irq 10 low level)
Jul 22 11:54:29 ip-10-0-0-32 kernel: [    0.000000] ACPI: INT_SRC_OVR (bus 0 bus_irq 11 global_irq 11 low level)
Jul 22 11:54:29 ip-10-0-0-32 kernel: [    0.000000] ACPI: IRQ0 used by override.
Jul 22 11:54:29 ip-10-0-0-32 kernel: [    0.000000] ACPI: IRQ5 used by override.
Jul 22 11:54:29 ip-10-0-0-32 kernel: [    0.000000] ACPI: IRQ9 used by override.
Jul 22 11:54:29 ip-10-0-0-32 kernel: [    0.000000] ACPI: IRQ10 used by override.
Jul 22 11:54:29 ip-10-0-0-32 kernel: [    0.000000] ACPI: IRQ11 used by override.
Jul 22 11:54:29 ip-10-0-0-32 kernel: [    0.000000] Using ACPI (MADT) for SMP configuration information
Jul 22 11:54:29 ip-10-0-0-32 kernel: [    0.000000] ACPI: HPET id: 0x8086a201 base: 0xfed00000
Jul 22 11:54:29 ip-10-0-0-32 kernel: [    0.000000] smpboot: Allowing 128 CPUs, 92 hotplug CPUs
Jul 22 11:54:29 ip-10-0-0-32 kernel: [    0.000000] PM: Registered nosave memory: [mem 0x00000000-0x00000fff]
Jul 22 11:54:29 ip-10-0-0-32 kernel: [    0.000000] PM: Registered nosave memory: [mem 0x0009e000-0x0009ffff]
Jul 22 11:54:29 ip-10-0-0-32 kernel: [    0.000000] PM: Registered nosave memory: [mem 0x000a0000-0x000dffff]
Jul 22 11:54:29 ip-10-0-0-32 kernel: [    0.000000] PM: Registered nosave memory: [mem 0x000e0000-0x000fffff]
Jul 22 11:54:29 ip-10-0-0-32 kernel: [    0.000000] PM: Registered nosave memory: [mem 0xf0000000-0xfbffffff]
Jul 22 11:54:29 ip-10-0-0-32 kernel: [    0.000000] PM: Registered nosave memory: [mem 0xfc000000-0xffffffff]
Jul 22 11:54:29 ip-10-0-0-32 kernel: [    0.000000] e820: [mem 0xf0000000-0xfbffffff] available for PCI devices
Jul 22 11:54:29 ip-10-0-0-32 kernel: [    0.000000] Booting paravirtualized kernel on Xen HVM
Jul 22 11:54:29 ip-10-0-0-32 kernel: [    0.000000] clocksource: refined-jiffies: mask: 0xffffffff max_cycles: 0xffffffff, max_idle_ns: 7645519600211568 ns
Jul 22 11:54:29 ip-10-0-0-32 kernel: [    0.000000] setup_percpu: NR_CPUS:256 nr_cpumask_bits:256 nr_cpu_ids:128 nr_node_ids:2
Jul 22 11:54:29 ip-10-0-0-32 kernel: [    0.000000] PERCPU: Embedded 34 pages/cpu @ffff880770e00000 s99160 r8192 d31912 u262144
Jul 22 11:54:29 ip-10-0-0-32 kernel: [    0.000000] pcpu-alloc: s99160 r8192 d31912 u262144 alloc=1*2097152
Jul 22 11:54:29 ip-10-0-0-32 kernel: [    0.000000] pcpu-alloc: [0] 000 001 002 003 004 005 006 007 
Jul 22 11:54:29 ip-10-0-0-32 kernel: [    0.000000] pcpu-alloc: [0] 008 018 019 020 021 022 023 024 
Jul 22 11:54:29 ip-10-0-0-32 kernel: [    0.000000] pcpu-alloc: [0] 025 026 036 038 040 042 044 046 
Jul 22 11:54:29 ip-10-0-0-32 kernel: [    0.000000] pcpu-alloc: [0] 048 050 052 054 056 058 060 062 
Jul 22 11:54:29 ip-10-0-0-32 kernel: [    0.000000] pcpu-alloc: [0] 064 066 068 070 072 074 076 078 
Jul 22 11:54:29 ip-10-0-0-32 kernel: [    0.000000] pcpu-alloc: [0] 080 082 084 086 088 090 092 094 
Jul 22 11:54:29 ip-10-0-0-32 kernel: [    0.000000] pcpu-alloc: [0] 096 098 100 102 104 106 108 110 
Jul 22 11:54:29 ip-10-0-0-32 kernel: [    0.000000] pcpu-alloc: [0] 112 114 116 118 120 122 124 126 
Jul 22 11:54:29 ip-10-0-0-32 kernel: [    0.000000] pcpu-alloc: [1] 009 010 011 012 013 014 015 016 
Jul 22 11:54:29 ip-10-0-0-32 kernel: [    0.000000] pcpu-alloc: [1] 017 027 028 029 030 031 032 033 
Jul 22 11:54:29 ip-10-0-0-32 kernel: [    0.000000] pcpu-alloc: [1] 034 035 037 039 041 043 045 047 
Jul 22 11:54:29 ip-10-0-0-32 kernel: [    0.000000] pcpu-alloc: [1] 049 051 053 055 057 059 061 063 
Jul 22 11:54:29 ip-10-0-0-32 kernel: [    0.000000] pcpu-alloc: [1] 065 067 069 071 073 075 077 079 
Jul 22 11:54:29 ip-10-0-0-32 kernel: [    0.000000] pcpu-alloc: [1] 081 083 085 087 089 091 093 095 
Jul 22 11:54:29 ip-10-0-0-32 kernel: [    0.000000] pcpu-alloc: [1] 097 099 101 103 105 107 109 111 
Jul 22 11:54:29 ip-10-0-0-32 kernel: [    0.000000] pcpu-alloc: [1] 113 115 117 119 121 123 125 127 
Jul 22 11:54:29 ip-10-0-0-32 kernel: [    0.000000] xen: PV spinlocks enabled
Jul 22 11:54:29 ip-10-0-0-32 kernel: [    0.000000] PV qspinlock hash table entries: 512 (order: 1, 8192 bytes)
Jul 22 11:54:29 ip-10-0-0-32 kernel: [    0.000000] Built 2 zonelists in Node order, mobility grouping on.  Total pages: 15482759
Jul 22 11:54:29 ip-10-0-0-32 kernel: [    0.000000] Policy zone: Normal
Jul 22 11:54:29 ip-10-0-0-32 kernel: [    0.000000] Kernel command line: BOOT_IMAGE=/boot/vmlinuz-4.4.0-1067-aws root=LABEL=cloudimg-rootfs ro console=tty1 console=ttyS0 nvme.io_timeout=4294967295
Jul 22 11:54:29 ip-10-0-0-32 kernel: [    0.000000] log_buf_len individual max cpu contribution: 4096 bytes
Jul 22 11:54:29 ip-10-0-0-32 kernel: [    0.000000] log_buf_len total cpu_extra contributions: 520192 bytes
Jul 22 11:54:29 ip-10-0-0-32 kernel: [    0.000000] log_buf_len min size: 262144 bytes
Jul 22 11:54:29 ip-10-0-0-32 kernel: [    0.000000] log_buf_len: 1048576 bytes
Jul 22 11:54:29 ip-10-0-0-32 kernel: [    0.000000] early log buf free: 249740(95%)
Jul 22 11:54:29 ip-10-0-0-32 kernel: [    0.000000] PID hash table entries: 4096 (order: 3, 32768 bytes)
Jul 22 11:54:29 ip-10-0-0-32 kernel: [    0.000000] Calgary: detecting Calgary via BIOS EBDA area
Jul 22 11:54:29 ip-10-0-0-32 kernel: [    0.000000] Calgary: Unable to locate Rio Grande table in EBDA - bailing!
Jul 22 11:54:29 ip-10-0-0-32 kernel: [    0.000000] Memory: 61815268K/62914164K available (8372K kernel code, 1281K rwdata, 3888K rodata, 1504K init, 1264K bss, 1098896K reserved, 0K cma-reserved)
Jul 22 11:54:29 ip-10-0-0-32 kernel: [    0.000000] SLUB: HWalign=64, Order=0-3, MinObjects=0, CPUs=128, Nodes=2
Jul 22 11:54:29 ip-10-0-0-32 kernel: [    0.000000] Kernel/User page tables isolation: enabled
Jul 22 11:54:29 ip-10-0-0-32 kernel: [    0.000000] Hierarchical RCU implementation.
Jul 22 11:54:29 ip-10-0-0-32 kernel: [    0.000000] 	Build-time adjustment of leaf fanout to 64.
Jul 22 11:54:29 ip-10-0-0-32 kernel: [    0.000000] 	RCU restricting CPUs from NR_CPUS=256 to nr_cpu_ids=128.
Jul 22 11:54:29 ip-10-0-0-32 kernel: [    0.000000] RCU: Adjusting geometry for rcu_fanout_leaf=64, nr_cpu_ids=128
Jul 22 11:54:29 ip-10-0-0-32 kernel: [    0.000000] NR_IRQS:16640 nr_irqs:1856 16
Jul 22 11:54:29 ip-10-0-0-32 kernel: [    0.000000] xen:events: Using 2-level ABI
Jul 22 11:54:29 ip-10-0-0-32 kernel: [    0.000000] xen:events: Xen HVM callback vector for event delivery is enabled
Jul 22 11:54:29 ip-10-0-0-32 kernel: [    0.000000] Console: colour VGA+ 80x25
Jul 22 11:54:29 ip-10-0-0-32 kernel: [    0.000000] console [tty1] enabled
Jul 22 11:54:29 ip-10-0-0-32 kernel: [    0.000000] Cannot get hvm parameter CONSOLE_EVTCHN (18): -22!
Jul 22 11:54:29 ip-10-0-0-32 kernel: [    0.000000] console [ttyS0] enabled
Jul 22 11:54:29 ip-10-0-0-32 kernel: [    0.000000] mempolicy: Enabling automatic NUMA balancing. Configure with numa_balancing= or the kernel.numa_balancing sysctl
Jul 22 11:54:29 ip-10-0-0-32 kernel: [    0.000000] clocksource: hpet: mask: 0xffffffff max_cycles: 0xffffffff, max_idle_ns: 30580167144 ns
Jul 22 11:54:29 ip-10-0-0-32 kernel: [    0.000000] hpet clockevent registered
Jul 22 11:54:29 ip-10-0-0-32 kernel: [    0.000000] tsc: Detected 2900.094 MHz processor
Jul 22 11:54:29 ip-10-0-0-32 kernel: [    5.559543] Calibrating delay loop (skipped), value calculated using timer frequency.. 5800.18 BogoMIPS (lpj=11600376)
Jul 22 11:54:29 ip-10-0-0-32 kernel: [    5.580384] pid_max: default: 131072 minimum: 1024
Jul 22 11:54:29 ip-10-0-0-32 kernel: [    5.583023] ACPI: Core revision 20150930
Jul 22 11:54:29 ip-10-0-0-32 kernel: [    5.596366] ACPI: 5 ACPI AML tables successfully acquired and loaded
Jul 22 11:54:29 ip-10-0-0-32 kernel: [    5.600404] Security Framework initialized
Jul 22 11:54:29 ip-10-0-0-32 kernel: [    5.602782] Yama: becoming mindful.
Jul 22 11:54:29 ip-10-0-0-32 kernel: [    5.604987] AppArmor: AppArmor initialized
Jul 22 11:54:29 ip-10-0-0-32 kernel: [    5.610352] Dentry cache hash table entries: 8388608 (order: 14, 67108864 bytes)
Jul 22 11:54:29 ip-10-0-0-32 kernel: [    5.624219] Inode-cache hash table entries: 4194304 (order: 13, 33554432 bytes)
Jul 22 11:54:29 ip-10-0-0-32 kernel: [    5.632717] Mount-cache hash table entries: 131072 (order: 8, 1048576 bytes)
Jul 22 11:54:29 ip-10-0-0-32 kernel: [    5.636502] Mountpoint-cache hash table entries: 131072 (order: 8, 1048576 bytes)
Jul 22 11:54:29 ip-10-0-0-32 kernel: [    5.641109] Initializing cgroup subsys io
Jul 22 11:54:29 ip-10-0-0-32 kernel: [    5.643435] Initializing cgroup subsys memory
Jul 22 11:54:29 ip-10-0-0-32 kernel: [    5.645919] Initializing cgroup subsys devices
Jul 22 11:54:29 ip-10-0-0-32 kernel: [    5.648412] Initializing cgroup subsys freezer
Jul 22 11:54:29 ip-10-0-0-32 kernel: [    5.650935] Initializing cgroup subsys net_cls
Jul 22 11:54:29 ip-10-0-0-32 kernel: [    5.653410] Initializing cgroup subsys perf_event
Jul 22 11:54:29 ip-10-0-0-32 kernel: [    5.655993] Initializing cgroup subsys net_prio
Jul 22 11:54:29 ip-10-0-0-32 kernel: [    5.658485] Initializing cgroup subsys hugetlb
Jul 22 11:54:29 ip-10-0-0-32 kernel: [    5.660961] Initializing cgroup subsys pids
Jul 22 11:54:29 ip-10-0-0-32 kernel: [    5.664103] mce: CPU supports 2 MCE banks
Jul 22 11:54:29 ip-10-0-0-32 kernel: [    5.666421] process: using mwait in idle threads
Jul 22 11:54:29 ip-10-0-0-32 kernel: [    5.668971] Last level iTLB entries: 4KB 1024, 2MB 1024, 4MB 1024
Jul 22 11:54:29 ip-10-0-0-32 kernel: [    5.672204] Last level dTLB entries: 4KB 1024, 2MB 1024, 4MB 1024, 1GB 4
Jul 22 11:54:29 ip-10-0-0-32 kernel: [    5.675643] Spectre V2 : Mitigation: Full generic retpoline
Jul 22 11:54:29 ip-10-0-0-32 kernel: [    5.678509] Spectre V2 : Speculation control IBPB not-supported IBRS not-supported
Jul 22 11:54:29 ip-10-0-0-32 kernel: [    5.682155] Speculative Store Bypass: Vulnerable
Jul 22 11:54:29 ip-10-0-0-32 kernel: [    5.686758] Freeing SMP alternatives memory: 32K
Jul 22 11:54:29 ip-10-0-0-32 kernel: [    5.693600] ftrace: allocating 31371 entries in 123 pages
Jul 22 11:54:29 ip-10-0-0-32 kernel: [    5.731782] smpboot: APIC(0) Converting physical 0 to logical package 0
Jul 22 11:54:29 ip-10-0-0-32 kernel: [    5.735144] smpboot: APIC(20) Converting physical 1 to logical package 1
Jul 22 11:54:29 ip-10-0-0-32 kernel: [    5.738476] smpboot: Max logical packages: 15
Jul 22 11:54:29 ip-10-0-0-32 kernel: [    5.741595] x2apic: IRQ remapping doesn't support X2APIC mode
Jul 22 11:54:29 ip-10-0-0-32 kernel: [    5.745262] Switched APIC routing to physical flat.
Jul 22 11:54:29 ip-10-0-0-32 kernel: [    5.750253] ..TIMER: vector=0x30 apic1=0 pin1=2 apic2=0 pin2=0
Jul 22 11:54:29 ip-10-0-0-32 kernel: [    5.753314] clocksource: xen: mask: 0xffffffffffffffff max_cycles: 0x1cd42e4dffb, max_idle_ns: 881590591483 ns
Jul 22 11:54:29 ip-10-0-0-32 kernel: [    5.759087] Xen: using vcpuop timer interface
Jul 22 11:54:29 ip-10-0-0-32 kernel: [    5.759092] installing Xen timer for CPU 0
Jul 22 11:54:29 ip-10-0-0-32 kernel: [    5.761634] smpboot: CPU0: Intel(R) Xeon(R) CPU E5-2666 v3 @ 2.90GHz (family: 0x6, model: 0x3f, stepping: 0x2)
Jul 22 11:54:29 ip-10-0-0-32 kernel: [    5.767973] cpu 0 spinlock event irq 53
Jul 22 11:54:29 ip-10-0-0-32 kernel: [    5.770240] Performance Events: unsupported p6 CPU model 63 no PMU driver, software events only.
Jul 22 11:54:29 ip-10-0-0-32 kernel: [    5.777045] NMI watchdog: disabled (cpu0): hardware events not enabled
Jul 22 11:54:29 ip-10-0-0-32 kernel: [    5.780396] NMI watchdog: Shutting down hard lockup detector on all cpus
Jul 22 11:54:29 ip-10-0-0-32 kernel: [    5.783846] installing Xen timer for CPU 1
Jul 22 11:54:29 ip-10-0-0-32 kernel: [    5.786320] x86: Booting SMP configuration:
Jul 22 11:54:29 ip-10-0-0-32 kernel: [    5.788725] .... node  #0, CPUs:          #1cpu 1 spinlock event irq 59
Jul 22 11:54:29 ip-10-0-0-32 kernel: [    5.794213] installing Xen timer for CPU 2
Jul 22 11:54:29 ip-10-0-0-32 kernel: [    5.796671]    #2cpu 2 spinlock event irq 65
Jul 22 11:54:29 ip-10-0-0-32 kernel: [    5.800551] installing Xen timer for CPU 3
Jul 22 11:54:29 ip-10-0-0-32 kernel: [    5.803030]    #3cpu 3 spinlock event irq 71
Jul 22 11:54:29 ip-10-0-0-32 kernel: [    5.806975] installing Xen timer for CPU 4
Jul 22 11:54:29 ip-10-0-0-32 kernel: [    5.809379]    #4cpu 4 spinlock event irq 77
Jul 22 11:54:29 ip-10-0-0-32 kernel: [    5.814990] installing Xen timer for CPU 5
Jul 22 11:54:29 ip-10-0-0-32 kernel: [    5.819636]    #5cpu 5 spinlock event irq 83
Jul 22 11:54:29 ip-10-0-0-32 kernel: [    5.826179] installing Xen timer for CPU 6
Jul 22 11:54:29 ip-10-0-0-32 kernel: [    5.830783]    #6cpu 6 spinlock event irq 89
Jul 22 11:54:29 ip-10-0-0-32 kernel: [    5.837364] installing Xen timer for CPU 7
Jul 22 11:54:29 ip-10-0-0-32 kernel: [    5.841906]    #7cpu 7 spinlock event irq 95
Jul 22 11:54:29 ip-10-0-0-32 kernel: [    5.846106] installing Xen timer for CPU 8
Jul 22 11:54:29 ip-10-0-0-32 kernel: [    5.848538]    #8cpu 8 spinlock event irq 101
Jul 22 11:54:29 ip-10-0-0-32 kernel: [    5.852444] installing Xen timer for CPU 9
Jul 22 11:54:29 ip-10-0-0-32 kernel: [    5.854815] 
Jul 22 11:54:29 ip-10-0-0-32 kernel: [    5.856049] .... node  #1, CPUs:     #9cpu 9 spinlock event irq 107
Jul 22 11:54:29 ip-10-0-0-32 kernel: [    5.861090] installing Xen timer for CPU 10
Jul 22 11:54:29 ip-10-0-0-32 kernel: [    5.863511]   #10cpu 10 spinlock event irq 113
Jul 22 11:54:29 ip-10-0-0-32 kernel: [    5.867446] installing Xen timer for CPU 11
Jul 22 11:54:29 ip-10-0-0-32 kernel: [    5.869985]   #11cpu 11 spinlock event irq 119
Jul 22 11:54:29 ip-10-0-0-32 kernel: [    5.873998] installing Xen timer for CPU 12
Jul 22 11:54:29 ip-10-0-0-32 kernel: [    5.876539]   #12cpu 12 spinlock event irq 125
Jul 22 11:54:29 ip-10-0-0-32 kernel: [    5.880481] installing Xen timer for CPU 13
Jul 22 11:54:29 ip-10-0-0-32 kernel: [    5.882901]   #13cpu 13 spinlock event irq 131
Jul 22 11:54:29 ip-10-0-0-32 kernel: [    5.886859] installing Xen timer for CPU 14
Jul 22 11:54:29 ip-10-0-0-32 kernel: [    5.889399]   #14cpu 14 spinlock event irq 137
Jul 22 11:54:29 ip-10-0-0-32 kernel: [    5.893445] installing Xen timer for CPU 15
Jul 22 11:54:29 ip-10-0-0-32 kernel: [    5.895913]   #15cpu 15 spinlock event irq 143
Jul 22 11:54:29 ip-10-0-0-32 kernel: [    5.899949] installing Xen timer for CPU 16
Jul 22 11:54:29 ip-10-0-0-32 kernel: [    5.902517]   #16cpu 16 spinlock event irq 149
Jul 22 11:54:29 ip-10-0-0-32 kernel: [    5.906545] installing Xen timer for CPU 17
Jul 22 11:54:29 ip-10-0-0-32 kernel: [    5.909038]   #17cpu 17 spinlock event irq 155
Jul 22 11:54:29 ip-10-0-0-32 kernel: [    5.913044] installing Xen timer for CPU 18
Jul 22 11:54:29 ip-10-0-0-32 kernel: [    5.915515] 
Jul 22 11:54:29 ip-10-0-0-32 kernel: [    5.916831] .... node  #0, CPUs:    #18cpu 18 spinlock event irq 161
Jul 22 11:54:29 ip-10-0-0-32 kernel: [    5.922100] installing Xen timer for CPU 19
Jul 22 11:54:29 ip-10-0-0-32 kernel: [    5.924585]   #19cpu 19 spinlock event irq 167
Jul 22 11:54:29 ip-10-0-0-32 kernel: [    5.928635] installing Xen timer for CPU 20
Jul 22 11:54:29 ip-10-0-0-32 kernel: [    5.931084]   #20cpu 20 spinlock event irq 173
Jul 22 11:54:29 ip-10-0-0-32 kernel: [    5.935031] installing Xen timer for CPU 21
Jul 22 11:54:29 ip-10-0-0-32 kernel: [    5.937511]   #21cpu 21 spinlock event irq 179
Jul 22 11:54:29 ip-10-0-0-32 kernel: [    5.941430] installing Xen timer for CPU 22
Jul 22 11:54:29 ip-10-0-0-32 kernel: [    5.943899]   #22cpu 22 spinlock event irq 185
Jul 22 11:54:29 ip-10-0-0-32 kernel: [    5.947906] installing Xen timer for CPU 23
Jul 22 11:54:29 ip-10-0-0-32 kernel: [    5.950390]   #23cpu 23 spinlock event irq 191
Jul 22 11:54:29 ip-10-0-0-32 kernel: [    5.954402] installing Xen timer for CPU 24
Jul 22 11:54:29 ip-10-0-0-32 kernel: [    5.956864]   #24cpu 24 spinlock event irq 197
Jul 22 11:54:29 ip-10-0-0-32 kernel: [    5.961404] installing Xen timer for CPU 25
Jul 22 11:54:29 ip-10-0-0-32 kernel: [    5.965013]   #25cpu 25 spinlock event irq 203
Jul 22 11:54:29 ip-10-0-0-32 kernel: [    5.970505] installing Xen timer for CPU 26
Jul 22 11:54:29 ip-10-0-0-32 kernel: [    5.974158]   #26cpu 26 spinlock event irq 209
Jul 22 11:54:29 ip-10-0-0-32 kernel: [    5.979806] installing Xen timer for CPU 27
Jul 22 11:54:29 ip-10-0-0-32 kernel: [    5.983629] 
Jul 22 11:54:29 ip-10-0-0-32 kernel: [    5.985546] .... node  #1, CPUs:    #27cpu 27 spinlock event irq 215
Jul 22 11:54:29 ip-10-0-0-32 kernel: [    5.992917] installing Xen timer for CPU 28
Jul 22 11:54:29 ip-10-0-0-32 kernel: [    5.996713]   #28cpu 28 spinlock event irq 221
Jul 22 11:54:29 ip-10-0-0-32 kernel: [    6.002554] installing Xen timer for CPU 29
Jul 22 11:54:29 ip-10-0-0-32 kernel: [    6.006506]   #29cpu 29 spinlock event irq 227
Jul 22 11:54:29 ip-10-0-0-32 kernel: [    6.012375] installing Xen timer for CPU 30
Jul 22 11:54:29 ip-10-0-0-32 kernel: [    6.016331]   #30cpu 30 spinlock event irq 233
Jul 22 11:54:29 ip-10-0-0-32 kernel: [    6.022193] installing Xen timer for CPU 31
Jul 22 11:54:29 ip-10-0-0-32 kernel: [    6.026166]   #31cpu 31 spinlock event irq 239
Jul 22 11:54:29 ip-10-0-0-32 kernel: [    6.032137] installing Xen timer for CPU 32
Jul 22 11:54:29 ip-10-0-0-32 kernel: [    6.036151]   #32cpu 32 spinlock event irq 245
Jul 22 11:54:29 ip-10-0-0-32 kernel: [    6.041890] installing Xen timer for CPU 33
Jul 22 11:54:29 ip-10-0-0-32 kernel: [    6.045627]   #33cpu 33 spinlock event irq 251
Jul 22 11:54:29 ip-10-0-0-32 kernel: [    6.051222] installing Xen timer for CPU 34
Jul 22 11:54:29 ip-10-0-0-32 kernel: [    6.054648]   #34cpu 34 spinlock event irq 257
Jul 22 11:54:29 ip-10-0-0-32 kernel: [    6.059836] installing Xen timer for CPU 35
Jul 22 11:54:29 ip-10-0-0-32 kernel: [    6.063137]   #35cpu 35 spinlock event irq 263
Jul 22 11:54:29 ip-10-0-0-32 kernel: [    6.068445] x86: Booted up 2 nodes, 36 CPUs
Jul 22 11:54:29 ip-10-0-0-32 kernel: [    6.071808] smpboot: Total of 36 processors activated (208806.76 BogoMIPS)
Jul 22 11:54:29 ip-10-0-0-32 kernel: [    6.078328] devtmpfs: initialized
Jul 22 11:54:29 ip-10-0-0-32 kernel: [    6.087075] evm: security.selinux
Jul 22 11:54:29 ip-10-0-0-32 kernel: [    6.090017] evm: security.SMACK64
Jul 22 11:54:29 ip-10-0-0-32 kernel: [    6.092838] evm: security.SMACK64EXEC
Jul 22 11:54:29 ip-10-0-0-32 kernel: [    6.095865] evm: security.SMACK64TRANSMUTE
Jul 22 11:54:29 ip-10-0-0-32 kernel: [    6.099477] evm: security.SMACK64MMAP
Jul 22 11:54:29 ip-10-0-0-32 kernel: [    6.102836] evm: security.ima
Jul 22 11:54:29 ip-10-0-0-32 kernel: [    6.105551] evm: security.capability
Jul 22 11:54:29 ip-10-0-0-32 kernel: [    6.108905] clocksource: jiffies: mask: 0xffffffff max_cycles: 0xffffffff, max_idle_ns: 7645041785100000 ns
Jul 22 11:54:29 ip-10-0-0-32 kernel: [    6.115741] futex hash table entries: 32768 (order: 9, 2097152 bytes)
Jul 22 11:54:29 ip-10-0-0-32 kernel: [    6.121005] RTC time: 11:54:22, date: 07/22/19
Jul 22 11:54:29 ip-10-0-0-32 kernel: [    6.126587] NET: Registered protocol family 16
Jul 22 11:54:29 ip-10-0-0-32 kernel: [    6.142387] cpuidle: using governor ladder
Jul 22 11:54:29 ip-10-0-0-32 kernel: [    6.154547] cpuidle: using governor menu
Jul 22 11:54:29 ip-10-0-0-32 kernel: [    6.157798] PCCT header not found.
Jul 22 11:54:29 ip-10-0-0-32 kernel: [    6.160809] ACPI: bus type PCI registered
Jul 22 11:54:29 ip-10-0-0-32 kernel: [    6.163953] acpiphp: ACPI Hot Plug PCI Controller Driver version: 0.5
Jul 22 11:54:29 ip-10-0-0-32 kernel: [    6.169241] PCI: Using configuration type 1 for base access
Jul 22 11:54:29 ip-10-0-0-32 kernel: [    6.187055] ACPI: Added _OSI(Module Device)
Jul 22 11:54:29 ip-10-0-0-32 kernel: [    6.190469] ACPI: Added _OSI(Processor Device)
Jul 22 11:54:29 ip-10-0-0-32 kernel: [    6.193943] ACPI: Added _OSI(3.0 _SCP Extensions)
Jul 22 11:54:29 ip-10-0-0-32 kernel: [    6.197627] ACPI: Added _OSI(Processor Aggregator Device)
Jul 22 11:54:29 ip-10-0-0-32 kernel: [    6.204002] xen: --> pirq=16 -> irq=9 (gsi=9)
Jul 22 11:54:29 ip-10-0-0-32 kernel: [    6.209562] ACPI: Interpreter enabled
Jul 22 11:54:29 ip-10-0-0-32 kernel: [    6.212658] ACPI: (supports S0 S4 S5)
Jul 22 11:54:29 ip-10-0-0-32 kernel: [    6.215646] ACPI: Using IOAPIC for interrupt routing
Jul 22 11:54:29 ip-10-0-0-32 kernel: [    6.219566] PCI: Using host bridge windows from ACPI; if necessary, use "pci=nocrs" and report a bug
Jul 22 11:54:29 ip-10-0-0-32 kernel: [    6.279095] ACPI: PCI Root Bridge [PCI0] (domain 0000 [bus 00-ff])
Jul 22 11:54:29 ip-10-0-0-32 kernel: [    6.283591] acpi PNP0A03:00: _OSC: OS supports [ASPM ClockPM Segments MSI]
Jul 22 11:54:29 ip-10-0-0-32 kernel: [    6.288436] acpi PNP0A03:00: _OSC failed (AE_NOT_FOUND); disabling ASPM
Jul 22 11:54:29 ip-10-0-0-32 kernel: [    6.293165] acpi PNP0A03:00: fail to add MMCONFIG information, can't access extended PCI configuration space under this bridge.
Jul 22 11:54:29 ip-10-0-0-32 kernel: [    6.302609] acpiphp: Slot [0] registered
Jul 22 11:54:29 ip-10-0-0-32 kernel: [    6.306833] acpiphp: Slot [3] registered
Jul 22 11:54:29 ip-10-0-0-32 kernel: [    6.310484] acpiphp: Slot [4] registered
Jul 22 11:54:29 ip-10-0-0-32 kernel: [    6.314039] acpiphp: Slot [5] registered
Jul 22 11:54:29 ip-10-0-0-32 kernel: [    6.317752] acpiphp: Slot [6] registered
Jul 22 11:54:29 ip-10-0-0-32 kernel: [    6.321404] acpiphp: Slot [7] registered
Jul 22 11:54:29 ip-10-0-0-32 kernel: [    6.325082] acpiphp: Slot [8] registered
Jul 22 11:54:29 ip-10-0-0-32 kernel: [    6.328825] acpiphp: Slot [9] registered
Jul 22 11:54:29 ip-10-0-0-32 kernel: [    6.332481] acpiphp: Slot [10] registered
Jul 22 11:54:29 ip-10-0-0-32 kernel: [    6.336239] acpiphp: Slot [11] registered
Jul 22 11:54:29 ip-10-0-0-32 kernel: [    6.340456] acpiphp: Slot [12] registered
Jul 22 11:54:29 ip-10-0-0-32 kernel: [    6.344625] acpiphp: Slot [13] registered
Jul 22 11:54:29 ip-10-0-0-32 kernel: [    6.348270] acpiphp: Slot [14] registered
Jul 22 11:54:29 ip-10-0-0-32 kernel: [    6.351834] acpiphp: Slot [15] registered
Jul 22 11:54:29 ip-10-0-0-32 kernel: [    6.355842] acpiphp: Slot [16] registered
Jul 22 11:54:29 ip-10-0-0-32 kernel: [    6.359667] acpiphp: Slot [17] registered
Jul 22 11:54:29 ip-10-0-0-32 kernel: [    6.363407] acpiphp: Slot [18] registered
Jul 22 11:54:29 ip-10-0-0-32 kernel: [    6.367252] acpiphp: Slot [19] registered
Jul 22 11:54:29 ip-10-0-0-32 kernel: [    6.371011] acpiphp: Slot [20] registered
Jul 22 11:54:29 ip-10-0-0-32 kernel: [    6.374767] acpiphp: Slot [21] registered
Jul 22 11:54:29 ip-10-0-0-32 kernel: [    6.378652] acpiphp: Slot [22] registered
Jul 22 11:54:29 ip-10-0-0-32 kernel: [    6.382418] acpiphp: Slot [23] registered
Jul 22 11:54:29 ip-10-0-0-32 kernel: [    6.386312] acpiphp: Slot [24] registered
Jul 22 11:54:29 ip-10-0-0-32 kernel: [    6.405120] acpiphp: Slot [25] registered
Jul 22 11:54:29 ip-10-0-0-32 kernel: [    6.408966] acpiphp: Slot [26] registered
Jul 22 11:54:29 ip-10-0-0-32 kernel: [    6.412724] acpiphp: Slot [27] registered
Jul 22 11:54:29 ip-10-0-0-32 kernel: [    6.416495] acpiphp: Slot [28] registered
Jul 22 11:54:29 ip-10-0-0-32 kernel: [    6.420849] acpiphp: Slot [29] registered
Jul 22 11:54:29 ip-10-0-0-32 kernel: [    6.424914] acpiphp: Slot [30] registered
Jul 22 11:54:29 ip-10-0-0-32 kernel: [    6.428967] acpiphp: Slot [31] registered
Jul 22 11:54:29 ip-10-0-0-32 kernel: [    6.432592] PCI host bridge to bus 0000:00
Jul 22 11:54:29 ip-10-0-0-32 kernel: [    6.435831] pci_bus 0000:00: root bus resource [io  0x0000-0x0cf7 window]
Jul 22 11:54:29 ip-10-0-0-32 kernel: [    6.441443] pci_bus 0000:00: root bus resource [io  0x0d00-0xffff window]
Jul 22 11:54:29 ip-10-0-0-32 kernel: [    6.446867] pci_bus 0000:00: root bus resource [mem 0x000a0000-0x000bffff window]
Jul 22 11:54:29 ip-10-0-0-32 kernel: [    6.452490] pci_bus 0000:00: root bus resource [mem 0xf0000000-0xfbffffff window]
Jul 22 11:54:29 ip-10-0-0-32 kernel: [    6.458024] pci_bus 0000:00: root bus resource [bus 00-ff]
Jul 22 11:54:29 ip-10-0-0-32 kernel: [    6.462206] pci 0000:00:00.0: [8086:1237] type 00 class 0x060000
Jul 22 11:54:29 ip-10-0-0-32 kernel: [    6.464451] pci 0000:00:01.0: [8086:7000] type 00 class 0x060100
Jul 22 11:54:29 ip-10-0-0-32 kernel: [    6.467814] pci 0000:00:01.1: [8086:7010] type 00 class 0x010180
Jul 22 11:54:29 ip-10-0-0-32 kernel: [    6.469697] pci 0000:00:01.1: reg 0x20: [io  0xc100-0xc10f]
Jul 22 11:54:29 ip-10-0-0-32 kernel: [    6.470519] pci 0000:00:01.1: legacy IDE quirk: reg 0x10: [io  0x01f0-0x01f7]
Jul 22 11:54:29 ip-10-0-0-32 kernel: [    6.475516] pci 0000:00:01.1: legacy IDE quirk: reg 0x14: [io  0x03f6]
Jul 22 11:54:29 ip-10-0-0-32 kernel: [    6.480258] pci 0000:00:01.1: legacy IDE quirk: reg 0x18: [io  0x0170-0x0177]
Jul 22 11:54:29 ip-10-0-0-32 kernel: [    6.485092] pci 0000:00:01.1: legacy IDE quirk: reg 0x1c: [io  0x0376]
Jul 22 11:54:29 ip-10-0-0-32 kernel: [    6.490595] pci 0000:00:01.3: [8086:7113] type 00 class 0x068000
Jul 22 11:54:29 ip-10-0-0-32 kernel: [    6.490741] * Found PM-Timer Bug on the chipset. Due to workarounds for a bug,
Jul 22 11:54:29 ip-10-0-0-32 kernel: [    6.490741] * this clock source is slow. Consider trying other clock sources
Jul 22 11:54:29 ip-10-0-0-32 kernel: [    6.502505] pci 0000:00:01.3: quirk: [io  0xb000-0xb03f] claimed by PIIX4 ACPI
Jul 22 11:54:29 ip-10-0-0-32 kernel: [    6.509015] pci 0000:00:02.0: [1013:00b8] type 00 class 0x030000
Jul 22 11:54:29 ip-10-0-0-32 kernel: [    6.509539] pci 0000:00:02.0: reg 0x10: [mem 0xf0000000-0xf1ffffff pref]
Jul 22 11:54:29 ip-10-0-0-32 kernel: [    6.509872] pci 0000:00:02.0: reg 0x14: [mem 0xf3008000-0xf3008fff]
Jul 22 11:54:29 ip-10-0-0-32 kernel: [    6.512494] pci 0000:00:03.0: [8086:10ed] type 00 class 0x020000
Jul 22 11:54:29 ip-10-0-0-32 kernel: [    6.513711] pci 0000:00:03.0: reg 0x10: [mem 0xf3000000-0xf3003fff 64bit pref]
Jul 22 11:54:29 ip-10-0-0-32 kernel: [    6.514680] pci 0000:00:03.0: reg 0x1c: [mem 0xf3004000-0xf3007fff 64bit pref]
Jul 22 11:54:29 ip-10-0-0-32 kernel: [    6.517976] pci 0000:00:1f.0: [5853:0001] type 00 class 0xff8000
Jul 22 11:54:29 ip-10-0-0-32 kernel: [    6.518571] pci 0000:00:1f.0: reg 0x10: [io  0xc000-0xc0ff]
Jul 22 11:54:29 ip-10-0-0-32 kernel: [    6.518908] pci 0000:00:1f.0: reg 0x14: [mem 0xf2000000-0xf2ffffff pref]
Jul 22 11:54:29 ip-10-0-0-32 kernel: [    6.521390] ACPI: PCI Interrupt Link [LNKA] (IRQs *5 10 11)
Jul 22 11:54:29 ip-10-0-0-32 kernel: [    6.528403] ACPI: PCI Interrupt Link [LNKB] (IRQs 5 *10 11)
Jul 22 11:54:29 ip-10-0-0-32 kernel: [    6.535165] ACPI: PCI Interrupt Link [LNKC] (IRQs 5 10 *11)
Jul 22 11:54:29 ip-10-0-0-32 kernel: [    6.542457] ACPI: PCI Interrupt Link [LNKD] (IRQs *5 10 11)
Jul 22 11:54:29 ip-10-0-0-32 kernel: [    6.570076] ACPI: Enabled 2 GPEs in block 00 to 0F
Jul 22 11:54:29 ip-10-0-0-32 kernel: [    6.575088] xen:balloon: Initialising balloon driver
Jul 22 11:54:29 ip-10-0-0-32 kernel: [    6.579695] vgaarb: setting as boot device: PCI:0000:00:02.0
Jul 22 11:54:29 ip-10-0-0-32 kernel: [    6.584786] vgaarb: device added: PCI:0000:00:02.0,decodes=io+mem,owns=io+mem,locks=none
Jul 22 11:54:29 ip-10-0-0-32 kernel: [    6.592208] vgaarb: loaded
Jul 22 11:54:29 ip-10-0-0-32 kernel: [    6.595248] vgaarb: bridge control possible 0000:00:02.0
Jul 22 11:54:29 ip-10-0-0-32 kernel: [    6.600274] SCSI subsystem initialized
Jul 22 11:54:29 ip-10-0-0-32 kernel: [    6.604073] libata version 3.00 loaded.
Jul 22 11:54:29 ip-10-0-0-32 kernel: [    6.604095] ACPI: bus type USB registered
Jul 22 11:54:29 ip-10-0-0-32 kernel: [    6.608204] usbcore: registered new interface driver usbfs
Jul 22 11:54:29 ip-10-0-0-32 kernel: [    6.613159] usbcore: registered new interface driver hub
Jul 22 11:54:29 ip-10-0-0-32 kernel: [    6.618134] usbcore: registered new device driver usb
Jul 22 11:54:29 ip-10-0-0-32 kernel: [    6.623037] PCI: Using ACPI for IRQ routing
Jul 22 11:54:29 ip-10-0-0-32 kernel: [    6.627068] PCI: pci_cache_line_size set to 64 bytes
Jul 22 11:54:29 ip-10-0-0-32 kernel: [    6.627789] e820: reserve RAM buffer [mem 0x0009e000-0x0009ffff]
Jul 22 11:54:29 ip-10-0-0-32 kernel: [    6.627940] NetLabel: Initializing
Jul 22 11:54:29 ip-10-0-0-32 kernel: [    6.631419] NetLabel:  domain hash size = 128
Jul 22 11:54:29 ip-10-0-0-32 kernel: [    6.635535] NetLabel:  protocols = UNLABELED CIPSOv4
Jul 22 11:54:29 ip-10-0-0-32 kernel: [    6.640236] NetLabel:  unlabeled traffic allowed by default
Jul 22 11:54:29 ip-10-0-0-32 kernel: [    6.645792] HPET: 3 timers in total, 0 timers will be used for per-cpu timer
Jul 22 11:54:29 ip-10-0-0-32 kernel: [    6.652312] hpet0: at MMIO 0xfed00000, IRQs 2, 8, 0
Jul 22 11:54:29 ip-10-0-0-32 kernel: [    6.659467] hpet0: 3 comparators, 64-bit 62.500000 MHz counter
Jul 22 11:54:29 ip-10-0-0-32 kernel: [    6.668894] amd_nb: Cannot enumerate AMD northbridges
Jul 22 11:54:29 ip-10-0-0-32 kernel: [    6.672723] clocksource: Switched to clocksource xen
Jul 22 11:54:29 ip-10-0-0-32 kernel: [    6.683398] AppArmor: AppArmor Filesystem Enabled
Jul 22 11:54:29 ip-10-0-0-32 kernel: [    6.687082] pnp: PnP ACPI init
Jul 22 11:54:29 ip-10-0-0-32 kernel: [    6.689835] system 00:00: [mem 0x00000000-0x0009ffff] could not be reserved
Jul 22 11:54:29 ip-10-0-0-32 kernel: [    6.694668] system 00:00: Plug and Play ACPI device, IDs PNP0c02 (active)
Jul 22 11:54:29 ip-10-0-0-32 kernel: [    6.694741] system 00:01: [io  0x08a0-0x08a3] has been reserved
Jul 22 11:54:29 ip-10-0-0-32 kernel: [    6.699184] system 00:01: [io  0x0cc0-0x0ccf] has been reserved
Jul 22 11:54:29 ip-10-0-0-32 kernel: [    6.703549] system 00:01: [io  0x04d0-0x04d1] has been reserved
Jul 22 11:54:29 ip-10-0-0-32 kernel: [    6.707915] system 00:01: Plug and Play ACPI device, IDs PNP0c02 (active)
Jul 22 11:54:29 ip-10-0-0-32 kernel: [    6.707948] xen: --> pirq=17 -> irq=8 (gsi=8)
Jul 22 11:54:29 ip-10-0-0-32 kernel: [    6.707964] pnp 00:02: Plug and Play ACPI device, IDs PNP0b00 (active)
Jul 22 11:54:29 ip-10-0-0-32 kernel: [    6.707984] xen: --> pirq=18 -> irq=12 (gsi=12)
Jul 22 11:54:29 ip-10-0-0-32 kernel: [    6.707996] pnp 00:03: Plug and Play ACPI device, IDs PNP0f13 (active)
Jul 22 11:54:29 ip-10-0-0-32 kernel: [    6.708013] xen: --> pirq=19 -> irq=1 (gsi=1)
Jul 22 11:54:29 ip-10-0-0-32 kernel: [    6.708028] pnp 00:04: Plug and Play ACPI device, IDs PNP0303 PNP030b (active)
Jul 22 11:54:29 ip-10-0-0-32 kernel: [    6.708046] xen: --> pirq=20 -> irq=6 (gsi=6)
Jul 22 11:54:29 ip-10-0-0-32 kernel: [    6.708048] pnp 00:05: [dma 2]
Jul 22 11:54:29 ip-10-0-0-32 kernel: [    6.708060] pnp 00:05: Plug and Play ACPI device, IDs PNP0700 (active)
Jul 22 11:54:29 ip-10-0-0-32 kernel: [    6.708081] xen: --> pirq=21 -> irq=4 (gsi=4)
Jul 22 11:54:29 ip-10-0-0-32 kernel: [    6.708094] pnp 00:06: Plug and Play ACPI device, IDs PNP0501 (active)
Jul 22 11:54:29 ip-10-0-0-32 kernel: [    6.708129] system 00:07: [io  0x10c0-0x1141] has been reserved
Jul 22 11:54:29 ip-10-0-0-32 kernel: [    6.712562] system 00:07: [io  0xb044-0xb047] has been reserved
Jul 22 11:54:29 ip-10-0-0-32 kernel: [    6.716967] system 00:07: Plug and Play ACPI device, IDs PNP0c02 (active)
Jul 22 11:54:29 ip-10-0-0-32 kernel: [    6.737120] pnp: PnP ACPI: found 8 devices
Jul 22 11:54:29 ip-10-0-0-32 kernel: [    6.746789] clocksource: acpi_pm: mask: 0xffffff max_cycles: 0xffffff, max_idle_ns: 2085701024 ns
Jul 22 11:54:29 ip-10-0-0-32 kernel: [    6.753298] pci_bus 0000:00: resource 4 [io  0x0000-0x0cf7 window]
Jul 22 11:54:29 ip-10-0-0-32 kernel: [    6.753300] pci_bus 0000:00: resource 5 [io  0x0d00-0xffff window]
Jul 22 11:54:29 ip-10-0-0-32 kernel: [    6.753302] pci_bus 0000:00: resource 6 [mem 0x000a0000-0x000bffff window]
Jul 22 11:54:29 ip-10-0-0-32 kernel: [    6.753304] pci_bus 0000:00: resource 7 [mem 0xf0000000-0xfbffffff window]
Jul 22 11:54:29 ip-10-0-0-32 kernel: [    6.753411] NET: Registered protocol family 2
Jul 22 11:54:29 ip-10-0-0-32 kernel: [    6.757374] TCP established hash table entries: 524288 (order: 10, 4194304 bytes)
Jul 22 11:54:29 ip-10-0-0-32 kernel: [    6.763472] TCP bind hash table entries: 65536 (order: 8, 1048576 bytes)
Jul 22 11:54:29 ip-10-0-0-32 kernel: [    6.768441] TCP: Hash tables configured (established 524288 bind 65536)
Jul 22 11:54:29 ip-10-0-0-32 kernel: [    6.773179] UDP hash table entries: 32768 (order: 8, 1048576 bytes)
Jul 22 11:54:29 ip-10-0-0-32 kernel: [    6.777590] UDP-Lite hash table entries: 32768 (order: 8, 1048576 bytes)
Jul 22 11:54:29 ip-10-0-0-32 kernel: [    6.782627] NET: Registered protocol family 1
Jul 22 11:54:29 ip-10-0-0-32 kernel: [    6.786302] pci 0000:00:00.0: Limiting direct PCI/PCI transfers
Jul 22 11:54:29 ip-10-0-0-32 kernel: [    6.790640] pci 0000:00:01.0: PIIX3: Enabling Passive Release
Jul 22 11:54:29 ip-10-0-0-32 kernel: [    6.794898] pci 0000:00:01.0: Activating ISA DMA hang workarounds
Jul 22 11:54:29 ip-10-0-0-32 kernel: [    6.799449] pci 0000:00:02.0: Video device with shadowed ROM
Jul 22 11:54:29 ip-10-0-0-32 kernel: [    6.799614] PCI: CLS 0 bytes, default 64
Jul 22 11:54:29 ip-10-0-0-32 kernel: [    6.799660] Trying to unpack rootfs image as initramfs...
Jul 22 11:54:29 ip-10-0-0-32 kernel: [    6.954889] Freeing initrd memory: 12412K
Jul 22 11:54:29 ip-10-0-0-32 kernel: [    6.958518] PCI-DMA: Using software bounce buffering for IO (SWIOTLB)
Jul 22 11:54:29 ip-10-0-0-32 kernel: [    6.963066] software IO TLB [mem 0xec000000-0xf0000000] (64MB) mapped at [ffff8800ec000000-ffff8800efffffff]
Jul 22 11:54:29 ip-10-0-0-32 kernel: [    6.970309] RAPL PMU detected, API unit is 2^-32 Joules, 3 fixed counters 655360 ms ovfl timer
Jul 22 11:54:29 ip-10-0-0-32 kernel: [    6.976728] hw unit of domain pp0-core 2^-14 Joules
Jul 22 11:54:29 ip-10-0-0-32 kernel: [    6.980698] hw unit of domain package 2^-14 Joules
Jul 22 11:54:29 ip-10-0-0-32 kernel: [    6.984414] hw unit of domain dram 2^-16 Joules
Jul 22 11:54:29 ip-10-0-0-32 kernel: [    6.987966] Scanning for low memory corruption every 60 seconds
Jul 22 11:54:29 ip-10-0-0-32 kernel: [    6.993636] audit: initializing netlink subsys (disabled)
Jul 22 11:54:29 ip-10-0-0-32 kernel: [    6.998647] audit: type=2000 audit(1563796462.840:1): initialized
Jul 22 11:54:29 ip-10-0-0-32 kernel: [    7.004405] Initialise system trusted keyring
Jul 22 11:54:29 ip-10-0-0-32 kernel: [    7.009046] HugeTLB registered 1 GB page size, pre-allocated 0 pages
Jul 22 11:54:29 ip-10-0-0-32 kernel: [    7.014689] HugeTLB registered 2 MB page size, pre-allocated 0 pages
Jul 22 11:54:29 ip-10-0-0-32 kernel: [    7.021668] zbud: loaded
Jul 22 11:54:29 ip-10-0-0-32 kernel: [    7.024787] VFS: Disk quotas dquot_6.6.0
Jul 22 11:54:29 ip-10-0-0-32 kernel: [    7.028852] VFS: Dquot-cache hash table entries: 512 (order 0, 4096 bytes)
Jul 22 11:54:29 ip-10-0-0-32 kernel: [    7.035232] squashfs: version 4.0 (2009/01/31) Phillip Lougher
Jul 22 11:54:29 ip-10-0-0-32 kernel: [    7.040860] fuse init (API version 7.23)
Jul 22 11:54:29 ip-10-0-0-32 kernel: [    7.044783] Key type big_key registered
Jul 22 11:54:29 ip-10-0-0-32 kernel: [    7.048709] Allocating IMA MOK and blacklist keyrings.
Jul 22 11:54:29 ip-10-0-0-32 kernel: [    7.054112] Key type asymmetric registered
Jul 22 11:54:29 ip-10-0-0-32 kernel: [    7.058175] Asymmetric key parser 'x509' registered
Jul 22 11:54:29 ip-10-0-0-32 kernel: [    7.062981] Block layer SCSI generic (bsg) driver version 0.4 loaded (major 249)
Jul 22 11:54:29 ip-10-0-0-32 kernel: [    7.070067] io scheduler noop registered
Jul 22 11:54:29 ip-10-0-0-32 kernel: [    7.074078] io scheduler deadline registered (default)
Jul 22 11:54:29 ip-10-0-0-32 kernel: [    7.079110] io scheduler cfq registered
Jul 22 11:54:29 ip-10-0-0-32 kernel: [    7.083099] pci_hotplug: PCI Hot Plug PCI Core version: 0.5
Jul 22 11:54:29 ip-10-0-0-32 kernel: [    7.088445] pciehp: PCI Express Hot Plug Controller Driver version: 0.4
Jul 22 11:54:29 ip-10-0-0-32 kernel: [    7.094755] intel_idle: MWAIT substates: 0x2120
Jul 22 11:54:29 ip-10-0-0-32 kernel: [    7.094827] intel_idle: v0.4.1 model 0x3F
Jul 22 11:54:29 ip-10-0-0-32 kernel: [    7.094828] intel_idle: lapic_timer_reliable_states 0x2
Jul 22 11:54:29 ip-10-0-0-32 kernel: [    7.095951] input: Power Button as /devices/LNXSYSTM:00/LNXPWRBN:00/input/input0
Jul 22 11:54:29 ip-10-0-0-32 kernel: [    7.103325] ACPI: Power Button [PWRF]
Jul 22 11:54:29 ip-10-0-0-32 kernel: [    7.107385] input: Sleep Button as /devices/LNXSYSTM:00/LNXSLPBN:00/input/input1
Jul 22 11:54:29 ip-10-0-0-32 kernel: [    7.114343] ACPI: Sleep Button [SLPF]
Jul 22 11:54:29 ip-10-0-0-32 kernel: [    7.118896] xen: --> pirq=22 -> irq=47 (gsi=47)
Jul 22 11:54:29 ip-10-0-0-32 kernel: [    7.119015] xen:grant_table: Grant tables using version 1 layout
Jul 22 11:54:29 ip-10-0-0-32 kernel: [    7.124465] Grant table initialized
Jul 22 11:54:29 ip-10-0-0-32 kernel: [    7.128067] Cannot get hvm parameter CONSOLE_EVTCHN (18): -22!
Jul 22 11:54:29 ip-10-0-0-32 kernel: [    7.133371] Serial: 8250/16550 driver, 4 ports, IRQ sharing enabled
Jul 22 11:54:29 ip-10-0-0-32 kernel: [    7.168173] 00:06: ttyS0 at I/O 0x3f8 (irq = 4, base_baud = 115200) is a 16550A
Jul 22 11:54:29 ip-10-0-0-32 kernel: [    7.175637] Linux agpgart interface v0.103
Jul 22 11:54:29 ip-10-0-0-32 kernel: [    7.187848] brd: module loaded
Jul 22 11:54:29 ip-10-0-0-32 kernel: [    7.194907] loop: module loaded
Jul 22 11:54:29 ip-10-0-0-32 kernel: [    7.198785] ata_piix 0000:00:01.1: version 2.13
Jul 22 11:54:29 ip-10-0-0-32 kernel: [    7.199846] scsi host0: ata_piix
Jul 22 11:54:29 ip-10-0-0-32 kernel: [    7.202102] blkfront: xvda: barrier or flush: disabled; persistent grants: disabled; indirect descriptors: enabled;
Jul 22 11:54:29 ip-10-0-0-32 kernel: [    7.202721]  xvda: xvda1
Jul 22 11:54:29 ip-10-0-0-32 kernel: [    7.217082] scsi host1: ata_piix
Jul 22 11:54:29 ip-10-0-0-32 kernel: [    7.220555] ata1: PATA max MWDMA2 cmd 0x1f0 ctl 0x3f6 bmdma 0xc100 irq 14
Jul 22 11:54:29 ip-10-0-0-32 kernel: [    7.226847] ata2: PATA max MWDMA2 cmd 0x170 ctl 0x376 bmdma 0xc108 irq 15
Jul 22 11:54:29 ip-10-0-0-32 kernel: [    7.233089] libphy: Fixed MDIO Bus: probed
Jul 22 11:54:29 ip-10-0-0-32 kernel: [    7.236649] tun: Universal TUN/TAP device driver, 1.6
Jul 22 11:54:29 ip-10-0-0-32 kernel: [    7.241487] tun: (C) 1999-2004 Max Krasnyansky <maxk@qualcomm.com>
Jul 22 11:54:29 ip-10-0-0-32 kernel: [    7.247382] PPP generic driver version 2.4.2
Jul 22 11:54:29 ip-10-0-0-32 kernel: [    7.251714] xen_netfront: Initialising Xen virtual ethernet driver
Jul 22 11:54:29 ip-10-0-0-32 kernel: [    7.257634] ehci_hcd: USB 2.0 'Enhanced' Host Controller (EHCI) Driver
Jul 22 11:54:29 ip-10-0-0-32 kernel: [    7.263644] ehci-pci: EHCI PCI platform driver
Jul 22 11:54:29 ip-10-0-0-32 kernel: [    7.268109] ehci-platform: EHCI generic platform driver
Jul 22 11:54:29 ip-10-0-0-32 kernel: [    7.273002] ohci_hcd: USB 1.1 'Open' Host Controller (OHCI) Driver
Jul 22 11:54:29 ip-10-0-0-32 kernel: [    7.278853] ohci-pci: OHCI PCI platform driver
Jul 22 11:54:29 ip-10-0-0-32 kernel: [    7.283215] ohci-platform: OHCI generic platform driver
Jul 22 11:54:29 ip-10-0-0-32 kernel: [    7.288280] uhci_hcd: USB Universal Host Controller Interface driver
Jul 22 11:54:29 ip-10-0-0-32 kernel: [    7.294164] i8042: PNP: PS/2 Controller [PNP0303:PS2K,PNP0f13:PS2M] at 0x60,0x64 irq 1,12
Jul 22 11:54:29 ip-10-0-0-32 kernel: [    7.304514] serio: i8042 KBD port at 0x60,0x64 irq 1
Jul 22 11:54:29 ip-10-0-0-32 kernel: [    7.309524] serio: i8042 AUX port at 0x60,0x64 irq 12
Jul 22 11:54:29 ip-10-0-0-32 kernel: [    7.314501] mousedev: PS/2 mouse device common for all mice
Jul 22 11:54:29 ip-10-0-0-32 kernel: [    7.320968] rtc_cmos 00:02: rtc core: registered rtc_cmos as rtc0
Jul 22 11:54:29 ip-10-0-0-32 kernel: [    7.321011] input: AT Translated Set 2 keyboard as /devices/platform/i8042/serio0/input/input2
Jul 22 11:54:29 ip-10-0-0-32 kernel: [    7.334066] rtc_cmos 00:02: alarms up to one day, 114 bytes nvram, hpet irqs
Jul 22 11:54:29 ip-10-0-0-32 kernel: [    7.340416] i2c /dev entries driver
Jul 22 11:54:29 ip-10-0-0-32 kernel: [    7.343950] device-mapper: uevent: version 1.0.3
Jul 22 11:54:29 ip-10-0-0-32 kernel: [    7.348471] device-mapper: ioctl: 4.34.0-ioctl (2015-10-28) initialised: dm-devel@redhat.com
Jul 22 11:54:29 ip-10-0-0-32 kernel: [    7.356289] Intel P-state driver initializing.
Jul 22 11:54:29 ip-10-0-0-32 kernel: [    7.363260] NET: Registered protocol family 10
Jul 22 11:54:29 ip-10-0-0-32 kernel: [    7.370105] NET: Registered protocol family 17
Jul 22 11:54:29 ip-10-0-0-32 kernel: [    7.374401] Key type dns_resolver registered
Jul 22 11:54:29 ip-10-0-0-32 kernel: [    7.379268] registered taskstats version 1
Jul 22 11:54:29 ip-10-0-0-32 kernel: [    7.383281] Loading compiled-in X.509 certificates
Jul 22 11:54:29 ip-10-0-0-32 kernel: [    7.388621] Loaded X.509 cert 'Build time autogenerated kernel key: 999331f4e42d791a53730c2883c63539f919e8cf'
Jul 22 11:54:29 ip-10-0-0-32 kernel: [    7.397174] zswap: loaded using pool lzo/zbud
Jul 22 11:54:29 ip-10-0-0-32 kernel: [    7.404713] Key type trusted registered
Jul 22 11:54:29 ip-10-0-0-32 kernel: [    7.413684] Key type encrypted registered
Jul 22 11:54:29 ip-10-0-0-32 kernel: [    7.417325] AppArmor: AppArmor sha1 policy hashing enabled
Jul 22 11:54:29 ip-10-0-0-32 kernel: [    7.421907] ima: No TPM chip found, activating TPM-bypass!
Jul 22 11:54:29 ip-10-0-0-32 kernel: [    7.426673] ima: Allocated hash algorithm: sha1
Jul 22 11:54:29 ip-10-0-0-32 kernel: [    7.430937] evm: HMAC attrs: 0x1
Jul 22 11:54:29 ip-10-0-0-32 kernel: [    7.434572] xenbus_probe_frontend: Device with no driver: device/pci/0
Jul 22 11:54:29 ip-10-0-0-32 kernel: [    7.440255]   Magic number: 11:715:934
Jul 22 11:54:29 ip-10-0-0-32 kernel: [    7.443438] clockevents clockevent23: hash matches
Jul 22 11:54:29 ip-10-0-0-32 kernel: [    7.447283] acpi device:fe: hash matches
Jul 22 11:54:29 ip-10-0-0-32 kernel: [    7.451563] rtc_cmos 00:02: setting system clock to 2019-07-22 11:54:23 UTC (1563796463)
Jul 22 11:54:29 ip-10-0-0-32 kernel: [    7.459301] BIOS EDD facility v0.16 2004-Jun-25, 0 devices found
Jul 22 11:54:29 ip-10-0-0-32 kernel: [    7.464958] EDD information not available.
Jul 22 11:54:29 ip-10-0-0-32 kernel: [    7.469423] PM: Hibernation image not present or could not be loaded.
Jul 22 11:54:29 ip-10-0-0-32 kernel: [    7.471641] Freeing unused kernel memory: 1504K
Jul 22 11:54:29 ip-10-0-0-32 kernel: [    7.500984] random: nonblocking pool is initialized
Jul 22 11:54:29 ip-10-0-0-32 kernel: [    7.505537] Write protecting the kernel read-only data: 14336k
Jul 22 11:54:29 ip-10-0-0-32 kernel: [    7.511233] Freeing unused kernel memory: 1856K
Jul 22 11:54:29 ip-10-0-0-32 kernel: [    7.515593] Freeing unused kernel memory: 208K
Jul 22 11:54:29 ip-10-0-0-32 kernel: [    7.597371] ixgbevf: Intel(R) 10 Gigabit PCI Express Virtual Function Network Driver - version 2.12.1-k
Jul 22 11:54:29 ip-10-0-0-32 kernel: [    7.628834] ixgbevf: Copyright (c) 2009 - 2015 Intel Corporation.
Jul 22 11:54:29 ip-10-0-0-32 kernel: [    7.647658] AVX2 version of gcm_enc/dec engaged.
Jul 22 11:54:29 ip-10-0-0-32 kernel: [    7.649707] ixgbevf 0000:00:03.0: 02:59:a4:18:a3:42
Jul 22 11:54:29 ip-10-0-0-32 kernel: [    7.649708] ixgbevf 0000:00:03.0: MAC: 1
Jul 22 11:54:29 ip-10-0-0-32 kernel: [    7.649709] ixgbevf 0000:00:03.0: Intel(R) 82599 Virtual Function
Jul 22 11:54:29 ip-10-0-0-32 kernel: [    7.662938] ixgbevf 0000:00:03.0 ens3: renamed from eth0
Jul 22 11:54:29 ip-10-0-0-32 kernel: [    7.670004] AES CTR mode by8 optimization enabled
Jul 22 11:54:29 ip-10-0-0-32 kernel: [    7.984868] tsc: Refined TSC clocksource calibration: 2899.997 MHz
Jul 22 11:54:29 ip-10-0-0-32 kernel: [    7.989903] clocksource: tsc: mask: 0xffffffffffffffff max_cycles: 0x29cd4058c5c, max_idle_ns: 440795330155 ns
Jul 22 11:54:29 ip-10-0-0-32 kernel: [    9.144598] md: linear personality registered for level -1
Jul 22 11:54:29 ip-10-0-0-32 kernel: [    9.152197] md: multipath personality registered for level -4
Jul 22 11:54:29 ip-10-0-0-32 kernel: [    9.160165] md: raid0 personality registered for level 0
Jul 22 11:54:29 ip-10-0-0-32 kernel: [    9.167952] md: raid1 personality registered for level 1
Jul 22 11:54:29 ip-10-0-0-32 kernel: [    9.224782] raid6: sse2x1   gen() 10079 MB/s
Jul 22 11:54:29 ip-10-0-0-32 kernel: [    9.276783] raid6: sse2x1   xor()  7956 MB/s
Jul 22 11:54:29 ip-10-0-0-32 kernel: [    9.328776] raid6: sse2x2   gen() 12812 MB/s
Jul 22 11:54:29 ip-10-0-0-32 kernel: [    9.380752] raid6: sse2x2   xor()  8673 MB/s
Jul 22 11:54:29 ip-10-0-0-32 kernel: [    9.432774] raid6: sse2x4   gen() 14953 MB/s
Jul 22 11:54:29 ip-10-0-0-32 kernel: [    9.484778] raid6: sse2x4   xor() 10401 MB/s
Jul 22 11:54:29 ip-10-0-0-32 kernel: [    9.536782] raid6: avx2x1   gen() 19805 MB/s
Jul 22 11:54:29 ip-10-0-0-32 kernel: [    9.588778] raid6: avx2x2   gen() 22923 MB/s
Jul 22 11:54:29 ip-10-0-0-32 kernel: [    9.640777] raid6: avx2x4   gen() 26608 MB/s
Jul 22 11:54:29 ip-10-0-0-32 kernel: [    9.645054] raid6: using algorithm avx2x4 gen() 26608 MB/s
Jul 22 11:54:29 ip-10-0-0-32 kernel: [    9.650174] raid6: using avx2x2 recovery algorithm
Jul 22 11:54:29 ip-10-0-0-32 kernel: [    9.656172] xor: automatically using best checksumming function:
Jul 22 11:54:29 ip-10-0-0-32 kernel: [    9.700778]    avx       : 30892.000 MB/sec
Jul 22 11:54:29 ip-10-0-0-32 kernel: [    9.706758] async_tx: api initialized (async)
Jul 22 11:54:29 ip-10-0-0-32 kernel: [    9.719297] md: raid6 personality registered for level 6
Jul 22 11:54:29 ip-10-0-0-32 kernel: [    9.724354] md: raid5 personality registered for level 5
Jul 22 11:54:29 ip-10-0-0-32 kernel: [    9.729526] md: raid4 personality registered for level 4
Jul 22 11:54:29 ip-10-0-0-32 kernel: [    9.739393] md: raid10 personality registered for level 10
Jul 22 11:54:29 ip-10-0-0-32 kernel: [    9.771440] Btrfs loaded
Jul 22 11:54:29 ip-10-0-0-32 kernel: [    9.809391] EXT4-fs (xvda1): mounted filesystem with ordered data mode. Opts: (null)
Jul 22 11:54:29 ip-10-0-0-32 kernel: [   10.263060] EXT4-fs (xvda1): re-mounted. Opts: discard
Jul 22 11:54:29 ip-10-0-0-32 kernel: [   10.324512] Loading iSCSI transport class v2.0-870.
Jul 22 11:54:29 ip-10-0-0-32 kernel: [   10.490823] iscsi: registered transport (tcp)
Jul 22 11:54:29 ip-10-0-0-32 kernel: [   10.522882] iscsi: registered transport (iser)
Jul 22 11:54:29 ip-10-0-0-32 kernel: [   10.973755] audit: type=1400 audit(1563796467.020:2): apparmor="STATUS" operation="profile_load" profile="unconfined" name="/usr/bin/lxc-start" pid=949 comm="apparmor_parser"
Jul 22 11:54:29 ip-10-0-0-32 kernel: [   11.039644] audit: type=1400 audit(1563796467.084:3): apparmor="STATUS" operation="profile_load" profile="unconfined" name="/usr/sbin/tcpdump" pid=953 comm="apparmor_parser"
Jul 22 11:54:29 ip-10-0-0-32 kernel: [   11.052668] audit: type=1400 audit(1563796467.096:4): apparmor="STATUS" operation="profile_load" profile="unconfined" name="/usr/lib/lxd/lxd-bridge-proxy" pid=950 comm="apparmor_parser"
Jul 22 11:54:29 ip-10-0-0-32 kernel: [   11.124008] audit: type=1400 audit(1563796467.168:5): apparmor="STATUS" operation="profile_load" profile="unconfined" name="/usr/lib/snapd/snap-confine" pid=954 comm="apparmor_parser"
Jul 22 11:54:29 ip-10-0-0-32 kernel: [   11.124154] audit: type=1400 audit(1563796467.168:6): apparmor="STATUS" operation="profile_load" profile="unconfined" name="/usr/lib/snapd/snap-confine//mount-namespace-capture-helper" pid=954 comm="apparmor_parser"
Jul 22 11:54:29 ip-10-0-0-32 kernel: [   11.127261] audit: type=1400 audit(1563796467.172:7): apparmor="STATUS" operation="profile_load" profile="unconfined" name="/sbin/dhclient" pid=952 comm="apparmor_parser"
Jul 22 11:54:29 ip-10-0-0-32 kernel: [   11.127522] audit: type=1400 audit(1563796467.172:8): apparmor="STATUS" operation="profile_load" profile="unconfined" name="/usr/lib/NetworkManager/nm-dhcp-client.action" pid=952 comm="apparmor_parser"
Jul 22 11:54:29 ip-10-0-0-32 kernel: [   11.127764] audit: type=1400 audit(1563796467.172:9): apparmor="STATUS" operation="profile_load" profile="unconfined" name="/usr/lib/NetworkManager/nm-dhcp-helper" pid=952 comm="apparmor_parser"
Jul 22 11:54:29 ip-10-0-0-32 kernel: [   11.128002] audit: type=1400 audit(1563796467.172:10): apparmor="STATUS" operation="profile_load" profile="unconfined" name="/usr/lib/connman/scripts/dhclient-script" pid=952 comm="apparmor_parser"
Jul 22 11:54:29 ip-10-0-0-32 kernel: [   11.605653] ixgbevf 0000:00:03.0: NIC Link is Up 10 Gbps
Jul 22 11:54:29 ip-10-0-0-32 kernel: [   11.607174] IPv6: ADDRCONF(NETDEV_UP): ens3: link is not ready
Jul 22 11:54:29 ip-10-0-0-32 kernel: [   11.607195] IPv6: ADDRCONF(NETDEV_CHANGE): ens3: link becomes ready
Jul 22 11:54:29 ip-10-0-0-32 kernel: [   12.265935] ixgbevf 0000:00:03.0: NIC Link is Up 10 Gbps
Jul 22 11:54:29 ip-10-0-0-32 kernel: [   12.267444] IPv6: ADDRCONF(NETDEV_UP): ens3: link is not ready
Jul 22 11:54:29 ip-10-0-0-32 kernel: [   12.267462] IPv6: ADDRCONF(NETDEV_CHANGE): ens3: link becomes ready
Jul 22 11:54:29 ip-10-0-0-32 kernel: [   12.874887] EXT4-fs (xvda1): resizing filesystem from 2096891 to 7864059 blocks
Jul 22 11:54:29 ip-10-0-0-32 kernel: [   12.883693] EXT4-fs (xvda1): resized filesystem to 7864059
Jul 22 11:54:29 ip-10-0-0-32 kernel: [   13.568098] cgroup: new mount options do not match the existing superblock, will be ignored
Jul 22 11:54:29 ip-10-0-0-32 rsyslogd-2039: Could not open output pipe '/dev/xconsole':: No such file or directory [v8.16.0 try http://www.rsyslog.com/e/2039 ]
Jul 22 11:54:29 ip-10-0-0-32 rsyslogd-2007: action 'action 11' suspended, next retry is Mon Jul 22 11:54:59 2019 [v8.16.0 try http://www.rsyslog.com/e/2007 ]
Jul 22 11:54:29 ip-10-0-0-32 dbus[1481]: [system] AppArmor D-Bus mediation is enabled
Jul 22 11:54:29 ip-10-0-0-32 systemd[1]: Starting Snappy daemon...
Jul 22 11:54:29 ip-10-0-0-32 systemd[1]: Started System Logging Service.
Jul 22 11:54:29 ip-10-0-0-32 systemd[1]: Started /etc/rc.local Compatibility.
Jul 22 11:54:29 ip-10-0-0-32 dbus[1481]: [system] Activating via systemd: service name='org.freedesktop.PolicyKit1' unit='polkitd.service'
Jul 22 11:54:29 ip-10-0-0-32 iscsiadm[1497]: iscsiadm: No records found
Jul 22 11:54:29 ip-10-0-0-32 systemd[1]: Started Login to default iSCSI targets.
Jul 22 11:54:29 ip-10-0-0-32 mdadm[1464]:  * Starting MD monitoring service mdadm --monitor
Jul 22 11:54:29 ip-10-0-0-32 mdadm[1464]:    ...done.
Jul 22 11:54:29 ip-10-0-0-32 systemd[1]: Started LSB: MD monitoring daemon.
Jul 22 11:54:29 ip-10-0-0-32 systemd[1]: Started LXD - container startup/shutdown.
Jul 22 11:54:29 ip-10-0-0-32 systemd[1]: Started LSB: Record successful boot for GRUB.
Jul 22 11:54:29 ip-10-0-0-32 systemd[1]: Started Login Service.
Jul 22 11:54:29 ip-10-0-0-32 systemd[1]: Starting Authenticate and Authorize Users to Run Privileged Tasks...
Jul 22 11:54:29 ip-10-0-0-32 systemd[1]: Reached target Remote File Systems (Pre).
Jul 22 11:54:29 ip-10-0-0-32 systemd[1]: Reached target Remote File Systems.
Jul 22 11:54:29 ip-10-0-0-32 systemd[1]: Starting LSB: daemon to balance interrupts for SMP systems...
Jul 22 11:54:29 ip-10-0-0-32 polkitd[1519]: started daemon version 0.105 using authority implementation `local' version `0.105'
Jul 22 11:54:29 ip-10-0-0-32 dbus[1481]: [system] Successfully activated service 'org.freedesktop.PolicyKit1'
Jul 22 11:54:29 ip-10-0-0-32 systemd[1]: Starting LSB: automatic crash report generation...
Jul 22 11:54:29 ip-10-0-0-32 snapd[1493]: AppArmor status: apparmor is enabled and all features are available
Jul 22 11:54:29 ip-10-0-0-32 accounts-daemon[1460]: started daemon version 0.6.40
Jul 22 11:54:29 ip-10-0-0-32 systemd[1]: Starting LSB: Set the CPU Frequency Scaling governor to "ondemand"...
Jul 22 11:54:29 ip-10-0-0-32 systemd[1]: Starting Permit User Sessions...
Jul 22 11:54:29 ip-10-0-0-32 systemd[1]: Started Permit User Sessions.
Jul 22 11:54:29 ip-10-0-0-32 systemd[1]: Started Authenticate and Authorize Users to Run Privileged Tasks.
Jul 22 11:54:29 ip-10-0-0-32 systemd[1]: Started Accounts Service.
Jul 22 11:54:29 ip-10-0-0-32 irqbalance[1524]:  * Starting SMP IRQ Balancer: irqbalance
Jul 22 11:54:29 ip-10-0-0-32 systemd[1]: Starting Hold until boot process finishes up...
Jul 22 11:54:29 ip-10-0-0-32 apport[1529]:  * Starting automatic crash report generation: apport
Jul 22 11:54:29 ip-10-0-0-32 systemd[1]: Starting Terminate Plymouth Boot Screen...
Jul 22 11:54:29 ip-10-0-0-32 apport[1529]:    ...done.
Jul 22 11:54:29 ip-10-0-0-32 systemd[1]: Started LSB: automatic crash report generation.
Jul 22 11:54:29 ip-10-0-0-32 systemd[1]: Started LSB: Set the CPU Frequency Scaling governor to "ondemand".
Jul 22 11:54:29 ip-10-0-0-32 systemd[1]: Started Hold until boot process finishes up.
Jul 22 11:54:29 ip-10-0-0-32 irqbalance[1524]:    ...done.
Jul 22 11:54:29 ip-10-0-0-32 systemd[1]: Started LSB: daemon to balance interrupts for SMP systems.
Jul 22 11:54:29 ip-10-0-0-32 systemd[1]: Started Terminate Plymouth Boot Screen.
Jul 22 11:54:29 ip-10-0-0-32 systemd[1]: Started Getty on tty1.
Jul 22 11:54:29 ip-10-0-0-32 systemd[1]: Starting Set console scheme...
Jul 22 11:54:29 ip-10-0-0-32 systemd[1]: Started Serial Getty on ttyS0.
Jul 22 11:54:29 ip-10-0-0-32 snapd[1493]: 2019/07/22 11:54:29.910868 helpers.go:119: error trying to compare the snap system key: system-key missing on disk
Jul 22 11:54:29 ip-10-0-0-32 systemd[1]: Reached target Login Prompts.
Jul 22 11:54:29 ip-10-0-0-32 snapd[1493]: 2019/07/22 11:54:29.917809 daemon.go:343: started snapd/2.34.2 (series 16; classic) ubuntu/16.04 (amd64) linux/4.4.0-1067-aws.
Jul 22 11:54:29 ip-10-0-0-32 systemd[1]: Started Snappy daemon.
Jul 22 11:54:29 ip-10-0-0-32 systemd[1]: Started Set console scheme.
Jul 22 11:54:29 ip-10-0-0-32 pollinate[1417]: client verified challenge/response with [https://entropy.ubuntu.com/]
Jul 22 11:54:29 ip-10-0-0-32 pollinate[1417]: client hashed response from [https://entropy.ubuntu.com/]
Jul 22 11:54:29 ip-10-0-0-32 pollinate[1417]: client successfully seeded [/dev/urandom]
Jul 22 11:54:29 ip-10-0-0-32 systemd[1]: Started Pollinate to seed the pseudo random number generator.
Jul 22 11:54:29 ip-10-0-0-32 systemd[1]: Starting OpenBSD Secure Shell server...
Jul 22 11:54:29 ip-10-0-0-32 systemd[1]: Starting Wait until snapd is fully seeded...
Jul 22 11:54:29 ip-10-0-0-32 systemd[1]: Started OpenBSD Secure Shell server.
Jul 22 11:54:31 ip-10-0-0-32 systemd[1]: Reloading.
Jul 22 11:54:31 ip-10-0-0-32 systemd[1]: Started ACPI event daemon.
Jul 22 11:54:31 ip-10-0-0-32 systemd[1]: Reloading.
Jul 22 11:54:31 ip-10-0-0-32 systemd[1]: Started ACPI event daemon.
Jul 22 11:54:31 ip-10-0-0-32 systemd[1]: Mounting Mount unit for core, revision 5328...
Jul 22 11:54:31 ip-10-0-0-32 systemd[1]: Mounted Mount unit for core, revision 5328.
Jul 22 11:54:31 ip-10-0-0-32 snapd[1493]: 2019/07/22 11:54:31.796981 backend.go:303: cannot create host snap-confine apparmor configuration: cannot synchronize snap-confine apparmor profile: open /var/lib/snapd/apparmor/profiles/snap-confine.core.5328.6KhV6YMjxn3p~: no such file or directory
Jul 22 11:54:31 ip-10-0-0-32 kernel: [   15.768377] audit_printk_skb: 12 callbacks suppressed
Jul 22 11:54:31 ip-10-0-0-32 kernel: [   15.768380] audit: type=1400 audit(1563796471.812:15): apparmor="STATUS" operation="profile_load" profile="unconfined" name="snap-update-ns.core" pid=2149 comm="apparmor_parser"
Jul 22 11:54:31 ip-10-0-0-32 kernel: [   15.832190] audit: type=1400 audit(1563796471.876:16): apparmor="STATUS" operation="profile_load" profile="unconfined" name="snap.core.hook.configure" pid=2151 comm="apparmor_parser"
Jul 22 11:54:32 ip-10-0-0-32 snapd[1493]: 2019/07/22 11:54:32.940746 daemon.go:531: gracefully waiting for running hooks
Jul 22 11:54:32 ip-10-0-0-32 snapd[1493]: 2019/07/22 11:54:32.940768 daemon.go:533: done waiting for running hooks
Jul 22 11:54:33 ip-10-0-0-32 systemd[1]: snapd.service: Service hold-off time over, scheduling restart.
Jul 22 11:54:33 ip-10-0-0-32 systemd[1]: Stopped Snappy daemon.
Jul 22 11:54:33 ip-10-0-0-32 systemd[1]: Starting Snappy daemon...
Jul 22 11:54:33 ip-10-0-0-32 snapd[2315]: AppArmor status: apparmor is enabled and all features are available
Jul 22 11:54:34 ip-10-0-0-32 kernel: [   17.966632] audit: type=1400 audit(1563796474.012:17): apparmor="STATUS" operation="profile_load" profile="unconfined" name="/snap/core/5328/usr/lib/snapd/snap-confine" pid=2340 comm="apparmor_parser"
Jul 22 11:54:34 ip-10-0-0-32 kernel: [   17.966782] audit: type=1400 audit(1563796474.012:18): apparmor="STATUS" operation="profile_load" profile="unconfined" name="/snap/core/5328/usr/lib/snapd/snap-confine//mount-namespace-capture-helper" pid=2340 comm="apparmor_parser"
Jul 22 11:54:34 ip-10-0-0-32 kernel: [   17.985923] audit: type=1400 audit(1563796474.032:19): apparmor="STATUS" operation="profile_replace" profile="unconfined" name="snap-update-ns.core" pid=2342 comm="apparmor_parser"
Jul 22 11:54:34 ip-10-0-0-32 kernel: [   18.046203] audit: type=1400 audit(1563796474.092:20): apparmor="STATUS" operation="profile_replace" profile="unconfined" name="snap.core.hook.configure" pid=2344 comm="apparmor_parser"
Jul 22 11:54:33 ip-10-0-0-32 snapd[2315]: AppArmor status: apparmor is enabled and all features are available
Jul 22 11:54:34 ip-10-0-0-32 snapd[2315]: daemon.go:344: started snapd/2.35 (series 16; classic) ubuntu/16.04 (amd64) linux/4.4.0-1067-aws.
Jul 22 11:54:34 ip-10-0-0-32 systemd[1]: Started Snappy daemon.
Jul 22 11:54:34 ip-10-0-0-32 systemd[1]: Reloading.
Jul 22 11:54:34 ip-10-0-0-32 systemd[1]: Started ACPI event daemon.
Jul 22 11:54:34 ip-10-0-0-32 systemd[1]: Reloading.
Jul 22 11:54:34 ip-10-0-0-32 systemd[1]: Started ACPI event daemon.
Jul 22 11:54:34 ip-10-0-0-32 systemd[1]: Mounting Mount unit for amazon-ssm-agent, revision 495...
Jul 22 11:54:34 ip-10-0-0-32 systemd[1]: Mounted Mount unit for amazon-ssm-agent, revision 495.
Jul 22 11:54:34 ip-10-0-0-32 kernel: [   18.732065] audit: type=1400 audit(1563796474.776:21): apparmor="STATUS" operation="profile_load" profile="unconfined" name="snap-update-ns.amazon-ssm-agent" pid=2631 comm="apparmor_parser"
Jul 22 11:54:34 ip-10-0-0-32 kernel: [   18.735890] audit: type=1400 audit(1563796474.780:22): apparmor="STATUS" operation="profile_load" profile="unconfined" name="snap.amazon-ssm-agent.amazon-ssm-agent" pid=2633 comm="apparmor_parser"
Jul 22 11:54:34 ip-10-0-0-32 kernel: [   18.739532] audit: type=1400 audit(1563796474.784:23): apparmor="STATUS" operation="profile_load" profile="unconfined" name="snap.amazon-ssm-agent.ssm-cli" pid=2635 comm="apparmor_parser"
Jul 22 11:54:34 ip-10-0-0-32 systemd[1]: Reloading.
Jul 22 11:54:34 ip-10-0-0-32 systemd[1]: Started ACPI event daemon.
Jul 22 11:54:34 ip-10-0-0-32 systemd[1]: Reloading.
Jul 22 11:54:34 ip-10-0-0-32 systemd[1]: Started ACPI event daemon.
Jul 22 11:54:35 ip-10-0-0-32 systemd[1]: Started Service for snap application amazon-ssm-agent.amazon-ssm-agent.
Jul 22 11:54:35 ip-10-0-0-32 systemd[1]: Started Wait until snapd is fully seeded.
Jul 22 11:54:35 ip-10-0-0-32 systemd[1]: Starting Apply the settings specified in cloud-config...
Jul 22 11:54:35 ip-10-0-0-32 systemd[1]: Reached target Multi-User System.
Jul 22 11:54:35 ip-10-0-0-32 systemd[1]: Reached target Graphical Interface.
Jul 22 11:54:35 ip-10-0-0-32 systemd[1]: Starting Update UTMP about System Runlevel Changes...
Jul 22 11:54:35 ip-10-0-0-32 systemd[1]: Started Update UTMP about System Runlevel Changes.
Jul 22 11:54:35 ip-10-0-0-32 cloud-init[2709]: Generating locales (this might take a while)...
Jul 22 11:54:35 ip-10-0-0-32 amazon-ssm-agent.amazon-ssm-agent[2699]: 2019/07/22 11:54:35 Failed to load instance info from vault. RegistrationKey does not exist.
Jul 22 11:54:35 ip-10-0-0-32 amazon-ssm-agent.amazon-ssm-agent[2699]: Error occurred fetching the seelog config file path:  open /etc/amazon/ssm/seelog.xml: no such file or directory
Jul 22 11:54:35 ip-10-0-0-32 amazon-ssm-agent.amazon-ssm-agent[2699]: Initializing new seelog logger
Jul 22 11:54:35 ip-10-0-0-32 amazon-ssm-agent.amazon-ssm-agent[2699]: New Seelog Logger Creation Complete
Jul 22 11:54:35 ip-10-0-0-32 amazon-ssm-agent.amazon-ssm-agent[2699]: 2019-07-22 11:54:35 ERROR Error adding the directory to watcher: no such file or directory
Jul 22 11:54:35 ip-10-0-0-32 amazon-ssm-agent.amazon-ssm-agent[2699]: 2019-07-22 11:54:35 INFO Agent enters hibernate mode. Reducing logging...
Jul 22 11:54:36 ip-10-0-0-32 cloud-init[2709]:   en_US.UTF-8... done
Jul 22 11:54:36 ip-10-0-0-32 cloud-init[2709]: Generation complete.
Jul 22 11:54:36 ip-10-0-0-32 cloud-init[2709]: Cloud-init v. 18.3-9-g2e62cb8a-0ubuntu1~16.04.2 running 'modules:config' at Mon, 22 Jul 2019 11:54:35 +0000. Up 13.61 seconds.
Jul 22 11:54:36 ip-10-0-0-32 systemd[1]: Started Apply the settings specified in cloud-config.
Jul 22 11:54:36 ip-10-0-0-32 systemd[1]: Starting Execute cloud user/final scripts...
Jul 22 11:54:36 ip-10-0-0-32 ec2: 
Jul 22 11:54:36 ip-10-0-0-32 ec2: #############################################################
Jul 22 11:54:36 ip-10-0-0-32 ec2: -----BEGIN SSH HOST KEY FINGERPRINTS-----
Jul 22 11:54:36 ip-10-0-0-32 ec2: 1024 SHA256:H5OvfOGwtXpZQ8m2Eds8c+pbekou43OLejaBrmqY6Hw root@ip-10-0-0-32 (DSA)
Jul 22 11:54:36 ip-10-0-0-32 ec2: 256 SHA256:V6fOLcRNtNNcZ+oCAgZ5NslKbZDLr56pBFgcQKJHEfs root@ip-10-0-0-32 (ECDSA)
Jul 22 11:54:36 ip-10-0-0-32 ec2: 256 SHA256:NPyjZD7qBqvUr4JKsRpgu98f8vnEJE7GXaEbXco94AE root@ip-10-0-0-32 (ED25519)
Jul 22 11:54:36 ip-10-0-0-32 ec2: 2048 SHA256:9jaCd3rWlgdcQEIqjo8JS6ns7ICy30nB7MHTGKAvbUk root@ip-10-0-0-32 (RSA)
Jul 22 11:54:36 ip-10-0-0-32 ec2: -----END SSH HOST KEY FINGERPRINTS-----
Jul 22 11:54:36 ip-10-0-0-32 ec2: #############################################################
Jul 22 11:54:36 ip-10-0-0-32 cloud-init[2797]: Cloud-init v. 18.3-9-g2e62cb8a-0ubuntu1~16.04.2 running 'modules:final' at Mon, 22 Jul 2019 11:54:36 +0000. Up 14.81 seconds.
Jul 22 11:54:36 ip-10-0-0-32 cloud-init[2797]: Cloud-init v. 18.3-9-g2e62cb8a-0ubuntu1~16.04.2 finished at Mon, 22 Jul 2019 11:54:36 +0000. Datasource DataSourceEc2Local.  Up 14.96 seconds
Jul 22 11:54:36 ip-10-0-0-32 systemd[1]: Started Execute cloud user/final scripts.
Jul 22 11:54:36 ip-10-0-0-32 systemd[1]: Reached target Cloud-init target.
Jul 22 11:54:36 ip-10-0-0-32 systemd[1]: Startup finished in 4.143s (kernel) + 10.856s (userspace) = 15.000s.
Jul 22 11:54:48 ip-10-0-0-32 systemd[1]: Created slice User Slice of ubuntu.
Jul 22 11:54:48 ip-10-0-0-32 systemd[1]: Starting User Manager for UID 1000...
Jul 22 11:54:48 ip-10-0-0-32 systemd[1]: Started Session 1 of user ubuntu.
Jul 22 11:54:48 ip-10-0-0-32 systemd[2818]: Reached target Timers.
Jul 22 11:54:48 ip-10-0-0-32 systemd[2818]: Reached target Sockets.
Jul 22 11:54:48 ip-10-0-0-32 systemd[2818]: Reached target Paths.
Jul 22 11:54:48 ip-10-0-0-32 systemd[2818]: Reached target Basic System.
Jul 22 11:54:48 ip-10-0-0-32 systemd[2818]: Reached target Default.
Jul 22 11:54:48 ip-10-0-0-32 systemd[2818]: Startup finished in 10ms.
Jul 22 11:54:48 ip-10-0-0-32 systemd[1]: Started User Manager for UID 1000.
Jul 22 11:54:57 ip-10-0-0-32 systemd-timesyncd[1023]: Synchronized to time server 91.189.94.4:123 (ntp.ubuntu.com).
Jul 22 11:55:23 ip-10-0-0-32 systemd[1]: Reloading.
Jul 22 11:55:23 ip-10-0-0-32 systemd[1]: Started ACPI event daemon.
Jul 22 11:55:25 ip-10-0-0-32 systemd[1]: Reloading.
Jul 22 11:55:25 ip-10-0-0-32 systemd[1]: Started ACPI event daemon.
Jul 22 11:55:40 ip-10-0-0-32 dbus[1481]: [system] Reloaded configuration
Jul 22 11:55:40 ip-10-0-0-32 dbus[1481]: message repeated 4 times: [ [system] Reloaded configuration]
Jul 22 11:55:56 ip-10-0-0-32 systemd[1]: Reloading.
Jul 22 11:55:56 ip-10-0-0-32 systemd[1]: Started ACPI event daemon.
