Jul 22 11:54:40 ip-10-0-0-215 rsyslogd: [origin software="rsyslogd" swVersion="8.16.0" x-pid="1437" x-info="http://www.rsyslog.com"] start
Jul 22 11:54:40 ip-10-0-0-215 systemd-modules-load[634]: Inserted module 'iscsi_tcp'
Jul 22 11:54:40 ip-10-0-0-215 loadkeys[627]: Loading /etc/console-setup/cached.kmap.gz
Jul 22 11:54:40 ip-10-0-0-215 systemd-modules-load[634]: Inserted module 'ib_iser'
Jul 22 11:54:40 ip-10-0-0-215 rsyslogd-2222: command 'KLogPermitNonKernelFacility' is currently not permitted - did you already set it via a RainerScript command (v6+ config)? [v8.16.0 try http://www.rsyslog.com/e/2222 ]
Jul 22 11:54:40 ip-10-0-0-215 rsyslogd: rsyslogd's groupid changed to 108
Jul 22 11:54:40 ip-10-0-0-215 rsyslogd: rsyslogd's userid changed to 104
Jul 22 11:54:40 ip-10-0-0-215 systemd[1]: Started Set console keymap.
Jul 22 11:54:40 ip-10-0-0-215 systemd[1]: Started Uncomplicated firewall.
Jul 22 11:54:40 ip-10-0-0-215 systemd[1]: Started Load Kernel Modules.
Jul 22 11:54:40 ip-10-0-0-215 systemd[1]: Started Remount Root and Kernel File Systems.
Jul 22 11:54:40 ip-10-0-0-215 systemd[1]: Started Create list of required static device nodes for the current kernel.
Jul 22 11:54:40 ip-10-0-0-215 systemd[1]: Started Nameserver information manager.
Jul 22 11:54:40 ip-10-0-0-215 systemd[1]: Started LVM2 metadata daemon.
Jul 22 11:54:40 ip-10-0-0-215 systemd[1]: Starting Create Static Device Nodes in /dev...
Jul 22 11:54:40 ip-10-0-0-215 systemd[1]: Starting Load/Save Random Seed...
Jul 22 11:54:40 ip-10-0-0-215 systemd[1]: Starting udev Coldplug all Devices...
Jul 22 11:54:40 ip-10-0-0-215 systemd[1]: Starting Apply Kernel Variables...
Jul 22 11:54:40 ip-10-0-0-215 systemd[1]: Mounting FUSE Control File System...
Jul 22 11:54:40 ip-10-0-0-215 systemd[1]: Starting Flush Journal to Persistent Storage...
Jul 22 11:54:40 ip-10-0-0-215 systemd[1]: Mounted FUSE Control File System.
Jul 22 11:54:40 ip-10-0-0-215 systemd[1]: Started Create Static Device Nodes in /dev.
Jul 22 11:54:40 ip-10-0-0-215 systemd[1]: Started Load/Save Random Seed.
Jul 22 11:54:40 ip-10-0-0-215 systemd[1]: Started Apply Kernel Variables.
Jul 22 11:54:40 ip-10-0-0-215 systemd[1]: Starting udev Kernel Device Manager...
Jul 22 11:54:40 ip-10-0-0-215 systemd[1]: Started Flush Journal to Persistent Storage.
Jul 22 11:54:40 ip-10-0-0-215 systemd[1]: Started udev Kernel Device Manager.
Jul 22 11:54:40 ip-10-0-0-215 systemd[1]: Started udev Coldplug all Devices.
Jul 22 11:54:40 ip-10-0-0-215 systemd[1]: Started Dispatch Password Requests to Console Directory Watch.
Jul 22 11:54:40 ip-10-0-0-215 systemd[1]: Found device /dev/ttyS0.
Jul 22 11:54:40 ip-10-0-0-215 systemd[1]: Listening on Load/Save RF Kill Switch Status /dev/rfkill Watch.
Jul 22 11:54:40 ip-10-0-0-215 systemd[1]: Started Monitoring of LVM2 mirrors, snapshots etc. using dmeventd or progress polling.
Jul 22 11:54:40 ip-10-0-0-215 systemd[1]: Reached target Local File Systems (Pre).
Jul 22 11:54:40 ip-10-0-0-215 systemd[1]: Reached target Local File Systems.
Jul 22 11:54:40 ip-10-0-0-215 systemd[1]: Starting Set console font and keymap...
Jul 22 11:54:40 ip-10-0-0-215 kernel: [    0.000000] Initializing cgroup subsys cpuset
Jul 22 11:54:40 ip-10-0-0-215 kernel: [    0.000000] Initializing cgroup subsys cpu
Jul 22 11:54:40 ip-10-0-0-215 kernel: [    0.000000] Initializing cgroup subsys cpuacct
Jul 22 11:54:40 ip-10-0-0-215 kernel: [    0.000000] Linux version 4.4.0-1067-aws (buildd@lgw01-amd64-033) (gcc version 5.4.0 20160609 (Ubuntu 5.4.0-6ubuntu1~16.04.10) ) #77-Ubuntu SMP Mon Aug 27 13:22:03 UTC 2018 (Ubuntu 4.4.0-1067.77-aws 4.4.140)
Jul 22 11:54:40 ip-10-0-0-215 kernel: [    0.000000] Command line: BOOT_IMAGE=/boot/vmlinuz-4.4.0-1067-aws root=LABEL=cloudimg-rootfs ro console=tty1 console=ttyS0 nvme.io_timeout=4294967295
Jul 22 11:54:40 ip-10-0-0-215 kernel: [    0.000000] KERNEL supported cpus:
Jul 22 11:54:40 ip-10-0-0-215 kernel: [    0.000000]   Intel GenuineIntel
Jul 22 11:54:40 ip-10-0-0-215 kernel: [    0.000000]   AMD AuthenticAMD
Jul 22 11:54:40 ip-10-0-0-215 kernel: [    0.000000]   Centaur CentaurHauls
Jul 22 11:54:40 ip-10-0-0-215 kernel: [    0.000000] x86/fpu: xstate_offset[2]:  576, xstate_sizes[2]:  256
Jul 22 11:54:40 ip-10-0-0-215 systemd[1]: Starting Create Volatile Files and Directories...
Jul 22 11:54:40 ip-10-0-0-215 kernel: [    0.000000] x86/fpu: Supporting XSAVE feature 0x01: 'x87 floating point registers'
Jul 22 11:54:40 ip-10-0-0-215 kernel: [    0.000000] x86/fpu: Supporting XSAVE feature 0x02: 'SSE registers'
Jul 22 11:54:40 ip-10-0-0-215 kernel: [    0.000000] x86/fpu: Supporting XSAVE feature 0x04: 'AVX registers'
Jul 22 11:54:40 ip-10-0-0-215 kernel: [    0.000000] x86/fpu: Enabled xstate features 0x7, context size is 832 bytes, using 'standard' format.
Jul 22 11:54:40 ip-10-0-0-215 kernel: [    0.000000] e820: BIOS-provided physical RAM map:
Jul 22 11:54:40 ip-10-0-0-215 kernel: [    0.000000] BIOS-e820: [mem 0x0000000000000000-0x000000000009dfff] usable
Jul 22 11:54:40 ip-10-0-0-215 systemd-tmpfiles[919]: [/usr/lib/tmpfiles.d/var.conf:14] Duplicate line for path "/var/log", ignoring.
Jul 22 11:54:40 ip-10-0-0-215 kernel: [    0.000000] BIOS-e820: [mem 0x000000000009e000-0x000000000009ffff] reserved
Jul 22 11:54:40 ip-10-0-0-215 kernel: [    0.000000] BIOS-e820: [mem 0x00000000000e0000-0x00000000000fffff] reserved
Jul 22 11:54:40 ip-10-0-0-215 kernel: [    0.000000] BIOS-e820: [mem 0x0000000000100000-0x00000000efffffff] usable
Jul 22 11:54:40 ip-10-0-0-215 kernel: [    0.000000] BIOS-e820: [mem 0x00000000fc000000-0x00000000ffffffff] reserved
Jul 22 11:54:40 ip-10-0-0-215 systemd[1]: Starting Tell Plymouth To Write Out Runtime Data...
Jul 22 11:54:40 ip-10-0-0-215 kernel: [    0.000000] BIOS-e820: [mem 0x0000000100000000-0x0000000f0fffffff] usable
Jul 22 11:54:40 ip-10-0-0-215 rsyslogd-2039: Could not open output pipe '/dev/xconsole':: No such file or directory [v8.16.0 try http://www.rsyslog.com/e/2039 ]
Jul 22 11:54:40 ip-10-0-0-215 kernel: [    0.000000] NX (Execute Disable) protection: active
Jul 22 11:54:40 ip-10-0-0-215 systemd[1]: Starting LSB: AppArmor initialization...
Jul 22 11:54:40 ip-10-0-0-215 kernel: [    0.000000] SMBIOS 2.7 present.
Jul 22 11:54:40 ip-10-0-0-215 kernel: [    0.000000] DMI: Xen HVM domU, BIOS 4.2.amazon 08/24/2006
Jul 22 11:54:40 ip-10-0-0-215 systemd[1]: Starting Commit a transient machine-id on disk...
Jul 22 11:54:40 ip-10-0-0-215 kernel: [    0.000000] Hypervisor detected: Xen
Jul 22 11:54:40 ip-10-0-0-215 systemd[1]: Starting Initial cloud-init job (pre-networking)...
Jul 22 11:54:40 ip-10-0-0-215 kernel: [    0.000000] Xen version 4.2.
Jul 22 11:54:40 ip-10-0-0-215 rsyslogd-2007: action 'action 11' suspended, next retry is Mon Jul 22 11:55:10 2019 [v8.16.0 try http://www.rsyslog.com/e/2007 ]
Jul 22 11:54:40 ip-10-0-0-215 kernel: [    0.000000] Xen Platform PCI: I/O protocol version 1
Jul 22 11:54:40 ip-10-0-0-215 systemd[1]: Started Create Volatile Files and Directories.
Jul 22 11:54:40 ip-10-0-0-215 kernel: [    0.000000] Netfront and the Xen platform PCI driver have been compiled for this kernel: unplug emulated NICs.
Jul 22 11:54:40 ip-10-0-0-215 kernel: [    0.000000] Blkfront and the Xen platform PCI driver have been compiled for this kernel: unplug emulated disks.
Jul 22 11:54:40 ip-10-0-0-215 systemd[1]: Started Tell Plymouth To Write Out Runtime Data.
Jul 22 11:54:40 ip-10-0-0-215 kernel: [    0.000000] You might have to change the root device
Jul 22 11:54:40 ip-10-0-0-215 kernel: [    0.000000] from /dev/hd[a-d] to /dev/xvd[a-d]
Jul 22 11:54:40 ip-10-0-0-215 kernel: [    0.000000] in your root= kernel command line option
Jul 22 11:54:40 ip-10-0-0-215 systemd[1]: Started Commit a transient machine-id on disk.
Jul 22 11:54:40 ip-10-0-0-215 kernel: [    0.000000] HVMOP_pagetable_dying not supported
Jul 22 11:54:40 ip-10-0-0-215 kernel: [    0.000000] e820: update [mem 0x00000000-0x00000fff] usable ==> reserved
Jul 22 11:54:40 ip-10-0-0-215 kernel: [    0.000000] e820: remove [mem 0x000a0000-0x000fffff] usable
Jul 22 11:54:40 ip-10-0-0-215 kernel: [    0.000000] e820: last_pfn = 0xf10000 max_arch_pfn = 0x400000000
Jul 22 11:54:40 ip-10-0-0-215 apparmor[928]:  * Starting AppArmor profiles
Jul 22 11:54:40 ip-10-0-0-215 kernel: [    0.000000] MTRR default type: write-back
Jul 22 11:54:40 ip-10-0-0-215 kernel: [    0.000000] MTRR fixed ranges enabled:
Jul 22 11:54:40 ip-10-0-0-215 kernel: [    0.000000]   00000-9FFFF write-back
Jul 22 11:54:40 ip-10-0-0-215 systemd[1]: Starting Network Time Synchronization...
Jul 22 11:54:40 ip-10-0-0-215 kernel: [    0.000000]   A0000-BFFFF write-combining
Jul 22 11:54:40 ip-10-0-0-215 kernel: [    0.000000]   C0000-FFFFF write-back
Jul 22 11:54:40 ip-10-0-0-215 kernel: [    0.000000] MTRR variable ranges enabled:
Jul 22 11:54:40 ip-10-0-0-215 apparmor[928]: Skipping profile in /etc/apparmor.d/disable: usr.sbin.rsyslogd
Jul 22 11:54:40 ip-10-0-0-215 kernel: [    0.000000]   0 base 0000F0000000 mask 3FFFF8000000 uncachable
Jul 22 11:54:40 ip-10-0-0-215 kernel: [    0.000000]   1 base 0000F8000000 mask 3FFFFC000000 uncachable
Jul 22 11:54:40 ip-10-0-0-215 kernel: [    0.000000]   2 disabled
Jul 22 11:54:40 ip-10-0-0-215 systemd[1]: Starting Update UTMP about System Boot/Shutdown...
Jul 22 11:54:40 ip-10-0-0-215 kernel: [    0.000000]   3 disabled
Jul 22 11:54:40 ip-10-0-0-215 kernel: [    0.000000]   4 disabled
Jul 22 11:54:40 ip-10-0-0-215 systemd[1]: Started Network Time Synchronization.
Jul 22 11:54:40 ip-10-0-0-215 kernel: [    0.000000]   5 disabled
Jul 22 11:54:40 ip-10-0-0-215 kernel: [    0.000000]   6 disabled
Jul 22 11:54:40 ip-10-0-0-215 kernel: [    0.000000]   7 disabled
Jul 22 11:54:40 ip-10-0-0-215 kernel: [    0.000000] x86/PAT: Configuration [0-7]: WB  WC  UC- UC  WB  WC  UC- WT  
Jul 22 11:54:40 ip-10-0-0-215 systemd[1]: Started Update UTMP about System Boot/Shutdown.
Jul 22 11:54:40 ip-10-0-0-215 kernel: [    0.000000] e820: last_pfn = 0xf0000 max_arch_pfn = 0x400000000
Jul 22 11:54:40 ip-10-0-0-215 kernel: [    0.000000] found SMP MP-table at [mem 0x000fbc50-0x000fbc5f] mapped at [ffff8800000fbc50]
Jul 22 11:54:40 ip-10-0-0-215 systemd[1]: Started Set console font and keymap.
Jul 22 11:54:40 ip-10-0-0-215 kernel: [    0.000000] Scanning 1 areas for low memory corruption
Jul 22 11:54:40 ip-10-0-0-215 kernel: [    0.000000] Base memory trampoline at [ffff880000096000] 96000 size 28672
Jul 22 11:54:40 ip-10-0-0-215 kernel: [    0.000000] Using GB pages for direct mapping
Jul 22 11:54:40 ip-10-0-0-215 systemd[1]: Created slice system-getty.slice.
Jul 22 11:54:40 ip-10-0-0-215 kernel: [    0.000000] BRK [0x02201000, 0x02201fff] PGTABLE
Jul 22 11:54:40 ip-10-0-0-215 kernel: [    0.000000] BRK [0x02202000, 0x02202fff] PGTABLE
Jul 22 11:54:40 ip-10-0-0-215 systemd[1]: Reached target System Time Synchronized.
Jul 22 11:54:40 ip-10-0-0-215 kernel: [    0.000000] BRK [0x02203000, 0x02203fff] PGTABLE
Jul 22 11:54:40 ip-10-0-0-215 kernel: [    0.000000] BRK [0x02204000, 0x02204fff] PGTABLE
Jul 22 11:54:40 ip-10-0-0-215 kernel: [    0.000000] RAMDISK: [mem 0x367b2000-0x373d0fff]
Jul 22 11:54:40 ip-10-0-0-215 apparmor[928]:    ...done.
Jul 22 11:54:40 ip-10-0-0-215 kernel: [    0.000000] ACPI: Early table checksum verification disabled
Jul 22 11:54:40 ip-10-0-0-215 systemd[1]: Started LSB: AppArmor initialization.
Jul 22 11:54:40 ip-10-0-0-215 kernel: [    0.000000] ACPI: RSDP 0x00000000000EA020 000024 (v02 Xen   )
Jul 22 11:54:40 ip-10-0-0-215 kernel: [    0.000000] ACPI: XSDT 0x00000000FC017290 00006C (v01 Xen    HVM      00000000 HVML 00000000)
Jul 22 11:54:40 ip-10-0-0-215 kernel: [    0.000000] ACPI: FACP 0x00000000FC013680 0000F4 (v04 Xen    HVM      00000000 HVML 00000000)
Jul 22 11:54:40 ip-10-0-0-215 kernel: [    0.000000] ACPI: DSDT 0x00000000FC0021C0 011438 (v02 Xen    HVM      00000000 INTL 20090123)
Jul 22 11:54:40 ip-10-0-0-215 dhclient[1072]: Internet Systems Consortium DHCP Client 4.3.3
Jul 22 11:54:40 ip-10-0-0-215 kernel: [    0.000000] ACPI: FACS 0x00000000FC002180 000040
Jul 22 11:54:40 ip-10-0-0-215 kernel: [    0.000000] ACPI: FACS 0x00000000FC002180 000040
Jul 22 11:54:40 ip-10-0-0-215 dhclient[1072]: Copyright 2004-2015 Internet Systems Consortium.
Jul 22 11:54:40 ip-10-0-0-215 kernel: [    0.000000] ACPI: APIC 0x00000000FC013780 000460 (v02 Xen    HVM      00000000 HVML 00000000)
Jul 22 11:54:40 ip-10-0-0-215 kernel: [    0.000000] ACPI: SRAT 0x00000000FC013C60 0008A8 (v01 Xen    HVM      00000000 HVML 00000000)
Jul 22 11:54:40 ip-10-0-0-215 kernel: [    0.000000] ACPI: HPET 0x00000000FC014530 000038 (v01 Xen    HVM      00000000 HVML 00000000)
Jul 22 11:54:40 ip-10-0-0-215 dhclient[1072]: All rights reserved.
Jul 22 11:54:40 ip-10-0-0-215 kernel: [    0.000000] ACPI: WAET 0x00000000FC014570 000028 (v01 Xen    HVM      00000000 HVML 00000000)
Jul 22 11:54:40 ip-10-0-0-215 kernel: [    0.000000] ACPI: SSDT 0x00000000FC0145A0 000031 (v02 Xen    HVM      00000000 INTL 20090123)
Jul 22 11:54:40 ip-10-0-0-215 kernel: [    0.000000] ACPI: SSDT 0x00000000FC0145E0 000033 (v02 Xen    HVM      00000000 INTL 20090123)
Jul 22 11:54:40 ip-10-0-0-215 dhclient[1072]: For info, please visit https://www.isc.org/software/dhcp/
Jul 22 11:54:40 ip-10-0-0-215 kernel: [    0.000000] ACPI: SSDT 0x00000000FC014620 000CB0 (v02 Xen    HVM      00000000 INTL 20090123)
Jul 22 11:54:40 ip-10-0-0-215 kernel: [    0.000000] ACPI: SSDT 0x00000000FC0152D0 001FB6 (v02 Xen    HVM      00000000 INTL 20090123)
Jul 22 11:54:40 ip-10-0-0-215 dhclient[1072]: 
Jul 22 11:54:40 ip-10-0-0-215 kernel: [    0.000000] ACPI: Local APIC address 0xfee00000
Jul 22 11:54:40 ip-10-0-0-215 kernel: [    0.000000] SRAT: PXM 0 -> APIC 0x00 -> Node 0
Jul 22 11:54:40 ip-10-0-0-215 kernel: [    0.000000] SRAT: PXM 0 -> APIC 0x02 -> Node 0
Jul 22 11:54:40 ip-10-0-0-215 dhclient[1072]: Listening on LPF/ens3/02:dc:42:9d:72:16
Jul 22 11:54:40 ip-10-0-0-215 kernel: [    0.000000] SRAT: PXM 0 -> APIC 0x04 -> Node 0
Jul 22 11:54:40 ip-10-0-0-215 kernel: [    0.000000] SRAT: PXM 0 -> APIC 0x06 -> Node 0
Jul 22 11:54:40 ip-10-0-0-215 kernel: [    0.000000] SRAT: PXM 0 -> APIC 0x08 -> Node 0
Jul 22 11:54:40 ip-10-0-0-215 kernel: [    0.000000] SRAT: PXM 0 -> APIC 0x0a -> Node 0
Jul 22 11:54:40 ip-10-0-0-215 dhclient[1072]: Sending on   LPF/ens3/02:dc:42:9d:72:16
Jul 22 11:54:40 ip-10-0-0-215 kernel: [    0.000000] SRAT: PXM 0 -> APIC 0x0c -> Node 0
Jul 22 11:54:40 ip-10-0-0-215 kernel: [    0.000000] SRAT: PXM 0 -> APIC 0x0e -> Node 0
Jul 22 11:54:40 ip-10-0-0-215 dhclient[1072]: Sending on   Socket/fallback
Jul 22 11:54:40 ip-10-0-0-215 kernel: [    0.000000] SRAT: PXM 0 -> APIC 0x10 -> Node 0
Jul 22 11:54:40 ip-10-0-0-215 kernel: [    0.000000] SRAT: PXM 1 -> APIC 0x20 -> Node 1
Jul 22 11:54:40 ip-10-0-0-215 kernel: [    0.000000] SRAT: PXM 1 -> APIC 0x22 -> Node 1
Jul 22 11:54:40 ip-10-0-0-215 dhclient[1072]: DHCPDISCOVER on ens3 to 255.255.255.255 port 67 interval 3 (xid=0x25b40876)
Jul 22 11:54:40 ip-10-0-0-215 kernel: [    0.000000] SRAT: PXM 1 -> APIC 0x24 -> Node 1
Jul 22 11:54:40 ip-10-0-0-215 kernel: [    0.000000] SRAT: PXM 1 -> APIC 0x26 -> Node 1
Jul 22 11:54:40 ip-10-0-0-215 kernel: [    0.000000] SRAT: PXM 1 -> APIC 0x28 -> Node 1
Jul 22 11:54:40 ip-10-0-0-215 dhclient[1072]: DHCPREQUEST of 10.0.0.215 on ens3 to 255.255.255.255 port 67 (xid=0x7608b425)
Jul 22 11:54:40 ip-10-0-0-215 kernel: [    0.000000] SRAT: PXM 1 -> APIC 0x2a -> Node 1
Jul 22 11:54:40 ip-10-0-0-215 kernel: [    0.000000] SRAT: PXM 1 -> APIC 0x2c -> Node 1
Jul 22 11:54:40 ip-10-0-0-215 dhclient[1072]: DHCPOFFER of 10.0.0.215 from 10.0.0.1
Jul 22 11:54:40 ip-10-0-0-215 kernel: [    0.000000] SRAT: PXM 1 -> APIC 0x2e -> Node 1
Jul 22 11:54:40 ip-10-0-0-215 kernel: [    0.000000] SRAT: PXM 1 -> APIC 0x30 -> Node 1
Jul 22 11:54:40 ip-10-0-0-215 kernel: [    0.000000] SRAT: PXM 0 -> APIC 0x01 -> Node 0
Jul 22 11:54:40 ip-10-0-0-215 dhclient[1072]: DHCPACK of 10.0.0.215 from 10.0.0.1
Jul 22 11:54:40 ip-10-0-0-215 kernel: [    0.000000] SRAT: PXM 0 -> APIC 0x03 -> Node 0
Jul 22 11:54:40 ip-10-0-0-215 kernel: [    0.000000] SRAT: PXM 0 -> APIC 0x05 -> Node 0
Jul 22 11:54:40 ip-10-0-0-215 kernel: [    0.000000] SRAT: PXM 0 -> APIC 0x07 -> Node 0
Jul 22 11:54:40 ip-10-0-0-215 dhclient[1072]: bound to 10.0.0.215 -- renewal in 1621 seconds.
Jul 22 11:54:40 ip-10-0-0-215 kernel: [    0.000000] SRAT: PXM 0 -> APIC 0x09 -> Node 0
Jul 22 11:54:40 ip-10-0-0-215 kernel: [    0.000000] SRAT: PXM 0 -> APIC 0x0b -> Node 0
Jul 22 11:54:40 ip-10-0-0-215 kernel: [    0.000000] SRAT: PXM 0 -> APIC 0x0d -> Node 0
Jul 22 11:54:40 ip-10-0-0-215 kernel: [    0.000000] SRAT: PXM 0 -> APIC 0x0f -> Node 0
Jul 22 11:54:40 ip-10-0-0-215 cloud-init[946]: Cloud-init v. 18.3-9-g2e62cb8a-0ubuntu1~16.04.2 running 'init-local' at Mon, 22 Jul 2019 11:54:38 +0000. Up 6.46 seconds.
Jul 22 11:54:40 ip-10-0-0-215 kernel: [    0.000000] SRAT: PXM 0 -> APIC 0x11 -> Node 0
Jul 22 11:54:40 ip-10-0-0-215 kernel: [    0.000000] SRAT: PXM 1 -> APIC 0x21 -> Node 1
Jul 22 11:54:40 ip-10-0-0-215 systemd[1]: Started Initial cloud-init job (pre-networking).
Jul 22 11:54:40 ip-10-0-0-215 kernel: [    0.000000] SRAT: PXM 1 -> APIC 0x23 -> Node 1
Jul 22 11:54:40 ip-10-0-0-215 kernel: [    0.000000] SRAT: PXM 1 -> APIC 0x25 -> Node 1
Jul 22 11:54:40 ip-10-0-0-215 kernel: [    0.000000] SRAT: PXM 1 -> APIC 0x27 -> Node 1
Jul 22 11:54:40 ip-10-0-0-215 systemd[1]: Reached target Network (Pre).
Jul 22 11:54:40 ip-10-0-0-215 kernel: [    0.000000] SRAT: PXM 1 -> APIC 0x29 -> Node 1
Jul 22 11:54:40 ip-10-0-0-215 kernel: [    0.000000] SRAT: PXM 1 -> APIC 0x2b -> Node 1
Jul 22 11:54:40 ip-10-0-0-215 systemd[1]: Starting Raise network interfaces...
Jul 22 11:54:40 ip-10-0-0-215 kernel: [    0.000000] SRAT: PXM 1 -> APIC 0x2d -> Node 1
Jul 22 11:54:40 ip-10-0-0-215 kernel: [    0.000000] SRAT: PXM 1 -> APIC 0x2f -> Node 1
Jul 22 11:54:40 ip-10-0-0-215 kernel: [    0.000000] SRAT: PXM 1 -> APIC 0x31 -> Node 1
Jul 22 11:54:40 ip-10-0-0-215 kernel: [    0.000000] SRAT: Node 0 PXM 0 [mem 0x00000000-0xefffffff]
Jul 22 11:54:40 ip-10-0-0-215 kernel: [    0.000000] SRAT: Node 0 PXM 0 [mem 0x100000000-0x78fffffff]
Jul 22 11:54:40 ip-10-0-0-215 dhclient[1184]: Internet Systems Consortium DHCP Client 4.3.3
Jul 22 11:54:40 ip-10-0-0-215 kernel: [    0.000000] SRAT: Node 1 PXM 1 [mem 0x790000000-0xf0fffffff]
Jul 22 11:54:40 ip-10-0-0-215 ifup[1098]: Internet Systems Consortium DHCP Client 4.3.3
Jul 22 11:54:40 ip-10-0-0-215 ifup[1098]: Copyright 2004-2015 Internet Systems Consortium.
Jul 22 11:54:40 ip-10-0-0-215 kernel: [    0.000000] NUMA: Node 0 [mem 0x00000000-0xefffffff] + [mem 0x100000000-0x78fffffff] -> [mem 0x00000000-0x78fffffff]
Jul 22 11:54:40 ip-10-0-0-215 kernel: [    0.000000] NODE_DATA(0) allocated [mem 0x78fffb000-0x78fffffff]
Jul 22 11:54:40 ip-10-0-0-215 ifup[1098]: All rights reserved.
Jul 22 11:54:40 ip-10-0-0-215 kernel: [    0.000000] NODE_DATA(1) allocated [mem 0xf0fffa000-0xf0fffefff]
Jul 22 11:54:40 ip-10-0-0-215 kernel: [    0.000000] Zone ranges:
Jul 22 11:54:40 ip-10-0-0-215 ifup[1098]: For info, please visit https://www.isc.org/software/dhcp/
Jul 22 11:54:40 ip-10-0-0-215 kernel: [    0.000000]   DMA      [mem 0x0000000000001000-0x0000000000ffffff]
Jul 22 11:54:40 ip-10-0-0-215 kernel: [    0.000000]   DMA32    [mem 0x0000000001000000-0x00000000ffffffff]
Jul 22 11:54:40 ip-10-0-0-215 kernel: [    0.000000]   Normal   [mem 0x0000000100000000-0x0000000f0fffffff]
Jul 22 11:54:40 ip-10-0-0-215 kernel: [    0.000000]   Device   empty
Jul 22 11:54:40 ip-10-0-0-215 dhclient[1184]: Copyright 2004-2015 Internet Systems Consortium.
Jul 22 11:54:40 ip-10-0-0-215 kernel: [    0.000000] Movable zone start for each node
Jul 22 11:54:40 ip-10-0-0-215 kernel: [    0.000000] Early memory node ranges
Jul 22 11:54:40 ip-10-0-0-215 dhclient[1184]: All rights reserved.
Jul 22 11:54:40 ip-10-0-0-215 dhclient[1184]: For info, please visit https://www.isc.org/software/dhcp/
Jul 22 11:54:40 ip-10-0-0-215 dhclient[1184]: 
Jul 22 11:54:40 ip-10-0-0-215 dhclient[1184]: Listening on LPF/ens3/02:dc:42:9d:72:16
Jul 22 11:54:40 ip-10-0-0-215 ifup[1098]: Listening on LPF/ens3/02:dc:42:9d:72:16
Jul 22 11:54:40 ip-10-0-0-215 ifup[1098]: Sending on   LPF/ens3/02:dc:42:9d:72:16
Jul 22 11:54:40 ip-10-0-0-215 ifup[1098]: Sending on   Socket/fallback
Jul 22 11:54:40 ip-10-0-0-215 ifup[1098]: DHCPDISCOVER on ens3 to 255.255.255.255 port 67 interval 3 (xid=0xaec58647)
Jul 22 11:54:40 ip-10-0-0-215 dhclient[1184]: Sending on   LPF/ens3/02:dc:42:9d:72:16
Jul 22 11:54:40 ip-10-0-0-215 ifup[1098]: DHCPREQUEST of 10.0.0.215 on ens3 to 255.255.255.255 port 67 (xid=0x4786c5ae)
Jul 22 11:54:40 ip-10-0-0-215 ifup[1098]: DHCPOFFER of 10.0.0.215 from 10.0.0.1
Jul 22 11:54:40 ip-10-0-0-215 dhclient[1184]: Sending on   Socket/fallback
Jul 22 11:54:40 ip-10-0-0-215 ifup[1098]: DHCPACK of 10.0.0.215 from 10.0.0.1
Jul 22 11:54:40 ip-10-0-0-215 dhclient[1184]: DHCPDISCOVER on ens3 to 255.255.255.255 port 67 interval 3 (xid=0xaec58647)
Jul 22 11:54:40 ip-10-0-0-215 dhclient[1184]: DHCPREQUEST of 10.0.0.215 on ens3 to 255.255.255.255 port 67 (xid=0x4786c5ae)
Jul 22 11:54:40 ip-10-0-0-215 dhclient[1184]: DHCPOFFER of 10.0.0.215 from 10.0.0.1
Jul 22 11:54:40 ip-10-0-0-215 dhclient[1184]: DHCPACK of 10.0.0.215 from 10.0.0.1
Jul 22 11:54:40 ip-10-0-0-215 dhclient[1184]: bound to 10.0.0.215 -- renewal in 1511 seconds.
Jul 22 11:54:40 ip-10-0-0-215 ifup[1098]: bound to 10.0.0.215 -- renewal in 1511 seconds.
Jul 22 11:54:40 ip-10-0-0-215 kernel: [    0.000000]   node   0: [mem 0x0000000000001000-0x000000000009dfff]
Jul 22 11:54:40 ip-10-0-0-215 kernel: [    0.000000]   node   0: [mem 0x0000000000100000-0x00000000efffffff]
Jul 22 11:54:40 ip-10-0-0-215 systemd[1]: Started Raise network interfaces.
Jul 22 11:54:40 ip-10-0-0-215 kernel: [    0.000000]   node   0: [mem 0x0000000100000000-0x000000078fffffff]
Jul 22 11:54:40 ip-10-0-0-215 kernel: [    0.000000]   node   1: [mem 0x0000000790000000-0x0000000f0fffffff]
Jul 22 11:54:40 ip-10-0-0-215 kernel: [    0.000000] Initmem setup node 0 [mem 0x0000000000001000-0x000000078fffffff]
Jul 22 11:54:40 ip-10-0-0-215 systemd[1]: Reached target Network.
Jul 22 11:54:40 ip-10-0-0-215 kernel: [    0.000000] On node 0 totalpages: 7864221
Jul 22 11:54:40 ip-10-0-0-215 kernel: [    0.000000]   DMA zone: 64 pages used for memmap
Jul 22 11:54:40 ip-10-0-0-215 systemd[1]: Starting Initial cloud-init job (metadata service crawler)...
Jul 22 11:54:40 ip-10-0-0-215 kernel: [    0.000000]   DMA zone: 22 pages reserved
Jul 22 11:54:40 ip-10-0-0-215 kernel: [    0.000000]   DMA zone: 3997 pages, LIFO batch:0
Jul 22 11:54:40 ip-10-0-0-215 kernel: [    0.000000]   DMA32 zone: 15296 pages used for memmap
Jul 22 11:54:40 ip-10-0-0-215 kernel: [    0.000000]   DMA32 zone: 978944 pages, LIFO batch:31
Jul 22 11:54:40 ip-10-0-0-215 kernel: [    0.000000]   Normal zone: 107520 pages used for memmap
Jul 22 11:54:40 ip-10-0-0-215 kernel: [    0.000000]   Normal zone: 6881280 pages, LIFO batch:31
Jul 22 11:54:40 ip-10-0-0-215 kernel: [    0.000000] Initmem setup node 1 [mem 0x0000000790000000-0x0000000f0fffffff]
Jul 22 11:54:40 ip-10-0-0-215 kernel: [    0.000000] On node 1 totalpages: 7864320
Jul 22 11:54:40 ip-10-0-0-215 kernel: [    0.000000]   Normal zone: 122880 pages used for memmap
Jul 22 11:54:40 ip-10-0-0-215 kernel: [    0.000000]   Normal zone: 7864320 pages, LIFO batch:31
Jul 22 11:54:40 ip-10-0-0-215 kernel: [    0.000000] ACPI: PM-Timer IO Port: 0xb008
Jul 22 11:54:40 ip-10-0-0-215 kernel: [    0.000000] ACPI: Local APIC address 0xfee00000
Jul 22 11:54:40 ip-10-0-0-215 kernel: [    0.000000] IOAPIC[0]: apic_id 1, version 17, address 0xfec00000, GSI 0-47
Jul 22 11:54:40 ip-10-0-0-215 kernel: [    0.000000] ACPI: INT_SRC_OVR (bus 0 bus_irq 0 global_irq 2 dfl dfl)
Jul 22 11:54:40 ip-10-0-0-215 kernel: [    0.000000] ACPI: INT_SRC_OVR (bus 0 bus_irq 5 global_irq 5 low level)
Jul 22 11:54:40 ip-10-0-0-215 kernel: [    0.000000] ACPI: INT_SRC_OVR (bus 0 bus_irq 10 global_irq 10 low level)
Jul 22 11:54:40 ip-10-0-0-215 kernel: [    0.000000] ACPI: INT_SRC_OVR (bus 0 bus_irq 11 global_irq 11 low level)
Jul 22 11:54:40 ip-10-0-0-215 kernel: [    0.000000] ACPI: IRQ0 used by override.
Jul 22 11:54:40 ip-10-0-0-215 kernel: [    0.000000] ACPI: IRQ5 used by override.
Jul 22 11:54:40 ip-10-0-0-215 kernel: [    0.000000] ACPI: IRQ9 used by override.
Jul 22 11:54:40 ip-10-0-0-215 kernel: [    0.000000] ACPI: IRQ10 used by override.
Jul 22 11:54:40 ip-10-0-0-215 kernel: [    0.000000] ACPI: IRQ11 used by override.
Jul 22 11:54:40 ip-10-0-0-215 kernel: [    0.000000] Using ACPI (MADT) for SMP configuration information
Jul 22 11:54:40 ip-10-0-0-215 kernel: [    0.000000] ACPI: HPET id: 0x8086a201 base: 0xfed00000
Jul 22 11:54:40 ip-10-0-0-215 kernel: [    0.000000] smpboot: Allowing 128 CPUs, 92 hotplug CPUs
Jul 22 11:54:40 ip-10-0-0-215 kernel: [    0.000000] PM: Registered nosave memory: [mem 0x00000000-0x00000fff]
Jul 22 11:54:40 ip-10-0-0-215 kernel: [    0.000000] PM: Registered nosave memory: [mem 0x0009e000-0x0009ffff]
Jul 22 11:54:40 ip-10-0-0-215 kernel: [    0.000000] PM: Registered nosave memory: [mem 0x000a0000-0x000dffff]
Jul 22 11:54:40 ip-10-0-0-215 kernel: [    0.000000] PM: Registered nosave memory: [mem 0x000e0000-0x000fffff]
Jul 22 11:54:40 ip-10-0-0-215 kernel: [    0.000000] PM: Registered nosave memory: [mem 0xf0000000-0xfbffffff]
Jul 22 11:54:40 ip-10-0-0-215 kernel: [    0.000000] PM: Registered nosave memory: [mem 0xfc000000-0xffffffff]
Jul 22 11:54:40 ip-10-0-0-215 kernel: [    0.000000] e820: [mem 0xf0000000-0xfbffffff] available for PCI devices
Jul 22 11:54:40 ip-10-0-0-215 kernel: [    0.000000] Booting paravirtualized kernel on Xen HVM
Jul 22 11:54:40 ip-10-0-0-215 kernel: [    0.000000] clocksource: refined-jiffies: mask: 0xffffffff max_cycles: 0xffffffff, max_idle_ns: 7645519600211568 ns
Jul 22 11:54:40 ip-10-0-0-215 kernel: [    0.000000] setup_percpu: NR_CPUS:256 nr_cpumask_bits:256 nr_cpu_ids:128 nr_node_ids:2
Jul 22 11:54:40 ip-10-0-0-215 kernel: [    0.000000] PERCPU: Embedded 34 pages/cpu @ffff880770e00000 s99160 r8192 d31912 u262144
Jul 22 11:54:40 ip-10-0-0-215 kernel: [    0.000000] pcpu-alloc: s99160 r8192 d31912 u262144 alloc=1*2097152
Jul 22 11:54:40 ip-10-0-0-215 kernel: [    0.000000] pcpu-alloc: [0] 000 001 002 003 004 005 006 007 
Jul 22 11:54:40 ip-10-0-0-215 kernel: [    0.000000] pcpu-alloc: [0] 008 018 019 020 021 022 023 024 
Jul 22 11:54:40 ip-10-0-0-215 kernel: [    0.000000] pcpu-alloc: [0] 025 026 036 038 040 042 044 046 
Jul 22 11:54:40 ip-10-0-0-215 kernel: [    0.000000] pcpu-alloc: [0] 048 050 052 054 056 058 060 062 
Jul 22 11:54:40 ip-10-0-0-215 kernel: [    0.000000] pcpu-alloc: [0] 064 066 068 070 072 074 076 078 
Jul 22 11:54:40 ip-10-0-0-215 kernel: [    0.000000] pcpu-alloc: [0] 080 082 084 086 088 090 092 094 
Jul 22 11:54:40 ip-10-0-0-215 kernel: [    0.000000] pcpu-alloc: [0] 096 098 100 102 104 106 108 110 
Jul 22 11:54:40 ip-10-0-0-215 kernel: [    0.000000] pcpu-alloc: [0] 112 114 116 118 120 122 124 126 
Jul 22 11:54:40 ip-10-0-0-215 kernel: [    0.000000] pcpu-alloc: [1] 009 010 011 012 013 014 015 016 
Jul 22 11:54:40 ip-10-0-0-215 kernel: [    0.000000] pcpu-alloc: [1] 017 027 028 029 030 031 032 033 
Jul 22 11:54:40 ip-10-0-0-215 kernel: [    0.000000] pcpu-alloc: [1] 034 035 037 039 041 043 045 047 
Jul 22 11:54:40 ip-10-0-0-215 kernel: [    0.000000] pcpu-alloc: [1] 049 051 053 055 057 059 061 063 
Jul 22 11:54:40 ip-10-0-0-215 kernel: [    0.000000] pcpu-alloc: [1] 065 067 069 071 073 075 077 079 
Jul 22 11:54:40 ip-10-0-0-215 kernel: [    0.000000] pcpu-alloc: [1] 081 083 085 087 089 091 093 095 
Jul 22 11:54:40 ip-10-0-0-215 kernel: [    0.000000] pcpu-alloc: [1] 097 099 101 103 105 107 109 111 
Jul 22 11:54:40 ip-10-0-0-215 kernel: [    0.000000] pcpu-alloc: [1] 113 115 117 119 121 123 125 127 
Jul 22 11:54:40 ip-10-0-0-215 kernel: [    0.000000] xen: PV spinlocks enabled
Jul 22 11:54:40 ip-10-0-0-215 kernel: [    0.000000] PV qspinlock hash table entries: 512 (order: 1, 8192 bytes)
Jul 22 11:54:40 ip-10-0-0-215 kernel: [    0.000000] Built 2 zonelists in Node order, mobility grouping on.  Total pages: 15482759
Jul 22 11:54:40 ip-10-0-0-215 kernel: [    0.000000] Policy zone: Normal
Jul 22 11:54:40 ip-10-0-0-215 kernel: [    0.000000] Kernel command line: BOOT_IMAGE=/boot/vmlinuz-4.4.0-1067-aws root=LABEL=cloudimg-rootfs ro console=tty1 console=ttyS0 nvme.io_timeout=4294967295
Jul 22 11:54:40 ip-10-0-0-215 kernel: [    0.000000] log_buf_len individual max cpu contribution: 4096 bytes
Jul 22 11:54:40 ip-10-0-0-215 kernel: [    0.000000] log_buf_len total cpu_extra contributions: 520192 bytes
Jul 22 11:54:40 ip-10-0-0-215 kernel: [    0.000000] log_buf_len min size: 262144 bytes
Jul 22 11:54:40 ip-10-0-0-215 kernel: [    0.000000] log_buf_len: 1048576 bytes
Jul 22 11:54:40 ip-10-0-0-215 kernel: [    0.000000] early log buf free: 249740(95%)
Jul 22 11:54:40 ip-10-0-0-215 cloud-init[1295]: Cloud-init v. 18.3-9-g2e62cb8a-0ubuntu1~16.04.2 running 'init' at Mon, 22 Jul 2019 11:54:39 +0000. Up 7.47 seconds.
Jul 22 11:54:40 ip-10-0-0-215 kernel: [    0.000000] PID hash table entries: 4096 (order: 3, 32768 bytes)
Jul 22 11:54:40 ip-10-0-0-215 kernel: [    0.000000] Calgary: detecting Calgary via BIOS EBDA area
Jul 22 11:54:40 ip-10-0-0-215 cloud-init[1295]: ci-info: ++++++++++++++++++++++++++++++++++++++Net device info++++++++++++++++++++++++++++++++++++++
Jul 22 11:54:40 ip-10-0-0-215 cloud-init[1295]: ci-info: +--------+------+----------------------------+---------------+--------+-------------------+
Jul 22 11:54:40 ip-10-0-0-215 kernel: [    0.000000] Calgary: Unable to locate Rio Grande table in EBDA - bailing!
Jul 22 11:54:40 ip-10-0-0-215 kernel: [    0.000000] Memory: 61815268K/62914164K available (8372K kernel code, 1281K rwdata, 3888K rodata, 1504K init, 1264K bss, 1098896K reserved, 0K cma-reserved)
Jul 22 11:54:40 ip-10-0-0-215 kernel: [    0.000000] SLUB: HWalign=64, Order=0-3, MinObjects=0, CPUs=128, Nodes=2
Jul 22 11:54:40 ip-10-0-0-215 cloud-init[1295]: ci-info: | Device |  Up  |          Address           |      Mask     | Scope  |     Hw-Address    |
Jul 22 11:54:40 ip-10-0-0-215 kernel: [    0.000000] Kernel/User page tables isolation: enabled
Jul 22 11:54:40 ip-10-0-0-215 kernel: [    0.000000] Hierarchical RCU implementation.
Jul 22 11:54:40 ip-10-0-0-215 kernel: [    0.000000] 	Build-time adjustment of leaf fanout to 64.
Jul 22 11:54:40 ip-10-0-0-215 cloud-init[1295]: ci-info: +--------+------+----------------------------+---------------+--------+-------------------+
Jul 22 11:54:40 ip-10-0-0-215 cloud-init[1295]: ci-info: |  ens3  | True |         10.0.0.215         | 255.255.255.0 | global | 02:dc:42:9d:72:16 |
Jul 22 11:54:40 ip-10-0-0-215 kernel: [    0.000000] 	RCU restricting CPUs from NR_CPUS=256 to nr_cpu_ids=128.
Jul 22 11:54:40 ip-10-0-0-215 kernel: [    0.000000] RCU: Adjusting geometry for rcu_fanout_leaf=64, nr_cpu_ids=128
Jul 22 11:54:40 ip-10-0-0-215 kernel: [    0.000000] NR_IRQS:16640 nr_irqs:1856 16
Jul 22 11:54:40 ip-10-0-0-215 cloud-init[1295]: ci-info: |  ens3  | True | fe80::dc:42ff:fe9d:7216/64 |       .       |  link  | 02:dc:42:9d:72:16 |
Jul 22 11:54:40 ip-10-0-0-215 kernel: [    0.000000] xen:events: Using 2-level ABI
Jul 22 11:54:40 ip-10-0-0-215 kernel: [    0.000000] xen:events: Xen HVM callback vector for event delivery is enabled
Jul 22 11:54:40 ip-10-0-0-215 cloud-init[1295]: ci-info: |   lo   | True |         127.0.0.1          |   255.0.0.0   |  host  |         .         |
Jul 22 11:54:40 ip-10-0-0-215 kernel: [    0.000000] Console: colour VGA+ 80x25
Jul 22 11:54:40 ip-10-0-0-215 kernel: [    0.000000] console [tty1] enabled
Jul 22 11:54:40 ip-10-0-0-215 kernel: [    0.000000] Cannot get hvm parameter CONSOLE_EVTCHN (18): -22!
Jul 22 11:54:40 ip-10-0-0-215 kernel: [    0.000000] console [ttyS0] enabled
Jul 22 11:54:40 ip-10-0-0-215 cloud-init[1295]: ci-info: |   lo   | True |          ::1/128           |       .       |  host  |         .         |
Jul 22 11:54:40 ip-10-0-0-215 kernel: [    0.000000] mempolicy: Enabling automatic NUMA balancing. Configure with numa_balancing= or the kernel.numa_balancing sysctl
Jul 22 11:54:40 ip-10-0-0-215 kernel: [    0.000000] clocksource: hpet: mask: 0xffffffff max_cycles: 0xffffffff, max_idle_ns: 30580167144 ns
Jul 22 11:54:40 ip-10-0-0-215 cloud-init[1295]: ci-info: +--------+------+----------------------------+---------------+--------+-------------------+
Jul 22 11:54:40 ip-10-0-0-215 kernel: [    0.000000] hpet clockevent registered
Jul 22 11:54:40 ip-10-0-0-215 cloud-init[1295]: ci-info: +++++++++++++++++++++++++++Route IPv4 info++++++++++++++++++++++++++++
Jul 22 11:54:40 ip-10-0-0-215 kernel: [    0.000000] tsc: Detected 2900.068 MHz processor
Jul 22 11:54:40 ip-10-0-0-215 kernel: [    5.289886] Calibrating delay loop (skipped), value calculated using timer frequency.. 5800.13 BogoMIPS (lpj=11600272)
Jul 22 11:54:40 ip-10-0-0-215 kernel: [    5.315946] pid_max: default: 131072 minimum: 1024
Jul 22 11:54:40 ip-10-0-0-215 kernel: [    5.320734] ACPI: Core revision 20150930
Jul 22 11:54:40 ip-10-0-0-215 cloud-init[1295]: ci-info: +-------+-------------+----------+---------------+-----------+-------+
Jul 22 11:54:40 ip-10-0-0-215 kernel: [    5.335785] ACPI: 5 ACPI AML tables successfully acquired and loaded
Jul 22 11:54:40 ip-10-0-0-215 cloud-init[1295]: ci-info: | Route | Destination | Gateway  |    Genmask    | Interface | Flags |
Jul 22 11:54:40 ip-10-0-0-215 kernel: [    5.343523] Security Framework initialized
Jul 22 11:54:40 ip-10-0-0-215 kernel: [    5.347988] Yama: becoming mindful.
Jul 22 11:54:40 ip-10-0-0-215 kernel: [    5.351946] AppArmor: AppArmor initialized
Jul 22 11:54:40 ip-10-0-0-215 kernel: [    5.359258] Dentry cache hash table entries: 8388608 (order: 14, 67108864 bytes)
Jul 22 11:54:40 ip-10-0-0-215 kernel: [    5.376742] Inode-cache hash table entries: 4194304 (order: 13, 33554432 bytes)
Jul 22 11:54:40 ip-10-0-0-215 cloud-init[1295]: ci-info: +-------+-------------+----------+---------------+-----------+-------+
Jul 22 11:54:40 ip-10-0-0-215 kernel: [    5.388725] Mount-cache hash table entries: 131072 (order: 8, 1048576 bytes)
Jul 22 11:54:40 ip-10-0-0-215 cloud-init[1295]: ci-info: |   0   |   0.0.0.0   | 10.0.0.1 |    0.0.0.0    |    ens3   |   UG  |
Jul 22 11:54:40 ip-10-0-0-215 kernel: [    5.395969] Mountpoint-cache hash table entries: 131072 (order: 8, 1048576 bytes)
Jul 22 11:54:40 ip-10-0-0-215 kernel: [    5.405114] Initializing cgroup subsys io
Jul 22 11:54:40 ip-10-0-0-215 kernel: [    5.409872] Initializing cgroup subsys memory
Jul 22 11:54:40 ip-10-0-0-215 kernel: [    5.414371] Initializing cgroup subsys devices
Jul 22 11:54:40 ip-10-0-0-215 cloud-init[1295]: ci-info: |   1   |   10.0.0.0  | 0.0.0.0  | 255.255.255.0 |    ens3   |   U   |
Jul 22 11:54:40 ip-10-0-0-215 kernel: [    5.418801] Initializing cgroup subsys freezer
Jul 22 11:54:40 ip-10-0-0-215 cloud-init[1295]: ci-info: +-------+-------------+----------+---------------+-----------+-------+
Jul 22 11:54:40 ip-10-0-0-215 kernel: [    5.421913] Initializing cgroup subsys net_cls
Jul 22 11:54:40 ip-10-0-0-215 kernel: [    5.424290] Initializing cgroup subsys perf_event
Jul 22 11:54:40 ip-10-0-0-215 kernel: [    5.426793] Initializing cgroup subsys net_prio
Jul 22 11:54:40 ip-10-0-0-215 cloud-init[1295]: ci-info: +++++++++++++++++++Route IPv6 info+++++++++++++++++++
Jul 22 11:54:40 ip-10-0-0-215 kernel: [    5.429205] Initializing cgroup subsys hugetlb
Jul 22 11:54:40 ip-10-0-0-215 kernel: [    5.431600] Initializing cgroup subsys pids
Jul 22 11:54:40 ip-10-0-0-215 kernel: [    5.434658] mce: CPU supports 2 MCE banks
Jul 22 11:54:40 ip-10-0-0-215 cloud-init[1295]: ci-info: +-------+-------------+---------+-----------+-------+
Jul 22 11:54:40 ip-10-0-0-215 kernel: [    5.436993] process: using mwait in idle threads
Jul 22 11:54:40 ip-10-0-0-215 kernel: [    5.439442] Last level iTLB entries: 4KB 1024, 2MB 1024, 4MB 1024
Jul 22 11:54:40 ip-10-0-0-215 kernel: [    5.442480] Last level dTLB entries: 4KB 1024, 2MB 1024, 4MB 1024, 1GB 4
Jul 22 11:54:40 ip-10-0-0-215 kernel: [    5.445745] Spectre V2 : Mitigation: Full generic retpoline
Jul 22 11:54:40 ip-10-0-0-215 kernel: [    5.448537] Spectre V2 : Speculation control IBPB not-supported IBRS not-supported
Jul 22 11:54:40 ip-10-0-0-215 kernel: [    5.452069] Speculative Store Bypass: Vulnerable
Jul 22 11:54:40 ip-10-0-0-215 cloud-init[1295]: ci-info: | Route | Destination | Gateway | Interface | Flags |
Jul 22 11:54:40 ip-10-0-0-215 kernel: [    5.456515] Freeing SMP alternatives memory: 32K
Jul 22 11:54:40 ip-10-0-0-215 cloud-init[1295]: ci-info: +-------+-------------+---------+-----------+-------+
Jul 22 11:54:40 ip-10-0-0-215 cloud-init[1295]: ci-info: |   0   |  fe80::/64  |    ::   |    ens3   |   U   |
Jul 22 11:54:40 ip-10-0-0-215 cloud-init[1295]: ci-info: |   3   |   ff00::/8  |    ::   |    ens3   |   U   |
Jul 22 11:54:40 ip-10-0-0-215 cloud-init[1295]: ci-info: +-------+-------------+---------+-----------+-------+
Jul 22 11:54:40 ip-10-0-0-215 cloud-init[1295]: Generating public/private rsa key pair.
Jul 22 11:54:40 ip-10-0-0-215 cloud-init[1295]: Your identification has been saved in /etc/ssh/ssh_host_rsa_key.
Jul 22 11:54:40 ip-10-0-0-215 cloud-init[1295]: Your public key has been saved in /etc/ssh/ssh_host_rsa_key.pub.
Jul 22 11:54:40 ip-10-0-0-215 cloud-init[1295]: The key fingerprint is:
Jul 22 11:54:40 ip-10-0-0-215 cloud-init[1295]: SHA256:K5X7UYiPr2vD4molX2PBemp3jFroiPKmyPkv7/P3h9E root@ip-10-0-0-215
Jul 22 11:54:40 ip-10-0-0-215 cloud-init[1295]: The key's randomart image is:
Jul 22 11:54:40 ip-10-0-0-215 cloud-init[1295]: +---[RSA 2048]----+
Jul 22 11:54:40 ip-10-0-0-215 cloud-init[1295]: |                 |
Jul 22 11:54:40 ip-10-0-0-215 kernel: [    5.463366] ftrace: allocating 31371 entries in 123 pages
Jul 22 11:54:40 ip-10-0-0-215 kernel: [    5.501833] smpboot: APIC(0) Converting physical 0 to logical package 0
Jul 22 11:54:40 ip-10-0-0-215 kernel: [    5.505148] smpboot: APIC(20) Converting physical 1 to logical package 1
Jul 22 11:54:40 ip-10-0-0-215 cloud-init[1295]: |                 |
Jul 22 11:54:40 ip-10-0-0-215 cloud-init[1295]: |       .         |
Jul 22 11:54:40 ip-10-0-0-215 kernel: [    5.508425] smpboot: Max logical packages: 15
Jul 22 11:54:40 ip-10-0-0-215 kernel: [    5.511440] x2apic: IRQ remapping doesn't support X2APIC mode
Jul 22 11:54:40 ip-10-0-0-215 kernel: [    5.514969] Switched APIC routing to physical flat.
Jul 22 11:54:40 ip-10-0-0-215 cloud-init[1295]: |        oo .     |
Jul 22 11:54:40 ip-10-0-0-215 kernel: [    5.519769] ..TIMER: vector=0x30 apic1=0 pin1=2 apic2=0 pin2=0
Jul 22 11:54:40 ip-10-0-0-215 kernel: [    5.524012] clocksource: xen: mask: 0xffffffffffffffff max_cycles: 0x1cd42e4dffb, max_idle_ns: 881590591483 ns
Jul 22 11:54:40 ip-10-0-0-215 cloud-init[1295]: |       .S.. o    |
Jul 22 11:54:40 ip-10-0-0-215 kernel: [    5.531769] Xen: using vcpuop timer interface
Jul 22 11:54:40 ip-10-0-0-215 kernel: [    5.531774] installing Xen timer for CPU 0
Jul 22 11:54:40 ip-10-0-0-215 cloud-init[1295]: |    . oo== o E   |
Jul 22 11:54:40 ip-10-0-0-215 kernel: [    5.535467] smpboot: CPU0: Intel(R) Xeon(R) CPU E5-2666 v3 @ 2.90GHz (family: 0x6, model: 0x3f, stepping: 0x2)
Jul 22 11:54:40 ip-10-0-0-215 kernel: [    5.544345] cpu 0 spinlock event irq 53
Jul 22 11:54:40 ip-10-0-0-215 cloud-init[1295]: |     +o*=+o o    |
Jul 22 11:54:40 ip-10-0-0-215 kernel: [    5.547561] Performance Events: unsupported p6 CPU model 63 no PMU driver, software events only.
Jul 22 11:54:40 ip-10-0-0-215 kernel: [    5.556760] NMI watchdog: disabled (cpu0): hardware events not enabled
Jul 22 11:54:40 ip-10-0-0-215 kernel: [    5.561554] NMI watchdog: Shutting down hard lockup detector on all cpus
Jul 22 11:54:40 ip-10-0-0-215 cloud-init[1295]: |+ oo.+=o*+oo .   |
Jul 22 11:54:40 ip-10-0-0-215 kernel: [    5.566270] installing Xen timer for CPU 1
Jul 22 11:54:40 ip-10-0-0-215 kernel: [    5.569586] x86: Booting SMP configuration:
Jul 22 11:54:40 ip-10-0-0-215 cloud-init[1295]: |oB+oBB**+=+..    |
Jul 22 11:54:40 ip-10-0-0-215 kernel: [    5.572888] .... node  #0, CPUs:          #1cpu 1 spinlock event irq 59
Jul 22 11:54:40 ip-10-0-0-215 kernel: [    5.580322] installing Xen timer for CPU 2
Jul 22 11:54:40 ip-10-0-0-215 cloud-init[1295]: +----[SHA256]-----+
Jul 22 11:54:40 ip-10-0-0-215 kernel: [    5.583693]    #2cpu 2 spinlock event irq 65
Jul 22 11:54:40 ip-10-0-0-215 kernel: [    5.588819] installing Xen timer for CPU 3
Jul 22 11:54:40 ip-10-0-0-215 kernel: [    5.592067]    #3cpu 3 spinlock event irq 71
Jul 22 11:54:40 ip-10-0-0-215 cloud-init[1295]: Generating public/private dsa key pair.
Jul 22 11:54:40 ip-10-0-0-215 kernel: [    5.597143] installing Xen timer for CPU 4
Jul 22 11:54:40 ip-10-0-0-215 kernel: [    5.600470]    #4cpu 4 spinlock event irq 77
Jul 22 11:54:40 ip-10-0-0-215 kernel: [    5.605453] installing Xen timer for CPU 5
Jul 22 11:54:40 ip-10-0-0-215 cloud-init[1295]: Your identification has been saved in /etc/ssh/ssh_host_dsa_key.
Jul 22 11:54:40 ip-10-0-0-215 kernel: [    5.608817]    #5cpu 5 spinlock event irq 83
Jul 22 11:54:40 ip-10-0-0-215 kernel: [    5.614161] installing Xen timer for CPU 6
Jul 22 11:54:40 ip-10-0-0-215 kernel: [    5.617743]    #6cpu 6 spinlock event irq 89
Jul 22 11:54:40 ip-10-0-0-215 kernel: [    5.622806] installing Xen timer for CPU 7
Jul 22 11:54:40 ip-10-0-0-215 cloud-init[1295]: Your public key has been saved in /etc/ssh/ssh_host_dsa_key.pub.
Jul 22 11:54:40 ip-10-0-0-215 kernel: [    5.626069]    #7cpu 7 spinlock event irq 95
Jul 22 11:54:40 ip-10-0-0-215 kernel: [    5.631138] installing Xen timer for CPU 8
Jul 22 11:54:40 ip-10-0-0-215 kernel: [    5.634481]    #8cpu 8 spinlock event irq 101
Jul 22 11:54:40 ip-10-0-0-215 kernel: [    5.639688] installing Xen timer for CPU 9
Jul 22 11:54:40 ip-10-0-0-215 cloud-init[1295]: The key fingerprint is:
Jul 22 11:54:40 ip-10-0-0-215 kernel: [    5.642970] 
Jul 22 11:54:40 ip-10-0-0-215 kernel: [    5.644702] .... node  #1, CPUs:     #9cpu 9 spinlock event irq 107
Jul 22 11:54:40 ip-10-0-0-215 cloud-init[1295]: SHA256:+MLJqNPamxd7Hmjbob73kt8tx4cI7SDAFbpm634+cHk root@ip-10-0-0-215
Jul 22 11:54:40 ip-10-0-0-215 kernel: [    5.651568] installing Xen timer for CPU 10
Jul 22 11:54:40 ip-10-0-0-215 kernel: [    5.654972]   #10cpu 10 spinlock event irq 113
Jul 22 11:54:40 ip-10-0-0-215 kernel: [    5.660173] installing Xen timer for CPU 11
Jul 22 11:54:40 ip-10-0-0-215 cloud-init[1295]: The key's randomart image is:
Jul 22 11:54:40 ip-10-0-0-215 kernel: [    5.663461]   #11cpu 11 spinlock event irq 119
Jul 22 11:54:40 ip-10-0-0-215 kernel: [    5.668711] installing Xen timer for CPU 12
Jul 22 11:54:40 ip-10-0-0-215 cloud-init[1295]: +---[DSA 1024]----+
Jul 22 11:54:40 ip-10-0-0-215 kernel: [    5.672236]   #12cpu 12 spinlock event irq 125
Jul 22 11:54:40 ip-10-0-0-215 cloud-init[1295]: |        ..       |
Jul 22 11:54:40 ip-10-0-0-215 kernel: [    5.677581] installing Xen timer for CPU 13
Jul 22 11:54:40 ip-10-0-0-215 kernel: [    5.681060]   #13cpu 13 spinlock event irq 131
Jul 22 11:54:40 ip-10-0-0-215 kernel: [    5.686424] installing Xen timer for CPU 14
Jul 22 11:54:40 ip-10-0-0-215 cloud-init[1295]: |       ..        |
Jul 22 11:54:40 ip-10-0-0-215 kernel: [    5.689992]   #14cpu 14 spinlock event irq 137
Jul 22 11:54:40 ip-10-0-0-215 kernel: [    5.695394] installing Xen timer for CPU 15
Jul 22 11:54:40 ip-10-0-0-215 kernel: [    5.698857]   #15cpu 15 spinlock event irq 143
Jul 22 11:54:40 ip-10-0-0-215 cloud-init[1295]: |     ...         |
Jul 22 11:54:40 ip-10-0-0-215 kernel: [    5.704251] installing Xen timer for CPU 16
Jul 22 11:54:40 ip-10-0-0-215 kernel: [    5.707821]   #16cpu 16 spinlock event irq 149
Jul 22 11:54:40 ip-10-0-0-215 kernel: [    5.713160] installing Xen timer for CPU 17
Jul 22 11:54:40 ip-10-0-0-215 cloud-init[1295]: |      oo         |
Jul 22 11:54:40 ip-10-0-0-215 kernel: [    5.716831]   #17cpu 17 spinlock event irq 155
Jul 22 11:54:40 ip-10-0-0-215 kernel: [    5.722546] installing Xen timer for CPU 18
Jul 22 11:54:40 ip-10-0-0-215 kernel: [    5.726367] 
Jul 22 11:54:40 ip-10-0-0-215 cloud-init[1295]: |      =.S. .     |
Jul 22 11:54:40 ip-10-0-0-215 kernel: [    5.728255] .... node  #0, CPUs:    #18cpu 18 spinlock event irq 161
Jul 22 11:54:40 ip-10-0-0-215 kernel: [    5.735931] installing Xen timer for CPU 19
Jul 22 11:54:40 ip-10-0-0-215 kernel: [    5.739624]   #19cpu 19 spinlock event irq 167
Jul 22 11:54:40 ip-10-0-0-215 cloud-init[1295]: |     *o=+ E .    |
Jul 22 11:54:40 ip-10-0-0-215 kernel: [    5.744984] installing Xen timer for CPU 20
Jul 22 11:54:40 ip-10-0-0-215 kernel: [    5.748661]   #20cpu 20 spinlock event irq 173
Jul 22 11:54:40 ip-10-0-0-215 kernel: [    5.754070] installing Xen timer for CPU 21
Jul 22 11:54:40 ip-10-0-0-215 cloud-init[1295]: |   .. O=++ + o . |
Jul 22 11:54:40 ip-10-0-0-215 kernel: [    5.757697]   #21cpu 21 spinlock event irq 179
Jul 22 11:54:40 ip-10-0-0-215 kernel: [    5.762929] installing Xen timer for CPU 22
Jul 22 11:54:40 ip-10-0-0-215 kernel: [    5.766456]   #22cpu 22 spinlock event irq 185
Jul 22 11:54:40 ip-10-0-0-215 cloud-init[1295]: |  .o.+o=Bo .+.+ .|
Jul 22 11:54:40 ip-10-0-0-215 kernel: [    5.771751] installing Xen timer for CPU 23
Jul 22 11:54:40 ip-10-0-0-215 kernel: [    5.775243]   #23cpu 23 spinlock event irq 191
Jul 22 11:54:40 ip-10-0-0-215 kernel: [    5.780760] installing Xen timer for CPU 24
Jul 22 11:54:40 ip-10-0-0-215 cloud-init[1295]: |  oo+=BB+=o .o.. |
Jul 22 11:54:40 ip-10-0-0-215 kernel: [    5.784559]   #24cpu 24 spinlock event irq 197
Jul 22 11:54:40 ip-10-0-0-215 kernel: [    5.790270] installing Xen timer for CPU 25
Jul 22 11:54:40 ip-10-0-0-215 kernel: [    5.794059]   #25cpu 25 spinlock event irq 203
Jul 22 11:54:40 ip-10-0-0-215 cloud-init[1295]: +----[SHA256]-----+
Jul 22 11:54:40 ip-10-0-0-215 kernel: [    5.799730] installing Xen timer for CPU 26
Jul 22 11:54:40 ip-10-0-0-215 kernel: [    5.803521]   #26cpu 26 spinlock event irq 209
Jul 22 11:54:40 ip-10-0-0-215 kernel: [    5.809203] installing Xen timer for CPU 27
Jul 22 11:54:40 ip-10-0-0-215 cloud-init[1295]: Generating public/private ecdsa key pair.
Jul 22 11:54:40 ip-10-0-0-215 kernel: [    5.812685] 
Jul 22 11:54:40 ip-10-0-0-215 kernel: [    5.814490] .... node  #1, CPUs:    #27cpu 27 spinlock event irq 215
Jul 22 11:54:40 ip-10-0-0-215 kernel: [    5.821756] installing Xen timer for CPU 28
Jul 22 11:54:40 ip-10-0-0-215 cloud-init[1295]: Your identification has been saved in /etc/ssh/ssh_host_ecdsa_key.
Jul 22 11:54:40 ip-10-0-0-215 kernel: [    5.825447]   #28cpu 28 spinlock event irq 221
Jul 22 11:54:40 ip-10-0-0-215 kernel: [    5.830946] installing Xen timer for CPU 29
Jul 22 11:54:40 ip-10-0-0-215 kernel: [    5.834512]   #29cpu 29 spinlock event irq 227
Jul 22 11:54:40 ip-10-0-0-215 cloud-init[1295]: Your public key has been saved in /etc/ssh/ssh_host_ecdsa_key.pub.
Jul 22 11:54:40 ip-10-0-0-215 kernel: [    5.839996] installing Xen timer for CPU 30
Jul 22 11:54:40 ip-10-0-0-215 cloud-init[1295]: The key fingerprint is:
Jul 22 11:54:40 ip-10-0-0-215 kernel: [    5.843730]   #30cpu 30 spinlock event irq 233
Jul 22 11:54:40 ip-10-0-0-215 kernel: [    5.849274] installing Xen timer for CPU 31
Jul 22 11:54:40 ip-10-0-0-215 cloud-init[1295]: SHA256:BxR14mJXoT4aY+ppdza/o1QfY9ZiXNfAMbSuALcpbuo root@ip-10-0-0-215
Jul 22 11:54:40 ip-10-0-0-215 kernel: [    5.853139]   #31cpu 31 spinlock event irq 239
Jul 22 11:54:40 ip-10-0-0-215 kernel: [    5.858894] installing Xen timer for CPU 32
Jul 22 11:54:40 ip-10-0-0-215 kernel: [    5.862659]   #32cpu 32 spinlock event irq 245
Jul 22 11:54:40 ip-10-0-0-215 cloud-init[1295]: The key's randomart image is:
Jul 22 11:54:40 ip-10-0-0-215 kernel: [    5.868367] installing Xen timer for CPU 33
Jul 22 11:54:40 ip-10-0-0-215 kernel: [    5.872247]   #33cpu 33 spinlock event irq 251
Jul 22 11:54:40 ip-10-0-0-215 kernel: [    5.878081] installing Xen timer for CPU 34
Jul 22 11:54:40 ip-10-0-0-215 cloud-init[1295]: +---[ECDSA 256]---+
Jul 22 11:54:40 ip-10-0-0-215 kernel: [    5.882012]   #34cpu 34 spinlock event irq 257
Jul 22 11:54:40 ip-10-0-0-215 kernel: [    5.887826] installing Xen timer for CPU 35
Jul 22 11:54:40 ip-10-0-0-215 kernel: [    5.891504]   #35cpu 35 spinlock event irq 263
Jul 22 11:54:40 ip-10-0-0-215 kernel: [    5.896903] x86: Booted up 2 nodes, 36 CPUs
Jul 22 11:54:40 ip-10-0-0-215 kernel: [    5.900387] smpboot: Total of 36 processors activated (208804.89 BogoMIPS)
Jul 22 11:54:40 ip-10-0-0-215 kernel: [    5.907744] devtmpfs: initialized
Jul 22 11:54:40 ip-10-0-0-215 cloud-init[1295]: |        ooo ++=. |
Jul 22 11:54:40 ip-10-0-0-215 kernel: [    5.916790] evm: security.selinux
Jul 22 11:54:40 ip-10-0-0-215 kernel: [    5.919783] evm: security.SMACK64
Jul 22 11:54:40 ip-10-0-0-215 kernel: [    5.922795] evm: security.SMACK64EXEC
Jul 22 11:54:40 ip-10-0-0-215 cloud-init[1295]: |       . . =  .+.|
Jul 22 11:54:40 ip-10-0-0-215 kernel: [    5.926054] evm: security.SMACK64TRANSMUTE
Jul 22 11:54:40 ip-10-0-0-215 kernel: [    5.929541] evm: security.SMACK64MMAP
Jul 22 11:54:40 ip-10-0-0-215 kernel: [    5.932792] evm: security.ima
Jul 22 11:54:40 ip-10-0-0-215 cloud-init[1295]: |        = =   . +|
Jul 22 11:54:40 ip-10-0-0-215 kernel: [    5.935516] evm: security.capability
Jul 22 11:54:40 ip-10-0-0-215 kernel: [    5.938899] clocksource: jiffies: mask: 0xffffffff max_cycles: 0xffffffff, max_idle_ns: 7645041785100000 ns
Jul 22 11:54:40 ip-10-0-0-215 cloud-init[1295]: |       . B o o o.|
Jul 22 11:54:40 ip-10-0-0-215 kernel: [    5.946185] futex hash table entries: 32768 (order: 9, 2097152 bytes)
Jul 22 11:54:40 ip-10-0-0-215 cloud-init[1295]: |        S B . X .|
Jul 22 11:54:40 ip-10-0-0-215 kernel: [    5.951729] RTC time: 11:54:31, date: 07/22/19
Jul 22 11:54:40 ip-10-0-0-215 kernel: [    5.957468] NET: Registered protocol family 16
Jul 22 11:54:40 ip-10-0-0-215 kernel: [    5.973519] cpuidle: using governor ladder
Jul 22 11:54:40 ip-10-0-0-215 cloud-init[1295]: |       + * + * + |
Jul 22 11:54:40 ip-10-0-0-215 kernel: [    5.985678] cpuidle: using governor menu
Jul 22 11:54:40 ip-10-0-0-215 kernel: [    5.989348] PCCT header not found.
Jul 22 11:54:40 ip-10-0-0-215 kernel: [    5.992718] ACPI: bus type PCI registered
Jul 22 11:54:40 ip-10-0-0-215 kernel: [    5.996444] acpiphp: ACPI Hot Plug PCI Controller Driver version: 0.5
Jul 22 11:54:40 ip-10-0-0-215 kernel: [    6.002319] PCI: Using configuration type 1 for base access
Jul 22 11:54:40 ip-10-0-0-215 cloud-init[1295]: |      . + . . .  |
Jul 22 11:54:40 ip-10-0-0-215 kernel: [    6.020122] ACPI: Added _OSI(Module Device)
Jul 22 11:54:40 ip-10-0-0-215 kernel: [    6.023780] ACPI: Added _OSI(Processor Device)
Jul 22 11:54:40 ip-10-0-0-215 cloud-init[1295]: |     ..+..+ .    |
Jul 22 11:54:40 ip-10-0-0-215 kernel: [    6.027615] ACPI: Added _OSI(3.0 _SCP Extensions)
Jul 22 11:54:40 ip-10-0-0-215 kernel: [    6.031800] ACPI: Added _OSI(Processor Aggregator Device)
Jul 22 11:54:40 ip-10-0-0-215 cloud-init[1295]: |     oE. o.+oo   |
Jul 22 11:54:40 ip-10-0-0-215 kernel: [    6.038574] xen: --> pirq=16 -> irq=9 (gsi=9)
Jul 22 11:54:40 ip-10-0-0-215 kernel: [    6.044127] ACPI: Interpreter enabled
Jul 22 11:54:40 ip-10-0-0-215 kernel: [    6.047641] ACPI: (supports S0 S4 S5)
Jul 22 11:54:40 ip-10-0-0-215 cloud-init[1295]: +----[SHA256]-----+
Jul 22 11:54:40 ip-10-0-0-215 kernel: [    6.051089] ACPI: Using IOAPIC for interrupt routing
Jul 22 11:54:40 ip-10-0-0-215 kernel: [    6.055504] PCI: Using host bridge windows from ACPI; if necessary, use "pci=nocrs" and report a bug
Jul 22 11:54:40 ip-10-0-0-215 cloud-init[1295]: Generating public/private ed25519 key pair.
Jul 22 11:54:40 ip-10-0-0-215 kernel: [    6.118213] ACPI: PCI Root Bridge [PCI0] (domain 0000 [bus 00-ff])
Jul 22 11:54:40 ip-10-0-0-215 kernel: [    6.124923] acpi PNP0A03:00: _OSC: OS supports [ASPM ClockPM Segments MSI]
Jul 22 11:54:40 ip-10-0-0-215 kernel: [    6.132425] acpi PNP0A03:00: _OSC failed (AE_NOT_FOUND); disabling ASPM
Jul 22 11:54:40 ip-10-0-0-215 cloud-init[1295]: Your identification has been saved in /etc/ssh/ssh_host_ed25519_key.
Jul 22 11:54:40 ip-10-0-0-215 kernel: [    6.139758] acpi PNP0A03:00: fail to add MMCONFIG information, can't access extended PCI configuration space under this bridge.
Jul 22 11:54:40 ip-10-0-0-215 cloud-init[1295]: Your public key has been saved in /etc/ssh/ssh_host_ed25519_key.pub.
Jul 22 11:54:40 ip-10-0-0-215 kernel: [    6.153055] acpiphp: Slot [0] registered
Jul 22 11:54:40 ip-10-0-0-215 kernel: [    6.159582] acpiphp: Slot [3] registered
Jul 22 11:54:40 ip-10-0-0-215 kernel: [    6.164852] acpiphp: Slot [4] registered
Jul 22 11:54:40 ip-10-0-0-215 cloud-init[1295]: The key fingerprint is:
Jul 22 11:54:40 ip-10-0-0-215 kernel: [    6.170250] acpiphp: Slot [5] registered
Jul 22 11:54:40 ip-10-0-0-215 kernel: [    6.175477] acpiphp: Slot [6] registered
Jul 22 11:54:40 ip-10-0-0-215 cloud-init[1295]: SHA256:fWbHvXN9ui57hKuHTgNq7cTW250KRGS1xwWNPDt+80o root@ip-10-0-0-215
Jul 22 11:54:40 ip-10-0-0-215 kernel: [    6.180681] acpiphp: Slot [7] registered
Jul 22 11:54:40 ip-10-0-0-215 kernel: [    6.185830] acpiphp: Slot [8] registered
Jul 22 11:54:40 ip-10-0-0-215 cloud-init[1295]: The key's randomart image is:
Jul 22 11:54:40 ip-10-0-0-215 kernel: [    6.190965] acpiphp: Slot [9] registered
Jul 22 11:54:40 ip-10-0-0-215 kernel: [    6.196137] acpiphp: Slot [10] registered
Jul 22 11:54:40 ip-10-0-0-215 kernel: [    6.201442] acpiphp: Slot [11] registered
Jul 22 11:54:40 ip-10-0-0-215 cloud-init[1295]: +--[ED25519 256]--+
Jul 22 11:54:40 ip-10-0-0-215 kernel: [    6.206766] acpiphp: Slot [12] registered
Jul 22 11:54:40 ip-10-0-0-215 cloud-init[1295]: |          o....+.|
Jul 22 11:54:40 ip-10-0-0-215 kernel: [    6.212021] acpiphp: Slot [13] registered
Jul 22 11:54:40 ip-10-0-0-215 kernel: [    6.217358] acpiphp: Slot [14] registered
Jul 22 11:54:40 ip-10-0-0-215 kernel: [    6.222697] acpiphp: Slot [15] registered
Jul 22 11:54:40 ip-10-0-0-215 kernel: [    6.228016] acpiphp: Slot [16] registered
Jul 22 11:54:40 ip-10-0-0-215 kernel: [    6.233324] acpiphp: Slot [17] registered
Jul 22 11:54:40 ip-10-0-0-215 cloud-init[1295]: |         o   o+..|
Jul 22 11:54:40 ip-10-0-0-215 kernel: [    6.238688] acpiphp: Slot [18] registered
Jul 22 11:54:40 ip-10-0-0-215 cloud-init[1295]: |          . . oo |
Jul 22 11:54:40 ip-10-0-0-215 kernel: [    6.244003] acpiphp: Slot [19] registered
Jul 22 11:54:40 ip-10-0-0-215 kernel: [    6.249411] acpiphp: Slot [20] registered
Jul 22 11:54:40 ip-10-0-0-215 kernel: [    6.254671] acpiphp: Slot [21] registered
Jul 22 11:54:40 ip-10-0-0-215 cloud-init[1295]: |         o   oo. |
Jul 22 11:54:40 ip-10-0-0-215 kernel: [    6.260316] acpiphp: Slot [22] registered
Jul 22 11:54:40 ip-10-0-0-215 kernel: [    6.265856] acpiphp: Slot [23] registered
Jul 22 11:54:40 ip-10-0-0-215 kernel: [    6.271292] acpiphp: Slot [24] registered
Jul 22 11:54:40 ip-10-0-0-215 cloud-init[1295]: |        S o +oo..|
Jul 22 11:54:40 ip-10-0-0-215 kernel: [    6.291669] acpiphp: Slot [25] registered
Jul 22 11:54:40 ip-10-0-0-215 cloud-init[1295]: |       + + +..o.+|
Jul 22 11:54:40 ip-10-0-0-215 kernel: [    6.297007] acpiphp: Slot [26] registered
Jul 22 11:54:40 ip-10-0-0-215 cloud-init[1295]: |      o = =. oE+*|
Jul 22 11:54:40 ip-10-0-0-215 cloud-init[1295]: |     . + ..=+o.o=|
Jul 22 11:54:40 ip-10-0-0-215 cloud-init[1295]: |        ..+o+*Bo |
Jul 22 11:54:40 ip-10-0-0-215 cloud-init[1295]: +----[SHA256]-----+
Jul 22 11:54:40 ip-10-0-0-215 systemd[1]: Started Initial cloud-init job (metadata service crawler).
Jul 22 11:54:40 ip-10-0-0-215 systemd[1]: Reached target Network is Online.
Jul 22 11:54:40 ip-10-0-0-215 systemd[1]: Starting iSCSI initiator daemon (iscsid)...
Jul 22 11:54:40 ip-10-0-0-215 systemd[1]: Reached target System Initialization.
Jul 22 11:54:40 ip-10-0-0-215 systemd[1]: Starting LXD - unix socket.
Jul 22 11:54:40 ip-10-0-0-215 systemd[1]: Listening on ACPID Listen Socket.
Jul 22 11:54:40 ip-10-0-0-215 systemd[1]: Started Daily Cleanup of Temporary Directories.
Jul 22 11:54:40 ip-10-0-0-215 systemd[1]: Listening on UUID daemon activation socket.
Jul 22 11:54:40 ip-10-0-0-215 systemd[1]: Started Daily apt download activities.
Jul 22 11:54:40 ip-10-0-0-215 systemd[1]: Started Daily apt upgrade and clean activities.
Jul 22 11:54:40 ip-10-0-0-215 systemd[1]: Reached target Timers.
Jul 22 11:54:40 ip-10-0-0-215 systemd[1]: Starting Socket activation for snappy daemon.
Jul 22 11:54:40 ip-10-0-0-215 systemd[1]: Listening on D-Bus System Message Bus Socket.
Jul 22 11:54:40 ip-10-0-0-215 systemd[1]: Started ACPI Events Check.
Jul 22 11:54:40 ip-10-0-0-215 systemd[1]: Reached target Paths.
Jul 22 11:54:40 ip-10-0-0-215 systemd[1]: Reached target Cloud-config availability.
Jul 22 11:54:40 ip-10-0-0-215 systemd[1]: Listening on LXD - unix socket.
Jul 22 11:54:40 ip-10-0-0-215 iscsid: iSCSI logger with pid=1390 started!
Jul 22 11:54:40 ip-10-0-0-215 iscsid: iSCSI daemon with pid=1391 started!
Jul 22 11:54:40 ip-10-0-0-215 kernel: [    6.302363] acpiphp: Slot [27] registered
Jul 22 11:54:40 ip-10-0-0-215 systemd[1]: Listening on Socket activation for snappy daemon.
Jul 22 11:54:40 ip-10-0-0-215 kernel: [    6.307869] acpiphp: Slot [28] registered
Jul 22 11:54:40 ip-10-0-0-215 kernel: [    6.313181] acpiphp: Slot [29] registered
Jul 22 11:54:40 ip-10-0-0-215 kernel: [    6.318570] acpiphp: Slot [30] registered
Jul 22 11:54:40 ip-10-0-0-215 systemd[1]: Started iSCSI initiator daemon (iscsid).
Jul 22 11:54:40 ip-10-0-0-215 kernel: [    6.323858] acpiphp: Slot [31] registered
Jul 22 11:54:40 ip-10-0-0-215 kernel: [    6.329090] PCI host bridge to bus 0000:00
Jul 22 11:54:40 ip-10-0-0-215 systemd[1]: Starting Login to default iSCSI targets...
Jul 22 11:54:40 ip-10-0-0-215 kernel: [    6.333934] pci_bus 0000:00: root bus resource [io  0x0000-0x0cf7 window]
Jul 22 11:54:40 ip-10-0-0-215 kernel: [    6.341364] pci_bus 0000:00: root bus resource [io  0x0d00-0xffff window]
Jul 22 11:54:40 ip-10-0-0-215 systemd[1]: Reached target Sockets.
Jul 22 11:54:40 ip-10-0-0-215 kernel: [    6.348584] pci_bus 0000:00: root bus resource [mem 0x000a0000-0x000bffff window]
Jul 22 11:54:40 ip-10-0-0-215 kernel: [    6.356609] pci_bus 0000:00: root bus resource [mem 0xf0000000-0xfbffffff window]
Jul 22 11:54:40 ip-10-0-0-215 systemd[1]: Reached target Basic System.
Jul 22 11:54:40 ip-10-0-0-215 kernel: [    6.365230] pci_bus 0000:00: root bus resource [bus 00-ff]
Jul 22 11:54:40 ip-10-0-0-215 kernel: [    6.371486] pci 0000:00:00.0: [8086:1237] type 00 class 0x060000
Jul 22 11:54:40 ip-10-0-0-215 systemd[1]: Starting LXD - container startup/shutdown...
Jul 22 11:54:40 ip-10-0-0-215 kernel: [    6.373979] pci 0000:00:01.0: [8086:7000] type 00 class 0x060100
Jul 22 11:54:40 ip-10-0-0-215 kernel: [    6.377819] pci 0000:00:01.1: [8086:7010] type 00 class 0x010180
Jul 22 11:54:40 ip-10-0-0-215 systemd[1]: Started Unattended Upgrades Shutdown.
Jul 22 11:54:40 ip-10-0-0-215 kernel: [    6.379934] pci 0000:00:01.1: reg 0x20: [io  0xc100-0xc10f]
Jul 22 11:54:40 ip-10-0-0-215 kernel: [    6.380859] pci 0000:00:01.1: legacy IDE quirk: reg 0x10: [io  0x01f0-0x01f7]
Jul 22 11:54:40 ip-10-0-0-215 systemd[1]: Starting Accounts Service...
Jul 22 11:54:40 ip-10-0-0-215 kernel: [    6.388426] pci 0000:00:01.1: legacy IDE quirk: reg 0x14: [io  0x03f6]
Jul 22 11:54:40 ip-10-0-0-215 kernel: [    6.395892] pci 0000:00:01.1: legacy IDE quirk: reg 0x18: [io  0x0170-0x0177]
Jul 22 11:54:40 ip-10-0-0-215 systemd[1]: Starting LSB: Record successful boot for GRUB...
Jul 22 11:54:40 ip-10-0-0-215 kernel: [    6.404314] pci 0000:00:01.1: legacy IDE quirk: reg 0x1c: [io  0x0376]
Jul 22 11:54:40 ip-10-0-0-215 kernel: [    6.412704] pci 0000:00:01.3: [8086:7113] type 00 class 0x068000
Jul 22 11:54:40 ip-10-0-0-215 systemd[1]: Starting Login Service...
Jul 22 11:54:40 ip-10-0-0-215 kernel: [    6.412867] * Found PM-Timer Bug on the chipset. Due to workarounds for a bug,
Jul 22 11:54:40 ip-10-0-0-215 kernel: [    6.412867] * this clock source is slow. Consider trying other clock sources
Jul 22 11:54:40 ip-10-0-0-215 systemd[1]: Starting LSB: MD monitoring daemon...
Jul 22 11:54:40 ip-10-0-0-215 kernel: [    6.431511] pci 0000:00:01.3: quirk: [io  0xb000-0xb03f] claimed by PIIX4 ACPI
Jul 22 11:54:40 ip-10-0-0-215 kernel: [    6.440234] pci 0000:00:02.0: [1013:00b8] type 00 class 0x030000
Jul 22 11:54:40 ip-10-0-0-215 kernel: [    6.440517] pci 0000:00:02.0: reg 0x10: [mem 0xf0000000-0xf1ffffff pref]
Jul 22 11:54:40 ip-10-0-0-215 systemd[1]: Started ACPI event daemon.
Jul 22 11:54:40 ip-10-0-0-215 kernel: [    6.440699] pci 0000:00:02.0: reg 0x14: [mem 0xf3008000-0xf3008fff]
Jul 22 11:54:40 ip-10-0-0-215 kernel: [    6.442250] pci 0000:00:03.0: [8086:10ed] type 00 class 0x020000
Jul 22 11:54:40 ip-10-0-0-215 kernel: [    6.442951] pci 0000:00:03.0: reg 0x10: [mem 0xf3000000-0xf3003fff 64bit pref]
Jul 22 11:54:40 ip-10-0-0-215 acpid: starting up with netlink and the input layer
Jul 22 11:54:40 ip-10-0-0-215 kernel: [    6.443500] pci 0000:00:03.0: reg 0x1c: [mem 0xf3004000-0xf3007fff 64bit pref]
Jul 22 11:54:40 ip-10-0-0-215 kernel: [    6.445454] pci 0000:00:1f.0: [5853:0001] type 00 class 0xff8000
Jul 22 11:54:40 ip-10-0-0-215 kernel: [    6.445787] pci 0000:00:1f.0: reg 0x10: [io  0xc000-0xc0ff]
Jul 22 11:54:40 ip-10-0-0-215 acpid: 1 rule loaded
Jul 22 11:54:40 ip-10-0-0-215 kernel: [    6.445974] pci 0000:00:1f.0: reg 0x14: [mem 0xf2000000-0xf2ffffff pref]
Jul 22 11:54:40 ip-10-0-0-215 kernel: [    6.447498] ACPI: PCI Interrupt Link [LNKA] (IRQs *5 10 11)
Jul 22 11:54:40 ip-10-0-0-215 kernel: [    6.452295] ACPI: PCI Interrupt Link [LNKB] (IRQs 5 *10 11)
Jul 22 11:54:40 ip-10-0-0-215 kernel: [    6.457103] ACPI: PCI Interrupt Link [LNKC] (IRQs 5 10 *11)
Jul 22 11:54:40 ip-10-0-0-215 acpid: waiting for events: event logging is off
Jul 22 11:54:40 ip-10-0-0-215 kernel: [    6.461883] ACPI: PCI Interrupt Link [LNKD] (IRQs *5 10 11)
Jul 22 11:54:40 ip-10-0-0-215 kernel: [    6.483800] ACPI: Enabled 2 GPEs in block 00 to 0F
Jul 22 11:54:40 ip-10-0-0-215 kernel: [    6.491101] xen:balloon: Initialising balloon driver
Jul 22 11:54:40 ip-10-0-0-215 systemd[1]: Started D-Bus System Message Bus.
Jul 22 11:54:40 ip-10-0-0-215 kernel: [    6.498174] vgaarb: setting as boot device: PCI:0000:00:02.0
Jul 22 11:54:40 ip-10-0-0-215 kernel: [    6.504983] vgaarb: device added: PCI:0000:00:02.0,decodes=io+mem,owns=io+mem,locks=none
Jul 22 11:54:40 ip-10-0-0-215 dbus[1415]: [system] AppArmor D-Bus mediation is enabled
Jul 22 11:54:40 ip-10-0-0-215 kernel: [    6.514834] vgaarb: loaded
Jul 22 11:54:40 ip-10-0-0-215 kernel: [    6.518637] vgaarb: bridge control possible 0000:00:02.0
Jul 22 11:54:40 ip-10-0-0-215 dbus[1415]: [system] Activating via systemd: service name='org.freedesktop.PolicyKit1' unit='polkitd.service'
Jul 22 11:54:40 ip-10-0-0-215 kernel: [    6.525436] SCSI subsystem initialized
Jul 22 11:54:40 ip-10-0-0-215 kernel: [    6.530372] libata version 3.00 loaded.
Jul 22 11:54:40 ip-10-0-0-215 kernel: [    6.530395] ACPI: bus type USB registered
Jul 22 11:54:40 ip-10-0-0-215 systemd[1]: Started Deferred execution scheduler.
Jul 22 11:54:40 ip-10-0-0-215 kernel: [    6.535476] usbcore: registered new interface driver usbfs
Jul 22 11:54:40 ip-10-0-0-215 kernel: [    6.541843] usbcore: registered new interface driver hub
Jul 22 11:54:40 ip-10-0-0-215 systemd[1]: Started Regular background program processing daemon.
Jul 22 11:54:40 ip-10-0-0-215 kernel: [    6.547805] usbcore: registered new device driver usb
Jul 22 11:54:40 ip-10-0-0-215 kernel: [    6.553673] PCI: Using ACPI for IRQ routing
Jul 22 11:54:40 ip-10-0-0-215 cron[1426]: (CRON) INFO (pidfile fd = 3)
Jul 22 11:54:40 ip-10-0-0-215 kernel: [    6.558687] PCI: pci_cache_line_size set to 64 bytes
Jul 22 11:54:40 ip-10-0-0-215 kernel: [    6.559491] e820: reserve RAM buffer [mem 0x0009e000-0x0009ffff]
Jul 22 11:54:40 ip-10-0-0-215 kernel: [    6.559645] NetLabel: Initializing
Jul 22 11:54:40 ip-10-0-0-215 systemd[1]: Started FUSE filesystem for LXC.
Jul 22 11:54:40 ip-10-0-0-215 kernel: [    6.563755] NetLabel:  domain hash size = 128
Jul 22 11:54:40 ip-10-0-0-215 kernel: [    6.568828] NetLabel:  protocols = UNLABELED CIPSOv4
Jul 22 11:54:40 ip-10-0-0-215 kernel: [    6.574424] NetLabel:  unlabeled traffic allowed by default
Jul 22 11:54:40 ip-10-0-0-215 cron[1426]: (CRON) INFO (Running @reboot jobs)
Jul 22 11:54:40 ip-10-0-0-215 kernel: [    6.580696] HPET: 3 timers in total, 0 timers will be used for per-cpu timer
Jul 22 11:54:40 ip-10-0-0-215 kernel: [    6.584946] hpet0: at MMIO 0xfed00000, IRQs 2, 8, 0
Jul 22 11:54:40 ip-10-0-0-215 kernel: [    6.589858] hpet0: 3 comparators, 64-bit 62.500000 MHz counter
Jul 22 11:54:40 ip-10-0-0-215 systemd[1]: Starting /etc/rc.local Compatibility...
Jul 22 11:54:40 ip-10-0-0-215 kernel: [    6.597638] amd_nb: Cannot enumerate AMD northbridges
Jul 22 11:54:40 ip-10-0-0-215 kernel: [    6.600726] clocksource: Switched to clocksource xen
Jul 22 11:54:40 ip-10-0-0-215 kernel: [    6.610701] AppArmor: AppArmor Filesystem Enabled
Jul 22 11:54:40 ip-10-0-0-215 systemd[1]: Starting System Logging Service...
Jul 22 11:54:40 ip-10-0-0-215 kernel: [    6.613471] pnp: PnP ACPI init
Jul 22 11:54:40 ip-10-0-0-215 kernel: [    6.615475] system 00:00: [mem 0x00000000-0x0009ffff] could not be reserved
Jul 22 11:54:40 ip-10-0-0-215 kernel: [    6.619275] system 00:00: Plug and Play ACPI device, IDs PNP0c02 (active)
Jul 22 11:54:40 ip-10-0-0-215 systemd[1]: Starting Snappy daemon...
Jul 22 11:54:40 ip-10-0-0-215 kernel: [    6.619330] system 00:01: [io  0x08a0-0x08a3] has been reserved
Jul 22 11:54:40 ip-10-0-0-215 kernel: [    6.622664] system 00:01: [io  0x0cc0-0x0ccf] has been reserved
Jul 22 11:54:40 ip-10-0-0-215 kernel: [    6.625938] system 00:01: [io  0x04d0-0x04d1] has been reserved
Jul 22 11:54:40 ip-10-0-0-215 systemd[1]: Starting Pollinate to seed the pseudo random number generator...
Jul 22 11:54:40 ip-10-0-0-215 kernel: [    6.629290] system 00:01: Plug and Play ACPI device, IDs PNP0c02 (active)
Jul 22 11:54:40 ip-10-0-0-215 kernel: [    6.629312] xen: --> pirq=17 -> irq=8 (gsi=8)
Jul 22 11:54:40 ip-10-0-0-215 kernel: [    6.629326] pnp 00:02: Plug and Play ACPI device, IDs PNP0b00 (active)
Jul 22 11:54:40 ip-10-0-0-215 systemd[1]: Started System Logging Service.
Jul 22 11:54:40 ip-10-0-0-215 kernel: [    6.629345] xen: --> pirq=18 -> irq=12 (gsi=12)
Jul 22 11:54:40 ip-10-0-0-215 kernel: [    6.629357] pnp 00:03: Plug and Play ACPI device, IDs PNP0f13 (active)
Jul 22 11:54:40 ip-10-0-0-215 kernel: [    6.629373] xen: --> pirq=19 -> irq=1 (gsi=1)
Jul 22 11:54:40 ip-10-0-0-215 kernel: [    6.629388] pnp 00:04: Plug and Play ACPI device, IDs PNP0303 PNP030b (active)
Jul 22 11:54:40 ip-10-0-0-215 kernel: [    6.629405] xen: --> pirq=20 -> irq=6 (gsi=6)
Jul 22 11:54:40 ip-10-0-0-215 kernel: [    6.629407] pnp 00:05: [dma 2]
Jul 22 11:54:40 ip-10-0-0-215 kernel: [    6.629419] pnp 00:05: Plug and Play ACPI device, IDs PNP0700 (active)
Jul 22 11:54:40 ip-10-0-0-215 kernel: [    6.629440] xen: --> pirq=21 -> irq=4 (gsi=4)
Jul 22 11:54:40 ip-10-0-0-215 kernel: [    6.629452] pnp 00:06: Plug and Play ACPI device, IDs PNP0501 (active)
Jul 22 11:54:40 ip-10-0-0-215 kernel: [    6.629485] system 00:07: [io  0x10c0-0x1141] has been reserved
Jul 22 11:54:40 ip-10-0-0-215 kernel: [    6.633108] system 00:07: [io  0xb044-0xb047] has been reserved
Jul 22 11:54:40 ip-10-0-0-215 kernel: [    6.637760] system 00:07: Plug and Play ACPI device, IDs PNP0c02 (active)
Jul 22 11:54:40 ip-10-0-0-215 kernel: [    6.657327] pnp: PnP ACPI: found 8 devices
Jul 22 11:54:40 ip-10-0-0-215 kernel: [    6.667154] clocksource: acpi_pm: mask: 0xffffff max_cycles: 0xffffff, max_idle_ns: 2085701024 ns
Jul 22 11:54:40 ip-10-0-0-215 kernel: [    6.674475] pci_bus 0000:00: resource 4 [io  0x0000-0x0cf7 window]
Jul 22 11:54:40 ip-10-0-0-215 kernel: [    6.674477] pci_bus 0000:00: resource 5 [io  0x0d00-0xffff window]
Jul 22 11:54:40 ip-10-0-0-215 kernel: [    6.674479] pci_bus 0000:00: resource 6 [mem 0x000a0000-0x000bffff window]
Jul 22 11:54:40 ip-10-0-0-215 kernel: [    6.674481] pci_bus 0000:00: resource 7 [mem 0xf0000000-0xfbffffff window]
Jul 22 11:54:40 ip-10-0-0-215 kernel: [    6.674582] NET: Registered protocol family 2
Jul 22 11:54:40 ip-10-0-0-215 kernel: [    6.678782] TCP established hash table entries: 524288 (order: 10, 4194304 bytes)
Jul 22 11:54:40 ip-10-0-0-215 kernel: [    6.685570] TCP bind hash table entries: 65536 (order: 8, 1048576 bytes)
Jul 22 11:54:40 ip-10-0-0-215 kernel: [    6.690800] TCP: Hash tables configured (established 524288 bind 65536)
Jul 22 11:54:40 ip-10-0-0-215 kernel: [    6.696257] UDP hash table entries: 32768 (order: 8, 1048576 bytes)
Jul 22 11:54:40 ip-10-0-0-215 kernel: [    6.701363] UDP-Lite hash table entries: 32768 (order: 8, 1048576 bytes)
Jul 22 11:54:40 ip-10-0-0-215 kernel: [    6.707004] NET: Registered protocol family 1
Jul 22 11:54:40 ip-10-0-0-215 kernel: [    6.709948] pci 0000:00:00.0: Limiting direct PCI/PCI transfers
Jul 22 11:54:40 ip-10-0-0-215 kernel: [    6.713201] pci 0000:00:01.0: PIIX3: Enabling Passive Release
Jul 22 11:54:40 ip-10-0-0-215 kernel: [    6.716419] pci 0000:00:01.0: Activating ISA DMA hang workarounds
Jul 22 11:54:40 ip-10-0-0-215 kernel: [    6.719989] pci 0000:00:02.0: Video device with shadowed ROM
Jul 22 11:54:40 ip-10-0-0-215 kernel: [    6.720083] PCI: CLS 0 bytes, default 64
Jul 22 11:54:40 ip-10-0-0-215 kernel: [    6.720121] Trying to unpack rootfs image as initramfs...
Jul 22 11:54:40 ip-10-0-0-215 kernel: [    6.874387] Freeing initrd memory: 12412K
Jul 22 11:54:40 ip-10-0-0-215 kernel: [    6.878019] PCI-DMA: Using software bounce buffering for IO (SWIOTLB)
Jul 22 11:54:40 ip-10-0-0-215 kernel: [    6.883316] software IO TLB [mem 0xec000000-0xf0000000] (64MB) mapped at [ffff8800ec000000-ffff8800efffffff]
Jul 22 11:54:40 ip-10-0-0-215 kernel: [    6.891469] RAPL PMU detected, API unit is 2^-32 Joules, 3 fixed counters 655360 ms ovfl timer
Jul 22 11:54:40 ip-10-0-0-215 kernel: [    6.898667] hw unit of domain pp0-core 2^-14 Joules
Jul 22 11:54:40 ip-10-0-0-215 kernel: [    6.902947] hw unit of domain package 2^-14 Joules
Jul 22 11:54:40 ip-10-0-0-215 kernel: [    6.906928] hw unit of domain dram 2^-16 Joules
Jul 22 11:54:40 ip-10-0-0-215 kernel: [    6.910781] Scanning for low memory corruption every 60 seconds
Jul 22 11:54:40 ip-10-0-0-215 kernel: [    6.917098] audit: initializing netlink subsys (disabled)
Jul 22 11:54:40 ip-10-0-0-215 kernel: [    6.921942] audit: type=2000 audit(1563796472.380:1): initialized
Jul 22 11:54:40 ip-10-0-0-215 kernel: [    6.927735] Initialise system trusted keyring
Jul 22 11:54:40 ip-10-0-0-215 kernel: [    6.932300] HugeTLB registered 1 GB page size, pre-allocated 0 pages
Jul 22 11:54:40 ip-10-0-0-215 kernel: [    6.938063] HugeTLB registered 2 MB page size, pre-allocated 0 pages
Jul 22 11:54:40 ip-10-0-0-215 kernel: [    6.944949] zbud: loaded
Jul 22 11:54:40 ip-10-0-0-215 kernel: [    6.948174] VFS: Disk quotas dquot_6.6.0
Jul 22 11:54:40 ip-10-0-0-215 kernel: [    6.951976] VFS: Dquot-cache hash table entries: 512 (order 0, 4096 bytes)
Jul 22 11:54:40 ip-10-0-0-215 kernel: [    6.958232] squashfs: version 4.0 (2009/01/31) Phillip Lougher
Jul 22 11:54:40 ip-10-0-0-215 kernel: [    6.963983] fuse init (API version 7.23)
Jul 22 11:54:40 ip-10-0-0-215 kernel: [    6.968057] Key type big_key registered
Jul 22 11:54:40 ip-10-0-0-215 kernel: [    6.971745] Allocating IMA MOK and blacklist keyrings.
Jul 22 11:54:40 ip-10-0-0-215 kernel: [    6.976956] Key type asymmetric registered
Jul 22 11:54:40 ip-10-0-0-215 kernel: [    6.980982] Asymmetric key parser 'x509' registered
Jul 22 11:54:40 ip-10-0-0-215 kernel: [    6.985559] Block layer SCSI generic (bsg) driver version 0.4 loaded (major 249)
Jul 22 11:54:40 ip-10-0-0-215 kernel: [    6.992340] io scheduler noop registered
Jul 22 11:54:40 ip-10-0-0-215 kernel: [    6.996277] io scheduler deadline registered (default)
Jul 22 11:54:40 ip-10-0-0-215 kernel: [    7.001079] io scheduler cfq registered
Jul 22 11:54:40 ip-10-0-0-215 kernel: [    7.005033] pci_hotplug: PCI Hot Plug PCI Core version: 0.5
Jul 22 11:54:40 ip-10-0-0-215 kernel: [    7.010063] pciehp: PCI Express Hot Plug Controller Driver version: 0.4
Jul 22 11:54:40 ip-10-0-0-215 kernel: [    7.015675] intel_idle: MWAIT substates: 0x2120
Jul 22 11:54:40 ip-10-0-0-215 kernel: [    7.015752] intel_idle: v0.4.1 model 0x3F
Jul 22 11:54:40 ip-10-0-0-215 kernel: [    7.015753] intel_idle: lapic_timer_reliable_states 0x2
Jul 22 11:54:40 ip-10-0-0-215 kernel: [    7.016943] input: Power Button as /devices/LNXSYSTM:00/LNXPWRBN:00/input/input0
Jul 22 11:54:40 ip-10-0-0-215 kernel: [    7.023673] ACPI: Power Button [PWRF]
Jul 22 11:54:40 ip-10-0-0-215 kernel: [    7.027405] input: Sleep Button as /devices/LNXSYSTM:00/LNXSLPBN:00/input/input1
Jul 22 11:54:40 ip-10-0-0-215 kernel: [    7.034273] ACPI: Sleep Button [SLPF]
Jul 22 11:54:40 ip-10-0-0-215 kernel: [    7.038731] xen: --> pirq=22 -> irq=47 (gsi=47)
Jul 22 11:54:40 ip-10-0-0-215 kernel: [    7.038842] xen:grant_table: Grant tables using version 1 layout
Jul 22 11:54:40 ip-10-0-0-215 kernel: [    7.044111] Grant table initialized
Jul 22 11:54:40 ip-10-0-0-215 kernel: [    7.047617] Cannot get hvm parameter CONSOLE_EVTCHN (18): -22!
Jul 22 11:54:40 ip-10-0-0-215 kernel: [    7.052645] Serial: 8250/16550 driver, 4 ports, IRQ sharing enabled
Jul 22 11:54:40 ip-10-0-0-215 kernel: [    7.087306] 00:06: ttyS0 at I/O 0x3f8 (irq = 4, base_baud = 115200) is a 16550A
Jul 22 11:54:40 ip-10-0-0-215 kernel: [    7.094410] Linux agpgart interface v0.103
Jul 22 11:54:40 ip-10-0-0-215 kernel: [    7.106585] brd: module loaded
Jul 22 11:54:40 ip-10-0-0-215 kernel: [    7.113644] loop: module loaded
Jul 22 11:54:40 ip-10-0-0-215 kernel: [    7.117907] ata_piix 0000:00:01.1: version 2.13
Jul 22 11:54:40 ip-10-0-0-215 kernel: [    7.118960] scsi host0: ata_piix
Jul 22 11:54:40 ip-10-0-0-215 kernel: [    7.121109] blkfront: xvda: barrier or flush: disabled; persistent grants: disabled; indirect descriptors: enabled;
Jul 22 11:54:40 ip-10-0-0-215 kernel: [    7.121849]  xvda: xvda1
Jul 22 11:54:40 ip-10-0-0-215 kernel: [    7.134379] scsi host1: ata_piix
Jul 22 11:54:40 ip-10-0-0-215 kernel: [    7.137719] ata1: PATA max MWDMA2 cmd 0x1f0 ctl 0x3f6 bmdma 0xc100 irq 14
Jul 22 11:54:40 ip-10-0-0-215 kernel: [    7.143005] ata2: PATA max MWDMA2 cmd 0x170 ctl 0x376 bmdma 0xc108 irq 15
Jul 22 11:54:40 ip-10-0-0-215 kernel: [    7.148523] libphy: Fixed MDIO Bus: probed
Jul 22 11:54:40 ip-10-0-0-215 kernel: [    7.152012] tun: Universal TUN/TAP device driver, 1.6
Jul 22 11:54:40 ip-10-0-0-215 kernel: [    7.156243] tun: (C) 1999-2004 Max Krasnyansky <maxk@qualcomm.com>
Jul 22 11:54:40 ip-10-0-0-215 kernel: [    7.161305] PPP generic driver version 2.4.2
Jul 22 11:54:40 ip-10-0-0-215 kernel: [    7.165223] xen_netfront: Initialising Xen virtual ethernet driver
Jul 22 11:54:40 ip-10-0-0-215 kernel: [    7.170375] ehci_hcd: USB 2.0 'Enhanced' Host Controller (EHCI) Driver
Jul 22 11:54:40 ip-10-0-0-215 kernel: [    7.175669] ehci-pci: EHCI PCI platform driver
Jul 22 11:54:40 ip-10-0-0-215 kernel: [    7.179541] ehci-platform: EHCI generic platform driver
Jul 22 11:54:40 ip-10-0-0-215 kernel: [    7.183953] ohci_hcd: USB 1.1 'Open' Host Controller (OHCI) Driver
Jul 22 11:54:40 ip-10-0-0-215 kernel: [    7.189248] ohci-pci: OHCI PCI platform driver
Jul 22 11:54:40 ip-10-0-0-215 kernel: [    7.193131] ohci-platform: OHCI generic platform driver
Jul 22 11:54:40 ip-10-0-0-215 kernel: [    7.197789] uhci_hcd: USB Universal Host Controller Interface driver
Jul 22 11:54:40 ip-10-0-0-215 kernel: [    7.203549] i8042: PNP: PS/2 Controller [PNP0303:PS2K,PNP0f13:PS2M] at 0x60,0x64 irq 1,12
Jul 22 11:54:40 ip-10-0-0-215 kernel: [    7.213645] serio: i8042 KBD port at 0x60,0x64 irq 1
Jul 22 11:54:40 ip-10-0-0-215 kernel: [    7.218476] serio: i8042 AUX port at 0x60,0x64 irq 12
Jul 22 11:54:40 ip-10-0-0-215 kernel: [    7.223285] mousedev: PS/2 mouse device common for all mice
Jul 22 11:54:40 ip-10-0-0-215 kernel: [    7.228936] rtc_cmos 00:02: rtc core: registered rtc_cmos as rtc0
Jul 22 11:54:40 ip-10-0-0-215 kernel: [    7.234774] rtc_cmos 00:02: alarms up to one day, 114 bytes nvram, hpet irqs
Jul 22 11:54:40 ip-10-0-0-215 kernel: [    7.241378] i2c /dev entries driver
Jul 22 11:54:40 ip-10-0-0-215 kernel: [    7.245111] device-mapper: uevent: version 1.0.3
Jul 22 11:54:40 ip-10-0-0-215 kernel: [    7.249917] device-mapper: ioctl: 4.34.0-ioctl (2015-10-28) initialised: dm-devel@redhat.com
Jul 22 11:54:40 ip-10-0-0-215 kernel: [    7.250158] input: AT Translated Set 2 keyboard as /devices/platform/i8042/serio0/input/input2
Jul 22 11:54:40 ip-10-0-0-215 kernel: [    7.265234] Intel P-state driver initializing.
Jul 22 11:54:40 ip-10-0-0-215 kernel: [    7.272272] NET: Registered protocol family 10
Jul 22 11:54:40 ip-10-0-0-215 kernel: [    7.278947] NET: Registered protocol family 17
Jul 22 11:54:40 ip-10-0-0-215 kernel: [    7.283240] Key type dns_resolver registered
Jul 22 11:54:40 ip-10-0-0-215 kernel: [    7.288150] registered taskstats version 1
Jul 22 11:54:40 ip-10-0-0-215 kernel: [    7.291816] Loading compiled-in X.509 certificates
Jul 22 11:54:40 ip-10-0-0-215 kernel: [    7.296692] Loaded X.509 cert 'Build time autogenerated kernel key: 999331f4e42d791a53730c2883c63539f919e8cf'
Jul 22 11:54:40 ip-10-0-0-215 kernel: [    7.304619] zswap: loaded using pool lzo/zbud
Jul 22 11:54:40 ip-10-0-0-215 kernel: [    7.311303] Key type trusted registered
Jul 22 11:54:40 ip-10-0-0-215 kernel: [    7.318361] Key type encrypted registered
Jul 22 11:54:40 ip-10-0-0-215 kernel: [    7.321256] random: nonblocking pool is initialized
Jul 22 11:54:40 ip-10-0-0-215 kernel: [    7.326187] AppArmor: AppArmor sha1 policy hashing enabled
Jul 22 11:54:40 ip-10-0-0-215 kernel: [    7.330864] ima: No TPM chip found, activating TPM-bypass!
Jul 22 11:54:40 ip-10-0-0-215 kernel: [    7.335425] ima: Allocated hash algorithm: sha1
Jul 22 11:54:40 ip-10-0-0-215 kernel: [    7.339647] evm: HMAC attrs: 0x1
Jul 22 11:54:40 ip-10-0-0-215 kernel: [    7.342990] xenbus_probe_frontend: Device with no driver: device/pci/0
Jul 22 11:54:40 ip-10-0-0-215 kernel: [    7.348746]   Magic number: 11:715:934
Jul 22 11:54:40 ip-10-0-0-215 kernel: [    7.353431] clockevents clockevent23: hash matches
Jul 22 11:54:40 ip-10-0-0-215 kernel: [    7.357641] acpi device:fe: hash matches
Jul 22 11:54:40 ip-10-0-0-215 kernel: [    7.361287] rtc_cmos 00:02: setting system clock to 2019-07-22 11:54:33 UTC (1563796473)
Jul 22 11:54:40 ip-10-0-0-215 kernel: [    7.367870] BIOS EDD facility v0.16 2004-Jun-25, 0 devices found
Jul 22 11:54:40 ip-10-0-0-215 kernel: [    7.372477] EDD information not available.
Jul 22 11:54:40 ip-10-0-0-215 kernel: [    7.375878] PM: Hibernation image not present or could not be loaded.
Jul 22 11:54:40 ip-10-0-0-215 kernel: [    7.377949] Freeing unused kernel memory: 1504K
Jul 22 11:54:40 ip-10-0-0-215 kernel: [    7.404850] Write protecting the kernel read-only data: 14336k
Jul 22 11:54:40 ip-10-0-0-215 kernel: [    7.410558] Freeing unused kernel memory: 1856K
Jul 22 11:54:40 ip-10-0-0-215 kernel: [    7.414680] Freeing unused kernel memory: 208K
Jul 22 11:54:40 ip-10-0-0-215 kernel: [    7.498870] ixgbevf: Intel(R) 10 Gigabit PCI Express Virtual Function Network Driver - version 2.12.1-k
Jul 22 11:54:40 ip-10-0-0-215 kernel: [    7.530049] ixgbevf: Copyright (c) 2009 - 2015 Intel Corporation.
Jul 22 11:54:40 ip-10-0-0-215 kernel: [    7.549011] AVX2 version of gcm_enc/dec engaged.
Jul 22 11:54:40 ip-10-0-0-215 kernel: [    7.550468] ixgbevf 0000:00:03.0: 02:dc:42:9d:72:16
Jul 22 11:54:40 ip-10-0-0-215 kernel: [    7.550470] ixgbevf 0000:00:03.0: MAC: 1
Jul 22 11:54:40 ip-10-0-0-215 kernel: [    7.550471] ixgbevf 0000:00:03.0: Intel(R) 82599 Virtual Function
Jul 22 11:54:40 ip-10-0-0-215 kernel: [    7.565035] ixgbevf 0000:00:03.0 ens3: renamed from eth0
Jul 22 11:54:40 ip-10-0-0-215 kernel: [    7.572809] AES CTR mode by8 optimization enabled
Jul 22 11:54:40 ip-10-0-0-215 kernel: [    7.908807] tsc: Refined TSC clocksource calibration: 2900.001 MHz
Jul 22 11:54:40 ip-10-0-0-215 kernel: [    7.913742] clocksource: tsc: mask: 0xffffffffffffffff max_cycles: 0x29cd442fade, max_idle_ns: 440795348666 ns
Jul 22 11:54:40 ip-10-0-0-215 kernel: [    9.035090] md: linear personality registered for level -1
Jul 22 11:54:40 ip-10-0-0-215 kernel: [    9.042499] md: multipath personality registered for level -4
Jul 22 11:54:40 ip-10-0-0-215 kernel: [    9.050298] md: raid0 personality registered for level 0
Jul 22 11:54:40 ip-10-0-0-215 kernel: [    9.058088] md: raid1 personality registered for level 1
Jul 22 11:54:40 ip-10-0-0-215 kernel: [    9.112789] raid6: sse2x1   gen() 10100 MB/s
Jul 22 11:54:40 ip-10-0-0-215 kernel: [    9.160783] raid6: sse2x1   xor()  7971 MB/s
Jul 22 11:54:40 ip-10-0-0-215 kernel: [    9.208759] raid6: sse2x2   gen() 13024 MB/s
Jul 22 11:54:40 ip-10-0-0-215 kernel: [    9.256782] raid6: sse2x2   xor()  8771 MB/s
Jul 22 11:54:40 ip-10-0-0-215 kernel: [    9.304784] raid6: sse2x4   gen() 15089 MB/s
Jul 22 11:54:40 ip-10-0-0-215 kernel: [    9.352781] raid6: sse2x4   xor() 10434 MB/s
Jul 22 11:54:40 ip-10-0-0-215 kernel: [    9.400801] raid6: avx2x1   gen() 19881 MB/s
Jul 22 11:54:40 ip-10-0-0-215 kernel: [    9.448785] raid6: avx2x2   gen() 23105 MB/s
Jul 22 11:54:40 ip-10-0-0-215 kernel: [    9.496786] raid6: avx2x4   gen() 27015 MB/s
Jul 22 11:54:40 ip-10-0-0-215 kernel: [    9.500522] raid6: using algorithm avx2x4 gen() 27015 MB/s
Jul 22 11:54:40 ip-10-0-0-215 kernel: [    9.505227] raid6: using avx2x2 recovery algorithm
Jul 22 11:54:40 ip-10-0-0-215 kernel: [    9.510799] xor: automatically using best checksumming function:
Jul 22 11:54:40 ip-10-0-0-215 kernel: [    9.552792]    avx       : 30754.000 MB/sec
Jul 22 11:54:40 ip-10-0-0-215 kernel: [    9.558193] async_tx: api initialized (async)
Jul 22 11:54:40 ip-10-0-0-215 kernel: [    9.570043] md: raid6 personality registered for level 6
Jul 22 11:54:40 ip-10-0-0-215 kernel: [    9.574787] md: raid5 personality registered for level 5
Jul 22 11:54:40 ip-10-0-0-215 kernel: [    9.579439] md: raid4 personality registered for level 4
Jul 22 11:54:40 ip-10-0-0-215 kernel: [    9.589167] md: raid10 personality registered for level 10
Jul 22 11:54:40 ip-10-0-0-215 kernel: [    9.623602] Btrfs loaded
Jul 22 11:54:40 ip-10-0-0-215 kernel: [    9.662170] EXT4-fs (xvda1): mounted filesystem with ordered data mode. Opts: (null)
Jul 22 11:54:40 ip-10-0-0-215 kernel: [   10.113283] Loading iSCSI transport class v2.0-870.
Jul 22 11:54:40 ip-10-0-0-215 kernel: [   10.123237] EXT4-fs (xvda1): re-mounted. Opts: discard
Jul 22 11:54:40 ip-10-0-0-215 kernel: [   10.140603] iscsi: registered transport (tcp)
Jul 22 11:54:40 ip-10-0-0-215 kernel: [   10.207919] iscsi: registered transport (iser)
Jul 22 11:54:40 ip-10-0-0-215 kernel: [   11.939190] audit: type=1400 audit(1563796478.072:2): apparmor="STATUS" operation="profile_load" profile="unconfined" name="/usr/bin/lxc-start" pid=988 comm="apparmor_parser"
Jul 22 11:54:40 ip-10-0-0-215 kernel: [   11.984557] audit: type=1400 audit(1563796478.116:3): apparmor="STATUS" operation="profile_load" profile="unconfined" name="/usr/lib/lxd/lxd-bridge-proxy" pid=985 comm="apparmor_parser"
Jul 22 11:54:40 ip-10-0-0-215 kernel: [   12.002094] audit: type=1400 audit(1563796478.136:4): apparmor="STATUS" operation="profile_load" profile="unconfined" name="/usr/sbin/tcpdump" pid=986 comm="apparmor_parser"
Jul 22 11:54:40 ip-10-0-0-215 kernel: [   12.058189] audit: type=1400 audit(1563796478.192:5): apparmor="STATUS" operation="profile_load" profile="unconfined" name="/sbin/dhclient" pid=987 comm="apparmor_parser"
Jul 22 11:54:40 ip-10-0-0-215 kernel: [   12.058457] audit: type=1400 audit(1563796478.192:6): apparmor="STATUS" operation="profile_load" profile="unconfined" name="/usr/lib/NetworkManager/nm-dhcp-client.action" pid=987 comm="apparmor_parser"
Jul 22 11:54:40 ip-10-0-0-215 kernel: [   12.058704] audit: type=1400 audit(1563796478.192:7): apparmor="STATUS" operation="profile_load" profile="unconfined" name="/usr/lib/NetworkManager/nm-dhcp-helper" pid=987 comm="apparmor_parser"
Jul 22 11:54:40 ip-10-0-0-215 kernel: [   12.058937] audit: type=1400 audit(1563796478.192:8): apparmor="STATUS" operation="profile_load" profile="unconfined" name="/usr/lib/connman/scripts/dhclient-script" pid=987 comm="apparmor_parser"
Jul 22 11:54:40 ip-10-0-0-215 kernel: [   12.115191] audit: type=1400 audit(1563796478.248:9): apparmor="STATUS" operation="profile_load" profile="unconfined" name="/usr/lib/snapd/snap-confine" pid=990 comm="apparmor_parser"
Jul 22 11:54:40 ip-10-0-0-215 kernel: [   12.115332] audit: type=1400 audit(1563796478.248:10): apparmor="STATUS" operation="profile_load" profile="unconfined" name="/usr/lib/snapd/snap-confine//mount-namespace-capture-helper" pid=990 comm="apparmor_parser"
Jul 22 11:54:40 ip-10-0-0-215 kernel: [   12.130214] audit: type=1400 audit(1563796478.264:11): apparmor="STATUS" operation="profile_load" profile="unconfined" name="lxc-container-default" pid=991 comm="apparmor_parser"
Jul 22 11:54:40 ip-10-0-0-215 kernel: [   12.353411] ixgbevf 0000:00:03.0: NIC Link is Up 10 Gbps
Jul 22 11:54:40 ip-10-0-0-215 kernel: [   12.354928] IPv6: ADDRCONF(NETDEV_UP): ens3: link is not ready
Jul 22 11:54:40 ip-10-0-0-215 kernel: [   12.354953] IPv6: ADDRCONF(NETDEV_CHANGE): ens3: link becomes ready
Jul 22 11:54:40 ip-10-0-0-215 kernel: [   12.743445] ixgbevf 0000:00:03.0: NIC Link is Up 10 Gbps
Jul 22 11:54:40 ip-10-0-0-215 kernel: [   12.744965] IPv6: ADDRCONF(NETDEV_UP): ens3: link is not ready
Jul 22 11:54:40 ip-10-0-0-215 kernel: [   12.744989] IPv6: ADDRCONF(NETDEV_CHANGE): ens3: link becomes ready
Jul 22 11:54:40 ip-10-0-0-215 kernel: [   13.344442] EXT4-fs (xvda1): resizing filesystem from 2096891 to 7864059 blocks
Jul 22 11:54:40 ip-10-0-0-215 kernel: [   13.355008] EXT4-fs (xvda1): resized filesystem to 7864059
Jul 22 11:54:40 ip-10-0-0-215 kernel: [   14.330426] cgroup: new mount options do not match the existing superblock, will be ignored
Jul 22 11:54:40 ip-10-0-0-215 systemd[1]: Started LXD - container startup/shutdown.
Jul 22 11:54:40 ip-10-0-0-215 pollinate[1443]: client sent challenge to [https://entropy.ubuntu.com/]
Jul 22 11:54:40 ip-10-0-0-215 systemd[1]: Started /etc/rc.local Compatibility.
Jul 22 11:54:40 ip-10-0-0-215 lxcfs[1428]: hierarchies:
Jul 22 11:54:40 ip-10-0-0-215 lxcfs[1428]:   0: fd:   5: freezer
Jul 22 11:54:40 ip-10-0-0-215 lxcfs[1428]:   1: fd:   6: pids
Jul 22 11:54:40 ip-10-0-0-215 lxcfs[1428]:   2: fd:   7: perf_event
Jul 22 11:54:40 ip-10-0-0-215 lxcfs[1428]:   3: fd:   8: memory
Jul 22 11:54:40 ip-10-0-0-215 lxcfs[1428]:   4: fd:   9: cpuset
Jul 22 11:54:40 ip-10-0-0-215 lxcfs[1428]:   5: fd:  10: devices
Jul 22 11:54:40 ip-10-0-0-215 lxcfs[1428]:   6: fd:  11: hugetlb
Jul 22 11:54:40 ip-10-0-0-215 lxcfs[1428]:   7: fd:  12: cpu,cpuacct
Jul 22 11:54:40 ip-10-0-0-215 lxcfs[1428]:   8: fd:  13: net_cls,net_prio
Jul 22 11:54:40 ip-10-0-0-215 lxcfs[1428]:   9: fd:  14: blkio
Jul 22 11:54:40 ip-10-0-0-215 lxcfs[1428]:  10: fd:  15: name=systemd
Jul 22 11:54:40 ip-10-0-0-215 iscsiadm[1478]: iscsiadm: No records found
Jul 22 11:54:40 ip-10-0-0-215 systemd[1]: Started Login to default iSCSI targets.
Jul 22 11:54:40 ip-10-0-0-215 mdadm[1407]:  * Starting MD monitoring service mdadm --monitor
Jul 22 11:54:40 ip-10-0-0-215 systemd[1]: Started LSB: Record successful boot for GRUB.
Jul 22 11:54:40 ip-10-0-0-215 mdadm[1407]:    ...done.
Jul 22 11:54:40 ip-10-0-0-215 systemd[1]: Started LSB: MD monitoring daemon.
Jul 22 11:54:40 ip-10-0-0-215 snapd[1439]: AppArmor status: apparmor is enabled and all features are available
Jul 22 11:54:40 ip-10-0-0-215 systemd[1]: Started Login Service.
Jul 22 11:54:40 ip-10-0-0-215 systemd[1]: Starting Authenticate and Authorize Users to Run Privileged Tasks...
Jul 22 11:54:40 ip-10-0-0-215 systemd[1]: Reached target Remote File Systems (Pre).
Jul 22 11:54:40 ip-10-0-0-215 systemd[1]: Reached target Remote File Systems.
Jul 22 11:54:40 ip-10-0-0-215 systemd[1]: Starting LSB: Set the CPU Frequency Scaling governor to "ondemand"...
Jul 22 11:54:40 ip-10-0-0-215 systemd[1]: Starting Permit User Sessions...
Jul 22 11:54:40 ip-10-0-0-215 polkitd[1507]: started daemon version 0.105 using authority implementation `local' version `0.105'
Jul 22 11:54:40 ip-10-0-0-215 dbus[1415]: [system] Successfully activated service 'org.freedesktop.PolicyKit1'
Jul 22 11:54:40 ip-10-0-0-215 systemd[1]: Starting LSB: automatic crash report generation...
Jul 22 11:54:40 ip-10-0-0-215 accounts-daemon[1397]: started daemon version 0.6.40
Jul 22 11:54:40 ip-10-0-0-215 systemd[1]: Starting LSB: daemon to balance interrupts for SMP systems...
Jul 22 11:54:40 ip-10-0-0-215 systemd[1]: Started Permit User Sessions.
Jul 22 11:54:40 ip-10-0-0-215 systemd[1]: Started Authenticate and Authorize Users to Run Privileged Tasks.
Jul 22 11:54:40 ip-10-0-0-215 systemd[1]: Started Accounts Service.
Jul 22 11:54:40 ip-10-0-0-215 snapd[1439]: 2019/07/22 11:54:40.673682 helpers.go:119: error trying to compare the snap system key: system-key missing on disk
Jul 22 11:54:40 ip-10-0-0-215 systemd[1]: Started LSB: Set the CPU Frequency Scaling governor to "ondemand".
Jul 22 11:54:40 ip-10-0-0-215 snapd[1439]: 2019/07/22 11:54:40.679043 daemon.go:343: started snapd/2.34.2 (series 16; classic) ubuntu/16.04 (amd64) linux/4.4.0-1067-aws.
Jul 22 11:54:40 ip-10-0-0-215 systemd[1]: Started Snappy daemon.
Jul 22 11:54:40 ip-10-0-0-215 apport[1527]:  * Starting automatic crash report generation: apport
Jul 22 11:54:40 ip-10-0-0-215 apport[1527]:    ...done.
Jul 22 11:54:40 ip-10-0-0-215 systemd[1]: Starting Wait until snapd is fully seeded...
Jul 22 11:54:40 ip-10-0-0-215 pollinate[1443]: client verified challenge/response with [https://entropy.ubuntu.com/]
Jul 22 11:54:40 ip-10-0-0-215 irqbalance[1533]:  * Starting SMP IRQ Balancer: irqbalance
Jul 22 11:54:40 ip-10-0-0-215 irqbalance[1533]:    ...done.
Jul 22 11:54:40 ip-10-0-0-215 pollinate[1443]: client hashed response from [https://entropy.ubuntu.com/]
Jul 22 11:54:40 ip-10-0-0-215 pollinate[1443]: client successfully seeded [/dev/urandom]
Jul 22 11:54:40 ip-10-0-0-215 systemd[1]: Starting Terminate Plymouth Boot Screen...
Jul 22 11:54:40 ip-10-0-0-215 systemd[1]: Starting Hold until boot process finishes up...
Jul 22 11:54:40 ip-10-0-0-215 systemd[1]: Started Pollinate to seed the pseudo random number generator.
Jul 22 11:54:40 ip-10-0-0-215 systemd[1]: Started LSB: automatic crash report generation.
Jul 22 11:54:40 ip-10-0-0-215 systemd[1]: Started LSB: daemon to balance interrupts for SMP systems.
Jul 22 11:54:40 ip-10-0-0-215 systemd[1]: Started Terminate Plymouth Boot Screen.
Jul 22 11:54:40 ip-10-0-0-215 systemd[1]: Started Hold until boot process finishes up.
Jul 22 11:54:40 ip-10-0-0-215 systemd[1]: Starting Set console scheme...
Jul 22 11:54:40 ip-10-0-0-215 systemd[1]: Started Getty on tty1.
Jul 22 11:54:40 ip-10-0-0-215 systemd[1]: Started Serial Getty on ttyS0.
Jul 22 11:54:40 ip-10-0-0-215 systemd[1]: Reached target Login Prompts.
Jul 22 11:54:40 ip-10-0-0-215 systemd[1]: Starting OpenBSD Secure Shell server...
Jul 22 11:54:40 ip-10-0-0-215 systemd[1]: Started Set console scheme.
Jul 22 11:54:40 ip-10-0-0-215 systemd[1]: Started OpenBSD Secure Shell server.
Jul 22 11:54:42 ip-10-0-0-215 systemd[1]: Reloading.
Jul 22 11:54:42 ip-10-0-0-215 systemd[1]: Started ACPI event daemon.
Jul 22 11:54:42 ip-10-0-0-215 systemd[1]: Reloading.
Jul 22 11:54:42 ip-10-0-0-215 systemd[1]: Started ACPI event daemon.
Jul 22 11:54:42 ip-10-0-0-215 systemd[1]: Mounting Mount unit for core, revision 5328...
Jul 22 11:54:43 ip-10-0-0-215 systemd[1]: Mounted Mount unit for core, revision 5328.
Jul 22 11:54:43 ip-10-0-0-215 snapd[1439]: 2019/07/22 11:54:43.059497 backend.go:303: cannot create host snap-confine apparmor configuration: cannot synchronize snap-confine apparmor profile: open /var/lib/snapd/apparmor/profiles/snap-confine.core.5328.rb7yl0JcSPpF~: no such file or directory
Jul 22 11:54:43 ip-10-0-0-215 kernel: [   17.019494] audit_printk_skb: 12 callbacks suppressed
Jul 22 11:54:43 ip-10-0-0-215 kernel: [   17.019497] audit: type=1400 audit(1563796483.152:16): apparmor="STATUS" operation="profile_load" profile="unconfined" name="snap.core.hook.configure" pid=2140 comm="apparmor_parser"
Jul 22 11:54:44 ip-10-0-0-215 snapd[1439]: 2019/07/22 11:54:44.305356 daemon.go:531: gracefully waiting for running hooks
Jul 22 11:54:44 ip-10-0-0-215 snapd[1439]: 2019/07/22 11:54:44.305380 daemon.go:533: done waiting for running hooks
Jul 22 11:54:44 ip-10-0-0-215 systemd[1]: snapd.service: Service hold-off time over, scheduling restart.
Jul 22 11:54:44 ip-10-0-0-215 systemd[1]: Stopped Snappy daemon.
Jul 22 11:54:44 ip-10-0-0-215 systemd[1]: Starting Snappy daemon...
Jul 22 11:54:44 ip-10-0-0-215 snapd[2306]: AppArmor status: apparmor is enabled and all features are available
Jul 22 11:54:45 ip-10-0-0-215 kernel: [   19.173702] audit: type=1400 audit(1563796485.308:17): apparmor="STATUS" operation="profile_load" profile="unconfined" name="/snap/core/5328/usr/lib/snapd/snap-confine" pid=2334 comm="apparmor_parser"
Jul 22 11:54:45 ip-10-0-0-215 kernel: [   19.173852] audit: type=1400 audit(1563796485.308:18): apparmor="STATUS" operation="profile_load" profile="unconfined" name="/snap/core/5328/usr/lib/snapd/snap-confine//mount-namespace-capture-helper" pid=2334 comm="apparmor_parser"
Jul 22 11:54:45 ip-10-0-0-215 kernel: [   19.204262] audit: type=1400 audit(1563796485.336:19): apparmor="STATUS" operation="profile_replace" profile="unconfined" name="snap-update-ns.core" pid=2337 comm="apparmor_parser"
Jul 22 11:54:45 ip-10-0-0-215 kernel: [   19.264598] audit: type=1400 audit(1563796485.396:20): apparmor="STATUS" operation="profile_replace" profile="unconfined" name="snap.core.hook.configure" pid=2339 comm="apparmor_parser"
Jul 22 11:54:45 ip-10-0-0-215 snapd[2306]: AppArmor status: apparmor is enabled and all features are available
Jul 22 11:54:45 ip-10-0-0-215 snapd[2306]: daemon.go:344: started snapd/2.35 (series 16; classic) ubuntu/16.04 (amd64) linux/4.4.0-1067-aws.
Jul 22 11:54:45 ip-10-0-0-215 systemd[1]: Started Snappy daemon.
Jul 22 11:54:45 ip-10-0-0-215 systemd[1]: Reloading.
Jul 22 11:54:46 ip-10-0-0-215 systemd[1]: Started ACPI event daemon.
Jul 22 11:54:46 ip-10-0-0-215 systemd[1]: Reloading.
Jul 22 11:54:46 ip-10-0-0-215 systemd[1]: Started ACPI event daemon.
Jul 22 11:54:46 ip-10-0-0-215 systemd[1]: Mounting Mount unit for amazon-ssm-agent, revision 495...
Jul 22 11:54:46 ip-10-0-0-215 systemd[1]: Mounted Mount unit for amazon-ssm-agent, revision 495.
Jul 22 11:54:46 ip-10-0-0-215 kernel: [   20.031156] audit: type=1400 audit(1563796486.164:21): apparmor="STATUS" operation="profile_load" profile="unconfined" name="snap-update-ns.amazon-ssm-agent" pid=2632 comm="apparmor_parser"
Jul 22 11:54:46 ip-10-0-0-215 kernel: [   20.034926] audit: type=1400 audit(1563796486.168:22): apparmor="STATUS" operation="profile_load" profile="unconfined" name="snap.amazon-ssm-agent.amazon-ssm-agent" pid=2634 comm="apparmor_parser"
Jul 22 11:54:46 ip-10-0-0-215 kernel: [   20.039102] audit: type=1400 audit(1563796486.172:23): apparmor="STATUS" operation="profile_load" profile="unconfined" name="snap.amazon-ssm-agent.ssm-cli" pid=2636 comm="apparmor_parser"
Jul 22 11:54:46 ip-10-0-0-215 systemd[1]: Reloading.
Jul 22 11:54:46 ip-10-0-0-215 systemd[1]: Started ACPI event daemon.
Jul 22 11:54:46 ip-10-0-0-215 systemd[1]: Reloading.
Jul 22 11:54:46 ip-10-0-0-215 systemd[1]: Started ACPI event daemon.
Jul 22 11:54:46 ip-10-0-0-215 systemd[1]: Started Service for snap application amazon-ssm-agent.amazon-ssm-agent.
Jul 22 11:54:46 ip-10-0-0-215 systemd[1]: Started Wait until snapd is fully seeded.
Jul 22 11:54:46 ip-10-0-0-215 systemd[1]: Reached target Multi-User System.
Jul 22 11:54:46 ip-10-0-0-215 systemd[1]: Reached target Graphical Interface.
Jul 22 11:54:46 ip-10-0-0-215 systemd[1]: Starting Update UTMP about System Runlevel Changes...
Jul 22 11:54:46 ip-10-0-0-215 systemd[1]: Starting Apply the settings specified in cloud-config...
Jul 22 11:54:46 ip-10-0-0-215 systemd[1]: Started Update UTMP about System Runlevel Changes.
Jul 22 11:54:46 ip-10-0-0-215 cloud-init[2706]: Generating locales (this might take a while)...
Jul 22 11:54:47 ip-10-0-0-215 amazon-ssm-agent.amazon-ssm-agent[2693]: 2019/07/22 11:54:47 Failed to load instance info from vault. RegistrationKey does not exist.
Jul 22 11:54:47 ip-10-0-0-215 amazon-ssm-agent.amazon-ssm-agent[2693]: Error occurred fetching the seelog config file path:  open /etc/amazon/ssm/seelog.xml: no such file or directory
Jul 22 11:54:47 ip-10-0-0-215 amazon-ssm-agent.amazon-ssm-agent[2693]: Initializing new seelog logger
Jul 22 11:54:47 ip-10-0-0-215 amazon-ssm-agent.amazon-ssm-agent[2693]: New Seelog Logger Creation Complete
Jul 22 11:54:47 ip-10-0-0-215 amazon-ssm-agent.amazon-ssm-agent[2693]: 2019-07-22 11:54:47 ERROR Error adding the directory to watcher: no such file or directory
Jul 22 11:54:47 ip-10-0-0-215 amazon-ssm-agent.amazon-ssm-agent[2693]: 2019-07-22 11:54:47 INFO Agent enters hibernate mode. Reducing logging...
Jul 22 11:54:47 ip-10-0-0-215 cloud-init[2706]:   en_US.UTF-8... done
Jul 22 11:54:47 ip-10-0-0-215 cloud-init[2706]: Generation complete.
Jul 22 11:54:47 ip-10-0-0-215 cloud-init[2706]: Cloud-init v. 18.3-9-g2e62cb8a-0ubuntu1~16.04.2 running 'modules:config' at Mon, 22 Jul 2019 11:54:46 +0000. Up 15.01 seconds.
Jul 22 11:54:47 ip-10-0-0-215 systemd[1]: Started Apply the settings specified in cloud-config.
Jul 22 11:54:47 ip-10-0-0-215 systemd[1]: Starting Execute cloud user/final scripts...
Jul 22 11:54:48 ip-10-0-0-215 ec2: 
Jul 22 11:54:48 ip-10-0-0-215 ec2: #############################################################
Jul 22 11:54:48 ip-10-0-0-215 ec2: -----BEGIN SSH HOST KEY FINGERPRINTS-----
Jul 22 11:54:48 ip-10-0-0-215 ec2: 1024 SHA256:+MLJqNPamxd7Hmjbob73kt8tx4cI7SDAFbpm634+cHk root@ip-10-0-0-215 (DSA)
Jul 22 11:54:48 ip-10-0-0-215 ec2: 256 SHA256:BxR14mJXoT4aY+ppdza/o1QfY9ZiXNfAMbSuALcpbuo root@ip-10-0-0-215 (ECDSA)
Jul 22 11:54:48 ip-10-0-0-215 ec2: 256 SHA256:fWbHvXN9ui57hKuHTgNq7cTW250KRGS1xwWNPDt+80o root@ip-10-0-0-215 (ED25519)
Jul 22 11:54:48 ip-10-0-0-215 ec2: 2048 SHA256:K5X7UYiPr2vD4molX2PBemp3jFroiPKmyPkv7/P3h9E root@ip-10-0-0-215 (RSA)
Jul 22 11:54:48 ip-10-0-0-215 ec2: -----END SSH HOST KEY FINGERPRINTS-----
Jul 22 11:54:48 ip-10-0-0-215 ec2: #############################################################
Jul 22 11:54:48 ip-10-0-0-215 cloud-init[2785]: Cloud-init v. 18.3-9-g2e62cb8a-0ubuntu1~16.04.2 running 'modules:final' at Mon, 22 Jul 2019 11:54:48 +0000. Up 16.44 seconds.
Jul 22 11:54:48 ip-10-0-0-215 cloud-init[2785]: Cloud-init v. 18.3-9-g2e62cb8a-0ubuntu1~16.04.2 finished at Mon, 22 Jul 2019 11:54:48 +0000. Datasource DataSourceEc2Local.  Up 16.62 seconds
Jul 22 11:54:48 ip-10-0-0-215 systemd[1]: Started Execute cloud user/final scripts.
Jul 22 11:54:48 ip-10-0-0-215 systemd[1]: Reached target Cloud-init target.
Jul 22 11:54:48 ip-10-0-0-215 systemd[1]: Startup finished in 4.148s (kernel) + 12.508s (userspace) = 16.656s.
Jul 22 11:54:49 ip-10-0-0-215 systemd[1]: Created slice User Slice of ubuntu.
Jul 22 11:54:49 ip-10-0-0-215 systemd[1]: Starting User Manager for UID 1000...
Jul 22 11:54:49 ip-10-0-0-215 systemd[1]: Started Session 1 of user ubuntu.
Jul 22 11:54:49 ip-10-0-0-215 systemd[2806]: Reached target Paths.
Jul 22 11:54:49 ip-10-0-0-215 systemd[2806]: Reached target Timers.
