May 18 15:40:11 ip-10-0-0-104 rsyslogd: [origin software="rsyslogd" swVersion="8.16.0" x-pid="1415" x-info="http://www.rsyslog.com"] start
May 18 15:40:11 ip-10-0-0-104 systemd-modules-load[626]: Inserted module 'iscsi_tcp'
May 18 15:40:11 ip-10-0-0-104 rsyslogd-2222: command 'KLogPermitNonKernelFacility' is currently not permitted - did you already set it via a RainerScript command (v6+ config)? [v8.16.0 try http://www.rsyslog.com/e/2222 ]
May 18 15:40:11 ip-10-0-0-104 rsyslogd: rsyslogd's groupid changed to 108
May 18 15:40:11 ip-10-0-0-104 rsyslogd: rsyslogd's userid changed to 104
May 18 15:40:11 ip-10-0-0-104 systemd-modules-load[626]: Inserted module 'ib_iser'
May 18 15:40:11 ip-10-0-0-104 loadkeys[634]: Loading /etc/console-setup/cached.kmap.gz
May 18 15:40:11 ip-10-0-0-104 systemd[1]: Started Create list of required static device nodes for the current kernel.
May 18 15:40:11 ip-10-0-0-104 systemd[1]: Started Load Kernel Modules.
May 18 15:40:11 ip-10-0-0-104 systemd[1]: Started Set console keymap.
May 18 15:40:11 ip-10-0-0-104 systemd[1]: Started Uncomplicated firewall.
May 18 15:40:11 ip-10-0-0-104 systemd[1]: Started Remount Root and Kernel File Systems.
May 18 15:40:11 ip-10-0-0-104 systemd[1]: Started Nameserver information manager.
May 18 15:40:11 ip-10-0-0-104 systemd[1]: Started LVM2 metadata daemon.
May 18 15:40:11 ip-10-0-0-104 systemd[1]: Starting udev Coldplug all Devices...
May 18 15:40:11 ip-10-0-0-104 systemd[1]: Starting Load/Save Random Seed...
May 18 15:40:11 ip-10-0-0-104 systemd[1]: Starting Apply Kernel Variables...
May 18 15:40:11 ip-10-0-0-104 systemd[1]: Mounting FUSE Control File System...
May 18 15:40:11 ip-10-0-0-104 systemd[1]: Starting Create Static Device Nodes in /dev...
May 18 15:40:11 ip-10-0-0-104 systemd[1]: Starting Flush Journal to Persistent Storage...
May 18 15:40:11 ip-10-0-0-104 systemd[1]: Mounted FUSE Control File System.
May 18 15:40:11 ip-10-0-0-104 systemd[1]: Started Load/Save Random Seed.
May 18 15:40:11 ip-10-0-0-104 rsyslogd-2039: Could not open output pipe '/dev/xconsole':: No such file or directory [v8.16.0 try http://www.rsyslog.com/e/2039 ]
May 18 15:40:11 ip-10-0-0-104 systemd[1]: Started Apply Kernel Variables.
May 18 15:40:11 ip-10-0-0-104 systemd[1]: Started Create Static Device Nodes in /dev.
May 18 15:40:11 ip-10-0-0-104 kernel: [    0.000000] Initializing cgroup subsys cpuset
May 18 15:40:11 ip-10-0-0-104 rsyslogd-2007: action 'action 11' suspended, next retry is Sat May 18 15:40:41 2019 [v8.16.0 try http://www.rsyslog.com/e/2007 ]
May 18 15:40:11 ip-10-0-0-104 systemd[1]: Started Flush Journal to Persistent Storage.
May 18 15:40:11 ip-10-0-0-104 systemd[1]: Starting udev Kernel Device Manager...
May 18 15:40:11 ip-10-0-0-104 kernel: [    0.000000] Initializing cgroup subsys cpu
May 18 15:40:11 ip-10-0-0-104 kernel: [    0.000000] Initializing cgroup subsys cpuacct
May 18 15:40:11 ip-10-0-0-104 kernel: [    0.000000] Linux version 4.4.0-1067-aws (buildd@lgw01-amd64-033) (gcc version 5.4.0 20160609 (Ubuntu 5.4.0-6ubuntu1~16.04.10) ) #77-Ubuntu SMP Mon Aug 27 13:22:03 UTC 2018 (Ubuntu 4.4.0-1067.77-aws 4.4.140)
May 18 15:40:11 ip-10-0-0-104 kernel: [    0.000000] Command line: BOOT_IMAGE=/boot/vmlinuz-4.4.0-1067-aws root=LABEL=cloudimg-rootfs ro console=tty1 console=ttyS0 nvme.io_timeout=4294967295
May 18 15:40:11 ip-10-0-0-104 kernel: [    0.000000] KERNEL supported cpus:
May 18 15:40:11 ip-10-0-0-104 kernel: [    0.000000]   Intel GenuineIntel
May 18 15:40:11 ip-10-0-0-104 systemd[1]: Started udev Coldplug all Devices.
May 18 15:40:11 ip-10-0-0-104 kernel: [    0.000000]   AMD AuthenticAMD
May 18 15:40:11 ip-10-0-0-104 kernel: [    0.000000]   Centaur CentaurHauls
May 18 15:40:11 ip-10-0-0-104 kernel: [    0.000000] x86/fpu: xstate_offset[2]:  576, xstate_sizes[2]:  256
May 18 15:40:11 ip-10-0-0-104 systemd[1]: Started udev Kernel Device Manager.
May 18 15:40:11 ip-10-0-0-104 kernel: [    0.000000] x86/fpu: Supporting XSAVE feature 0x01: 'x87 floating point registers'
May 18 15:40:11 ip-10-0-0-104 kernel: [    0.000000] x86/fpu: Supporting XSAVE feature 0x02: 'SSE registers'
May 18 15:40:11 ip-10-0-0-104 kernel: [    0.000000] x86/fpu: Supporting XSAVE feature 0x04: 'AVX registers'
May 18 15:40:11 ip-10-0-0-104 systemd[1]: Started Dispatch Password Requests to Console Directory Watch.
May 18 15:40:11 ip-10-0-0-104 kernel: [    0.000000] x86/fpu: Enabled xstate features 0x7, context size is 832 bytes, using 'standard' format.
May 18 15:40:11 ip-10-0-0-104 kernel: [    0.000000] e820: BIOS-provided physical RAM map:
May 18 15:40:11 ip-10-0-0-104 kernel: [    0.000000] BIOS-e820: [mem 0x0000000000000000-0x000000000009dfff] usable
May 18 15:40:11 ip-10-0-0-104 systemd[1]: Found device /dev/ttyS0.
May 18 15:40:11 ip-10-0-0-104 kernel: [    0.000000] BIOS-e820: [mem 0x000000000009e000-0x000000000009ffff] reserved
May 18 15:40:11 ip-10-0-0-104 kernel: [    0.000000] BIOS-e820: [mem 0x00000000000e0000-0x00000000000fffff] reserved
May 18 15:40:11 ip-10-0-0-104 kernel: [    0.000000] BIOS-e820: [mem 0x0000000000100000-0x00000000efffffff] usable
May 18 15:40:11 ip-10-0-0-104 systemd[1]: Listening on Load/Save RF Kill Switch Status /dev/rfkill Watch.
May 18 15:40:11 ip-10-0-0-104 kernel: [    0.000000] BIOS-e820: [mem 0x00000000fc000000-0x00000000ffffffff] reserved
May 18 15:40:11 ip-10-0-0-104 kernel: [    0.000000] BIOS-e820: [mem 0x0000000100000000-0x0000000f0fffffff] usable
May 18 15:40:11 ip-10-0-0-104 kernel: [    0.000000] NX (Execute Disable) protection: active
May 18 15:40:11 ip-10-0-0-104 systemd[1]: Started Monitoring of LVM2 mirrors, snapshots etc. using dmeventd or progress polling.
May 18 15:40:11 ip-10-0-0-104 kernel: [    0.000000] SMBIOS 2.7 present.
May 18 15:40:11 ip-10-0-0-104 systemd[1]: Reached target Local File Systems (Pre).
May 18 15:40:11 ip-10-0-0-104 kernel: [    0.000000] DMI: Xen HVM domU, BIOS 4.2.amazon 08/24/2006
May 18 15:40:11 ip-10-0-0-104 systemd[1]: Reached target Local File Systems.
May 18 15:40:11 ip-10-0-0-104 kernel: [    0.000000] Hypervisor detected: Xen
May 18 15:40:11 ip-10-0-0-104 kernel: [    0.000000] Xen version 4.2.
May 18 15:40:11 ip-10-0-0-104 kernel: [    0.000000] Xen Platform PCI: I/O protocol version 1
May 18 15:40:11 ip-10-0-0-104 systemd[1]: Starting Create Volatile Files and Directories...
May 18 15:40:11 ip-10-0-0-104 kernel: [    0.000000] Netfront and the Xen platform PCI driver have been compiled for this kernel: unplug emulated NICs.
May 18 15:40:11 ip-10-0-0-104 kernel: [    0.000000] Blkfront and the Xen platform PCI driver have been compiled for this kernel: unplug emulated disks.
May 18 15:40:11 ip-10-0-0-104 kernel: [    0.000000] You might have to change the root device
May 18 15:40:11 ip-10-0-0-104 kernel: [    0.000000] from /dev/hd[a-d] to /dev/xvd[a-d]
May 18 15:40:11 ip-10-0-0-104 systemd-tmpfiles[909]: [/usr/lib/tmpfiles.d/var.conf:14] Duplicate line for path "/var/log", ignoring.
May 18 15:40:11 ip-10-0-0-104 kernel: [    0.000000] in your root= kernel command line option
May 18 15:40:11 ip-10-0-0-104 kernel: [    0.000000] HVMOP_pagetable_dying not supported
May 18 15:40:11 ip-10-0-0-104 systemd[1]: Starting Tell Plymouth To Write Out Runtime Data...
May 18 15:40:11 ip-10-0-0-104 kernel: [    0.000000] e820: update [mem 0x00000000-0x00000fff] usable ==> reserved
May 18 15:40:11 ip-10-0-0-104 kernel: [    0.000000] e820: remove [mem 0x000a0000-0x000fffff] usable
May 18 15:40:11 ip-10-0-0-104 kernel: [    0.000000] e820: last_pfn = 0xf10000 max_arch_pfn = 0x400000000
May 18 15:40:11 ip-10-0-0-104 systemd[1]: Starting Set console font and keymap...
May 18 15:40:11 ip-10-0-0-104 kernel: [    0.000000] MTRR default type: write-back
May 18 15:40:11 ip-10-0-0-104 kernel: [    0.000000] MTRR fixed ranges enabled:
May 18 15:40:11 ip-10-0-0-104 kernel: [    0.000000]   00000-9FFFF write-back
May 18 15:40:11 ip-10-0-0-104 systemd[1]: Starting LSB: AppArmor initialization...
May 18 15:40:11 ip-10-0-0-104 kernel: [    0.000000]   A0000-BFFFF write-combining
May 18 15:40:11 ip-10-0-0-104 systemd[1]: Starting Commit a transient machine-id on disk...
May 18 15:40:11 ip-10-0-0-104 kernel: [    0.000000]   C0000-FFFFF write-back
May 18 15:40:11 ip-10-0-0-104 kernel: [    0.000000] MTRR variable ranges enabled:
May 18 15:40:11 ip-10-0-0-104 kernel: [    0.000000]   0 base 0000F0000000 mask 3FFFF8000000 uncachable
May 18 15:40:11 ip-10-0-0-104 systemd[1]: Starting Initial cloud-init job (pre-networking)...
May 18 15:40:11 ip-10-0-0-104 kernel: [    0.000000]   1 base 0000F8000000 mask 3FFFFC000000 uncachable
May 18 15:40:11 ip-10-0-0-104 kernel: [    0.000000]   2 disabled
May 18 15:40:11 ip-10-0-0-104 systemd[1]: Started Create Volatile Files and Directories.
May 18 15:40:11 ip-10-0-0-104 kernel: [    0.000000]   3 disabled
May 18 15:40:11 ip-10-0-0-104 systemd[1]: Started Tell Plymouth To Write Out Runtime Data.
May 18 15:40:11 ip-10-0-0-104 kernel: [    0.000000]   4 disabled
May 18 15:40:11 ip-10-0-0-104 kernel: [    0.000000]   5 disabled
May 18 15:40:11 ip-10-0-0-104 kernel: [    0.000000]   6 disabled
May 18 15:40:11 ip-10-0-0-104 kernel: [    0.000000]   7 disabled
May 18 15:40:11 ip-10-0-0-104 kernel: [    0.000000] x86/PAT: Configuration [0-7]: WB  WC  UC- UC  WB  WC  UC- WT  
May 18 15:40:11 ip-10-0-0-104 apparmor[921]:  * Starting AppArmor profiles
May 18 15:40:11 ip-10-0-0-104 kernel: [    0.000000] e820: last_pfn = 0xf0000 max_arch_pfn = 0x400000000
May 18 15:40:11 ip-10-0-0-104 systemd[1]: Starting Update UTMP about System Boot/Shutdown...
May 18 15:40:11 ip-10-0-0-104 kernel: [    0.000000] found SMP MP-table at [mem 0x000fbc50-0x000fbc5f] mapped at [ffff8800000fbc50]
May 18 15:40:11 ip-10-0-0-104 kernel: [    0.000000] Scanning 1 areas for low memory corruption
May 18 15:40:11 ip-10-0-0-104 kernel: [    0.000000] Base memory trampoline at [ffff880000096000] 96000 size 28672
May 18 15:40:11 ip-10-0-0-104 apparmor[921]: Skipping profile in /etc/apparmor.d/disable: usr.sbin.rsyslogd
May 18 15:40:11 ip-10-0-0-104 kernel: [    0.000000] Using GB pages for direct mapping
May 18 15:40:11 ip-10-0-0-104 systemd[1]: Starting Network Time Synchronization...
May 18 15:40:11 ip-10-0-0-104 kernel: [    0.000000] BRK [0x02201000, 0x02201fff] PGTABLE
May 18 15:40:11 ip-10-0-0-104 kernel: [    0.000000] BRK [0x02202000, 0x02202fff] PGTABLE
May 18 15:40:11 ip-10-0-0-104 kernel: [    0.000000] BRK [0x02203000, 0x02203fff] PGTABLE
May 18 15:40:11 ip-10-0-0-104 systemd[1]: Started Network Time Synchronization.
May 18 15:40:11 ip-10-0-0-104 kernel: [    0.000000] BRK [0x02204000, 0x02204fff] PGTABLE
May 18 15:40:11 ip-10-0-0-104 kernel: [    0.000000] RAMDISK: [mem 0x367b2000-0x373d0fff]
May 18 15:40:11 ip-10-0-0-104 kernel: [    0.000000] ACPI: Early table checksum verification disabled
May 18 15:40:11 ip-10-0-0-104 apparmor[921]:    ...done.
May 18 15:40:11 ip-10-0-0-104 kernel: [    0.000000] ACPI: RSDP 0x00000000000EA020 000024 (v02 Xen   )
May 18 15:40:11 ip-10-0-0-104 kernel: [    0.000000] ACPI: XSDT 0x00000000FC017290 00006C (v01 Xen    HVM      00000000 HVML 00000000)
May 18 15:40:11 ip-10-0-0-104 kernel: [    0.000000] ACPI: FACP 0x00000000FC013680 0000F4 (v04 Xen    HVM      00000000 HVML 00000000)
May 18 15:40:11 ip-10-0-0-104 systemd[1]: Started LSB: AppArmor initialization.
May 18 15:40:11 ip-10-0-0-104 kernel: [    0.000000] ACPI: DSDT 0x00000000FC0021C0 011438 (v02 Xen    HVM      00000000 INTL 20090123)
May 18 15:40:11 ip-10-0-0-104 kernel: [    0.000000] ACPI: FACS 0x00000000FC002180 000040
May 18 15:40:11 ip-10-0-0-104 kernel: [    0.000000] ACPI: FACS 0x00000000FC002180 000040
May 18 15:40:11 ip-10-0-0-104 systemd[1]: Started Commit a transient machine-id on disk.
May 18 15:40:11 ip-10-0-0-104 kernel: [    0.000000] ACPI: APIC 0x00000000FC013780 000460 (v02 Xen    HVM      00000000 HVML 00000000)
May 18 15:40:11 ip-10-0-0-104 kernel: [    0.000000] ACPI: SRAT 0x00000000FC013C60 0008A8 (v01 Xen    HVM      00000000 HVML 00000000)
May 18 15:40:11 ip-10-0-0-104 systemd[1]: Started Update UTMP about System Boot/Shutdown.
May 18 15:40:11 ip-10-0-0-104 kernel: [    0.000000] ACPI: HPET 0x00000000FC014530 000038 (v01 Xen    HVM      00000000 HVML 00000000)
May 18 15:40:11 ip-10-0-0-104 kernel: [    0.000000] ACPI: WAET 0x00000000FC014570 000028 (v01 Xen    HVM      00000000 HVML 00000000)
May 18 15:40:11 ip-10-0-0-104 kernel: [    0.000000] ACPI: SSDT 0x00000000FC0145A0 000031 (v02 Xen    HVM      00000000 INTL 20090123)
May 18 15:40:11 ip-10-0-0-104 kernel: [    0.000000] ACPI: SSDT 0x00000000FC0145E0 000033 (v02 Xen    HVM      00000000 INTL 20090123)
May 18 15:40:11 ip-10-0-0-104 systemd[1]: Reached target System Time Synchronized.
May 18 15:40:11 ip-10-0-0-104 kernel: [    0.000000] ACPI: SSDT 0x00000000FC014620 000CB0 (v02 Xen    HVM      00000000 INTL 20090123)
May 18 15:40:11 ip-10-0-0-104 kernel: [    0.000000] ACPI: SSDT 0x00000000FC0152D0 001FB6 (v02 Xen    HVM      00000000 INTL 20090123)
May 18 15:40:11 ip-10-0-0-104 kernel: [    0.000000] ACPI: Local APIC address 0xfee00000
May 18 15:40:11 ip-10-0-0-104 kernel: [    0.000000] SRAT: PXM 0 -> APIC 0x00 -> Node 0
May 18 15:40:11 ip-10-0-0-104 systemd[1]: Started Set console font and keymap.
May 18 15:40:11 ip-10-0-0-104 kernel: [    0.000000] SRAT: PXM 0 -> APIC 0x02 -> Node 0
May 18 15:40:11 ip-10-0-0-104 kernel: [    0.000000] SRAT: PXM 0 -> APIC 0x04 -> Node 0
May 18 15:40:11 ip-10-0-0-104 kernel: [    0.000000] SRAT: PXM 0 -> APIC 0x06 -> Node 0
May 18 15:40:11 ip-10-0-0-104 systemd[1]: Created slice system-getty.slice.
May 18 15:40:11 ip-10-0-0-104 kernel: [    0.000000] SRAT: PXM 0 -> APIC 0x08 -> Node 0
May 18 15:40:11 ip-10-0-0-104 kernel: [    0.000000] SRAT: PXM 0 -> APIC 0x0a -> Node 0
May 18 15:40:11 ip-10-0-0-104 kernel: [    0.000000] SRAT: PXM 0 -> APIC 0x0c -> Node 0
May 18 15:40:11 ip-10-0-0-104 kernel: [    0.000000] SRAT: PXM 0 -> APIC 0x0e -> Node 0
May 18 15:40:11 ip-10-0-0-104 dhclient[1070]: Internet Systems Consortium DHCP Client 4.3.3
May 18 15:40:11 ip-10-0-0-104 kernel: [    0.000000] SRAT: PXM 0 -> APIC 0x10 -> Node 0
May 18 15:40:11 ip-10-0-0-104 kernel: [    0.000000] SRAT: PXM 1 -> APIC 0x20 -> Node 1
May 18 15:40:11 ip-10-0-0-104 kernel: [    0.000000] SRAT: PXM 1 -> APIC 0x22 -> Node 1
May 18 15:40:11 ip-10-0-0-104 kernel: [    0.000000] SRAT: PXM 1 -> APIC 0x24 -> Node 1
May 18 15:40:11 ip-10-0-0-104 dhclient[1070]: Copyright 2004-2015 Internet Systems Consortium.
May 18 15:40:11 ip-10-0-0-104 kernel: [    0.000000] SRAT: PXM 1 -> APIC 0x26 -> Node 1
May 18 15:40:11 ip-10-0-0-104 kernel: [    0.000000] SRAT: PXM 1 -> APIC 0x28 -> Node 1
May 18 15:40:11 ip-10-0-0-104 kernel: [    0.000000] SRAT: PXM 1 -> APIC 0x2a -> Node 1
May 18 15:40:11 ip-10-0-0-104 dhclient[1070]: All rights reserved.
May 18 15:40:11 ip-10-0-0-104 kernel: [    0.000000] SRAT: PXM 1 -> APIC 0x2c -> Node 1
May 18 15:40:11 ip-10-0-0-104 kernel: [    0.000000] SRAT: PXM 1 -> APIC 0x2e -> Node 1
May 18 15:40:11 ip-10-0-0-104 kernel: [    0.000000] SRAT: PXM 1 -> APIC 0x30 -> Node 1
May 18 15:40:11 ip-10-0-0-104 dhclient[1070]: For info, please visit https://www.isc.org/software/dhcp/
May 18 15:40:11 ip-10-0-0-104 kernel: [    0.000000] SRAT: PXM 0 -> APIC 0x01 -> Node 0
May 18 15:40:11 ip-10-0-0-104 kernel: [    0.000000] SRAT: PXM 0 -> APIC 0x03 -> Node 0
May 18 15:40:11 ip-10-0-0-104 kernel: [    0.000000] SRAT: PXM 0 -> APIC 0x05 -> Node 0
May 18 15:40:11 ip-10-0-0-104 dhclient[1070]: 
May 18 15:40:11 ip-10-0-0-104 kernel: [    0.000000] SRAT: PXM 0 -> APIC 0x07 -> Node 0
May 18 15:40:11 ip-10-0-0-104 kernel: [    0.000000] SRAT: PXM 0 -> APIC 0x09 -> Node 0
May 18 15:40:11 ip-10-0-0-104 kernel: [    0.000000] SRAT: PXM 0 -> APIC 0x0b -> Node 0
May 18 15:40:11 ip-10-0-0-104 dhclient[1070]: Listening on LPF/ens3/06:01:e6:bd:f7:64
May 18 15:40:11 ip-10-0-0-104 kernel: [    0.000000] SRAT: PXM 0 -> APIC 0x0d -> Node 0
May 18 15:40:11 ip-10-0-0-104 kernel: [    0.000000] SRAT: PXM 0 -> APIC 0x0f -> Node 0
May 18 15:40:11 ip-10-0-0-104 kernel: [    0.000000] SRAT: PXM 0 -> APIC 0x11 -> Node 0
May 18 15:40:11 ip-10-0-0-104 kernel: [    0.000000] SRAT: PXM 1 -> APIC 0x21 -> Node 1
May 18 15:40:11 ip-10-0-0-104 dhclient[1070]: Sending on   LPF/ens3/06:01:e6:bd:f7:64
May 18 15:40:11 ip-10-0-0-104 kernel: [    0.000000] SRAT: PXM 1 -> APIC 0x23 -> Node 1
May 18 15:40:11 ip-10-0-0-104 kernel: [    0.000000] SRAT: PXM 1 -> APIC 0x25 -> Node 1
May 18 15:40:11 ip-10-0-0-104 kernel: [    0.000000] SRAT: PXM 1 -> APIC 0x27 -> Node 1
May 18 15:40:11 ip-10-0-0-104 dhclient[1070]: Sending on   Socket/fallback
May 18 15:40:11 ip-10-0-0-104 kernel: [    0.000000] SRAT: PXM 1 -> APIC 0x29 -> Node 1
May 18 15:40:11 ip-10-0-0-104 kernel: [    0.000000] SRAT: PXM 1 -> APIC 0x2b -> Node 1
May 18 15:40:11 ip-10-0-0-104 dhclient[1070]: DHCPDISCOVER on ens3 to 255.255.255.255 port 67 interval 3 (xid=0x275fa82a)
May 18 15:40:11 ip-10-0-0-104 kernel: [    0.000000] SRAT: PXM 1 -> APIC 0x2d -> Node 1
May 18 15:40:11 ip-10-0-0-104 kernel: [    0.000000] SRAT: PXM 1 -> APIC 0x2f -> Node 1
May 18 15:40:11 ip-10-0-0-104 dhclient[1070]: DHCPREQUEST of 10.0.0.104 on ens3 to 255.255.255.255 port 67 (xid=0x2aa85f27)
May 18 15:40:11 ip-10-0-0-104 kernel: [    0.000000] SRAT: PXM 1 -> APIC 0x31 -> Node 1
May 18 15:40:11 ip-10-0-0-104 dhclient[1070]: DHCPOFFER of 10.0.0.104 from 10.0.0.1
May 18 15:40:11 ip-10-0-0-104 kernel: [    0.000000] SRAT: Node 0 PXM 0 [mem 0x00000000-0xefffffff]
May 18 15:40:11 ip-10-0-0-104 dhclient[1070]: DHCPACK of 10.0.0.104 from 10.0.0.1
May 18 15:40:11 ip-10-0-0-104 kernel: [    0.000000] SRAT: Node 0 PXM 0 [mem 0x100000000-0x78fffffff]
May 18 15:40:11 ip-10-0-0-104 kernel: [    0.000000] SRAT: Node 1 PXM 1 [mem 0x790000000-0xf0fffffff]
May 18 15:40:11 ip-10-0-0-104 kernel: [    0.000000] NUMA: Node 0 [mem 0x00000000-0xefffffff] + [mem 0x100000000-0x78fffffff] -> [mem 0x00000000-0x78fffffff]
May 18 15:40:11 ip-10-0-0-104 dhclient[1070]: bound to 10.0.0.104 -- renewal in 1476 seconds.
May 18 15:40:11 ip-10-0-0-104 kernel: [    0.000000] NODE_DATA(0) allocated [mem 0x78fffb000-0x78fffffff]
May 18 15:40:11 ip-10-0-0-104 kernel: [    0.000000] NODE_DATA(1) allocated [mem 0xf0fffa000-0xf0fffefff]
May 18 15:40:11 ip-10-0-0-104 kernel: [    0.000000] Zone ranges:
May 18 15:40:11 ip-10-0-0-104 cloud-init[928]: Cloud-init v. 18.3-9-g2e62cb8a-0ubuntu1~16.04.2 running 'init-local' at Sat, 18 May 2019 15:40:10 +0000. Up 6.31 seconds.
May 18 15:40:11 ip-10-0-0-104 kernel: [    0.000000]   DMA      [mem 0x0000000000001000-0x0000000000ffffff]
May 18 15:40:11 ip-10-0-0-104 kernel: [    0.000000]   DMA32    [mem 0x0000000001000000-0x00000000ffffffff]
May 18 15:40:11 ip-10-0-0-104 kernel: [    0.000000]   Normal   [mem 0x0000000100000000-0x0000000f0fffffff]
May 18 15:40:11 ip-10-0-0-104 systemd[1]: Started Initial cloud-init job (pre-networking).
May 18 15:40:11 ip-10-0-0-104 kernel: [    0.000000]   Device   empty
May 18 15:40:11 ip-10-0-0-104 kernel: [    0.000000] Movable zone start for each node
May 18 15:40:11 ip-10-0-0-104 kernel: [    0.000000] Early memory node ranges
May 18 15:40:11 ip-10-0-0-104 systemd[1]: Reached target Network (Pre).
May 18 15:40:11 ip-10-0-0-104 systemd[1]: Starting Raise network interfaces...
May 18 15:40:11 ip-10-0-0-104 dhclient[1181]: Internet Systems Consortium DHCP Client 4.3.3
May 18 15:40:11 ip-10-0-0-104 ifup[1095]: Internet Systems Consortium DHCP Client 4.3.3
May 18 15:40:11 ip-10-0-0-104 ifup[1095]: Copyright 2004-2015 Internet Systems Consortium.
May 18 15:40:11 ip-10-0-0-104 ifup[1095]: All rights reserved.
May 18 15:40:11 ip-10-0-0-104 ifup[1095]: For info, please visit https://www.isc.org/software/dhcp/
May 18 15:40:11 ip-10-0-0-104 dhclient[1181]: Copyright 2004-2015 Internet Systems Consortium.
May 18 15:40:11 ip-10-0-0-104 dhclient[1181]: All rights reserved.
May 18 15:40:11 ip-10-0-0-104 dhclient[1181]: For info, please visit https://www.isc.org/software/dhcp/
May 18 15:40:11 ip-10-0-0-104 dhclient[1181]: 
May 18 15:40:11 ip-10-0-0-104 dhclient[1181]: Listening on LPF/ens3/06:01:e6:bd:f7:64
May 18 15:40:11 ip-10-0-0-104 ifup[1095]: Listening on LPF/ens3/06:01:e6:bd:f7:64
May 18 15:40:11 ip-10-0-0-104 ifup[1095]: Sending on   LPF/ens3/06:01:e6:bd:f7:64
May 18 15:40:11 ip-10-0-0-104 ifup[1095]: Sending on   Socket/fallback
May 18 15:40:11 ip-10-0-0-104 ifup[1095]: DHCPDISCOVER on ens3 to 255.255.255.255 port 67 interval 3 (xid=0x9c36de4e)
May 18 15:40:11 ip-10-0-0-104 kernel: [    0.000000]   node   0: [mem 0x0000000000001000-0x000000000009dfff]
May 18 15:40:11 ip-10-0-0-104 kernel: [    0.000000]   node   0: [mem 0x0000000000100000-0x00000000efffffff]
May 18 15:40:11 ip-10-0-0-104 kernel: [    0.000000]   node   0: [mem 0x0000000100000000-0x000000078fffffff]
May 18 15:40:11 ip-10-0-0-104 dhclient[1181]: Sending on   LPF/ens3/06:01:e6:bd:f7:64
May 18 15:40:11 ip-10-0-0-104 kernel: [    0.000000]   node   1: [mem 0x0000000790000000-0x0000000f0fffffff]
May 18 15:40:11 ip-10-0-0-104 kernel: [    0.000000] Initmem setup node 0 [mem 0x0000000000001000-0x000000078fffffff]
May 18 15:40:11 ip-10-0-0-104 kernel: [    0.000000] On node 0 totalpages: 7864221
May 18 15:40:11 ip-10-0-0-104 ifup[1095]: DHCPREQUEST of 10.0.0.104 on ens3 to 255.255.255.255 port 67 (xid=0x4ede369c)
May 18 15:40:11 ip-10-0-0-104 kernel: [    0.000000]   DMA zone: 64 pages used for memmap
May 18 15:40:11 ip-10-0-0-104 kernel: [    0.000000]   DMA zone: 22 pages reserved
May 18 15:40:11 ip-10-0-0-104 kernel: [    0.000000]   DMA zone: 3997 pages, LIFO batch:0
May 18 15:40:11 ip-10-0-0-104 ifup[1095]: DHCPOFFER of 10.0.0.104 from 10.0.0.1
May 18 15:40:11 ip-10-0-0-104 kernel: [    0.000000]   DMA32 zone: 15296 pages used for memmap
May 18 15:40:11 ip-10-0-0-104 kernel: [    0.000000]   DMA32 zone: 978944 pages, LIFO batch:31
May 18 15:40:11 ip-10-0-0-104 kernel: [    0.000000]   Normal zone: 107520 pages used for memmap
May 18 15:40:11 ip-10-0-0-104 kernel: [    0.000000]   Normal zone: 6881280 pages, LIFO batch:31
May 18 15:40:11 ip-10-0-0-104 ifup[1095]: DHCPACK of 10.0.0.104 from 10.0.0.1
May 18 15:40:11 ip-10-0-0-104 kernel: [    0.000000] Initmem setup node 1 [mem 0x0000000790000000-0x0000000f0fffffff]
May 18 15:40:11 ip-10-0-0-104 kernel: [    0.000000] On node 1 totalpages: 7864320
May 18 15:40:11 ip-10-0-0-104 kernel: [    0.000000]   Normal zone: 122880 pages used for memmap
May 18 15:40:11 ip-10-0-0-104 dhclient[1181]: Sending on   Socket/fallback
May 18 15:40:11 ip-10-0-0-104 kernel: [    0.000000]   Normal zone: 7864320 pages, LIFO batch:31
May 18 15:40:11 ip-10-0-0-104 kernel: [    0.000000] ACPI: PM-Timer IO Port: 0xb008
May 18 15:40:11 ip-10-0-0-104 kernel: [    0.000000] ACPI: Local APIC address 0xfee00000
May 18 15:40:11 ip-10-0-0-104 dhclient[1181]: DHCPDISCOVER on ens3 to 255.255.255.255 port 67 interval 3 (xid=0x9c36de4e)
May 18 15:40:11 ip-10-0-0-104 kernel: [    0.000000] IOAPIC[0]: apic_id 1, version 17, address 0xfec00000, GSI 0-47
May 18 15:40:11 ip-10-0-0-104 kernel: [    0.000000] ACPI: INT_SRC_OVR (bus 0 bus_irq 0 global_irq 2 dfl dfl)
May 18 15:40:11 ip-10-0-0-104 dhclient[1181]: DHCPREQUEST of 10.0.0.104 on ens3 to 255.255.255.255 port 67 (xid=0x4ede369c)
May 18 15:40:11 ip-10-0-0-104 kernel: [    0.000000] ACPI: INT_SRC_OVR (bus 0 bus_irq 5 global_irq 5 low level)
May 18 15:40:11 ip-10-0-0-104 kernel: [    0.000000] ACPI: INT_SRC_OVR (bus 0 bus_irq 10 global_irq 10 low level)
May 18 15:40:11 ip-10-0-0-104 dhclient[1181]: DHCPOFFER of 10.0.0.104 from 10.0.0.1
May 18 15:40:11 ip-10-0-0-104 kernel: [    0.000000] ACPI: INT_SRC_OVR (bus 0 bus_irq 11 global_irq 11 low level)
May 18 15:40:11 ip-10-0-0-104 dhclient[1181]: DHCPACK of 10.0.0.104 from 10.0.0.1
May 18 15:40:11 ip-10-0-0-104 kernel: [    0.000000] ACPI: IRQ0 used by override.
May 18 15:40:11 ip-10-0-0-104 kernel: [    0.000000] ACPI: IRQ5 used by override.
May 18 15:40:11 ip-10-0-0-104 kernel: [    0.000000] ACPI: IRQ9 used by override.
May 18 15:40:11 ip-10-0-0-104 dhclient[1181]: bound to 10.0.0.104 -- renewal in 1561 seconds.
May 18 15:40:11 ip-10-0-0-104 kernel: [    0.000000] ACPI: IRQ10 used by override.
May 18 15:40:11 ip-10-0-0-104 kernel: [    0.000000] ACPI: IRQ11 used by override.
May 18 15:40:11 ip-10-0-0-104 kernel: [    0.000000] Using ACPI (MADT) for SMP configuration information
May 18 15:40:11 ip-10-0-0-104 kernel: [    0.000000] ACPI: HPET id: 0x8086a201 base: 0xfed00000
May 18 15:40:11 ip-10-0-0-104 kernel: [    0.000000] smpboot: Allowing 128 CPUs, 92 hotplug CPUs
May 18 15:40:11 ip-10-0-0-104 kernel: [    0.000000] PM: Registered nosave memory: [mem 0x00000000-0x00000fff]
May 18 15:40:11 ip-10-0-0-104 kernel: [    0.000000] PM: Registered nosave memory: [mem 0x0009e000-0x0009ffff]
May 18 15:40:11 ip-10-0-0-104 kernel: [    0.000000] PM: Registered nosave memory: [mem 0x000a0000-0x000dffff]
May 18 15:40:11 ip-10-0-0-104 ifup[1095]: bound to 10.0.0.104 -- renewal in 1561 seconds.
May 18 15:40:11 ip-10-0-0-104 kernel: [    0.000000] PM: Registered nosave memory: [mem 0x000e0000-0x000fffff]
May 18 15:40:11 ip-10-0-0-104 kernel: [    0.000000] PM: Registered nosave memory: [mem 0xf0000000-0xfbffffff]
May 18 15:40:11 ip-10-0-0-104 kernel: [    0.000000] PM: Registered nosave memory: [mem 0xfc000000-0xffffffff]
May 18 15:40:11 ip-10-0-0-104 systemd[1]: Started Raise network interfaces.
May 18 15:40:11 ip-10-0-0-104 kernel: [    0.000000] e820: [mem 0xf0000000-0xfbffffff] available for PCI devices
May 18 15:40:11 ip-10-0-0-104 kernel: [    0.000000] Booting paravirtualized kernel on Xen HVM
May 18 15:40:11 ip-10-0-0-104 kernel: [    0.000000] clocksource: refined-jiffies: mask: 0xffffffff max_cycles: 0xffffffff, max_idle_ns: 7645519600211568 ns
May 18 15:40:11 ip-10-0-0-104 systemd[1]: Starting Initial cloud-init job (metadata service crawler)...
May 18 15:40:11 ip-10-0-0-104 kernel: [    0.000000] setup_percpu: NR_CPUS:256 nr_cpumask_bits:256 nr_cpu_ids:128 nr_node_ids:2
May 18 15:40:11 ip-10-0-0-104 kernel: [    0.000000] PERCPU: Embedded 34 pages/cpu @ffff880770e00000 s99160 r8192 d31912 u262144
May 18 15:40:11 ip-10-0-0-104 kernel: [    0.000000] pcpu-alloc: s99160 r8192 d31912 u262144 alloc=1*2097152
May 18 15:40:11 ip-10-0-0-104 kernel: [    0.000000] pcpu-alloc: [0] 000 001 002 003 004 005 006 007 
May 18 15:40:11 ip-10-0-0-104 systemd[1]: Reached target Network.
May 18 15:40:11 ip-10-0-0-104 kernel: [    0.000000] pcpu-alloc: [0] 008 018 019 020 021 022 023 024 
May 18 15:40:11 ip-10-0-0-104 kernel: [    0.000000] pcpu-alloc: [0] 025 026 036 038 040 042 044 046 
May 18 15:40:11 ip-10-0-0-104 kernel: [    0.000000] pcpu-alloc: [0] 048 050 052 054 056 058 060 062 
May 18 15:40:11 ip-10-0-0-104 kernel: [    0.000000] pcpu-alloc: [0] 064 066 068 070 072 074 076 078 
May 18 15:40:11 ip-10-0-0-104 kernel: [    0.000000] pcpu-alloc: [0] 080 082 084 086 088 090 092 094 
May 18 15:40:11 ip-10-0-0-104 kernel: [    0.000000] pcpu-alloc: [0] 096 098 100 102 104 106 108 110 
May 18 15:40:11 ip-10-0-0-104 kernel: [    0.000000] pcpu-alloc: [0] 112 114 116 118 120 122 124 126 
May 18 15:40:11 ip-10-0-0-104 kernel: [    0.000000] pcpu-alloc: [1] 009 010 011 012 013 014 015 016 
May 18 15:40:11 ip-10-0-0-104 kernel: [    0.000000] pcpu-alloc: [1] 017 027 028 029 030 031 032 033 
May 18 15:40:11 ip-10-0-0-104 kernel: [    0.000000] pcpu-alloc: [1] 034 035 037 039 041 043 045 047 
May 18 15:40:11 ip-10-0-0-104 kernel: [    0.000000] pcpu-alloc: [1] 049 051 053 055 057 059 061 063 
May 18 15:40:11 ip-10-0-0-104 kernel: [    0.000000] pcpu-alloc: [1] 065 067 069 071 073 075 077 079 
May 18 15:40:11 ip-10-0-0-104 kernel: [    0.000000] pcpu-alloc: [1] 081 083 085 087 089 091 093 095 
May 18 15:40:11 ip-10-0-0-104 kernel: [    0.000000] pcpu-alloc: [1] 097 099 101 103 105 107 109 111 
May 18 15:40:11 ip-10-0-0-104 kernel: [    0.000000] pcpu-alloc: [1] 113 115 117 119 121 123 125 127 
May 18 15:40:11 ip-10-0-0-104 kernel: [    0.000000] xen: PV spinlocks enabled
May 18 15:40:11 ip-10-0-0-104 kernel: [    0.000000] PV qspinlock hash table entries: 512 (order: 1, 8192 bytes)
May 18 15:40:11 ip-10-0-0-104 kernel: [    0.000000] Built 2 zonelists in Node order, mobility grouping on.  Total pages: 15482759
May 18 15:40:11 ip-10-0-0-104 kernel: [    0.000000] Policy zone: Normal
May 18 15:40:11 ip-10-0-0-104 kernel: [    0.000000] Kernel command line: BOOT_IMAGE=/boot/vmlinuz-4.4.0-1067-aws root=LABEL=cloudimg-rootfs ro console=tty1 console=ttyS0 nvme.io_timeout=4294967295
May 18 15:40:11 ip-10-0-0-104 kernel: [    0.000000] log_buf_len individual max cpu contribution: 4096 bytes
May 18 15:40:11 ip-10-0-0-104 kernel: [    0.000000] log_buf_len total cpu_extra contributions: 520192 bytes
May 18 15:40:11 ip-10-0-0-104 kernel: [    0.000000] log_buf_len min size: 262144 bytes
May 18 15:40:11 ip-10-0-0-104 kernel: [    0.000000] log_buf_len: 1048576 bytes
May 18 15:40:11 ip-10-0-0-104 kernel: [    0.000000] early log buf free: 249740(95%)
May 18 15:40:11 ip-10-0-0-104 kernel: [    0.000000] PID hash table entries: 4096 (order: 3, 32768 bytes)
May 18 15:40:11 ip-10-0-0-104 kernel: [    0.000000] Calgary: detecting Calgary via BIOS EBDA area
May 18 15:40:11 ip-10-0-0-104 kernel: [    0.000000] Calgary: Unable to locate Rio Grande table in EBDA - bailing!
May 18 15:40:11 ip-10-0-0-104 kernel: [    0.000000] Memory: 61815268K/62914164K available (8372K kernel code, 1281K rwdata, 3888K rodata, 1504K init, 1264K bss, 1098896K reserved, 0K cma-reserved)
May 18 15:40:11 ip-10-0-0-104 kernel: [    0.000000] SLUB: HWalign=64, Order=0-3, MinObjects=0, CPUs=128, Nodes=2
May 18 15:40:11 ip-10-0-0-104 kernel: [    0.000000] Kernel/User page tables isolation: enabled
May 18 15:40:11 ip-10-0-0-104 kernel: [    0.000000] Hierarchical RCU implementation.
May 18 15:40:11 ip-10-0-0-104 kernel: [    0.000000] 	Build-time adjustment of leaf fanout to 64.
May 18 15:40:11 ip-10-0-0-104 kernel: [    0.000000] 	RCU restricting CPUs from NR_CPUS=256 to nr_cpu_ids=128.
May 18 15:40:11 ip-10-0-0-104 kernel: [    0.000000] RCU: Adjusting geometry for rcu_fanout_leaf=64, nr_cpu_ids=128
May 18 15:40:11 ip-10-0-0-104 kernel: [    0.000000] NR_IRQS:16640 nr_irqs:1856 16
May 18 15:40:11 ip-10-0-0-104 kernel: [    0.000000] xen:events: Using 2-level ABI
May 18 15:40:11 ip-10-0-0-104 kernel: [    0.000000] xen:events: Xen HVM callback vector for event delivery is enabled
May 18 15:40:11 ip-10-0-0-104 kernel: [    0.000000] Console: colour VGA+ 80x25
May 18 15:40:11 ip-10-0-0-104 kernel: [    0.000000] console [tty1] enabled
May 18 15:40:11 ip-10-0-0-104 kernel: [    0.000000] Cannot get hvm parameter CONSOLE_EVTCHN (18): -22!
May 18 15:40:11 ip-10-0-0-104 kernel: [    0.000000] console [ttyS0] enabled
May 18 15:40:11 ip-10-0-0-104 kernel: [    0.000000] mempolicy: Enabling automatic NUMA balancing. Configure with numa_balancing= or the kernel.numa_balancing sysctl
May 18 15:40:11 ip-10-0-0-104 kernel: [    0.000000] clocksource: hpet: mask: 0xffffffff max_cycles: 0xffffffff, max_idle_ns: 30580167144 ns
May 18 15:40:11 ip-10-0-0-104 kernel: [    0.000000] hpet clockevent registered
May 18 15:40:11 ip-10-0-0-104 kernel: [    0.000000] tsc: Detected 2893.402 MHz processor
May 18 15:40:11 ip-10-0-0-104 kernel: [    5.087280] Calibrating delay loop (skipped), value calculated using timer frequency.. 5786.80 BogoMIPS (lpj=11573608)
May 18 15:40:11 ip-10-0-0-104 kernel: [    5.107930] pid_max: default: 131072 minimum: 1024
May 18 15:40:11 ip-10-0-0-104 kernel: [    5.110526] ACPI: Core revision 20150930
May 18 15:40:11 ip-10-0-0-104 kernel: [    5.123795] ACPI: 5 ACPI AML tables successfully acquired and loaded
May 18 15:40:11 ip-10-0-0-104 kernel: [    5.127840] Security Framework initialized
May 18 15:40:11 ip-10-0-0-104 kernel: [    5.130168] Yama: becoming mindful.
May 18 15:40:11 ip-10-0-0-104 kernel: [    5.132318] AppArmor: AppArmor initialized
May 18 15:40:11 ip-10-0-0-104 kernel: [    5.137582] Dentry cache hash table entries: 8388608 (order: 14, 67108864 bytes)
May 18 15:40:11 ip-10-0-0-104 kernel: [    5.151508] Inode-cache hash table entries: 4194304 (order: 13, 33554432 bytes)
May 18 15:40:11 ip-10-0-0-104 kernel: [    5.159863] Mount-cache hash table entries: 131072 (order: 8, 1048576 bytes)
May 18 15:40:11 ip-10-0-0-104 kernel: [    5.163475] Mountpoint-cache hash table entries: 131072 (order: 8, 1048576 bytes)
May 18 15:40:11 ip-10-0-0-104 kernel: [    5.168024] Initializing cgroup subsys io
May 18 15:40:11 ip-10-0-0-104 kernel: [    5.170305] Initializing cgroup subsys memory
May 18 15:40:11 ip-10-0-0-104 kernel: [    5.172781] Initializing cgroup subsys devices
May 18 15:40:11 ip-10-0-0-104 kernel: [    5.175298] Initializing cgroup subsys freezer
May 18 15:40:11 ip-10-0-0-104 kernel: [    5.177767] Initializing cgroup subsys net_cls
May 18 15:40:11 ip-10-0-0-104 kernel: [    5.180208] Initializing cgroup subsys perf_event
May 18 15:40:11 ip-10-0-0-104 kernel: [    5.182832] Initializing cgroup subsys net_prio
May 18 15:40:11 ip-10-0-0-104 kernel: [    5.185378] Initializing cgroup subsys hugetlb
May 18 15:40:11 ip-10-0-0-104 kernel: [    5.187831] Initializing cgroup subsys pids
May 18 15:40:11 ip-10-0-0-104 kernel: [    5.190943] mce: CPU supports 2 MCE banks
May 18 15:40:11 ip-10-0-0-104 kernel: [    5.193240] process: using mwait in idle threads
May 18 15:40:11 ip-10-0-0-104 kernel: [    5.195864] Last level iTLB entries: 4KB 1024, 2MB 1024, 4MB 1024
May 18 15:40:11 ip-10-0-0-104 kernel: [    5.198955] Last level dTLB entries: 4KB 1024, 2MB 1024, 4MB 1024, 1GB 4
May 18 15:40:11 ip-10-0-0-104 kernel: [    5.202323] Spectre V2 : Mitigation: Full generic retpoline
May 18 15:40:11 ip-10-0-0-104 kernel: [    5.205229] Spectre V2 : Speculation control IBPB not-supported IBRS not-supported
May 18 15:40:11 ip-10-0-0-104 cloud-init[1292]: Cloud-init v. 18.3-9-g2e62cb8a-0ubuntu1~16.04.2 running 'init' at Sat, 18 May 2019 15:40:11 +0000. Up 7.35 seconds.
May 18 15:40:11 ip-10-0-0-104 kernel: [    5.208864] Speculative Store Bypass: Vulnerable
May 18 15:40:11 ip-10-0-0-104 kernel: [    5.213400] Freeing SMP alternatives memory: 32K
May 18 15:40:11 ip-10-0-0-104 cloud-init[1292]: ci-info: ++++++++++++++++++++++++++++++++++++++Net device info+++++++++++++++++++++++++++++++++++++++
May 18 15:40:11 ip-10-0-0-104 cloud-init[1292]: ci-info: +--------+------+-----------------------------+---------------+--------+-------------------+
May 18 15:40:11 ip-10-0-0-104 cloud-init[1292]: ci-info: | Device |  Up  |           Address           |      Mask     | Scope  |     Hw-Address    |
May 18 15:40:11 ip-10-0-0-104 cloud-init[1292]: ci-info: +--------+------+-----------------------------+---------------+--------+-------------------+
May 18 15:40:11 ip-10-0-0-104 cloud-init[1292]: ci-info: |  ens3  | True |          10.0.0.104         | 255.255.255.0 | global | 06:01:e6:bd:f7:64 |
May 18 15:40:11 ip-10-0-0-104 cloud-init[1292]: ci-info: |  ens3  | True | fe80::401:e6ff:febd:f764/64 |       .       |  link  | 06:01:e6:bd:f7:64 |
May 18 15:40:11 ip-10-0-0-104 cloud-init[1292]: ci-info: |   lo   | True |          127.0.0.1          |   255.0.0.0   |  host  |         .         |
May 18 15:40:11 ip-10-0-0-104 cloud-init[1292]: ci-info: |   lo   | True |           ::1/128           |       .       |  host  |         .         |
May 18 15:40:11 ip-10-0-0-104 cloud-init[1292]: ci-info: +--------+------+-----------------------------+---------------+--------+-------------------+
May 18 15:40:11 ip-10-0-0-104 cloud-init[1292]: ci-info: +++++++++++++++++++++++++++Route IPv4 info++++++++++++++++++++++++++++
May 18 15:40:11 ip-10-0-0-104 cloud-init[1292]: ci-info: +-------+-------------+----------+---------------+-----------+-------+
May 18 15:40:11 ip-10-0-0-104 kernel: [    5.220242] ftrace: allocating 31371 entries in 123 pages
May 18 15:40:11 ip-10-0-0-104 kernel: [    5.258525] smpboot: APIC(0) Converting physical 0 to logical package 0
May 18 15:40:11 ip-10-0-0-104 kernel: [    5.261894] smpboot: APIC(20) Converting physical 1 to logical package 1
May 18 15:40:11 ip-10-0-0-104 kernel: [    5.265252] smpboot: Max logical packages: 15
May 18 15:40:11 ip-10-0-0-104 kernel: [    5.268347] x2apic: IRQ remapping doesn't support X2APIC mode
May 18 15:40:11 ip-10-0-0-104 kernel: [    5.271948] Switched APIC routing to physical flat.
May 18 15:40:11 ip-10-0-0-104 kernel: [    5.276828] ..TIMER: vector=0x30 apic1=0 pin1=2 apic2=0 pin2=0
May 18 15:40:11 ip-10-0-0-104 kernel: [    5.279854] clocksource: xen: mask: 0xffffffffffffffff max_cycles: 0x1cd42e4dffb, max_idle_ns: 881590591483 ns
May 18 15:40:11 ip-10-0-0-104 kernel: [    5.285572] Xen: using vcpuop timer interface
May 18 15:40:11 ip-10-0-0-104 kernel: [    5.285577] installing Xen timer for CPU 0
May 18 15:40:11 ip-10-0-0-104 kernel: [    5.288137] smpboot: CPU0: Intel(R) Xeon(R) CPU E5-2666 v3 @ 2.90GHz (family: 0x6, model: 0x3f, stepping: 0x2)
May 18 15:40:11 ip-10-0-0-104 kernel: [    5.294211] cpu 0 spinlock event irq 53
May 18 15:40:11 ip-10-0-0-104 kernel: [    5.296399] Performance Events: unsupported p6 CPU model 63 no PMU driver, software events only.
May 18 15:40:11 ip-10-0-0-104 kernel: [    5.303288] NMI watchdog: disabled (cpu0): hardware events not enabled
May 18 15:40:11 ip-10-0-0-104 kernel: [    5.306572] NMI watchdog: Shutting down hard lockup detector on all cpus
May 18 15:40:11 ip-10-0-0-104 kernel: [    5.310102] installing Xen timer for CPU 1
May 18 15:40:11 ip-10-0-0-104 kernel: [    5.312538] x86: Booting SMP configuration:
May 18 15:40:11 ip-10-0-0-104 kernel: [    5.314857] .... node  #0, CPUs:          #1cpu 1 spinlock event irq 59
May 18 15:40:11 ip-10-0-0-104 kernel: [    5.320401] installing Xen timer for CPU 2
May 18 15:40:11 ip-10-0-0-104 kernel: [    5.322827]    #2cpu 2 spinlock event irq 65
May 18 15:40:11 ip-10-0-0-104 kernel: [    5.326706] installing Xen timer for CPU 3
May 18 15:40:11 ip-10-0-0-104 kernel: [    5.329137]    #3cpu 3 spinlock event irq 71
May 18 15:40:11 ip-10-0-0-104 kernel: [    5.333021] installing Xen timer for CPU 4
May 18 15:40:11 ip-10-0-0-104 kernel: [    5.335491]    #4cpu 4 spinlock event irq 77
May 18 15:40:11 ip-10-0-0-104 kernel: [    5.339370] installing Xen timer for CPU 5
May 18 15:40:11 ip-10-0-0-104 kernel: [    5.341824]    #5cpu 5 spinlock event irq 83
May 18 15:40:11 ip-10-0-0-104 kernel: [    5.345740] installing Xen timer for CPU 6
May 18 15:40:11 ip-10-0-0-104 kernel: [    5.348208]    #6cpu 6 spinlock event irq 89
May 18 15:40:11 ip-10-0-0-104 kernel: [    5.352147] installing Xen timer for CPU 7
May 18 15:40:11 ip-10-0-0-104 kernel: [    5.354615]    #7cpu 7 spinlock event irq 95
May 18 15:40:11 ip-10-0-0-104 kernel: [    5.358502] installing Xen timer for CPU 8
May 18 15:40:11 ip-10-0-0-104 kernel: [    5.360930]    #8cpu 8 spinlock event irq 101
May 18 15:40:11 ip-10-0-0-104 kernel: [    5.364871] installing Xen timer for CPU 9
May 18 15:40:11 ip-10-0-0-104 kernel: [    5.367336] 
May 18 15:40:11 ip-10-0-0-104 kernel: [    5.368601] .... node  #1, CPUs:     #9cpu 9 spinlock event irq 107
May 18 15:40:11 ip-10-0-0-104 kernel: [    5.373655] installing Xen timer for CPU 10
May 18 15:40:11 ip-10-0-0-104 kernel: [    5.376089]   #10cpu 10 spinlock event irq 113
May 18 15:40:11 ip-10-0-0-104 kernel: [    5.380181] installing Xen timer for CPU 11
May 18 15:40:11 ip-10-0-0-104 kernel: [    5.382555]   #11cpu 11 spinlock event irq 119
May 18 15:40:11 ip-10-0-0-104 kernel: [    5.386464] installing Xen timer for CPU 12
May 18 15:40:11 ip-10-0-0-104 kernel: [    5.388872]   #12cpu 12 spinlock event irq 125
May 18 15:40:11 ip-10-0-0-104 kernel: [    5.392877] installing Xen timer for CPU 13
May 18 15:40:11 ip-10-0-0-104 kernel: [    5.395294]   #13cpu 13 spinlock event irq 131
May 18 15:40:11 ip-10-0-0-104 kernel: [    5.399308] installing Xen timer for CPU 14
May 18 15:40:11 ip-10-0-0-104 kernel: [    5.401788]   #14cpu 14 spinlock event irq 137
May 18 15:40:11 ip-10-0-0-104 kernel: [    5.405809] installing Xen timer for CPU 15
May 18 15:40:11 ip-10-0-0-104 kernel: [    5.408229]   #15cpu 15 spinlock event irq 143
May 18 15:40:11 ip-10-0-0-104 kernel: [    5.412245] installing Xen timer for CPU 16
May 18 15:40:11 ip-10-0-0-104 kernel: [    5.414691]   #16cpu 16 spinlock event irq 149
May 18 15:40:11 ip-10-0-0-104 kernel: [    5.418728] installing Xen timer for CPU 17
May 18 15:40:11 ip-10-0-0-104 kernel: [    5.421221]   #17cpu 17 spinlock event irq 155
May 18 15:40:11 ip-10-0-0-104 kernel: [    5.425211] installing Xen timer for CPU 18
May 18 15:40:11 ip-10-0-0-104 kernel: [    5.427661] 
May 18 15:40:11 ip-10-0-0-104 kernel: [    5.428961] .... node  #0, CPUs:    #18cpu 18 spinlock event irq 161
May 18 15:40:11 ip-10-0-0-104 kernel: [    5.434247] installing Xen timer for CPU 19
May 18 15:40:11 ip-10-0-0-104 kernel: [    5.436703]   #19cpu 19 spinlock event irq 167
May 18 15:40:11 ip-10-0-0-104 kernel: [    5.440759] installing Xen timer for CPU 20
May 18 15:40:11 ip-10-0-0-104 kernel: [    5.443162]   #20cpu 20 spinlock event irq 173
May 18 15:40:11 ip-10-0-0-104 kernel: [    5.447137] installing Xen timer for CPU 21
May 18 15:40:11 ip-10-0-0-104 kernel: [    5.449587]   #21cpu 21 spinlock event irq 179
May 18 15:40:11 ip-10-0-0-104 kernel: [    5.453569] installing Xen timer for CPU 22
May 18 15:40:11 ip-10-0-0-104 kernel: [    5.455972]   #22cpu 22 spinlock event irq 185
May 18 15:40:11 ip-10-0-0-104 kernel: [    5.459991] installing Xen timer for CPU 23
May 18 15:40:11 ip-10-0-0-104 kernel: [    5.462436]   #23cpu 23 spinlock event irq 191
May 18 15:40:11 ip-10-0-0-104 kernel: [    5.466436] installing Xen timer for CPU 24
May 18 15:40:11 ip-10-0-0-104 kernel: [    5.468939]   #24cpu 24 spinlock event irq 197
May 18 15:40:11 ip-10-0-0-104 kernel: [    5.472929] installing Xen timer for CPU 25
May 18 15:40:11 ip-10-0-0-104 kernel: [    5.475375]   #25cpu 25 spinlock event irq 203
May 18 15:40:11 ip-10-0-0-104 kernel: [    5.479386] installing Xen timer for CPU 26
May 18 15:40:11 ip-10-0-0-104 kernel: [    5.481859]   #26cpu 26 spinlock event irq 209
May 18 15:40:11 ip-10-0-0-104 kernel: [    5.485839] installing Xen timer for CPU 27
May 18 15:40:11 ip-10-0-0-104 kernel: [    5.488306] 
May 18 15:40:11 ip-10-0-0-104 kernel: [    5.489585] .... node  #1, CPUs:    #27cpu 27 spinlock event irq 215
May 18 15:40:11 ip-10-0-0-104 kernel: [    5.494711] installing Xen timer for CPU 28
May 18 15:40:11 ip-10-0-0-104 kernel: [    5.497179]   #28cpu 28 spinlock event irq 221
May 18 15:40:11 ip-10-0-0-104 kernel: [    5.501216] installing Xen timer for CPU 29
May 18 15:40:11 ip-10-0-0-104 kernel: [    5.503627]   #29cpu 29 spinlock event irq 227
May 18 15:40:11 ip-10-0-0-104 kernel: [    5.507585] installing Xen timer for CPU 30
May 18 15:40:11 ip-10-0-0-104 kernel: [    5.510074]   #30cpu 30 spinlock event irq 233
May 18 15:40:11 ip-10-0-0-104 kernel: [    5.513993] installing Xen timer for CPU 31
May 18 15:40:11 ip-10-0-0-104 kernel: [    5.516462]   #31cpu 31 spinlock event irq 239
May 18 15:40:11 ip-10-0-0-104 kernel: [    5.520550] installing Xen timer for CPU 32
May 18 15:40:11 ip-10-0-0-104 kernel: [    5.523123]   #32cpu 32 spinlock event irq 245
May 18 15:40:11 ip-10-0-0-104 kernel: [    5.527148] installing Xen timer for CPU 33
May 18 15:40:11 ip-10-0-0-104 kernel: [    5.529620]   #33cpu 33 spinlock event irq 251
May 18 15:40:11 ip-10-0-0-104 kernel: [    5.533673] installing Xen timer for CPU 34
May 18 15:40:11 ip-10-0-0-104 kernel: [    5.536099]   #34cpu 34 spinlock event irq 257
May 18 15:40:11 ip-10-0-0-104 kernel: [    5.540175] installing Xen timer for CPU 35
May 18 15:40:11 ip-10-0-0-104 kernel: [    5.542614]   #35cpu 35 spinlock event irq 263
May 18 15:40:11 ip-10-0-0-104 kernel: [    5.546556] x86: Booted up 2 nodes, 36 CPUs
May 18 15:40:11 ip-10-0-0-104 kernel: [    5.549026] smpboot: Total of 36 processors activated (208324.94 BogoMIPS)
May 18 15:40:11 ip-10-0-0-104 kernel: [    5.554442] devtmpfs: initialized
May 18 15:40:11 ip-10-0-0-104 kernel: [    5.562503] evm: security.selinux
May 18 15:40:11 ip-10-0-0-104 kernel: [    5.564643] evm: security.SMACK64
May 18 15:40:11 ip-10-0-0-104 kernel: [    5.567163] evm: security.SMACK64EXEC
May 18 15:40:11 ip-10-0-0-104 kernel: [    5.569913] evm: security.SMACK64TRANSMUTE
May 18 15:40:11 ip-10-0-0-104 kernel: [    5.572914] evm: security.SMACK64MMAP
May 18 15:40:11 ip-10-0-0-104 kernel: [    5.575593] evm: security.ima
May 18 15:40:11 ip-10-0-0-104 kernel: [    5.577911] evm: security.capability
May 18 15:40:11 ip-10-0-0-104 kernel: [    5.580942] clocksource: jiffies: mask: 0xffffffff max_cycles: 0xffffffff, max_idle_ns: 7645041785100000 ns
May 18 15:40:11 ip-10-0-0-104 kernel: [    5.587527] futex hash table entries: 32768 (order: 9, 2097152 bytes)
May 18 15:40:11 ip-10-0-0-104 kernel: [    5.592523] RTC time: 15:40:04, date: 05/18/19
May 18 15:40:11 ip-10-0-0-104 kernel: [    5.597652] NET: Registered protocol family 16
May 18 15:40:11 ip-10-0-0-104 kernel: [    5.612992] cpuidle: using governor ladder
May 18 15:40:11 ip-10-0-0-104 kernel: [    5.625152] cpuidle: using governor menu
May 18 15:40:11 ip-10-0-0-104 kernel: [    5.627979] PCCT header not found.
May 18 15:40:11 ip-10-0-0-104 kernel: [    5.630675] ACPI: bus type PCI registered
May 18 15:40:11 ip-10-0-0-104 kernel: [    5.633542] acpiphp: ACPI Hot Plug PCI Controller Driver version: 0.5
May 18 15:40:11 ip-10-0-0-104 kernel: [    5.638148] PCI: Using configuration type 1 for base access
May 18 15:40:11 ip-10-0-0-104 kernel: [    5.654904] ACPI: Added _OSI(Module Device)
May 18 15:40:11 ip-10-0-0-104 kernel: [    5.657291] ACPI: Added _OSI(Processor Device)
May 18 15:40:11 ip-10-0-0-104 kernel: [    5.659853] ACPI: Added _OSI(3.0 _SCP Extensions)
May 18 15:40:11 ip-10-0-0-104 kernel: [    5.662463] ACPI: Added _OSI(Processor Aggregator Device)
May 18 15:40:11 ip-10-0-0-104 kernel: [    5.667651] xen: --> pirq=16 -> irq=9 (gsi=9)
May 18 15:40:11 ip-10-0-0-104 kernel: [    5.673214] ACPI: Interpreter enabled
May 18 15:40:11 ip-10-0-0-104 kernel: [    5.675534] ACPI: (supports S0 S4 S5)
May 18 15:40:11 ip-10-0-0-104 kernel: [    5.677686] ACPI: Using IOAPIC for interrupt routing
May 18 15:40:11 ip-10-0-0-104 kernel: [    5.680427] PCI: Using host bridge windows from ACPI; if necessary, use "pci=nocrs" and report a bug
May 18 15:40:11 ip-10-0-0-104 kernel: [    5.729795] ACPI: PCI Root Bridge [PCI0] (domain 0000 [bus 00-ff])
May 18 15:40:11 ip-10-0-0-104 kernel: [    5.733156] acpi PNP0A03:00: _OSC: OS supports [ASPM ClockPM Segments MSI]
May 18 15:40:11 ip-10-0-0-104 kernel: [    5.736611] acpi PNP0A03:00: _OSC failed (AE_NOT_FOUND); disabling ASPM
May 18 15:40:11 ip-10-0-0-104 kernel: [    5.740118] acpi PNP0A03:00: fail to add MMCONFIG information, can't access extended PCI configuration space under this bridge.
May 18 15:40:11 ip-10-0-0-104 kernel: [    5.746756] acpiphp: Slot [0] registered
May 18 15:40:11 ip-10-0-0-104 kernel: [    5.749978] acpiphp: Slot [3] registered
May 18 15:40:11 ip-10-0-0-104 kernel: [    5.752590] acpiphp: Slot [4] registered
May 18 15:40:11 ip-10-0-0-104 kernel: [    5.755201] acpiphp: Slot [5] registered
May 18 15:40:11 ip-10-0-0-104 kernel: [    5.757845] acpiphp: Slot [6] registered
May 18 15:40:11 ip-10-0-0-104 kernel: [    5.760455] acpiphp: Slot [7] registered
May 18 15:40:11 ip-10-0-0-104 kernel: [    5.763070] acpiphp: Slot [8] registered
May 18 15:40:11 ip-10-0-0-104 kernel: [    5.765676] acpiphp: Slot [9] registered
May 18 15:40:11 ip-10-0-0-104 kernel: [    5.768269] acpiphp: Slot [10] registered
May 18 15:40:11 ip-10-0-0-104 kernel: [    5.770859] acpiphp: Slot [11] registered
May 18 15:40:11 ip-10-0-0-104 kernel: [    5.773477] acpiphp: Slot [12] registered
May 18 15:40:11 ip-10-0-0-104 kernel: [    5.776159] acpiphp: Slot [13] registered
May 18 15:40:11 ip-10-0-0-104 kernel: [    5.778835] acpiphp: Slot [14] registered
May 18 15:40:11 ip-10-0-0-104 kernel: [    5.781521] acpiphp: Slot [15] registered
May 18 15:40:11 ip-10-0-0-104 kernel: [    5.784212] acpiphp: Slot [16] registered
May 18 15:40:11 ip-10-0-0-104 kernel: [    5.786874] acpiphp: Slot [17] registered
May 18 15:40:11 ip-10-0-0-104 kernel: [    5.789612] acpiphp: Slot [18] registered
May 18 15:40:11 ip-10-0-0-104 kernel: [    5.792304] acpiphp: Slot [19] registered
May 18 15:40:11 ip-10-0-0-104 kernel: [    5.794982] acpiphp: Slot [20] registered
May 18 15:40:11 ip-10-0-0-104 kernel: [    5.797661] acpiphp: Slot [21] registered
May 18 15:40:11 ip-10-0-0-104 kernel: [    5.800375] acpiphp: Slot [22] registered
May 18 15:40:11 ip-10-0-0-104 kernel: [    5.803043] acpiphp: Slot [23] registered
May 18 15:40:11 ip-10-0-0-104 kernel: [    5.805646] acpiphp: Slot [24] registered
May 18 15:40:11 ip-10-0-0-104 kernel: [    5.823062] acpiphp: Slot [25] registered
May 18 15:40:11 ip-10-0-0-104 kernel: [    5.825659] acpiphp: Slot [26] registered
May 18 15:40:11 ip-10-0-0-104 kernel: [    5.828324] acpiphp: Slot [27] registered
May 18 15:40:11 ip-10-0-0-104 kernel: [    5.831125] acpiphp: Slot [28] registered
May 18 15:40:11 ip-10-0-0-104 kernel: [    5.834146] acpiphp: Slot [29] registered
May 18 15:40:11 ip-10-0-0-104 kernel: [    5.836786] acpiphp: Slot [30] registered
May 18 15:40:11 ip-10-0-0-104 kernel: [    5.839478] acpiphp: Slot [31] registered
May 18 15:40:11 ip-10-0-0-104 kernel: [    5.842044] PCI host bridge to bus 0000:00
May 18 15:40:11 ip-10-0-0-104 kernel: [    5.844436] pci_bus 0000:00: root bus resource [io  0x0000-0x0cf7 window]
May 18 15:40:11 ip-10-0-0-104 kernel: [    5.847948] pci_bus 0000:00: root bus resource [io  0x0d00-0xffff window]
May 18 15:40:11 ip-10-0-0-104 kernel: [    5.851563] pci_bus 0000:00: root bus resource [mem 0x000a0000-0x000bffff window]
May 18 15:40:11 ip-10-0-0-104 kernel: [    5.855732] pci_bus 0000:00: root bus resource [mem 0xf0000000-0xfbffffff window]
May 18 15:40:11 ip-10-0-0-104 kernel: [    5.859901] pci_bus 0000:00: root bus resource [bus 00-ff]
May 18 15:40:11 ip-10-0-0-104 kernel: [    5.862902] pci 0000:00:00.0: [8086:1237] type 00 class 0x060000
May 18 15:40:11 ip-10-0-0-104 kernel: [    5.864211] pci 0000:00:01.0: [8086:7000] type 00 class 0x060100
May 18 15:40:11 ip-10-0-0-104 kernel: [    5.866110] pci 0000:00:01.1: [8086:7010] type 00 class 0x010180
May 18 15:40:11 ip-10-0-0-104 kernel: [    5.867074] pci 0000:00:01.1: reg 0x20: [io  0xc100-0xc10f]
May 18 15:40:11 ip-10-0-0-104 kernel: [    5.867500] pci 0000:00:01.1: legacy IDE quirk: reg 0x10: [io  0x01f0-0x01f7]
May 18 15:40:11 ip-10-0-0-104 kernel: [    5.871184] pci 0000:00:01.1: legacy IDE quirk: reg 0x14: [io  0x03f6]
May 18 15:40:11 ip-10-0-0-104 kernel: [    5.874506] pci 0000:00:01.1: legacy IDE quirk: reg 0x18: [io  0x0170-0x0177]
May 18 15:40:11 ip-10-0-0-104 kernel: [    5.878216] pci 0000:00:01.1: legacy IDE quirk: reg 0x1c: [io  0x0376]
May 18 15:40:11 ip-10-0-0-104 kernel: [    5.882107] pci 0000:00:01.3: [8086:7113] type 00 class 0x068000
May 18 15:40:11 ip-10-0-0-104 kernel: [    5.882191] * Found PM-Timer Bug on the chipset. Due to workarounds for a bug,
May 18 15:40:11 ip-10-0-0-104 kernel: [    5.882191] * this clock source is slow. Consider trying other clock sources
May 18 15:40:11 ip-10-0-0-104 kernel: [    5.890694] pci 0000:00:01.3: quirk: [io  0xb000-0xb03f] claimed by PIIX4 ACPI
May 18 15:40:11 ip-10-0-0-104 kernel: [    5.895428] pci 0000:00:02.0: [1013:00b8] type 00 class 0x030000
May 18 15:40:11 ip-10-0-0-104 kernel: [    5.895718] pci 0000:00:02.0: reg 0x10: [mem 0xf0000000-0xf1ffffff pref]
May 18 15:40:11 ip-10-0-0-104 kernel: [    5.895908] pci 0000:00:02.0: reg 0x14: [mem 0xf3008000-0xf3008fff]
May 18 15:40:11 ip-10-0-0-104 kernel: [    5.897452] pci 0000:00:03.0: [8086:10ed] type 00 class 0x020000
May 18 15:40:11 ip-10-0-0-104 kernel: [    5.898161] pci 0000:00:03.0: reg 0x10: [mem 0xf3000000-0xf3003fff 64bit pref]
May 18 15:40:11 ip-10-0-0-104 kernel: [    5.898713] pci 0000:00:03.0: reg 0x1c: [mem 0xf3004000-0xf3007fff 64bit pref]
May 18 15:40:11 ip-10-0-0-104 kernel: [    5.900717] pci 0000:00:1f.0: [5853:0001] type 00 class 0xff8000
May 18 15:40:11 ip-10-0-0-104 kernel: [    5.901064] pci 0000:00:1f.0: reg 0x10: [io  0xc000-0xc0ff]
May 18 15:40:11 ip-10-0-0-104 kernel: [    5.901253] pci 0000:00:1f.0: reg 0x14: [mem 0xf2000000-0xf2ffffff pref]
May 18 15:40:11 ip-10-0-0-104 kernel: [    5.902934] ACPI: PCI Interrupt Link [LNKA] (IRQs *5 10 11)
May 18 15:40:11 ip-10-0-0-104 kernel: [    5.908956] ACPI: PCI Interrupt Link [LNKB] (IRQs 5 *10 11)
May 18 15:40:11 ip-10-0-0-104 kernel: [    5.914811] ACPI: PCI Interrupt Link [LNKC] (IRQs 5 10 *11)
May 18 15:40:11 ip-10-0-0-104 kernel: [    5.920777] ACPI: PCI Interrupt Link [LNKD] (IRQs *5 10 11)
May 18 15:40:11 ip-10-0-0-104 kernel: [    5.944787] ACPI: Enabled 2 GPEs in block 00 to 0F
May 18 15:40:11 ip-10-0-0-104 kernel: [    5.948929] xen:balloon: Initialising balloon driver
May 18 15:40:11 ip-10-0-0-104 kernel: [    5.953177] vgaarb: setting as boot device: PCI:0000:00:02.0
May 18 15:40:11 ip-10-0-0-104 kernel: [    5.957420] vgaarb: device added: PCI:0000:00:02.0,decodes=io+mem,owns=io+mem,locks=none
May 18 15:40:11 ip-10-0-0-104 kernel: [    5.963670] vgaarb: loaded
May 18 15:40:11 ip-10-0-0-104 kernel: [    5.966092] vgaarb: bridge control possible 0000:00:02.0
May 18 15:40:11 ip-10-0-0-104 kernel: [    5.970320] SCSI subsystem initialized
May 18 15:40:11 ip-10-0-0-104 kernel: [    5.973506] libata version 3.00 loaded.
May 18 15:40:11 ip-10-0-0-104 kernel: [    5.973528] ACPI: bus type USB registered
May 18 15:40:11 ip-10-0-0-104 kernel: [    5.976728] usbcore: registered new interface driver usbfs
May 18 15:40:11 ip-10-0-0-104 kernel: [    5.981316] usbcore: registered new interface driver hub
May 18 15:40:11 ip-10-0-0-104 kernel: [    5.985415] usbcore: registered new device driver usb
May 18 15:40:11 ip-10-0-0-104 kernel: [    5.989513] PCI: Using ACPI for IRQ routing
May 18 15:40:11 ip-10-0-0-104 kernel: [    5.992830] PCI: pci_cache_line_size set to 64 bytes
May 18 15:40:11 ip-10-0-0-104 kernel: [    5.993374] e820: reserve RAM buffer [mem 0x0009e000-0x0009ffff]
May 18 15:40:11 ip-10-0-0-104 kernel: [    5.993544] NetLabel: Initializing
May 18 15:40:11 ip-10-0-0-104 kernel: [    5.996387] NetLabel:  domain hash size = 128
May 18 15:40:11 ip-10-0-0-104 kernel: [    5.999841] NetLabel:  protocols = UNLABELED CIPSOv4
May 18 15:40:11 ip-10-0-0-104 kernel: [    6.003667] NetLabel:  unlabeled traffic allowed by default
May 18 15:40:11 ip-10-0-0-104 kernel: [    6.008004] HPET: 3 timers in total, 0 timers will be used for per-cpu timer
May 18 15:40:11 ip-10-0-0-104 kernel: [    6.013074] hpet0: at MMIO 0xfed00000, IRQs 2, 8, 0
May 18 15:40:11 ip-10-0-0-104 kernel: [    6.018588] hpet0: 3 comparators, 64-bit 62.500000 MHz counter
May 18 15:40:11 ip-10-0-0-104 kernel: [    6.027103] amd_nb: Cannot enumerate AMD northbridges
May 18 15:40:11 ip-10-0-0-104 kernel: [    6.030344] clocksource: Switched to clocksource xen
May 18 15:40:11 ip-10-0-0-104 kernel: [    6.040494] AppArmor: AppArmor Filesystem Enabled
May 18 15:40:11 ip-10-0-0-104 kernel: [    6.046680] pnp: PnP ACPI init
May 18 15:40:11 ip-10-0-0-104 kernel: [    6.049200] system 00:00: [mem 0x00000000-0x0009ffff] could not be reserved
May 18 15:40:11 ip-10-0-0-104 kernel: [    6.054825] system 00:00: Plug and Play ACPI device, IDs PNP0c02 (active)
May 18 15:40:11 ip-10-0-0-104 kernel: [    6.054900] system 00:01: [io  0x08a0-0x08a3] has been reserved
May 18 15:40:11 ip-10-0-0-104 kernel: [    6.059662] system 00:01: [io  0x0cc0-0x0ccf] has been reserved
May 18 15:40:11 ip-10-0-0-104 kernel: [    6.064427] system 00:01: [io  0x04d0-0x04d1] has been reserved
May 18 15:40:11 ip-10-0-0-104 kernel: [    6.069228] system 00:01: Plug and Play ACPI device, IDs PNP0c02 (active)
May 18 15:40:11 ip-10-0-0-104 kernel: [    6.069263] xen: --> pirq=17 -> irq=8 (gsi=8)
May 18 15:40:11 ip-10-0-0-104 kernel: [    6.069278] pnp 00:02: Plug and Play ACPI device, IDs PNP0b00 (active)
May 18 15:40:11 ip-10-0-0-104 kernel: [    6.069298] xen: --> pirq=18 -> irq=12 (gsi=12)
May 18 15:40:11 ip-10-0-0-104 kernel: [    6.069311] pnp 00:03: Plug and Play ACPI device, IDs PNP0f13 (active)
May 18 15:40:11 ip-10-0-0-104 kernel: [    6.069328] xen: --> pirq=19 -> irq=1 (gsi=1)
May 18 15:40:11 ip-10-0-0-104 kernel: [    6.069344] pnp 00:04: Plug and Play ACPI device, IDs PNP0303 PNP030b (active)
May 18 15:40:11 ip-10-0-0-104 kernel: [    6.069362] xen: --> pirq=20 -> irq=6 (gsi=6)
May 18 15:40:11 ip-10-0-0-104 kernel: [    6.069364] pnp 00:05: [dma 2]
May 18 15:40:11 ip-10-0-0-104 kernel: [    6.069376] pnp 00:05: Plug and Play ACPI device, IDs PNP0700 (active)
May 18 15:40:11 ip-10-0-0-104 kernel: [    6.069397] xen: --> pirq=21 -> irq=4 (gsi=4)
May 18 15:40:11 ip-10-0-0-104 kernel: [    6.069411] pnp 00:06: Plug and Play ACPI device, IDs PNP0501 (active)
May 18 15:40:11 ip-10-0-0-104 kernel: [    6.069446] system 00:07: [io  0x10c0-0x1141] has been reserved
May 18 15:40:11 ip-10-0-0-104 kernel: [    6.074230] system 00:07: [io  0xb044-0xb047] has been reserved
May 18 15:40:11 ip-10-0-0-104 kernel: [    6.079031] system 00:07: Plug and Play ACPI device, IDs PNP0c02 (active)
May 18 15:40:11 ip-10-0-0-104 kernel: [    6.097986] pnp: PnP ACPI: found 8 devices
May 18 15:40:11 ip-10-0-0-104 kernel: [    6.107934] clocksource: acpi_pm: mask: 0xffffff max_cycles: 0xffffff, max_idle_ns: 2085701024 ns
May 18 15:40:11 ip-10-0-0-104 kernel: [    6.115015] pci_bus 0000:00: resource 4 [io  0x0000-0x0cf7 window]
May 18 15:40:11 ip-10-0-0-104 kernel: [    6.115017] pci_bus 0000:00: resource 5 [io  0x0d00-0xffff window]
May 18 15:40:11 ip-10-0-0-104 kernel: [    6.115018] pci_bus 0000:00: resource 6 [mem 0x000a0000-0x000bffff window]
May 18 15:40:11 ip-10-0-0-104 kernel: [    6.115020] pci_bus 0000:00: resource 7 [mem 0xf0000000-0xfbffffff window]
May 18 15:40:11 ip-10-0-0-104 kernel: [    6.115126] NET: Registered protocol family 2
May 18 15:40:11 ip-10-0-0-104 kernel: [    6.119474] TCP established hash table entries: 524288 (order: 10, 4194304 bytes)
May 18 15:40:11 ip-10-0-0-104 kernel: [    6.126132] TCP bind hash table entries: 65536 (order: 8, 1048576 bytes)
May 18 15:40:11 ip-10-0-0-104 kernel: [    6.131669] TCP: Hash tables configured (established 524288 bind 65536)
May 18 15:40:11 ip-10-0-0-104 kernel: [    6.137311] UDP hash table entries: 32768 (order: 8, 1048576 bytes)
May 18 15:40:11 ip-10-0-0-104 kernel: [    6.142848] UDP-Lite hash table entries: 32768 (order: 8, 1048576 bytes)
May 18 15:40:11 ip-10-0-0-104 kernel: [    6.149041] NET: Registered protocol family 1
May 18 15:40:11 ip-10-0-0-104 kernel: [    6.152975] pci 0000:00:00.0: Limiting direct PCI/PCI transfers
May 18 15:40:11 ip-10-0-0-104 kernel: [    6.158163] pci 0000:00:01.0: PIIX3: Enabling Passive Release
May 18 15:40:11 ip-10-0-0-104 kernel: [    6.163164] pci 0000:00:01.0: Activating ISA DMA hang workarounds
May 18 15:40:11 ip-10-0-0-104 kernel: [    6.168512] pci 0000:00:02.0: Video device with shadowed ROM
May 18 15:40:11 ip-10-0-0-104 kernel: [    6.168670] PCI: CLS 0 bytes, default 64
May 18 15:40:11 ip-10-0-0-104 kernel: [    6.168710] Trying to unpack rootfs image as initramfs...
May 18 15:40:11 ip-10-0-0-104 kernel: [    6.324740] Freeing initrd memory: 12412K
May 18 15:40:11 ip-10-0-0-104 kernel: [    6.328742] PCI-DMA: Using software bounce buffering for IO (SWIOTLB)
May 18 15:40:11 ip-10-0-0-104 kernel: [    6.334476] software IO TLB [mem 0xec000000-0xf0000000] (64MB) mapped at [ffff8800ec000000-ffff8800efffffff]
May 18 15:40:11 ip-10-0-0-104 kernel: [    6.343158] RAPL PMU detected, API unit is 2^-32 Joules, 3 fixed counters 655360 ms ovfl timer
May 18 15:40:11 ip-10-0-0-104 kernel: [    6.350432] hw unit of domain pp0-core 2^-14 Joules
May 18 15:40:11 ip-10-0-0-104 kernel: [    6.354597] hw unit of domain package 2^-14 Joules
May 18 15:40:11 ip-10-0-0-104 kernel: [    6.358723] hw unit of domain dram 2^-16 Joules
May 18 15:40:11 ip-10-0-0-104 kernel: [    6.362711] Scanning for low memory corruption every 60 seconds
May 18 15:40:11 ip-10-0-0-104 kernel: [    6.369032] audit: initializing netlink subsys (disabled)
May 18 15:40:11 ip-10-0-0-104 kernel: [    6.374119] audit: type=2000 audit(1558194005.169:1): initialized
May 18 15:40:11 ip-10-0-0-104 kernel: [    6.380002] Initialise system trusted keyring
May 18 15:40:11 ip-10-0-0-104 kernel: [    6.384464] HugeTLB registered 1 GB page size, pre-allocated 0 pages
May 18 15:40:11 ip-10-0-0-104 kernel: [    6.390062] HugeTLB registered 2 MB page size, pre-allocated 0 pages
May 18 15:40:11 ip-10-0-0-104 kernel: [    6.397017] zbud: loaded
May 18 15:40:11 ip-10-0-0-104 kernel: [    6.400128] VFS: Disk quotas dquot_6.6.0
May 18 15:40:11 ip-10-0-0-104 kernel: [    6.404195] VFS: Dquot-cache hash table entries: 512 (order 0, 4096 bytes)
May 18 15:40:11 ip-10-0-0-104 kernel: [    6.410697] squashfs: version 4.0 (2009/01/31) Phillip Lougher
May 18 15:40:11 ip-10-0-0-104 kernel: [    6.416244] fuse init (API version 7.23)
May 18 15:40:11 ip-10-0-0-104 kernel: [    6.420138] Key type big_key registered
May 18 15:40:11 ip-10-0-0-104 kernel: [    6.423865] Allocating IMA MOK and blacklist keyrings.
May 18 15:40:11 ip-10-0-0-104 kernel: [    6.429103] Key type asymmetric registered
May 18 15:40:11 ip-10-0-0-104 kernel: [    6.432982] Asymmetric key parser 'x509' registered
May 18 15:40:11 ip-10-0-0-104 kernel: [    6.437449] Block layer SCSI generic (bsg) driver version 0.4 loaded (major 249)
May 18 15:40:11 ip-10-0-0-104 kernel: [    6.444154] io scheduler noop registered
May 18 15:40:11 ip-10-0-0-104 kernel: [    6.447859] io scheduler deadline registered (default)
May 18 15:40:11 ip-10-0-0-104 kernel: [    6.452496] io scheduler cfq registered
May 18 15:40:11 ip-10-0-0-104 kernel: [    6.456189] pci_hotplug: PCI Hot Plug PCI Core version: 0.5
May 18 15:40:11 ip-10-0-0-104 kernel: [    6.461158] pciehp: PCI Express Hot Plug Controller Driver version: 0.4
May 18 15:40:11 ip-10-0-0-104 kernel: [    6.467195] intel_idle: MWAIT substates: 0x2120
May 18 15:40:11 ip-10-0-0-104 kernel: [    6.467270] intel_idle: v0.4.1 model 0x3F
May 18 15:40:11 ip-10-0-0-104 kernel: [    6.467271] intel_idle: lapic_timer_reliable_states 0x2
May 18 15:40:11 ip-10-0-0-104 kernel: [    6.468415] input: Power Button as /devices/LNXSYSTM:00/LNXPWRBN:00/input/input0
May 18 15:40:11 ip-10-0-0-104 kernel: [    6.475360] ACPI: Power Button [PWRF]
May 18 15:40:11 ip-10-0-0-104 kernel: [    6.479011] input: Sleep Button as /devices/LNXSYSTM:00/LNXSLPBN:00/input/input1
May 18 15:40:11 ip-10-0-0-104 kernel: [    6.485679] ACPI: Sleep Button [SLPF]
May 18 15:40:11 ip-10-0-0-104 kernel: [    6.490044] xen: --> pirq=22 -> irq=47 (gsi=47)
May 18 15:40:11 ip-10-0-0-104 kernel: [    6.490161] xen:grant_table: Grant tables using version 1 layout
May 18 15:40:11 ip-10-0-0-104 kernel: [    6.495305] Grant table initialized
May 18 15:40:11 ip-10-0-0-104 kernel: [    6.498976] Cannot get hvm parameter CONSOLE_EVTCHN (18): -22!
May 18 15:40:11 ip-10-0-0-104 kernel: [    6.503862] Serial: 8250/16550 driver, 4 ports, IRQ sharing enabled
May 18 15:40:11 ip-10-0-0-104 kernel: [    6.538823] 00:06: ttyS0 at I/O 0x3f8 (irq = 4, base_baud = 115200) is a 16550A
May 18 15:40:11 ip-10-0-0-104 kernel: [    6.546252] Linux agpgart interface v0.103
May 18 15:40:11 ip-10-0-0-104 kernel: [    6.558173] brd: module loaded
May 18 15:40:11 ip-10-0-0-104 kernel: [    6.565154] loop: module loaded
May 18 15:40:11 ip-10-0-0-104 kernel: [    6.569065] ata_piix 0000:00:01.1: version 2.13
May 18 15:40:11 ip-10-0-0-104 kernel: [    6.570144] scsi host0: ata_piix
May 18 15:40:11 ip-10-0-0-104 kernel: [    6.572395] blkfront: xvda: flush diskcache: enabled; persistent grants: disabled; indirect descriptors: enabled;
May 18 15:40:11 ip-10-0-0-104 kernel: [    6.573056]  xvda: xvda1
May 18 15:40:11 ip-10-0-0-104 kernel: [    6.584442] scsi host1: ata_piix
May 18 15:40:11 ip-10-0-0-104 kernel: [    6.587796] ata1: PATA max MWDMA2 cmd 0x1f0 ctl 0x3f6 bmdma 0xc100 irq 14
May 18 15:40:11 ip-10-0-0-104 kernel: [    6.593562] ata2: PATA max MWDMA2 cmd 0x170 ctl 0x376 bmdma 0xc108 irq 15
May 18 15:40:11 ip-10-0-0-104 kernel: [    6.599656] libphy: Fixed MDIO Bus: probed
May 18 15:40:11 ip-10-0-0-104 kernel: [    6.603991] tun: Universal TUN/TAP device driver, 1.6
May 18 15:40:11 ip-10-0-0-104 kernel: [    6.608636] tun: (C) 1999-2004 Max Krasnyansky <maxk@qualcomm.com>
May 18 15:40:11 ip-10-0-0-104 kernel: [    6.614212] PPP generic driver version 2.4.2
May 18 15:40:11 ip-10-0-0-104 kernel: [    6.618535] xen_netfront: Initialising Xen virtual ethernet driver
May 18 15:40:11 ip-10-0-0-104 kernel: [    6.623998] ehci_hcd: USB 2.0 'Enhanced' Host Controller (EHCI) Driver
May 18 15:40:11 ip-10-0-0-104 kernel: [    6.629784] ehci-pci: EHCI PCI platform driver
May 18 15:40:11 ip-10-0-0-104 kernel: [    6.635215] ehci-platform: EHCI generic platform driver
May 18 15:40:11 ip-10-0-0-104 kernel: [    6.640235] ohci_hcd: USB 1.1 'Open' Host Controller (OHCI) Driver
May 18 15:40:11 ip-10-0-0-104 kernel: [    6.645756] ohci-pci: OHCI PCI platform driver
May 18 15:40:11 ip-10-0-0-104 kernel: [    6.650109] ohci-platform: OHCI generic platform driver
May 18 15:40:11 ip-10-0-0-104 kernel: [    6.654866] uhci_hcd: USB Universal Host Controller Interface driver
May 18 15:40:11 ip-10-0-0-104 kernel: [    6.660687] i8042: PNP: PS/2 Controller [PNP0303:PS2K,PNP0f13:PS2M] at 0x60,0x64 irq 1,12
May 18 15:40:11 ip-10-0-0-104 kernel: [    6.670561] serio: i8042 KBD port at 0x60,0x64 irq 1
May 18 15:40:11 ip-10-0-0-104 kernel: [    6.675320] serio: i8042 AUX port at 0x60,0x64 irq 12
May 18 15:40:11 ip-10-0-0-104 kernel: [    6.680291] mousedev: PS/2 mouse device common for all mice
May 18 15:40:11 ip-10-0-0-104 kernel: [    6.685814] rtc_cmos 00:02: rtc core: registered rtc_cmos as rtc0
May 18 15:40:11 ip-10-0-0-104 kernel: [    6.691730] rtc_cmos 00:02: alarms up to one day, 114 bytes nvram, hpet irqs
May 18 15:40:11 ip-10-0-0-104 kernel: [    6.699444] i2c /dev entries driver
May 18 15:40:11 ip-10-0-0-104 kernel: [    6.703076] device-mapper: uevent: version 1.0.3
May 18 15:40:11 ip-10-0-0-104 kernel: [    6.707828] device-mapper: ioctl: 4.34.0-ioctl (2015-10-28) initialised: dm-devel@redhat.com
May 18 15:40:11 ip-10-0-0-104 kernel: [    6.708113] input: AT Translated Set 2 keyboard as /devices/platform/i8042/serio0/input/input2
May 18 15:40:11 ip-10-0-0-104 kernel: [    6.723617] Intel P-state driver initializing.
May 18 15:40:11 ip-10-0-0-104 kernel: [    6.730514] NET: Registered protocol family 10
May 18 15:40:11 ip-10-0-0-104 kernel: [    6.737080] NET: Registered protocol family 17
May 18 15:40:11 ip-10-0-0-104 kernel: [    6.741528] Key type dns_resolver registered
May 18 15:40:11 ip-10-0-0-104 kernel: [    6.746383] registered taskstats version 1
May 18 15:40:11 ip-10-0-0-104 kernel: [    6.750305] Loading compiled-in X.509 certificates
May 18 15:40:11 ip-10-0-0-104 kernel: [    6.755505] Loaded X.509 cert 'Build time autogenerated kernel key: 999331f4e42d791a53730c2883c63539f919e8cf'
May 18 15:40:11 ip-10-0-0-104 kernel: [    6.764179] zswap: loaded using pool lzo/zbud
May 18 15:40:11 ip-10-0-0-104 kernel: [    6.771324] Key type trusted registered
May 18 15:40:11 ip-10-0-0-104 kernel: [    6.778839] Key type encrypted registered
May 18 15:40:11 ip-10-0-0-104 kernel: [    6.782847] AppArmor: AppArmor sha1 policy hashing enabled
May 18 15:40:11 ip-10-0-0-104 kernel: [    6.787856] ima: No TPM chip found, activating TPM-bypass!
May 18 15:40:11 ip-10-0-0-104 kernel: [    6.792965] ima: Allocated hash algorithm: sha1
May 18 15:40:11 ip-10-0-0-104 kernel: [    6.797133] evm: HMAC attrs: 0x1
May 18 15:40:11 ip-10-0-0-104 kernel: [    6.801089] xenbus_probe_frontend: Device with no driver: device/pci/0
May 18 15:40:11 ip-10-0-0-104 kernel: [    6.806659]   Magic number: 3:71:690
May 18 15:40:11 ip-10-0-0-104 kernel: [    6.810493] mem mem: hash matches
May 18 15:40:11 ip-10-0-0-104 kernel: [    6.814136] acpi LNXCPU:31: hash matches
May 18 15:40:11 ip-10-0-0-104 kernel: [    6.818877] rtc_cmos 00:02: setting system clock to 2019-05-18 15:40:05 UTC (1558194005)
May 18 15:40:11 ip-10-0-0-104 kernel: [    6.826713] BIOS EDD facility v0.16 2004-Jun-25, 0 devices found
May 18 15:40:11 ip-10-0-0-104 kernel: [    6.832717] EDD information not available.
May 18 15:40:11 ip-10-0-0-104 kernel: [    6.837027] PM: Hibernation image not present or could not be loaded.
May 18 15:40:11 ip-10-0-0-104 kernel: [    6.839287] Freeing unused kernel memory: 1504K
May 18 15:40:11 ip-10-0-0-104 kernel: [    6.878356] Write protecting the kernel read-only data: 14336k
May 18 15:40:11 ip-10-0-0-104 kernel: [    6.884308] Freeing unused kernel memory: 1856K
May 18 15:40:11 ip-10-0-0-104 kernel: [    6.889211] Freeing unused kernel memory: 208K
May 18 15:40:11 ip-10-0-0-104 kernel: [    6.910015] random: systemd-udevd: uninitialized urandom read (16 bytes read, 123 bits of entropy available)
May 18 15:40:11 ip-10-0-0-104 kernel: [    6.910557] random: udevadm: uninitialized urandom read (16 bytes read, 124 bits of entropy available)
May 18 15:40:11 ip-10-0-0-104 kernel: [    6.910573] random: udevadm: uninitialized urandom read (16 bytes read, 124 bits of entropy available)
May 18 15:40:11 ip-10-0-0-104 kernel: [    6.916288] random: udevadm: uninitialized urandom read (16 bytes read, 124 bits of entropy available)
May 18 15:40:11 ip-10-0-0-104 kernel: [    6.916328] random: udevadm: uninitialized urandom read (16 bytes read, 124 bits of entropy available)
May 18 15:40:11 ip-10-0-0-104 kernel: [    6.917847] random: udevadm: uninitialized urandom read (16 bytes read, 124 bits of entropy available)
May 18 15:40:11 ip-10-0-0-104 kernel: [    6.917889] random: udevadm: uninitialized urandom read (16 bytes read, 124 bits of entropy available)
May 18 15:40:11 ip-10-0-0-104 kernel: [    6.917929] random: udevadm: uninitialized urandom read (16 bytes read, 124 bits of entropy available)
May 18 15:40:11 ip-10-0-0-104 kernel: [    6.917973] random: udevadm: uninitialized urandom read (16 bytes read, 124 bits of entropy available)
May 18 15:40:11 ip-10-0-0-104 kernel: [    6.918022] random: udevadm: uninitialized urandom read (16 bytes read, 124 bits of entropy available)
May 18 15:40:11 ip-10-0-0-104 kernel: [    6.982635] random: nonblocking pool is initialized
May 18 15:40:11 ip-10-0-0-104 kernel: [    7.016854] ixgbevf: Intel(R) 10 Gigabit PCI Express Virtual Function Network Driver - version 2.12.1-k
May 18 15:40:11 ip-10-0-0-104 kernel: [    7.026454] ixgbevf: Copyright (c) 2009 - 2015 Intel Corporation.
May 18 15:40:11 ip-10-0-0-104 kernel: [    7.044884] AVX2 version of gcm_enc/dec engaged.
May 18 15:40:11 ip-10-0-0-104 kernel: [    7.046147] ixgbevf 0000:00:03.0: 06:01:e6:bd:f7:64
May 18 15:40:11 ip-10-0-0-104 kernel: [    7.046149] ixgbevf 0000:00:03.0: MAC: 1
May 18 15:40:11 ip-10-0-0-104 kernel: [    7.046150] ixgbevf 0000:00:03.0: Intel(R) 82599 Virtual Function
May 18 15:40:11 ip-10-0-0-104 kernel: [    7.057213] AES CTR mode by8 optimization enabled
May 18 15:40:11 ip-10-0-0-104 kernel: [    7.061331] ixgbevf 0000:00:03.0 ens3: renamed from eth0
May 18 15:40:11 ip-10-0-0-104 kernel: [    7.362449] tsc: Refined TSC clocksource calibration: 2893.303 MHz
May 18 15:40:11 ip-10-0-0-104 kernel: [    7.365872] clocksource: tsc: mask: 0xffffffffffffffff max_cycles: 0x29b48c6eeb1, max_idle_ns: 440795229827 ns
May 18 15:40:11 ip-10-0-0-104 kernel: [    8.528772] md: linear personality registered for level -1
May 18 15:40:11 ip-10-0-0-104 kernel: [    8.537078] md: multipath personality registered for level -4
May 18 15:40:11 ip-10-0-0-104 kernel: [    8.545539] md: raid0 personality registered for level 0
May 18 15:40:11 ip-10-0-0-104 kernel: [    8.554173] md: raid1 personality registered for level 1
May 18 15:40:11 ip-10-0-0-104 kernel: [    8.610406] raid6: sse2x1   gen() 10123 MB/s
May 18 15:40:11 ip-10-0-0-104 kernel: [    8.662401] raid6: sse2x1   xor()  7947 MB/s
May 18 15:40:11 ip-10-0-0-104 kernel: [    8.714402] raid6: sse2x2   gen() 12879 MB/s
May 18 15:40:11 ip-10-0-0-104 kernel: [    8.766405] raid6: sse2x2   xor()  8658 MB/s
May 18 15:40:11 ip-10-0-0-104 kernel: [    8.818399] raid6: sse2x4   gen() 15017 MB/s
May 18 15:40:11 ip-10-0-0-104 kernel: [    8.870401] raid6: sse2x4   xor() 10430 MB/s
May 18 15:40:11 ip-10-0-0-104 kernel: [    8.922399] raid6: avx2x1   gen() 19924 MB/s
May 18 15:40:11 ip-10-0-0-104 kernel: [    8.974399] raid6: avx2x2   gen() 23093 MB/s
May 18 15:40:11 ip-10-0-0-104 kernel: [    9.026399] raid6: avx2x4   gen() 26421 MB/s
May 18 15:40:11 ip-10-0-0-104 kernel: [    9.031139] raid6: using algorithm avx2x4 gen() 26421 MB/s
May 18 15:40:11 ip-10-0-0-104 kernel: [    9.037171] raid6: using avx2x2 recovery algorithm
May 18 15:40:11 ip-10-0-0-104 kernel: [    9.043801] xor: automatically using best checksumming function:
May 18 15:40:11 ip-10-0-0-104 kernel: [    9.086409]    avx       : 30275.000 MB/sec
May 18 15:40:11 ip-10-0-0-104 kernel: [    9.092503] async_tx: api initialized (async)
May 18 15:40:11 ip-10-0-0-104 kernel: [    9.105204] md: raid6 personality registered for level 6
May 18 15:40:11 ip-10-0-0-104 kernel: [    9.110938] md: raid5 personality registered for level 5
May 18 15:40:11 ip-10-0-0-104 kernel: [    9.116613] md: raid4 personality registered for level 4
May 18 15:40:11 ip-10-0-0-104 kernel: [    9.127464] md: raid10 personality registered for level 10
May 18 15:40:11 ip-10-0-0-104 kernel: [    9.164491] Btrfs loaded
May 18 15:40:11 ip-10-0-0-104 kernel: [    9.205057] EXT4-fs (xvda1): mounted filesystem with ordered data mode. Opts: (null)
May 18 15:40:11 ip-10-0-0-104 kernel: [    9.710541] Loading iSCSI transport class v2.0-870.
May 18 15:40:11 ip-10-0-0-104 kernel: [    9.737525] iscsi: registered transport (tcp)
May 18 15:40:11 ip-10-0-0-104 kernel: [    9.829641] EXT4-fs (xvda1): re-mounted. Opts: discard
May 18 15:40:11 ip-10-0-0-104 kernel: [    9.829841] iscsi: registered transport (iser)
May 18 15:40:11 ip-10-0-0-104 kernel: [   11.207478] audit: type=1400 audit(1558194009.884:2): apparmor="STATUS" operation="profile_load" profile="unconfined" name="/usr/bin/lxc-start" pid=974 comm="apparmor_parser"
May 18 15:40:11 ip-10-0-0-104 kernel: [   11.251679] audit: type=1400 audit(1558194009.928:3): apparmor="STATUS" operation="profile_load" profile="unconfined" name="/usr/lib/lxd/lxd-bridge-proxy" pid=969 comm="apparmor_parser"
May 18 15:40:11 ip-10-0-0-104 kernel: [   11.269352] audit: type=1400 audit(1558194009.944:4): apparmor="STATUS" operation="profile_load" profile="unconfined" name="/usr/sbin/tcpdump" pid=976 comm="apparmor_parser"
May 18 15:40:11 ip-10-0-0-104 kernel: [   11.325223] audit: type=1400 audit(1558194010.000:5): apparmor="STATUS" operation="profile_load" profile="unconfined" name="/sbin/dhclient" pid=973 comm="apparmor_parser"
May 18 15:40:11 ip-10-0-0-104 kernel: [   11.325479] audit: type=1400 audit(1558194010.000:6): apparmor="STATUS" operation="profile_load" profile="unconfined" name="/usr/lib/NetworkManager/nm-dhcp-client.action" pid=973 comm="apparmor_parser"
May 18 15:40:11 ip-10-0-0-104 kernel: [   11.325718] audit: type=1400 audit(1558194010.000:7): apparmor="STATUS" operation="profile_load" profile="unconfined" name="/usr/lib/NetworkManager/nm-dhcp-helper" pid=973 comm="apparmor_parser"
May 18 15:40:11 ip-10-0-0-104 kernel: [   11.325948] audit: type=1400 audit(1558194010.000:8): apparmor="STATUS" operation="profile_load" profile="unconfined" name="/usr/lib/connman/scripts/dhclient-script" pid=973 comm="apparmor_parser"
May 18 15:40:11 ip-10-0-0-104 kernel: [   11.364193] audit: type=1400 audit(1558194010.040:9): apparmor="STATUS" operation="profile_load" profile="unconfined" name="/usr/lib/snapd/snap-confine" pid=972 comm="apparmor_parser"
May 18 15:40:11 ip-10-0-0-104 kernel: [   11.364327] audit: type=1400 audit(1558194010.040:10): apparmor="STATUS" operation="profile_load" profile="unconfined" name="/usr/lib/snapd/snap-confine//mount-namespace-capture-helper" pid=972 comm="apparmor_parser"
May 18 15:40:11 ip-10-0-0-104 kernel: [   11.396203] audit: type=1400 audit(1558194010.072:11): apparmor="STATUS" operation="profile_load" profile="unconfined" name="lxc-container-default" pid=977 comm="apparmor_parser"
May 18 15:40:11 ip-10-0-0-104 kernel: [   11.396495] audit: type=1400 audit(1558194010.072:12): apparmor="STATUS" operation="profile_load" profile="unconfined" name="lxc-container-default-cgns" pid=977 comm="apparmor_parser"
May 18 15:40:11 ip-10-0-0-104 kernel: [   11.396772] audit: type=1400 audit(1558194010.072:13): apparmor="STATUS" operation="profile_load" profile="unconfined" name="lxc-container-default-with-mounting" pid=977 comm="apparmor_parser"
May 18 15:40:11 ip-10-0-0-104 kernel: [   11.397092] audit: type=1400 audit(1558194010.072:14): apparmor="STATUS" operation="profile_load" profile="unconfined" name="lxc-container-default-with-nesting" pid=977 comm="apparmor_parser"
May 18 15:40:11 ip-10-0-0-104 kernel: [   11.843473] ixgbevf 0000:00:03.0: NIC Link is Up 10 Gbps
May 18 15:40:11 ip-10-0-0-104 kernel: [   11.844980] IPv6: ADDRCONF(NETDEV_UP): ens3: link is not ready
May 18 15:40:11 ip-10-0-0-104 kernel: [   11.844999] IPv6: ADDRCONF(NETDEV_CHANGE): ens3: link becomes ready
May 18 15:40:11 ip-10-0-0-104 kernel: [   12.251378] ixgbevf 0000:00:03.0: NIC Link is Up 10 Gbps
May 18 15:40:11 ip-10-0-0-104 kernel: [   12.252886] IPv6: ADDRCONF(NETDEV_UP): ens3: link is not ready
May 18 15:40:11 ip-10-0-0-104 kernel: [   12.252904] IPv6: ADDRCONF(NETDEV_CHANGE): ens3: link becomes ready
May 18 15:40:11 ip-10-0-0-104 kernel: [   12.833938] EXT4-fs (xvda1): resizing filesystem from 2096891 to 7864059 blocks
May 18 15:40:11 ip-10-0-0-104 kernel: [   12.841839] EXT4-fs (xvda1): resized filesystem to 7864059
May 18 15:40:11 ip-10-0-0-104 kernel: [   13.278952] cgroup: new mount options do not match the existing superblock, will be ignored
May 18 15:40:11 ip-10-0-0-104 cloud-init[1292]: ci-info: | Route | Destination | Gateway  |    Genmask    | Interface | Flags |
May 18 15:40:11 ip-10-0-0-104 cloud-init[1292]: ci-info: +-------+-------------+----------+---------------+-----------+-------+
May 18 15:40:12 ip-10-0-0-104 cloud-init[1292]: ci-info: |   0   |   0.0.0.0   | 10.0.0.1 |    0.0.0.0    |    ens3   |   UG  |
May 18 15:40:12 ip-10-0-0-104 cloud-init[1292]: ci-info: |   1   |   10.0.0.0  | 0.0.0.0  | 255.255.255.0 |    ens3   |   U   |
May 18 15:40:12 ip-10-0-0-104 cloud-init[1292]: ci-info: +-------+-------------+----------+---------------+-----------+-------+
May 18 15:40:12 ip-10-0-0-104 cloud-init[1292]: ci-info: +++++++++++++++++++Route IPv6 info+++++++++++++++++++
May 18 15:40:12 ip-10-0-0-104 cloud-init[1292]: ci-info: +-------+-------------+---------+-----------+-------+
May 18 15:40:12 ip-10-0-0-104 cloud-init[1292]: ci-info: | Route | Destination | Gateway | Interface | Flags |
May 18 15:40:12 ip-10-0-0-104 cloud-init[1292]: ci-info: +-------+-------------+---------+-----------+-------+
May 18 15:40:12 ip-10-0-0-104 cloud-init[1292]: ci-info: |   0   |  fe80::/64  |    ::   |    ens3   |   U   |
May 18 15:40:12 ip-10-0-0-104 cloud-init[1292]: ci-info: |   3   |   ff00::/8  |    ::   |    ens3   |   U   |
May 18 15:40:12 ip-10-0-0-104 cloud-init[1292]: ci-info: +-------+-------------+---------+-----------+-------+
May 18 15:40:12 ip-10-0-0-104 systemd[1]: Started Initial cloud-init job (metadata service crawler).
May 18 15:40:12 ip-10-0-0-104 iscsid: iSCSI logger with pid=1399 started!
May 18 15:40:12 ip-10-0-0-104 cloud-init[1292]: Generating public/private rsa key pair.
May 18 15:40:12 ip-10-0-0-104 cloud-init[1292]: Your identification has been saved in /etc/ssh/ssh_host_rsa_key.
May 18 15:40:12 ip-10-0-0-104 cloud-init[1292]: Your public key has been saved in /etc/ssh/ssh_host_rsa_key.pub.
May 18 15:40:12 ip-10-0-0-104 cloud-init[1292]: The key fingerprint is:
May 18 15:40:12 ip-10-0-0-104 cloud-init[1292]: SHA256:39a7DE9xEUshBMaopNqng3PfguQ4ARt6pmme+KdIeX4 root@ip-10-0-0-104
May 18 15:40:12 ip-10-0-0-104 cloud-init[1292]: The key's randomart image is:
May 18 15:40:12 ip-10-0-0-104 cloud-init[1292]: +---[RSA 2048]----+
May 18 15:40:12 ip-10-0-0-104 cloud-init[1292]: |          oooo +.|
May 18 15:40:12 ip-10-0-0-104 cloud-init[1292]: |       . ...  o o|
May 18 15:40:12 ip-10-0-0-104 cloud-init[1292]: |      o .      o |
May 18 15:40:12 ip-10-0-0-104 cloud-init[1292]: | o   . .        .|
May 18 15:40:12 ip-10-0-0-104 cloud-init[1292]: |. + o   S     . .|
May 18 15:40:12 ip-10-0-0-104 cloud-init[1292]: |..+o o . . . . o |
May 18 15:40:12 ip-10-0-0-104 cloud-init[1292]: | B .* +   . + o  |
May 18 15:40:12 ip-10-0-0-104 cloud-init[1292]: |=o+=.E ..  . = . |
May 18 15:40:12 ip-10-0-0-104 cloud-init[1292]: |=+o+= o...    =. |
May 18 15:40:12 ip-10-0-0-104 cloud-init[1292]: +----[SHA256]-----+
May 18 15:40:12 ip-10-0-0-104 cloud-init[1292]: Generating public/private dsa key pair.
May 18 15:40:12 ip-10-0-0-104 cloud-init[1292]: Your identification has been saved in /etc/ssh/ssh_host_dsa_key.
May 18 15:40:12 ip-10-0-0-104 cloud-init[1292]: Your public key has been saved in /etc/ssh/ssh_host_dsa_key.pub.
May 18 15:40:12 ip-10-0-0-104 cloud-init[1292]: The key fingerprint is:
May 18 15:40:12 ip-10-0-0-104 cloud-init[1292]: SHA256:OvAsgX6ymbg4kiKRJUGvTg+MEjHkvGBSw4u9W0XbWDQ root@ip-10-0-0-104
May 18 15:40:12 ip-10-0-0-104 cloud-init[1292]: The key's randomart image is:
May 18 15:40:12 ip-10-0-0-104 cloud-init[1292]: +---[DSA 1024]----+
May 18 15:40:12 ip-10-0-0-104 cloud-init[1292]: |=+o    .E        |
May 18 15:40:12 ip-10-0-0-104 cloud-init[1292]: |++o.  . ..       |
May 18 15:40:12 ip-10-0-0-104 cloud-init[1292]: |+B o . =         |
May 18 15:40:12 ip-10-0-0-104 cloud-init[1292]: |O.*.  + .        |
May 18 15:40:12 ip-10-0-0-104 cloud-init[1292]: |oX..o.  S        |
May 18 15:40:12 ip-10-0-0-104 cloud-init[1292]: |*.+ .= .         |
May 18 15:40:12 ip-10-0-0-104 cloud-init[1292]: | +o+o =          |
May 18 15:40:12 ip-10-0-0-104 cloud-init[1292]: |B..* . .         |
May 18 15:40:12 ip-10-0-0-104 cloud-init[1292]: |Bo+              |
May 18 15:40:12 ip-10-0-0-104 cloud-init[1292]: +----[SHA256]-----+
May 18 15:40:12 ip-10-0-0-104 cloud-init[1292]: Generating public/private ecdsa key pair.
May 18 15:40:12 ip-10-0-0-104 cloud-init[1292]: Your identification has been saved in /etc/ssh/ssh_host_ecdsa_key.
May 18 15:40:12 ip-10-0-0-104 cloud-init[1292]: Your public key has been saved in /etc/ssh/ssh_host_ecdsa_key.pub.
May 18 15:40:12 ip-10-0-0-104 cloud-init[1292]: The key fingerprint is:
May 18 15:40:12 ip-10-0-0-104 cloud-init[1292]: SHA256:zgk6aA3wOhrJ92IVU2hycHmxZlz3VMFCWqbHPU5DJMg root@ip-10-0-0-104
May 18 15:40:12 ip-10-0-0-104 cloud-init[1292]: The key's randomart image is:
May 18 15:40:12 ip-10-0-0-104 cloud-init[1292]: +---[ECDSA 256]---+
May 18 15:40:12 ip-10-0-0-104 cloud-init[1292]: |   ...o.....o*+=.|
May 18 15:40:12 ip-10-0-0-104 cloud-init[1292]: |   ..=.oo .EO.+. |
May 18 15:40:12 ip-10-0-0-104 cloud-init[1292]: |.   + o=   o +.= |
May 18 15:40:12 ip-10-0-0-104 cloud-init[1292]: | o   oo     . o o|
May 18 15:40:12 ip-10-0-0-104 cloud-init[1292]: |  o   + S      . |
May 18 15:40:12 ip-10-0-0-104 cloud-init[1292]: |.o + o + .       |
May 18 15:40:12 ip-10-0-0-104 cloud-init[1292]: |=.o.=   +        |
May 18 15:40:12 ip-10-0-0-104 cloud-init[1292]: |.+.o..           |
May 18 15:40:12 ip-10-0-0-104 cloud-init[1292]: |. . ..           |
May 18 15:40:12 ip-10-0-0-104 cloud-init[1292]: +----[SHA256]-----+
May 18 15:40:12 ip-10-0-0-104 cloud-init[1292]: Generating public/private ed25519 key pair.
May 18 15:40:12 ip-10-0-0-104 cloud-init[1292]: Your identification has been saved in /etc/ssh/ssh_host_ed25519_key.
May 18 15:40:12 ip-10-0-0-104 cloud-init[1292]: Your public key has been saved in /etc/ssh/ssh_host_ed25519_key.pub.
May 18 15:40:12 ip-10-0-0-104 cloud-init[1292]: The key fingerprint is:
May 18 15:40:12 ip-10-0-0-104 cloud-init[1292]: SHA256:EgHFPqFZpKryfGgYY/Yy/Fd/BhSHwMXhOOP/2n06iHc root@ip-10-0-0-104
May 18 15:40:12 ip-10-0-0-104 cloud-init[1292]: The key's randomart image is:
May 18 15:40:12 ip-10-0-0-104 cloud-init[1292]: +--[ED25519 256]--+
May 18 15:40:12 ip-10-0-0-104 cloud-init[1292]: |    .==.+oo      |
May 18 15:40:12 ip-10-0-0-104 cloud-init[1292]: |     .+oo+ .     |
May 18 15:40:12 ip-10-0-0-104 cloud-init[1292]: |    .=.= .o      |
May 18 15:40:12 ip-10-0-0-104 cloud-init[1292]: |   .o +.o.       |
May 18 15:40:12 ip-10-0-0-104 cloud-init[1292]: |  .   .oS        |
May 18 15:40:12 ip-10-0-0-104 cloud-init[1292]: |o+     o..       |
May 18 15:40:12 ip-10-0-0-104 cloud-init[1292]: |*+..  . ..o .    |
May 18 15:40:12 ip-10-0-0-104 cloud-init[1292]: |o*o...   oo=.E . |
May 18 15:40:12 ip-10-0-0-104 systemd[1]: Reached target Network is Online.
May 18 15:40:12 ip-10-0-0-104 iscsid: iSCSI daemon with pid=1400 started!
May 18 15:40:12 ip-10-0-0-104 cloud-init[1292]: | .*o.    .=o.o+  |
May 18 15:40:12 ip-10-0-0-104 cloud-init[1292]: +----[SHA256]-----+
May 18 15:40:12 ip-10-0-0-104 systemd[1]: Starting iSCSI initiator daemon (iscsid)...
May 18 15:40:12 ip-10-0-0-104 cron[1392]: (CRON) INFO (pidfile fd = 3)
May 18 15:40:12 ip-10-0-0-104 systemd[1]: Reached target System Initialization.
May 18 15:40:12 ip-10-0-0-104 acpid: starting up with netlink and the input layer
May 18 15:40:12 ip-10-0-0-104 systemd[1]: Starting Socket activation for snappy daemon.
May 18 15:40:12 ip-10-0-0-104 acpid: 1 rule loaded
May 18 15:40:12 ip-10-0-0-104 systemd[1]: Started ACPI Events Check.
May 18 15:40:12 ip-10-0-0-104 acpid: waiting for events: event logging is off
May 18 15:40:12 ip-10-0-0-104 systemd[1]: Reached target Paths.
May 18 15:40:12 ip-10-0-0-104 cron[1392]: (CRON) INFO (Running @reboot jobs)
May 18 15:40:12 ip-10-0-0-104 systemd[1]: Started Daily Cleanup of Temporary Directories.
May 18 15:40:12 ip-10-0-0-104 pollinate[1401]: client sent challenge to [https://entropy.ubuntu.com/]
May 18 15:40:12 ip-10-0-0-104 systemd[1]: Started Daily apt download activities.
May 18 15:40:12 ip-10-0-0-104 dbus[1421]: [system] AppArmor D-Bus mediation is enabled
May 18 15:40:12 ip-10-0-0-104 systemd[1]: Started Daily apt upgrade and clean activities.
May 18 15:40:12 ip-10-0-0-104 dbus[1421]: [system] Activating via systemd: service name='org.freedesktop.PolicyKit1' unit='polkitd.service'
May 18 15:40:12 ip-10-0-0-104 lxcfs[1413]: hierarchies:
May 18 15:40:12 ip-10-0-0-104 lxcfs[1413]:   0: fd:   5: cpuset
May 18 15:40:12 ip-10-0-0-104 lxcfs[1413]:   1: fd:   6: memory
May 18 15:40:12 ip-10-0-0-104 lxcfs[1413]:   2: fd:   7: net_cls,net_prio
May 18 15:40:12 ip-10-0-0-104 lxcfs[1413]:   3: fd:   8: hugetlb
May 18 15:40:12 ip-10-0-0-104 lxcfs[1413]:   4: fd:   9: blkio
May 18 15:40:12 ip-10-0-0-104 lxcfs[1413]:   5: fd:  10: devices
May 18 15:40:12 ip-10-0-0-104 lxcfs[1413]:   6: fd:  11: pids
May 18 15:40:12 ip-10-0-0-104 lxcfs[1413]:   7: fd:  12: freezer
May 18 15:40:12 ip-10-0-0-104 lxcfs[1413]:   8: fd:  13: cpu,cpuacct
May 18 15:40:12 ip-10-0-0-104 lxcfs[1413]:   9: fd:  14: perf_event
May 18 15:40:12 ip-10-0-0-104 lxcfs[1413]:  10: fd:  15: name=systemd
May 18 15:40:12 ip-10-0-0-104 systemd[1]: Reached target Timers.
May 18 15:40:12 ip-10-0-0-104 polkitd[1473]: started daemon version 0.105 using authority implementation `local' version `0.105'
May 18 15:40:12 ip-10-0-0-104 mdadm[1417]:  * Starting MD monitoring service mdadm --monitor
May 18 15:40:12 ip-10-0-0-104 mdadm[1417]:    ...done.
May 18 15:40:12 ip-10-0-0-104 systemd[1]: Listening on D-Bus System Message Bus Socket.
May 18 15:40:12 ip-10-0-0-104 dbus[1421]: [system] Successfully activated service 'org.freedesktop.PolicyKit1'
May 18 15:40:12 ip-10-0-0-104 systemd[1]: Listening on UUID daemon activation socket.
May 18 15:40:12 ip-10-0-0-104 accounts-daemon[1403]: started daemon version 0.6.40
May 18 15:40:12 ip-10-0-0-104 systemd[1]: Starting LXD - unix socket.
May 18 15:40:12 ip-10-0-0-104 pollinate[1401]: client verified challenge/response with [https://entropy.ubuntu.com/]
May 18 15:40:12 ip-10-0-0-104 snapd[1444]: AppArmor status: apparmor is enabled and all features are available
May 18 15:40:12 ip-10-0-0-104 snapd[1444]: 2019/05/18 15:40:12.353263 helpers.go:119: error trying to compare the snap system key: system-key missing on disk
May 18 15:40:12 ip-10-0-0-104 snapd[1444]: 2019/05/18 15:40:12.362040 daemon.go:343: started snapd/2.34.2 (series 16; classic) ubuntu/16.04 (amd64) linux/4.4.0-1067-aws.
May 18 15:40:12 ip-10-0-0-104 systemd[1]: Listening on ACPID Listen Socket.
May 18 15:40:12 ip-10-0-0-104 pollinate[1401]: client hashed response from [https://entropy.ubuntu.com/]
May 18 15:40:12 ip-10-0-0-104 systemd[1]: Reached target Cloud-config availability.
May 18 15:40:12 ip-10-0-0-104 pollinate[1401]: client successfully seeded [/dev/urandom]
May 18 15:40:12 ip-10-0-0-104 systemd[1]: Listening on Socket activation for snappy daemon.
May 18 15:40:12 ip-10-0-0-104 systemd[1]: Listening on LXD - unix socket.
May 18 15:40:12 ip-10-0-0-104 iscsiadm[1479]: iscsiadm: No records found
May 18 15:40:12 ip-10-0-0-104 systemd[1]: Reached target Sockets.
May 18 15:40:12 ip-10-0-0-104 systemd[1]: Reached target Basic System.
May 18 15:40:12 ip-10-0-0-104 systemd[1]: Starting LSB: Record successful boot for GRUB...
May 18 15:40:12 ip-10-0-0-104 apport[1493]:  * Starting automatic crash report generation: apport
May 18 15:40:12 ip-10-0-0-104 apport[1493]:    ...done.
May 18 15:40:12 ip-10-0-0-104 systemd[1]: Starting LXD - container startup/shutdown...
May 18 15:40:12 ip-10-0-0-104 irqbalance[1497]:  * Starting SMP IRQ Balancer: irqbalance
May 18 15:40:12 ip-10-0-0-104 irqbalance[1497]:    ...done.
May 18 15:40:12 ip-10-0-0-104 systemd[1]: Started Regular background program processing daemon.
May 18 15:40:12 ip-10-0-0-104 systemd[1]: Starting Login Service...
May 18 15:40:12 ip-10-0-0-104 systemd[1]: Starting Pollinate to seed the pseudo random number generator...
May 18 15:40:12 ip-10-0-0-104 systemd[1]: Starting Accounts Service...
May 18 15:40:12 ip-10-0-0-104 systemd[1]: Started ACPI event daemon.
May 18 15:40:12 ip-10-0-0-104 systemd[1]: Started FUSE filesystem for LXC.
May 18 15:40:12 ip-10-0-0-104 systemd[1]: Starting System Logging Service...
May 18 15:40:12 ip-10-0-0-104 systemd[1]: Starting LSB: MD monitoring daemon...
May 18 15:40:12 ip-10-0-0-104 systemd[1]: Started Unattended Upgrades Shutdown.
May 18 15:40:12 ip-10-0-0-104 systemd[1]: Starting /etc/rc.local Compatibility...
May 18 15:40:12 ip-10-0-0-104 systemd[1]: Started D-Bus System Message Bus.
May 18 15:40:12 ip-10-0-0-104 systemd[1]: Starting Snappy daemon...
May 18 15:40:12 ip-10-0-0-104 systemd[1]: Started Deferred execution scheduler.
May 18 15:40:12 ip-10-0-0-104 systemd[1]: Started System Logging Service.
May 18 15:40:12 ip-10-0-0-104 systemd[1]: Started iSCSI initiator daemon (iscsid).
May 18 15:40:12 ip-10-0-0-104 systemd[1]: Started /etc/rc.local Compatibility.
May 18 15:40:12 ip-10-0-0-104 systemd[1]: Started Login Service.
May 18 15:40:12 ip-10-0-0-104 systemd[1]: Starting Authenticate and Authorize Users to Run Privileged Tasks...
May 18 15:40:12 ip-10-0-0-104 systemd[1]: Starting Login to default iSCSI targets...
May 18 15:40:12 ip-10-0-0-104 systemd[1]: Started LSB: Record successful boot for GRUB.
May 18 15:40:12 ip-10-0-0-104 systemd[1]: Started LSB: MD monitoring daemon.
May 18 15:40:12 ip-10-0-0-104 systemd[1]: Started Login to default iSCSI targets.
May 18 15:40:12 ip-10-0-0-104 systemd[1]: Reached target Remote File Systems (Pre).
May 18 15:40:12 ip-10-0-0-104 systemd[1]: Reached target Remote File Systems.
May 18 15:40:12 ip-10-0-0-104 systemd[1]: Starting Permit User Sessions...
May 18 15:40:12 ip-10-0-0-104 systemd[1]: Starting LSB: automatic crash report generation...
May 18 15:40:12 ip-10-0-0-104 systemd[1]: Starting LSB: daemon to balance interrupts for SMP systems...
May 18 15:40:12 ip-10-0-0-104 systemd[1]: Starting LSB: Set the CPU Frequency Scaling governor to "ondemand"...
May 18 15:40:12 ip-10-0-0-104 systemd[1]: Started LSB: Set the CPU Frequency Scaling governor to "ondemand".
May 18 15:40:12 ip-10-0-0-104 systemd[1]: Started Authenticate and Authorize Users to Run Privileged Tasks.
May 18 15:40:12 ip-10-0-0-104 systemd[1]: Started Permit User Sessions.
May 18 15:40:12 ip-10-0-0-104 systemd[1]: Started Accounts Service.
May 18 15:40:12 ip-10-0-0-104 systemd[1]: Starting Hold until boot process finishes up...
May 18 15:40:12 ip-10-0-0-104 systemd[1]: Starting Terminate Plymouth Boot Screen...
May 18 15:40:12 ip-10-0-0-104 systemd[1]: Started Hold until boot process finishes up.
May 18 15:40:12 ip-10-0-0-104 systemd[1]: Started LSB: daemon to balance interrupts for SMP systems.
May 18 15:40:12 ip-10-0-0-104 systemd[1]: Starting Set console scheme...
May 18 15:40:12 ip-10-0-0-104 systemd[1]: Started Getty on tty1.
May 18 15:40:12 ip-10-0-0-104 systemd[1]: Started Serial Getty on ttyS0.
May 18 15:40:12 ip-10-0-0-104 systemd[1]: Reached target Login Prompts.
May 18 15:40:12 ip-10-0-0-104 systemd[1]: Started Terminate Plymouth Boot Screen.
May 18 15:40:12 ip-10-0-0-104 systemd[1]: Started LSB: automatic crash report generation.
May 18 15:40:12 ip-10-0-0-104 systemd[1]: Started Set console scheme.
May 18 15:40:12 ip-10-0-0-104 systemd[1]: Started LXD - container startup/shutdown.
May 18 15:40:12 ip-10-0-0-104 systemd[1]: Started Pollinate to seed the pseudo random number generator.
May 18 15:40:12 ip-10-0-0-104 systemd[1]: Starting OpenBSD Secure Shell server...
May 18 15:40:12 ip-10-0-0-104 systemd[1]: Started Snappy daemon.
May 18 15:40:12 ip-10-0-0-104 systemd[1]: Starting Wait until snapd is fully seeded...
May 18 15:40:12 ip-10-0-0-104 systemd[1]: Started OpenBSD Secure Shell server.
May 18 15:40:14 ip-10-0-0-104 systemd[1]: Reloading.
May 18 15:40:14 ip-10-0-0-104 systemd[1]: Started ACPI event daemon.
May 18 15:40:14 ip-10-0-0-104 systemd[1]: Reloading.
May 18 15:40:14 ip-10-0-0-104 systemd[1]: Started ACPI event daemon.
May 18 15:40:14 ip-10-0-0-104 systemd[1]: Mounting Mount unit for core, revision 5328...
May 18 15:40:14 ip-10-0-0-104 systemd[1]: Mounted Mount unit for core, revision 5328.
May 18 15:40:14 ip-10-0-0-104 snapd[1444]: 2019/05/18 15:40:14.279943 backend.go:303: cannot create host snap-confine apparmor configuration: cannot synchronize snap-confine apparmor profile: open /var/lib/snapd/apparmor/profiles/snap-confine.core.5328.gTF77qC0vTwf~: no such file or directory
May 18 15:40:14 ip-10-0-0-104 kernel: [   15.615694] audit: type=1400 audit(1558194014.292:15): apparmor="STATUS" operation="profile_load" profile="unconfined" name="snap-update-ns.core" pid=2131 comm="apparmor_parser"
May 18 15:40:14 ip-10-0-0-104 kernel: [   15.679800] audit: type=1400 audit(1558194014.356:16): apparmor="STATUS" operation="profile_load" profile="unconfined" name="snap.core.hook.configure" pid=2133 comm="apparmor_parser"
May 18 15:40:15 ip-10-0-0-104 snapd[1444]: 2019/05/18 15:40:15.401772 daemon.go:531: gracefully waiting for running hooks
May 18 15:40:15 ip-10-0-0-104 snapd[1444]: 2019/05/18 15:40:15.401794 daemon.go:533: done waiting for running hooks
May 18 15:40:15 ip-10-0-0-104 systemd[1]: snapd.service: Service hold-off time over, scheduling restart.
May 18 15:40:15 ip-10-0-0-104 systemd[1]: Stopped Snappy daemon.
May 18 15:40:15 ip-10-0-0-104 systemd[1]: Starting Snappy daemon...
May 18 15:40:15 ip-10-0-0-104 snapd[2299]: AppArmor status: apparmor is enabled and all features are available
May 18 15:40:16 ip-10-0-0-104 kernel: [   17.819722] audit: type=1400 audit(1558194016.496:17): apparmor="STATUS" operation="profile_load" profile="unconfined" name="/snap/core/5328/usr/lib/snapd/snap-confine" pid=2324 comm="apparmor_parser"
May 18 15:40:16 ip-10-0-0-104 kernel: [   17.819874] audit: type=1400 audit(1558194016.496:18): apparmor="STATUS" operation="profile_load" profile="unconfined" name="/snap/core/5328/usr/lib/snapd/snap-confine//mount-namespace-capture-helper" pid=2324 comm="apparmor_parser"
May 18 15:40:16 ip-10-0-0-104 kernel: [   17.842831] audit: type=1400 audit(1558194016.520:19): apparmor="STATUS" operation="profile_replace" profile="unconfined" name="snap-update-ns.core" pid=2326 comm="apparmor_parser"
May 18 15:40:16 ip-10-0-0-104 kernel: [   17.903280] audit: type=1400 audit(1558194016.580:20): apparmor="STATUS" operation="profile_replace" profile="unconfined" name="snap.core.hook.configure" pid=2328 comm="apparmor_parser"
May 18 15:40:16 ip-10-0-0-104 snapd[2299]: AppArmor status: apparmor is enabled and all features are available
May 18 15:40:16 ip-10-0-0-104 snapd[2299]: daemon.go:344: started snapd/2.35 (series 16; classic) ubuntu/16.04 (amd64) linux/4.4.0-1067-aws.
May 18 15:40:16 ip-10-0-0-104 systemd[1]: Started Snappy daemon.
May 18 15:40:18 ip-10-0-0-104 systemd[1]: Reloading.
May 18 15:40:18 ip-10-0-0-104 systemd[1]: Started ACPI event daemon.
May 18 15:40:18 ip-10-0-0-104 systemd[1]: Reloading.
May 18 15:40:18 ip-10-0-0-104 systemd[1]: Started ACPI event daemon.
May 18 15:40:18 ip-10-0-0-104 systemd[1]: Mounting Mount unit for amazon-ssm-agent, revision 495...
May 18 15:40:18 ip-10-0-0-104 systemd[1]: Mounted Mount unit for amazon-ssm-agent, revision 495.
May 18 15:40:18 ip-10-0-0-104 kernel: [   20.076648] audit: type=1400 audit(1558194018.752:21): apparmor="STATUS" operation="profile_load" profile="unconfined" name="snap-update-ns.amazon-ssm-agent" pid=2626 comm="apparmor_parser"
May 18 15:40:18 ip-10-0-0-104 kernel: [   20.080472] audit: type=1400 audit(1558194018.756:22): apparmor="STATUS" operation="profile_load" profile="unconfined" name="snap.amazon-ssm-agent.amazon-ssm-agent" pid=2628 comm="apparmor_parser"
May 18 15:40:18 ip-10-0-0-104 kernel: [   20.084238] audit: type=1400 audit(1558194018.760:23): apparmor="STATUS" operation="profile_load" profile="unconfined" name="snap.amazon-ssm-agent.ssm-cli" pid=2630 comm="apparmor_parser"
May 18 15:40:18 ip-10-0-0-104 systemd[1]: Reloading.
May 18 15:40:18 ip-10-0-0-104 systemd[1]: Started ACPI event daemon.
May 18 15:40:18 ip-10-0-0-104 systemd[1]: Reloading.
May 18 15:40:18 ip-10-0-0-104 systemd[1]: Started ACPI event daemon.
May 18 15:40:18 ip-10-0-0-104 systemd[1]: Started Service for snap application amazon-ssm-agent.amazon-ssm-agent.
May 18 15:40:19 ip-10-0-0-104 systemd[1]: Started Wait until snapd is fully seeded.
May 18 15:40:19 ip-10-0-0-104 systemd[1]: Starting Apply the settings specified in cloud-config...
May 18 15:40:19 ip-10-0-0-104 systemd[1]: Reached target Multi-User System.
May 18 15:40:19 ip-10-0-0-104 systemd[1]: Reached target Graphical Interface.
May 18 15:40:19 ip-10-0-0-104 systemd[1]: Starting Update UTMP about System Runlevel Changes...
May 18 15:40:19 ip-10-0-0-104 systemd[1]: Started Update UTMP about System Runlevel Changes.
May 18 15:40:19 ip-10-0-0-104 cloud-init[2703]: Generating locales (this might take a while)...
May 18 15:40:19 ip-10-0-0-104 amazon-ssm-agent.amazon-ssm-agent[2686]: 2019/05/18 15:40:19 Failed to load instance info from vault. RegistrationKey does not exist.
May 18 15:40:19 ip-10-0-0-104 amazon-ssm-agent.amazon-ssm-agent[2686]: Error occurred fetching the seelog config file path:  open /etc/amazon/ssm/seelog.xml: no such file or directory
May 18 15:40:19 ip-10-0-0-104 amazon-ssm-agent.amazon-ssm-agent[2686]: Initializing new seelog logger
May 18 15:40:19 ip-10-0-0-104 amazon-ssm-agent.amazon-ssm-agent[2686]: New Seelog Logger Creation Complete
May 18 15:40:19 ip-10-0-0-104 amazon-ssm-agent.amazon-ssm-agent[2686]: 2019-05-18 15:40:19 ERROR Error adding the directory to watcher: no such file or directory
May 18 15:40:19 ip-10-0-0-104 amazon-ssm-agent.amazon-ssm-agent[2686]: 2019-05-18 15:40:19 INFO Agent enters hibernate mode. Reducing logging...
May 18 15:40:20 ip-10-0-0-104 cloud-init[2703]:   en_US.UTF-8... done
